Archive member included to satisfy reference by file (symbol)

../m1_nios_bsp/\libhal_bsp.a(alt_load.o)
                              ../m1_nios_bsp//obj/HAL/src/crt0.o (alt_load)
../m1_nios_bsp/\libhal_bsp.a(alt_main.o)
                              ../m1_nios_bsp//obj/HAL/src/crt0.o (alt_main)
../m1_nios_bsp/\libhal_bsp.a(alt_sys_init.o)
                              ../m1_nios_bsp/\libhal_bsp.a(alt_main.o) (alt_irq_init)
../m1_nios_bsp/\libhal_bsp.a(altera_avalon_jtag_uart_fd.o)
                              ../m1_nios_bsp/\libhal_bsp.a(alt_sys_init.o) (altera_avalon_jtag_uart_read_fd)
../m1_nios_bsp/\libhal_bsp.a(altera_avalon_jtag_uart_init.o)
                              ../m1_nios_bsp/\libhal_bsp.a(alt_sys_init.o) (altera_avalon_jtag_uart_init)
../m1_nios_bsp/\libhal_bsp.a(altera_avalon_jtag_uart_ioctl.o)
                              ../m1_nios_bsp/\libhal_bsp.a(altera_avalon_jtag_uart_fd.o) (altera_avalon_jtag_uart_ioctl)
../m1_nios_bsp/\libhal_bsp.a(altera_avalon_jtag_uart_read.o)
                              ../m1_nios_bsp/\libhal_bsp.a(altera_avalon_jtag_uart_fd.o) (altera_avalon_jtag_uart_read)
../m1_nios_bsp/\libhal_bsp.a(altera_avalon_jtag_uart_write.o)
                              ../m1_nios_bsp/\libhal_bsp.a(altera_avalon_jtag_uart_fd.o) (altera_avalon_jtag_uart_write)
../m1_nios_bsp/\libhal_bsp.a(altera_avalon_spi.o)
                              obj/default/SPI_controller.o (alt_avalon_spi_command)
../m1_nios_bsp/\libhal_bsp.a(altera_avalon_timer_sc.o)
                              ../m1_nios_bsp/\libhal_bsp.a(alt_sys_init.o) (alt_avalon_timer_sc_init)
../m1_nios_bsp/\libhal_bsp.a(alt_alarm_start.o)
                              ../m1_nios_bsp/\libhal_bsp.a(altera_avalon_jtag_uart_init.o) (alt_alarm_start)
../m1_nios_bsp/\libhal_bsp.a(alt_close.o)
                              ../m1_nios_bsp/\libhal_bsp.a(alt_main.o) (close)
../m1_nios_bsp/\libhal_bsp.a(alt_dcache_flush_all.o)
                              ../m1_nios_bsp/\libhal_bsp.a(alt_load.o) (alt_dcache_flush_all)
../m1_nios_bsp/\libhal_bsp.a(alt_dev.o)
                              ../m1_nios_bsp/\libhal_bsp.a(alt_sys_init.o) (alt_dev_list)
../m1_nios_bsp/\libhal_bsp.a(alt_dev_llist_insert.o)
                              ../m1_nios_bsp/\libhal_bsp.a(alt_sys_init.o) (alt_dev_llist_insert)
../m1_nios_bsp/\libhal_bsp.a(alt_do_ctors.o)
                              ../m1_nios_bsp/\libhal_bsp.a(alt_main.o) (_do_ctors)
../m1_nios_bsp/\libhal_bsp.a(alt_do_dtors.o)
                              ../m1_nios_bsp/\libhal_bsp.a(alt_main.o) (_do_dtors)
../m1_nios_bsp/\libhal_bsp.a(alt_errno.o)
                              ../m1_nios_bsp/\libhal_bsp.a(alt_close.o) (alt_errno)
../m1_nios_bsp/\libhal_bsp.a(alt_icache_flush_all.o)
                              ../m1_nios_bsp/\libhal_bsp.a(alt_load.o) (alt_icache_flush_all)
../m1_nios_bsp/\libhal_bsp.a(alt_iic.o)
                              ../m1_nios_bsp/\libhal_bsp.a(altera_avalon_jtag_uart_init.o) (alt_ic_isr_register)
../m1_nios_bsp/\libhal_bsp.a(alt_iic_isr_register.o)
                              ../m1_nios_bsp/\libhal_bsp.a(alt_iic.o) (alt_iic_isr_register)
../m1_nios_bsp/\libhal_bsp.a(alt_io_redirect.o)
                              ../m1_nios_bsp/\libhal_bsp.a(alt_main.o) (alt_io_redirect)
../m1_nios_bsp/\libhal_bsp.a(alt_irq_entry.o)
                              ../m1_nios_bsp/\libhal_bsp.a(alt_iic_isr_register.o) (alt_irq_entry)
../m1_nios_bsp/\libhal_bsp.a(alt_irq_handler.o)
                              ../m1_nios_bsp/\libhal_bsp.a(alt_iic_isr_register.o) (alt_irq)
../m1_nios_bsp/\libhal_bsp.a(alt_irq_vars.o)
                              ../m1_nios_bsp/\libhal_bsp.a(alt_iic.o) (alt_irq_active)
../m1_nios_bsp/\libhal_bsp.a(alt_open.o)
                              ../m1_nios_bsp/\libhal_bsp.a(alt_io_redirect.o) (open)
../m1_nios_bsp/\libhal_bsp.a(alt_release_fd.o)
                              ../m1_nios_bsp/\libhal_bsp.a(alt_close.o) (alt_release_fd)
../m1_nios_bsp/\libhal_bsp.a(alt_tick.o)
                              ../m1_nios_bsp/\libhal_bsp.a(altera_avalon_jtag_uart_init.o) (_alt_tick_rate)
../m1_nios_bsp/\libhal_bsp.a(altera_nios2_gen2_irq.o)
                              ../m1_nios_bsp/\libhal_bsp.a(alt_sys_init.o) (altera_nios2_gen2_irq_init)
../m1_nios_bsp/\libhal_bsp.a(alt_exception_entry.o)
                              ../m1_nios_bsp/\libhal_bsp.a(alt_irq_entry.o) (alt_exception)
../m1_nios_bsp/\libhal_bsp.a(alt_find_dev.o)
                              ../m1_nios_bsp/\libhal_bsp.a(alt_open.o) (alt_find_dev)
../m1_nios_bsp/\libhal_bsp.a(alt_find_file.o)
                              ../m1_nios_bsp/\libhal_bsp.a(alt_open.o) (alt_find_file)
../m1_nios_bsp/\libhal_bsp.a(alt_get_fd.o)
                              ../m1_nios_bsp/\libhal_bsp.a(alt_open.o) (alt_get_fd)
../m1_nios_bsp/\libhal_bsp.a(alt_icache_flush.o)
                              ../m1_nios_bsp/\libhal_bsp.a(alt_icache_flush_all.o) (alt_icache_flush)
../m1_nios_bsp/\libhal_bsp.a(alt_instruction_exception_entry.o)
                              ../m1_nios_bsp/\libhal_bsp.a(alt_exception_entry.o) (alt_instruction_exception_entry)
c:/intelfpga_lite/18.1/nios2eds/bin/gnu/h-x86_64-mingw32/bin/../lib/gcc/nios2-elf/5.3.0/../../../../../H-x86_64-mingw32/nios2-elf/lib\libc.a(lib_a-atexit.o)
                              ../m1_nios_bsp/\libhal_bsp.a(alt_main.o) (atexit)
c:/intelfpga_lite/18.1/nios2eds/bin/gnu/h-x86_64-mingw32/bin/../lib/gcc/nios2-elf/5.3.0/../../../../../H-x86_64-mingw32/nios2-elf/lib\libc.a(lib_a-exit.o)
                              ../m1_nios_bsp/\libhal_bsp.a(alt_main.o) (exit)
c:/intelfpga_lite/18.1/nios2eds/bin/gnu/h-x86_64-mingw32/bin/../lib/gcc/nios2-elf/5.3.0/../../../../../H-x86_64-mingw32/nios2-elf/lib\libc.a(lib_a-impure.o)
                              c:/intelfpga_lite/18.1/nios2eds/bin/gnu/h-x86_64-mingw32/bin/../lib/gcc/nios2-elf/5.3.0/../../../../../H-x86_64-mingw32/nios2-elf/lib\libc.a(lib_a-exit.o) (_global_impure_ptr)
c:/intelfpga_lite/18.1/nios2eds/bin/gnu/h-x86_64-mingw32/bin/../lib/gcc/nios2-elf/5.3.0/../../../../../H-x86_64-mingw32/nios2-elf/lib\libc.a(lib_a-int_errno.o)
                              ../m1_nios_bsp/\libhal_bsp.a(alt_close.o) (errno)
c:/intelfpga_lite/18.1/nios2eds/bin/gnu/h-x86_64-mingw32/bin/../lib/gcc/nios2-elf/5.3.0/../../../../../H-x86_64-mingw32/nios2-elf/lib\libc.a(lib_a-memcmp.o)
                              ../m1_nios_bsp/\libhal_bsp.a(alt_find_dev.o) (memcmp)
c:/intelfpga_lite/18.1/nios2eds/bin/gnu/h-x86_64-mingw32/bin/../lib/gcc/nios2-elf/5.3.0/../../../../../H-x86_64-mingw32/nios2-elf/lib\libc.a(lib_a-memcpy.o)
                              ../m1_nios_bsp/\libhal_bsp.a(altera_avalon_jtag_uart_read.o) (memcpy)
c:/intelfpga_lite/18.1/nios2eds/bin/gnu/h-x86_64-mingw32/bin/../lib/gcc/nios2-elf/5.3.0/../../../../../H-x86_64-mingw32/nios2-elf/lib\libc.a(lib_a-strlen.o)
                              ../m1_nios_bsp/\libhal_bsp.a(alt_find_dev.o) (strlen)
c:/intelfpga_lite/18.1/nios2eds/bin/gnu/h-x86_64-mingw32/bin/../lib/gcc/nios2-elf/5.3.0/../../../../../H-x86_64-mingw32/nios2-elf/lib\libc.a(lib_a-__atexit.o)
                              c:/intelfpga_lite/18.1/nios2eds/bin/gnu/h-x86_64-mingw32/bin/../lib/gcc/nios2-elf/5.3.0/../../../../../H-x86_64-mingw32/nios2-elf/lib\libc.a(lib_a-atexit.o) (__register_exitproc)
c:/intelfpga_lite/18.1/nios2eds/bin/gnu/h-x86_64-mingw32/bin/../lib/gcc/nios2-elf/5.3.0/../../../../../H-x86_64-mingw32/nios2-elf/lib\libc.a(lib_a-__call_atexit.o)
                              c:/intelfpga_lite/18.1/nios2eds/bin/gnu/h-x86_64-mingw32/bin/../lib/gcc/nios2-elf/5.3.0/../../../../../H-x86_64-mingw32/nios2-elf/lib\libc.a(lib_a-exit.o) (__call_exitprocs)
../m1_nios_bsp/\libhal_bsp.a(alt_exit.o)
                              c:/intelfpga_lite/18.1/nios2eds/bin/gnu/h-x86_64-mingw32/bin/../lib/gcc/nios2-elf/5.3.0/../../../../../H-x86_64-mingw32/nios2-elf/lib\libc.a(lib_a-exit.o) (_exit)

Allocating common symbols
Common symbol       size              file

alt_irq             0x100             ../m1_nios_bsp/\libhal_bsp.a(alt_irq_handler.o)
errno               0x4               c:/intelfpga_lite/18.1/nios2eds/bin/gnu/h-x86_64-mingw32/bin/../lib/gcc/nios2-elf/5.3.0/../../../../../H-x86_64-mingw32/nios2-elf/lib\libc.a(lib_a-int_errno.o)

Memory Configuration

Name             Origin             Length             Attributes
new_sdram_controller_0 0x0000000000000000 0x0000000004000000
reset            0x0000000004020000 0x0000000000000020
onchip_memory2_0 0x0000000004020020 0x0000000000018680
*default*        0x0000000000000000 0xffffffffffffffff

Linker script and memory map

LOAD ../m1_nios_bsp//obj/HAL/src/crt0.o
LOAD obj/default/SPI_controller.o
LOAD c:/intelfpga_lite/18.1/nios2eds/bin/gnu/h-x86_64-mingw32/bin/../lib/gcc/nios2-elf/5.3.0/../../../../../H-x86_64-mingw32/nios2-elf/lib\libstdc++.a
LOAD c:/intelfpga_lite/18.1/nios2eds/bin/gnu/h-x86_64-mingw32/bin/../lib/gcc/nios2-elf/5.3.0/../../../../../H-x86_64-mingw32/nios2-elf/lib\libm.a
LOAD c:/intelfpga_lite/18.1/nios2eds/bin/gnu/h-x86_64-mingw32/bin/../lib/gcc/nios2-elf/5.3.0\libgcc.a
START GROUP
LOAD c:/intelfpga_lite/18.1/nios2eds/bin/gnu/h-x86_64-mingw32/bin/../lib/gcc/nios2-elf/5.3.0/../../../../../H-x86_64-mingw32/nios2-elf/lib\libc.a
LOAD c:/intelfpga_lite/18.1/nios2eds/bin/gnu/h-x86_64-mingw32/bin/../lib/gcc/nios2-elf/5.3.0\libgcc.a
LOAD ../m1_nios_bsp/\libhal_bsp.a
LOAD c:/intelfpga_lite/18.1/nios2eds/bin/gnu/h-x86_64-mingw32/bin/../lib/gcc/nios2-elf/5.3.0/../../../../../H-x86_64-mingw32/nios2-elf/lib\libm.a
END GROUP
LOAD c:/intelfpga_lite/18.1/nios2eds/bin/gnu/h-x86_64-mingw32/bin/../lib/gcc/nios2-elf/5.3.0\libgcc.a
                0x0000000000000000                __alt_mem_new_sdram_controller_0 = 0x0
                0x0000000004020000                __alt_mem_onchip_memory2_0 = 0x4020000

.entry          0x0000000004020000       0x20
 *(.entry)
 .entry         0x0000000004020000       0x20 ../m1_nios_bsp//obj/HAL/src/crt0.o
                0x0000000004020000                __reset

.exceptions     0x0000000004020020      0x224
                0x0000000004020020                PROVIDE (__ram_exceptions_start, ABSOLUTE (.))
                0x0000000004020020                . = ALIGN (0x20)
 *(.irq)
 *(.exceptions.entry.label)
 .exceptions.entry.label
                0x0000000004020020        0x0 ../m1_nios_bsp/\libhal_bsp.a(alt_irq_entry.o)
                0x0000000004020020                alt_irq_entry
 .exceptions.entry.label
                0x0000000004020020        0x0 ../m1_nios_bsp/\libhal_bsp.a(alt_exception_entry.o)
                0x0000000004020020                alt_exception
 *(.exceptions.entry.user)
 *(.exceptions.entry.ecc_fatal)
 *(.exceptions.entry)
 .exceptions.entry
                0x0000000004020020       0x54 ../m1_nios_bsp/\libhal_bsp.a(alt_exception_entry.o)
 *(.exceptions.irqtest.user)
 *(.exceptions.irqtest)
 .exceptions.irqtest
                0x0000000004020074       0x10 ../m1_nios_bsp/\libhal_bsp.a(alt_irq_entry.o)
 *(.exceptions.irqhandler.user)
 *(.exceptions.irqhandler)
 .exceptions.irqhandler
                0x0000000004020084        0x4 ../m1_nios_bsp/\libhal_bsp.a(alt_irq_entry.o)
 *(.exceptions.irqreturn.user)
 *(.exceptions.irqreturn)
 .exceptions.irqreturn
                0x0000000004020088        0x4 ../m1_nios_bsp/\libhal_bsp.a(alt_irq_entry.o)
 *(.exceptions.notirq.label)
 .exceptions.notirq.label
                0x000000000402008c        0x0 ../m1_nios_bsp/\libhal_bsp.a(alt_irq_entry.o)
 *(.exceptions.notirq.user)
 *(.exceptions.notirq)
 .exceptions.notirq
                0x000000000402008c        0x8 ../m1_nios_bsp/\libhal_bsp.a(alt_exception_entry.o)
 *(.exceptions.soft.user)
 *(.exceptions.soft)
 *(.exceptions.unknown.user)
 *(.exceptions.unknown)
 .exceptions.unknown
                0x0000000004020094       0x14 ../m1_nios_bsp/\libhal_bsp.a(alt_exception_entry.o)
 *(.exceptions.exit.label)
 .exceptions.exit.label
                0x00000000040200a8        0x0 ../m1_nios_bsp/\libhal_bsp.a(alt_irq_entry.o)
 .exceptions.exit.label
                0x00000000040200a8        0x0 ../m1_nios_bsp/\libhal_bsp.a(alt_exception_entry.o)
 *(.exceptions.exit.user)
 *(.exceptions.exit)
 .exceptions.exit
                0x00000000040200a8       0x54 ../m1_nios_bsp/\libhal_bsp.a(alt_exception_entry.o)
 *(.exceptions)
 .exceptions    0x00000000040200fc       0xd4 ../m1_nios_bsp/\libhal_bsp.a(alt_irq_handler.o)
                0x00000000040200fc                alt_irq_handler
 .exceptions    0x00000000040201d0       0x74 ../m1_nios_bsp/\libhal_bsp.a(alt_instruction_exception_entry.o)
                0x00000000040201d0                alt_instruction_exception_entry
                0x0000000004020244                PROVIDE (__ram_exceptions_end, ABSOLUTE (.))
                0x0000000004020020                PROVIDE (__flash_exceptions_start, LOADADDR (.exceptions))

.text           0x0000000004020244     0x28e4
                [!provide]                        PROVIDE (stext, ABSOLUTE (.))
 *(.interp)
 *(.hash)
 *(.dynsym)
 *(.dynstr)
 *(.gnu.version)
 *(.gnu.version_d)
 *(.gnu.version_r)
 *(.rel.init)
 *(.rela.init)
 *(.rel.text .rel.text.* .rel.gnu.linkonce.t.*)
 *(.rela.text .rela.text.* .rela.gnu.linkonce.t.*)
 *(.rel.fini)
 *(.rela.fini)
 *(.rel.rodata .rel.rodata.* .rel.gnu.linkonce.r.*)
 *(.rela.rodata .rela.rodata.* .rela.gnu.linkonce.r.*)
 *(.rel.data .rel.data.* .rel.gnu.linkonce.d.*)
 *(.rela.data .rela.data.* .rela.gnu.linkonce.d.*)
 *(.rel.tdata .rel.tdata.* .rel.gnu.linkonce.td.*)
 *(.rela.tdata .rela.tdata.* .rela.gnu.linkonce.td.*)
 *(.rel.tbss .rel.tbss.* .rel.gnu.linkonce.tb.*)
 *(.rela.tbss .rela.tbss.* .rela.gnu.linkonce.tb.*)
 *(.rel.ctors)
 *(.rela.ctors)
 *(.rel.dtors)
 *(.rela.dtors)
 *(.rel.got)
 *(.rela.got)
 *(.rel.sdata .rel.sdata.* .rel.gnu.linkonce.s.*)
 *(.rela.sdata .rela.sdata.* .rela.gnu.linkonce.s.*)
 *(.rel.sbss .rel.sbss.* .rel.gnu.linkonce.sb.*)
 *(.rela.sbss .rela.sbss.* .rela.gnu.linkonce.sb.*)
 *(.rel.sdata2 .rel.sdata2.* .rel.gnu.linkonce.s2.*)
 *(.rela.sdata2 .rela.sdata2.* .rela.gnu.linkonce.s2.*)
 *(.rel.sbss2 .rel.sbss2.* .rel.gnu.linkonce.sb2.*)
 *(.rela.sbss2 .rela.sbss2.* .rela.gnu.linkonce.sb2.*)
 *(.rel.bss .rel.bss.* .rel.gnu.linkonce.b.*)
 *(.rela.bss .rela.bss.* .rela.gnu.linkonce.b.*)
 *(.rel.plt)
 *(.rela.plt)
 *(.rel.dyn)
 *(.init)
 *(.plt)
 *(.text .stub .text.* .gnu.linkonce.t.*)
 .text          0x0000000004020244       0x4c ../m1_nios_bsp//obj/HAL/src/crt0.o
                0x0000000004020244                _start
 .text          0x0000000004020290      0x34c obj/default/SPI_controller.o
                0x0000000004020290                main
 .text          0x00000000040205dc       0xec ../m1_nios_bsp/\libhal_bsp.a(alt_load.o)
                0x0000000004020644                alt_load
 .text          0x00000000040206c8       0x7c ../m1_nios_bsp/\libhal_bsp.a(alt_main.o)
                0x00000000040206c8                alt_main
 .text          0x0000000004020744       0xd0 ../m1_nios_bsp/\libhal_bsp.a(alt_sys_init.o)
                0x0000000004020778                alt_irq_init
                0x00000000040207b0                alt_sys_init
 .text          0x0000000004020814      0x164 ../m1_nios_bsp/\libhal_bsp.a(altera_avalon_jtag_uart_fd.o)
                0x0000000004020814                altera_avalon_jtag_uart_read_fd
                0x0000000004020874                altera_avalon_jtag_uart_write_fd
                0x00000000040208d4                altera_avalon_jtag_uart_close_fd
                0x0000000004020924                altera_avalon_jtag_uart_ioctl_fd
 .text          0x0000000004020978      0x3d4 ../m1_nios_bsp/\libhal_bsp.a(altera_avalon_jtag_uart_init.o)
                0x0000000004020978                altera_avalon_jtag_uart_init
                0x0000000004020ce4                altera_avalon_jtag_uart_close
 .text          0x0000000004020d4c       0xf0 ../m1_nios_bsp/\libhal_bsp.a(altera_avalon_jtag_uart_ioctl.o)
                0x0000000004020d4c                altera_avalon_jtag_uart_ioctl
 .text          0x0000000004020e3c      0x21c ../m1_nios_bsp/\libhal_bsp.a(altera_avalon_jtag_uart_read.o)
                0x0000000004020e3c                altera_avalon_jtag_uart_read
 .text          0x0000000004021058      0x224 ../m1_nios_bsp/\libhal_bsp.a(altera_avalon_jtag_uart_write.o)
                0x0000000004021058                altera_avalon_jtag_uart_write
 .text          0x000000000402127c      0x1fc ../m1_nios_bsp/\libhal_bsp.a(altera_avalon_spi.o)
                0x000000000402127c                alt_avalon_spi_command
 .text          0x0000000004021478       0xf4 ../m1_nios_bsp/\libhal_bsp.a(altera_avalon_timer_sc.o)
                0x00000000040214f0                alt_avalon_timer_sc_init
 .text          0x000000000402156c      0x12c ../m1_nios_bsp/\libhal_bsp.a(alt_alarm_start.o)
                0x000000000402156c                alt_alarm_start
 .text          0x0000000004021698      0x10c ../m1_nios_bsp/\libhal_bsp.a(alt_close.o)
                0x00000000040216d4                close
 .text          0x00000000040217a4       0x48 ../m1_nios_bsp/\libhal_bsp.a(alt_dcache_flush_all.o)
                0x00000000040217a4                alt_dcache_flush_all
 .text          0x00000000040217ec       0x2c ../m1_nios_bsp/\libhal_bsp.a(alt_dev.o)
 .text          0x0000000004021818       0xe0 ../m1_nios_bsp/\libhal_bsp.a(alt_dev_llist_insert.o)
                0x0000000004021854                alt_dev_llist_insert
 .text          0x00000000040218f8       0x60 ../m1_nios_bsp/\libhal_bsp.a(alt_do_ctors.o)
                0x00000000040218f8                _do_ctors
 .text          0x0000000004021958       0x60 ../m1_nios_bsp/\libhal_bsp.a(alt_do_dtors.o)
                0x0000000004021958                _do_dtors
 .text          0x00000000040219b8        0x0 ../m1_nios_bsp/\libhal_bsp.a(alt_errno.o)
 .text          0x00000000040219b8       0x34 ../m1_nios_bsp/\libhal_bsp.a(alt_icache_flush_all.o)
                0x00000000040219b8                alt_icache_flush_all
 .text          0x00000000040219ec      0x1b0 ../m1_nios_bsp/\libhal_bsp.a(alt_iic.o)
                0x00000000040219ec                alt_ic_isr_register
                0x0000000004021a3c                alt_ic_irq_enable
                0x0000000004021ac4                alt_ic_irq_disable
                0x0000000004021b50                alt_ic_irq_enabled
 .text          0x0000000004021b9c       0xf0 ../m1_nios_bsp/\libhal_bsp.a(alt_iic_isr_register.o)
                0x0000000004021b9c                alt_iic_isr_register
 .text          0x0000000004021c8c      0x140 ../m1_nios_bsp/\libhal_bsp.a(alt_io_redirect.o)
                0x0000000004021d50                alt_io_redirect
 .text          0x0000000004021dcc        0x0 ../m1_nios_bsp/\libhal_bsp.a(alt_irq_entry.o)
 .text          0x0000000004021dcc        0x0 ../m1_nios_bsp/\libhal_bsp.a(alt_irq_handler.o)
 .text          0x0000000004021dcc        0x0 ../m1_nios_bsp/\libhal_bsp.a(alt_irq_vars.o)
 .text          0x0000000004021dcc      0x254 ../m1_nios_bsp/\libhal_bsp.a(alt_open.o)
                0x0000000004021ecc                open
 .text          0x0000000004022020       0x64 ../m1_nios_bsp/\libhal_bsp.a(alt_release_fd.o)
                0x0000000004022020                alt_release_fd
 .text          0x0000000004022084      0x1a4 ../m1_nios_bsp/\libhal_bsp.a(alt_tick.o)
                0x0000000004022084                alt_alarm_stop
                0x0000000004022120                alt_tick
 .text          0x0000000004022228       0x24 ../m1_nios_bsp/\libhal_bsp.a(altera_nios2_gen2_irq.o)
                0x0000000004022228                altera_nios2_gen2_irq_init
 .text          0x000000000402224c        0x0 ../m1_nios_bsp/\libhal_bsp.a(alt_exception_entry.o)
 .text          0x000000000402224c       0x90 ../m1_nios_bsp/\libhal_bsp.a(alt_find_dev.o)
                0x000000000402224c                alt_find_dev
 .text          0x00000000040222dc      0x108 ../m1_nios_bsp/\libhal_bsp.a(alt_find_file.o)
                0x00000000040222dc                alt_find_file
 .text          0x00000000040223e4       0xa4 ../m1_nios_bsp/\libhal_bsp.a(alt_get_fd.o)
                0x00000000040223e4                alt_get_fd
 .text          0x0000000004022488       0x90 ../m1_nios_bsp/\libhal_bsp.a(alt_icache_flush.o)
                0x0000000004022488                alt_icache_flush
 .text          0x0000000004022518       0x9c ../m1_nios_bsp/\libhal_bsp.a(alt_instruction_exception_entry.o)
                0x0000000004022518                alt_exception_cause_generated_bad_addr
 .text          0x00000000040225b4        0x0 c:/intelfpga_lite/18.1/nios2eds/bin/gnu/h-x86_64-mingw32/bin/../lib/gcc/nios2-elf/5.3.0/../../../../../H-x86_64-mingw32/nios2-elf/lib\libc.a(lib_a-atexit.o)
 .text.atexit   0x00000000040225b4       0x14 c:/intelfpga_lite/18.1/nios2eds/bin/gnu/h-x86_64-mingw32/bin/../lib/gcc/nios2-elf/5.3.0/../../../../../H-x86_64-mingw32/nios2-elf/lib\libc.a(lib_a-atexit.o)
                0x00000000040225b4                atexit
 .text          0x00000000040225c8        0x0 c:/intelfpga_lite/18.1/nios2eds/bin/gnu/h-x86_64-mingw32/bin/../lib/gcc/nios2-elf/5.3.0/../../../../../H-x86_64-mingw32/nios2-elf/lib\libc.a(lib_a-exit.o)
 .text.exit     0x00000000040225c8       0x38 c:/intelfpga_lite/18.1/nios2eds/bin/gnu/h-x86_64-mingw32/bin/../lib/gcc/nios2-elf/5.3.0/../../../../../H-x86_64-mingw32/nios2-elf/lib\libc.a(lib_a-exit.o)
                0x00000000040225c8                exit
 .text          0x0000000004022600        0x0 c:/intelfpga_lite/18.1/nios2eds/bin/gnu/h-x86_64-mingw32/bin/../lib/gcc/nios2-elf/5.3.0/../../../../../H-x86_64-mingw32/nios2-elf/lib\libc.a(lib_a-impure.o)
 .text          0x0000000004022600        0x0 c:/intelfpga_lite/18.1/nios2eds/bin/gnu/h-x86_64-mingw32/bin/../lib/gcc/nios2-elf/5.3.0/../../../../../H-x86_64-mingw32/nios2-elf/lib\libc.a(lib_a-int_errno.o)
 .text          0x0000000004022600        0x0 c:/intelfpga_lite/18.1/nios2eds/bin/gnu/h-x86_64-mingw32/bin/../lib/gcc/nios2-elf/5.3.0/../../../../../H-x86_64-mingw32/nios2-elf/lib\libc.a(lib_a-memcmp.o)
 .text.memcmp   0x0000000004022600       0x7c c:/intelfpga_lite/18.1/nios2eds/bin/gnu/h-x86_64-mingw32/bin/../lib/gcc/nios2-elf/5.3.0/../../../../../H-x86_64-mingw32/nios2-elf/lib\libc.a(lib_a-memcmp.o)
                0x0000000004022600                memcmp
 .text          0x000000000402267c        0x0 c:/intelfpga_lite/18.1/nios2eds/bin/gnu/h-x86_64-mingw32/bin/../lib/gcc/nios2-elf/5.3.0/../../../../../H-x86_64-mingw32/nios2-elf/lib\libc.a(lib_a-memcpy.o)
 .text.memcpy   0x000000000402267c      0x148 c:/intelfpga_lite/18.1/nios2eds/bin/gnu/h-x86_64-mingw32/bin/../lib/gcc/nios2-elf/5.3.0/../../../../../H-x86_64-mingw32/nios2-elf/lib\libc.a(lib_a-memcpy.o)
                0x000000000402267c                memcpy
 .text          0x00000000040227c4        0x0 c:/intelfpga_lite/18.1/nios2eds/bin/gnu/h-x86_64-mingw32/bin/../lib/gcc/nios2-elf/5.3.0/../../../../../H-x86_64-mingw32/nios2-elf/lib\libc.a(lib_a-strlen.o)
 .text.strlen   0x00000000040227c4       0x98 c:/intelfpga_lite/18.1/nios2eds/bin/gnu/h-x86_64-mingw32/bin/../lib/gcc/nios2-elf/5.3.0/../../../../../H-x86_64-mingw32/nios2-elf/lib\libc.a(lib_a-strlen.o)
                0x00000000040227c4                strlen
 .text          0x000000000402285c        0x0 c:/intelfpga_lite/18.1/nios2eds/bin/gnu/h-x86_64-mingw32/bin/../lib/gcc/nios2-elf/5.3.0/../../../../../H-x86_64-mingw32/nios2-elf/lib\libc.a(lib_a-__atexit.o)
 .text.__register_exitproc
                0x000000000402285c      0x118 c:/intelfpga_lite/18.1/nios2eds/bin/gnu/h-x86_64-mingw32/bin/../lib/gcc/nios2-elf/5.3.0/../../../../../H-x86_64-mingw32/nios2-elf/lib\libc.a(lib_a-__atexit.o)
                0x000000000402285c                __register_exitproc
 .text          0x0000000004022974        0x0 c:/intelfpga_lite/18.1/nios2eds/bin/gnu/h-x86_64-mingw32/bin/../lib/gcc/nios2-elf/5.3.0/../../../../../H-x86_64-mingw32/nios2-elf/lib\libc.a(lib_a-__call_atexit.o)
 .text.__call_exitprocs
                0x0000000004022974      0x180 c:/intelfpga_lite/18.1/nios2eds/bin/gnu/h-x86_64-mingw32/bin/../lib/gcc/nios2-elf/5.3.0/../../../../../H-x86_64-mingw32/nios2-elf/lib\libc.a(lib_a-__call_atexit.o)
                0x0000000004022974                __call_exitprocs
 .text          0x0000000004022af4       0x34 ../m1_nios_bsp/\libhal_bsp.a(alt_exit.o)
                0x0000000004022af4                _exit
 *(.gnu.warning.*)
 *(.fini)
                [!provide]                        PROVIDE (__etext, ABSOLUTE (.))
                [!provide]                        PROVIDE (_etext, ABSOLUTE (.))
                [!provide]                        PROVIDE (etext, ABSOLUTE (.))
 *(.eh_frame_hdr)
                0x0000000004022b28                . = ALIGN (0x4)
                [!provide]                        PROVIDE (__preinit_array_start, ABSOLUTE (.))
 *(.preinit_array)
                [!provide]                        PROVIDE (__preinit_array_end, ABSOLUTE (.))
                [!provide]                        PROVIDE (__init_array_start, ABSOLUTE (.))
 *(.init_array)
                [!provide]                        PROVIDE (__init_array_end, ABSOLUTE (.))
                [!provide]                        PROVIDE (__fini_array_start, ABSOLUTE (.))
 *(.fini_array)
                [!provide]                        PROVIDE (__fini_array_end, ABSOLUTE (.))
 *(.eh_frame)
 *(.gcc_except_table .gcc_except_table.*)
 *(.dynamic)
                0x0000000004022b28                PROVIDE (__CTOR_LIST__, ABSOLUTE (.))
 *(.ctors)
 *(SORT(.ctors.*))
                0x0000000004022b28                PROVIDE (__CTOR_END__, ABSOLUTE (.))
                0x0000000004022b28                PROVIDE (__DTOR_LIST__, ABSOLUTE (.))
 *(.dtors)
 *(SORT(.dtors.*))
                0x0000000004022b28                PROVIDE (__DTOR_END__, ABSOLUTE (.))
 *(.jcr)
                0x0000000004022b28                . = ALIGN (0x4)

.rodata         0x0000000000000000       0x38 load address 0x0000000004022b28
                0x0000000000000000                PROVIDE (__ram_rodata_start, ABSOLUTE (.))
                0x0000000000000000                . = ALIGN (0x4)
 *(.rodata .rodata.* .gnu.linkonce.r.*)
 .rodata        0x0000000000000000       0x11 ../m1_nios_bsp/\libhal_bsp.a(alt_main.o)
 *fill*         0x0000000000000011        0x3 
 .rodata        0x0000000000000014       0x11 ../m1_nios_bsp/\libhal_bsp.a(alt_sys_init.o)
 *fill*         0x0000000000000025        0x3 
 .rodata        0x0000000000000028        0xa ../m1_nios_bsp/\libhal_bsp.a(alt_dev.o)
 *fill*         0x0000000000000032        0x2 
 .rodata.str1.4
                0x0000000000000034        0x4 c:/intelfpga_lite/18.1/nios2eds/bin/gnu/h-x86_64-mingw32/bin/../lib/gcc/nios2-elf/5.3.0/../../../../../H-x86_64-mingw32/nios2-elf/lib\libc.a(lib_a-impure.o)
                                          0x2 (size before relaxing)
 *(.rodata1)
                0x0000000000000038                . = ALIGN (0x4)
                0x0000000000000038                PROVIDE (__ram_rodata_end, ABSOLUTE (.))
                0x0000000004022b28                PROVIDE (__flash_rodata_start, LOADADDR (.rodata))

.rwdata         0x0000000000000038     0x1658 load address 0x0000000004022b60
                0x0000000000000038                PROVIDE (__ram_rwdata_start, ABSOLUTE (.))
                0x0000000000000038                . = ALIGN (0x4)
 *(.got.plt)
 *(.got)
 *(.data1)
 *(.data .data.* .gnu.linkonce.d.*)
 .data          0x0000000000000038        0x0 ../m1_nios_bsp//obj/HAL/src/crt0.o
 .data          0x0000000000000038        0x0 obj/default/SPI_controller.o
 .data          0x0000000000000038        0x0 ../m1_nios_bsp/\libhal_bsp.a(alt_load.o)
 .data          0x0000000000000038        0x0 ../m1_nios_bsp/\libhal_bsp.a(alt_main.o)
 .data          0x0000000000000038     0x1060 ../m1_nios_bsp/\libhal_bsp.a(alt_sys_init.o)
 .data          0x0000000000001098        0x0 ../m1_nios_bsp/\libhal_bsp.a(altera_avalon_jtag_uart_fd.o)
 .data          0x0000000000001098        0x0 ../m1_nios_bsp/\libhal_bsp.a(altera_avalon_jtag_uart_init.o)
 .data          0x0000000000001098        0x0 ../m1_nios_bsp/\libhal_bsp.a(altera_avalon_jtag_uart_ioctl.o)
 .data          0x0000000000001098        0x0 ../m1_nios_bsp/\libhal_bsp.a(altera_avalon_jtag_uart_read.o)
 .data          0x0000000000001098        0x0 ../m1_nios_bsp/\libhal_bsp.a(altera_avalon_jtag_uart_write.o)
 .data          0x0000000000001098        0x0 ../m1_nios_bsp/\libhal_bsp.a(altera_avalon_spi.o)
 .data          0x0000000000001098        0x0 ../m1_nios_bsp/\libhal_bsp.a(altera_avalon_timer_sc.o)
 .data          0x0000000000001098        0x0 ../m1_nios_bsp/\libhal_bsp.a(alt_alarm_start.o)
 .data          0x0000000000001098        0x0 ../m1_nios_bsp/\libhal_bsp.a(alt_close.o)
 .data          0x0000000000001098        0x0 ../m1_nios_bsp/\libhal_bsp.a(alt_dcache_flush_all.o)
 .data          0x0000000000001098      0x1a8 ../m1_nios_bsp/\libhal_bsp.a(alt_dev.o)
                0x0000000000001098                alt_dev_null
                0x00000000000010c0                alt_fd_list
 .data          0x0000000000001240        0x0 ../m1_nios_bsp/\libhal_bsp.a(alt_dev_llist_insert.o)
 .data          0x0000000000001240        0x0 ../m1_nios_bsp/\libhal_bsp.a(alt_do_ctors.o)
 .data          0x0000000000001240        0x0 ../m1_nios_bsp/\libhal_bsp.a(alt_do_dtors.o)
 .data          0x0000000000001240        0x0 ../m1_nios_bsp/\libhal_bsp.a(alt_errno.o)
 .data          0x0000000000001240        0x0 ../m1_nios_bsp/\libhal_bsp.a(alt_icache_flush_all.o)
 .data          0x0000000000001240        0x0 ../m1_nios_bsp/\libhal_bsp.a(alt_iic.o)
 .data          0x0000000000001240        0x0 ../m1_nios_bsp/\libhal_bsp.a(alt_iic_isr_register.o)
 .data          0x0000000000001240        0x0 ../m1_nios_bsp/\libhal_bsp.a(alt_io_redirect.o)
 .data          0x0000000000001240        0x0 ../m1_nios_bsp/\libhal_bsp.a(alt_irq_entry.o)
 .data          0x0000000000001240        0x0 ../m1_nios_bsp/\libhal_bsp.a(alt_irq_handler.o)
 .data          0x0000000000001240        0x0 ../m1_nios_bsp/\libhal_bsp.a(alt_irq_vars.o)
 .data          0x0000000000001240        0x0 ../m1_nios_bsp/\libhal_bsp.a(alt_open.o)
 .data          0x0000000000001240        0x0 ../m1_nios_bsp/\libhal_bsp.a(alt_release_fd.o)
 .data          0x0000000000001240        0x0 ../m1_nios_bsp/\libhal_bsp.a(alt_tick.o)
 .data          0x0000000000001240        0x0 ../m1_nios_bsp/\libhal_bsp.a(altera_nios2_gen2_irq.o)
 .data          0x0000000000001240        0x0 ../m1_nios_bsp/\libhal_bsp.a(alt_exception_entry.o)
 .data          0x0000000000001240        0x0 ../m1_nios_bsp/\libhal_bsp.a(alt_find_dev.o)
 .data          0x0000000000001240        0x0 ../m1_nios_bsp/\libhal_bsp.a(alt_find_file.o)
 .data          0x0000000000001240        0x0 ../m1_nios_bsp/\libhal_bsp.a(alt_get_fd.o)
 .data          0x0000000000001240        0x0 ../m1_nios_bsp/\libhal_bsp.a(alt_icache_flush.o)
 .data          0x0000000000001240        0x0 ../m1_nios_bsp/\libhal_bsp.a(alt_instruction_exception_entry.o)
 .data          0x0000000000001240        0x0 c:/intelfpga_lite/18.1/nios2eds/bin/gnu/h-x86_64-mingw32/bin/../lib/gcc/nios2-elf/5.3.0/../../../../../H-x86_64-mingw32/nios2-elf/lib\libc.a(lib_a-atexit.o)
 .data          0x0000000000001240        0x0 c:/intelfpga_lite/18.1/nios2eds/bin/gnu/h-x86_64-mingw32/bin/../lib/gcc/nios2-elf/5.3.0/../../../../../H-x86_64-mingw32/nios2-elf/lib\libc.a(lib_a-exit.o)
 .data          0x0000000000001240        0x0 c:/intelfpga_lite/18.1/nios2eds/bin/gnu/h-x86_64-mingw32/bin/../lib/gcc/nios2-elf/5.3.0/../../../../../H-x86_64-mingw32/nios2-elf/lib\libc.a(lib_a-impure.o)
 .data.impure_data
                0x0000000000001240      0x424 c:/intelfpga_lite/18.1/nios2eds/bin/gnu/h-x86_64-mingw32/bin/../lib/gcc/nios2-elf/5.3.0/../../../../../H-x86_64-mingw32/nios2-elf/lib\libc.a(lib_a-impure.o)
 .data          0x0000000000001664        0x0 c:/intelfpga_lite/18.1/nios2eds/bin/gnu/h-x86_64-mingw32/bin/../lib/gcc/nios2-elf/5.3.0/../../../../../H-x86_64-mingw32/nios2-elf/lib\libc.a(lib_a-int_errno.o)
 .data          0x0000000000001664        0x0 c:/intelfpga_lite/18.1/nios2eds/bin/gnu/h-x86_64-mingw32/bin/../lib/gcc/nios2-elf/5.3.0/../../../../../H-x86_64-mingw32/nios2-elf/lib\libc.a(lib_a-memcmp.o)
 .data          0x0000000000001664        0x0 c:/intelfpga_lite/18.1/nios2eds/bin/gnu/h-x86_64-mingw32/bin/../lib/gcc/nios2-elf/5.3.0/../../../../../H-x86_64-mingw32/nios2-elf/lib\libc.a(lib_a-memcpy.o)
 .data          0x0000000000001664        0x0 c:/intelfpga_lite/18.1/nios2eds/bin/gnu/h-x86_64-mingw32/bin/../lib/gcc/nios2-elf/5.3.0/../../../../../H-x86_64-mingw32/nios2-elf/lib\libc.a(lib_a-strlen.o)
 .data          0x0000000000001664        0x0 c:/intelfpga_lite/18.1/nios2eds/bin/gnu/h-x86_64-mingw32/bin/../lib/gcc/nios2-elf/5.3.0/../../../../../H-x86_64-mingw32/nios2-elf/lib\libc.a(lib_a-__atexit.o)
 .data          0x0000000000001664        0x0 c:/intelfpga_lite/18.1/nios2eds/bin/gnu/h-x86_64-mingw32/bin/../lib/gcc/nios2-elf/5.3.0/../../../../../H-x86_64-mingw32/nios2-elf/lib\libc.a(lib_a-__call_atexit.o)
 .data          0x0000000000001664        0x0 ../m1_nios_bsp/\libhal_bsp.a(alt_exit.o)
                0x0000000000009664                _gp = ABSOLUTE ((. + 0x8000))
                [!provide]                        PROVIDE (gp, _gp)
 *(.rwdata .rwdata.*)
 *(.sdata .sdata.* .gnu.linkonce.s.*)
 .sdata         0x0000000000001664       0x14 ../m1_nios_bsp/\libhal_bsp.a(alt_dev.o)
                0x0000000000001664                alt_fs_list
                0x000000000000166c                alt_dev_list
                0x0000000000001674                alt_max_fd
 .sdata         0x0000000000001678        0x4 ../m1_nios_bsp/\libhal_bsp.a(alt_errno.o)
                0x0000000000001678                alt_errno
 .sdata         0x000000000000167c        0x4 ../m1_nios_bsp/\libhal_bsp.a(alt_irq_vars.o)
                0x000000000000167c                alt_priority_mask
 .sdata         0x0000000000001680        0x8 ../m1_nios_bsp/\libhal_bsp.a(alt_tick.o)
                0x0000000000001680                alt_alarm_list
 .sdata._global_impure_ptr
                0x0000000000001688        0x4 c:/intelfpga_lite/18.1/nios2eds/bin/gnu/h-x86_64-mingw32/bin/../lib/gcc/nios2-elf/5.3.0/../../../../../H-x86_64-mingw32/nios2-elf/lib\libc.a(lib_a-impure.o)
                0x0000000000001688                _global_impure_ptr
 .sdata._impure_ptr
                0x000000000000168c        0x4 c:/intelfpga_lite/18.1/nios2eds/bin/gnu/h-x86_64-mingw32/bin/../lib/gcc/nios2-elf/5.3.0/../../../../../H-x86_64-mingw32/nios2-elf/lib\libc.a(lib_a-impure.o)
                0x000000000000168c                _impure_ptr
 *(.sdata2 .sdata2.* .gnu.linkonce.s2.*)
                0x0000000000001690                . = ALIGN (0x4)
                0x0000000000001690                _edata = ABSOLUTE (.)
                [!provide]                        PROVIDE (edata, ABSOLUTE (.))
                0x0000000000001690                PROVIDE (__ram_rwdata_end, ABSOLUTE (.))
                0x0000000004022b60                PROVIDE (__flash_rwdata_start, LOADADDR (.rwdata))

.bss            0x0000000000001690      0x120 load address 0x00000000040241b8
                0x0000000000001690                __bss_start = ABSOLUTE (.)
                [!provide]                        PROVIDE (__sbss_start, ABSOLUTE (.))
                [!provide]                        PROVIDE (___sbss_start, ABSOLUTE (.))
 *(.dynsbss)
 *(.sbss .sbss.* .gnu.linkonce.sb.*)
 .sbss          0x0000000000001690        0xc ../m1_nios_bsp/\libhal_bsp.a(alt_main.o)
                0x0000000000001690                alt_argc
                0x0000000000001694                alt_argv
                0x0000000000001698                alt_envp
 .sbss          0x000000000000169c        0x4 ../m1_nios_bsp/\libhal_bsp.a(alt_irq_vars.o)
                0x000000000000169c                alt_irq_active
 .sbss          0x00000000000016a0        0x8 ../m1_nios_bsp/\libhal_bsp.a(alt_tick.o)
                0x00000000000016a0                _alt_tick_rate
                0x00000000000016a4                _alt_nticks
 .sbss          0x00000000000016a8        0x4 ../m1_nios_bsp/\libhal_bsp.a(alt_instruction_exception_entry.o)
                0x00000000000016a8                alt_instruction_exception_handler
 .sbss          0x00000000000016ac        0x4 c:/intelfpga_lite/18.1/nios2eds/bin/gnu/h-x86_64-mingw32/bin/../lib/gcc/nios2-elf/5.3.0/../../../../../H-x86_64-mingw32/nios2-elf/lib\libc.a(lib_a-int_errno.o)
                0x00000000000016ac                errno
 *(.sbss2 .sbss2.* .gnu.linkonce.sb2.*)
 *(.scommon)
                [!provide]                        PROVIDE (__sbss_end, ABSOLUTE (.))
                [!provide]                        PROVIDE (___sbss_end, ABSOLUTE (.))
 *(.dynbss)
 *(.bss .bss.* .gnu.linkonce.b.*)
 .bss           0x00000000000016b0        0x0 ../m1_nios_bsp//obj/HAL/src/crt0.o
 .bss           0x00000000000016b0        0x0 obj/default/SPI_controller.o
 .bss           0x00000000000016b0        0x0 ../m1_nios_bsp/\libhal_bsp.a(alt_load.o)
 .bss           0x00000000000016b0        0x0 ../m1_nios_bsp/\libhal_bsp.a(alt_main.o)
 .bss           0x00000000000016b0        0x0 ../m1_nios_bsp/\libhal_bsp.a(alt_sys_init.o)
 .bss           0x00000000000016b0        0x0 ../m1_nios_bsp/\libhal_bsp.a(altera_avalon_jtag_uart_fd.o)
 .bss           0x00000000000016b0        0x0 ../m1_nios_bsp/\libhal_bsp.a(altera_avalon_jtag_uart_init.o)
 .bss           0x00000000000016b0        0x0 ../m1_nios_bsp/\libhal_bsp.a(altera_avalon_jtag_uart_ioctl.o)
 .bss           0x00000000000016b0        0x0 ../m1_nios_bsp/\libhal_bsp.a(altera_avalon_jtag_uart_read.o)
 .bss           0x00000000000016b0        0x0 ../m1_nios_bsp/\libhal_bsp.a(altera_avalon_jtag_uart_write.o)
 .bss           0x00000000000016b0        0x0 ../m1_nios_bsp/\libhal_bsp.a(altera_avalon_spi.o)
 .bss           0x00000000000016b0        0x0 ../m1_nios_bsp/\libhal_bsp.a(altera_avalon_timer_sc.o)
 .bss           0x00000000000016b0        0x0 ../m1_nios_bsp/\libhal_bsp.a(alt_alarm_start.o)
 .bss           0x00000000000016b0        0x0 ../m1_nios_bsp/\libhal_bsp.a(alt_close.o)
 .bss           0x00000000000016b0        0x0 ../m1_nios_bsp/\libhal_bsp.a(alt_dcache_flush_all.o)
 .bss           0x00000000000016b0        0x0 ../m1_nios_bsp/\libhal_bsp.a(alt_dev.o)
 .bss           0x00000000000016b0        0x0 ../m1_nios_bsp/\libhal_bsp.a(alt_dev_llist_insert.o)
 .bss           0x00000000000016b0        0x0 ../m1_nios_bsp/\libhal_bsp.a(alt_do_ctors.o)
 .bss           0x00000000000016b0        0x0 ../m1_nios_bsp/\libhal_bsp.a(alt_do_dtors.o)
 .bss           0x00000000000016b0        0x0 ../m1_nios_bsp/\libhal_bsp.a(alt_errno.o)
 .bss           0x00000000000016b0        0x0 ../m1_nios_bsp/\libhal_bsp.a(alt_icache_flush_all.o)
 .bss           0x00000000000016b0        0x0 ../m1_nios_bsp/\libhal_bsp.a(alt_iic.o)
 .bss           0x00000000000016b0        0x0 ../m1_nios_bsp/\libhal_bsp.a(alt_iic_isr_register.o)
 .bss           0x00000000000016b0        0x0 ../m1_nios_bsp/\libhal_bsp.a(alt_io_redirect.o)
 .bss           0x00000000000016b0        0x0 ../m1_nios_bsp/\libhal_bsp.a(alt_irq_entry.o)
 .bss           0x00000000000016b0        0x0 ../m1_nios_bsp/\libhal_bsp.a(alt_irq_handler.o)
 .bss           0x00000000000016b0        0x0 ../m1_nios_bsp/\libhal_bsp.a(alt_irq_vars.o)
 .bss           0x00000000000016b0        0x0 ../m1_nios_bsp/\libhal_bsp.a(alt_open.o)
 .bss           0x00000000000016b0        0x0 ../m1_nios_bsp/\libhal_bsp.a(alt_release_fd.o)
 .bss           0x00000000000016b0        0x0 ../m1_nios_bsp/\libhal_bsp.a(alt_tick.o)
 .bss           0x00000000000016b0        0x0 ../m1_nios_bsp/\libhal_bsp.a(altera_nios2_gen2_irq.o)
 .bss           0x00000000000016b0        0x0 ../m1_nios_bsp/\libhal_bsp.a(alt_exception_entry.o)
 .bss           0x00000000000016b0        0x0 ../m1_nios_bsp/\libhal_bsp.a(alt_find_dev.o)
 .bss           0x00000000000016b0        0x0 ../m1_nios_bsp/\libhal_bsp.a(alt_find_file.o)
 .bss           0x00000000000016b0        0x0 ../m1_nios_bsp/\libhal_bsp.a(alt_get_fd.o)
 .bss           0x00000000000016b0        0x0 ../m1_nios_bsp/\libhal_bsp.a(alt_icache_flush.o)
 .bss           0x00000000000016b0        0x0 ../m1_nios_bsp/\libhal_bsp.a(alt_instruction_exception_entry.o)
 .bss           0x00000000000016b0        0x0 c:/intelfpga_lite/18.1/nios2eds/bin/gnu/h-x86_64-mingw32/bin/../lib/gcc/nios2-elf/5.3.0/../../../../../H-x86_64-mingw32/nios2-elf/lib\libc.a(lib_a-atexit.o)
 .bss           0x00000000000016b0        0x0 c:/intelfpga_lite/18.1/nios2eds/bin/gnu/h-x86_64-mingw32/bin/../lib/gcc/nios2-elf/5.3.0/../../../../../H-x86_64-mingw32/nios2-elf/lib\libc.a(lib_a-exit.o)
 .bss           0x00000000000016b0        0x0 c:/intelfpga_lite/18.1/nios2eds/bin/gnu/h-x86_64-mingw32/bin/../lib/gcc/nios2-elf/5.3.0/../../../../../H-x86_64-mingw32/nios2-elf/lib\libc.a(lib_a-impure.o)
 .bss           0x00000000000016b0        0x0 c:/intelfpga_lite/18.1/nios2eds/bin/gnu/h-x86_64-mingw32/bin/../lib/gcc/nios2-elf/5.3.0/../../../../../H-x86_64-mingw32/nios2-elf/lib\libc.a(lib_a-int_errno.o)
 .bss           0x00000000000016b0        0x0 c:/intelfpga_lite/18.1/nios2eds/bin/gnu/h-x86_64-mingw32/bin/../lib/gcc/nios2-elf/5.3.0/../../../../../H-x86_64-mingw32/nios2-elf/lib\libc.a(lib_a-memcmp.o)
 .bss           0x00000000000016b0        0x0 c:/intelfpga_lite/18.1/nios2eds/bin/gnu/h-x86_64-mingw32/bin/../lib/gcc/nios2-elf/5.3.0/../../../../../H-x86_64-mingw32/nios2-elf/lib\libc.a(lib_a-memcpy.o)
 .bss           0x00000000000016b0        0x0 c:/intelfpga_lite/18.1/nios2eds/bin/gnu/h-x86_64-mingw32/bin/../lib/gcc/nios2-elf/5.3.0/../../../../../H-x86_64-mingw32/nios2-elf/lib\libc.a(lib_a-strlen.o)
 .bss           0x00000000000016b0        0x0 c:/intelfpga_lite/18.1/nios2eds/bin/gnu/h-x86_64-mingw32/bin/../lib/gcc/nios2-elf/5.3.0/../../../../../H-x86_64-mingw32/nios2-elf/lib\libc.a(lib_a-__atexit.o)
 .bss           0x00000000000016b0        0x0 c:/intelfpga_lite/18.1/nios2eds/bin/gnu/h-x86_64-mingw32/bin/../lib/gcc/nios2-elf/5.3.0/../../../../../H-x86_64-mingw32/nios2-elf/lib\libc.a(lib_a-__call_atexit.o)
 .bss           0x00000000000016b0        0x0 ../m1_nios_bsp/\libhal_bsp.a(alt_exit.o)
 *(COMMON)
 COMMON         0x00000000000016b0      0x100 ../m1_nios_bsp/\libhal_bsp.a(alt_irq_handler.o)
                0x00000000000016b0                alt_irq
                0x00000000000017b0                . = ALIGN (0x4)
                0x00000000000017b0                __bss_end = ABSOLUTE (.)

.new_sdram_controller_0
                0x00000000000017b0        0x0 load address 0x00000000040241b8
                [!provide]                        PROVIDE (_alt_partition_new_sdram_controller_0_start, ABSOLUTE (.))
 *(.new_sdram_controller_0 .new_sdram_controller_0. new_sdram_controller_0.*)
                0x00000000000017b0                . = ALIGN (0x4)
                [!provide]                        PROVIDE (_alt_partition_new_sdram_controller_0_end, ABSOLUTE (.))
                0x00000000000017b0                _end = ABSOLUTE (.)
                0x00000000000017b0                end = ABSOLUTE (.)
                0x00000000000017b0                __alt_stack_base = ABSOLUTE (.)
                [!provide]                        PROVIDE (_alt_partition_new_sdram_controller_0_load_addr, LOADADDR (.new_sdram_controller_0))

.onchip_memory2_0
                0x00000000040241b8        0x0
                [!provide]                        PROVIDE (_alt_partition_onchip_memory2_0_start, ABSOLUTE (.))
 *(.onchip_memory2_0 .onchip_memory2_0. onchip_memory2_0.*)
                0x00000000040241b8                . = ALIGN (0x4)
                [!provide]                        PROVIDE (_alt_partition_onchip_memory2_0_end, ABSOLUTE (.))
                [!provide]                        PROVIDE (_alt_partition_onchip_memory2_0_load_addr, LOADADDR (.onchip_memory2_0))

.stab
 *(.stab)

.stabstr
 *(.stabstr)

.stab.excl
 *(.stab.excl)

.stab.exclstr
 *(.stab.exclstr)

.stab.index
 *(.stab.index)

.stab.indexstr
 *(.stab.indexstr)

.comment        0x0000000000000000       0x23
 *(.comment)
 .comment       0x0000000000000000       0x23 obj/default/SPI_controller.o
                                         0x24 (size before relaxing)
 .comment       0x0000000000000023       0x24 ../m1_nios_bsp/\libhal_bsp.a(alt_load.o)
 .comment       0x0000000000000023       0x24 ../m1_nios_bsp/\libhal_bsp.a(alt_main.o)
 .comment       0x0000000000000023       0x24 ../m1_nios_bsp/\libhal_bsp.a(alt_sys_init.o)
 .comment       0x0000000000000023       0x24 ../m1_nios_bsp/\libhal_bsp.a(altera_avalon_jtag_uart_fd.o)
 .comment       0x0000000000000023       0x24 ../m1_nios_bsp/\libhal_bsp.a(altera_avalon_jtag_uart_init.o)
 .comment       0x0000000000000023       0x24 ../m1_nios_bsp/\libhal_bsp.a(altera_avalon_jtag_uart_ioctl.o)
 .comment       0x0000000000000023       0x24 ../m1_nios_bsp/\libhal_bsp.a(altera_avalon_jtag_uart_read.o)
 .comment       0x0000000000000023       0x24 ../m1_nios_bsp/\libhal_bsp.a(altera_avalon_jtag_uart_write.o)
 .comment       0x0000000000000023       0x24 ../m1_nios_bsp/\libhal_bsp.a(altera_avalon_spi.o)
 .comment       0x0000000000000023       0x24 ../m1_nios_bsp/\libhal_bsp.a(altera_avalon_timer_sc.o)
 .comment       0x0000000000000023       0x24 ../m1_nios_bsp/\libhal_bsp.a(alt_alarm_start.o)
 .comment       0x0000000000000023       0x24 ../m1_nios_bsp/\libhal_bsp.a(alt_close.o)
 .comment       0x0000000000000023       0x24 ../m1_nios_bsp/\libhal_bsp.a(alt_dcache_flush_all.o)
 .comment       0x0000000000000023       0x24 ../m1_nios_bsp/\libhal_bsp.a(alt_dev.o)
 .comment       0x0000000000000023       0x24 ../m1_nios_bsp/\libhal_bsp.a(alt_dev_llist_insert.o)
 .comment       0x0000000000000023       0x24 ../m1_nios_bsp/\libhal_bsp.a(alt_do_ctors.o)
 .comment       0x0000000000000023       0x24 ../m1_nios_bsp/\libhal_bsp.a(alt_do_dtors.o)
 .comment       0x0000000000000023       0x24 ../m1_nios_bsp/\libhal_bsp.a(alt_errno.o)
 .comment       0x0000000000000023       0x24 ../m1_nios_bsp/\libhal_bsp.a(alt_icache_flush_all.o)
 .comment       0x0000000000000023       0x24 ../m1_nios_bsp/\libhal_bsp.a(alt_iic.o)
 .comment       0x0000000000000023       0x24 ../m1_nios_bsp/\libhal_bsp.a(alt_iic_isr_register.o)
 .comment       0x0000000000000023       0x24 ../m1_nios_bsp/\libhal_bsp.a(alt_io_redirect.o)
 .comment       0x0000000000000023       0x24 ../m1_nios_bsp/\libhal_bsp.a(alt_irq_handler.o)
 .comment       0x0000000000000023       0x24 ../m1_nios_bsp/\libhal_bsp.a(alt_irq_vars.o)
 .comment       0x0000000000000023       0x24 ../m1_nios_bsp/\libhal_bsp.a(alt_open.o)
 .comment       0x0000000000000023       0x24 ../m1_nios_bsp/\libhal_bsp.a(alt_release_fd.o)
 .comment       0x0000000000000023       0x24 ../m1_nios_bsp/\libhal_bsp.a(alt_tick.o)
 .comment       0x0000000000000023       0x24 ../m1_nios_bsp/\libhal_bsp.a(altera_nios2_gen2_irq.o)
 .comment       0x0000000000000023       0x24 ../m1_nios_bsp/\libhal_bsp.a(alt_find_dev.o)
 .comment       0x0000000000000023       0x24 ../m1_nios_bsp/\libhal_bsp.a(alt_find_file.o)
 .comment       0x0000000000000023       0x24 ../m1_nios_bsp/\libhal_bsp.a(alt_get_fd.o)
 .comment       0x0000000000000023       0x24 ../m1_nios_bsp/\libhal_bsp.a(alt_icache_flush.o)
 .comment       0x0000000000000023       0x24 ../m1_nios_bsp/\libhal_bsp.a(alt_instruction_exception_entry.o)
 .comment       0x0000000000000023       0x24 c:/intelfpga_lite/18.1/nios2eds/bin/gnu/h-x86_64-mingw32/bin/../lib/gcc/nios2-elf/5.3.0/../../../../../H-x86_64-mingw32/nios2-elf/lib\libc.a(lib_a-atexit.o)
 .comment       0x0000000000000023       0x24 c:/intelfpga_lite/18.1/nios2eds/bin/gnu/h-x86_64-mingw32/bin/../lib/gcc/nios2-elf/5.3.0/../../../../../H-x86_64-mingw32/nios2-elf/lib\libc.a(lib_a-exit.o)
 .comment       0x0000000000000023       0x24 c:/intelfpga_lite/18.1/nios2eds/bin/gnu/h-x86_64-mingw32/bin/../lib/gcc/nios2-elf/5.3.0/../../../../../H-x86_64-mingw32/nios2-elf/lib\libc.a(lib_a-impure.o)
 .comment       0x0000000000000023       0x24 c:/intelfpga_lite/18.1/nios2eds/bin/gnu/h-x86_64-mingw32/bin/../lib/gcc/nios2-elf/5.3.0/../../../../../H-x86_64-mingw32/nios2-elf/lib\libc.a(lib_a-int_errno.o)
 .comment       0x0000000000000023       0x24 c:/intelfpga_lite/18.1/nios2eds/bin/gnu/h-x86_64-mingw32/bin/../lib/gcc/nios2-elf/5.3.0/../../../../../H-x86_64-mingw32/nios2-elf/lib\libc.a(lib_a-memcmp.o)
 .comment       0x0000000000000023       0x24 c:/intelfpga_lite/18.1/nios2eds/bin/gnu/h-x86_64-mingw32/bin/../lib/gcc/nios2-elf/5.3.0/../../../../../H-x86_64-mingw32/nios2-elf/lib\libc.a(lib_a-memcpy.o)
 .comment       0x0000000000000023       0x24 c:/intelfpga_lite/18.1/nios2eds/bin/gnu/h-x86_64-mingw32/bin/../lib/gcc/nios2-elf/5.3.0/../../../../../H-x86_64-mingw32/nios2-elf/lib\libc.a(lib_a-strlen.o)
 .comment       0x0000000000000023       0x24 c:/intelfpga_lite/18.1/nios2eds/bin/gnu/h-x86_64-mingw32/bin/../lib/gcc/nios2-elf/5.3.0/../../../../../H-x86_64-mingw32/nios2-elf/lib\libc.a(lib_a-__atexit.o)
 .comment       0x0000000000000023       0x24 c:/intelfpga_lite/18.1/nios2eds/bin/gnu/h-x86_64-mingw32/bin/../lib/gcc/nios2-elf/5.3.0/../../../../../H-x86_64-mingw32/nios2-elf/lib\libc.a(lib_a-__call_atexit.o)
 .comment       0x0000000000000023       0x24 ../m1_nios_bsp/\libhal_bsp.a(alt_exit.o)

.debug
 *(.debug)

.line
 *(.line)

.debug_srcinfo
 *(.debug_srcinfo)

.debug_sfnames
 *(.debug_sfnames)

.debug_aranges  0x0000000000000000      0x5f8
 *(.debug_aranges)
 .debug_aranges
                0x0000000000000000       0x28 ../m1_nios_bsp//obj/HAL/src/crt0.o
 .debug_aranges
                0x0000000000000028       0x20 obj/default/SPI_controller.o
 .debug_aranges
                0x0000000000000048       0x20 ../m1_nios_bsp/\libhal_bsp.a(alt_load.o)
 .debug_aranges
                0x0000000000000068       0x20 ../m1_nios_bsp/\libhal_bsp.a(alt_main.o)
 .debug_aranges
                0x0000000000000088       0x20 ../m1_nios_bsp/\libhal_bsp.a(alt_sys_init.o)
 .debug_aranges
                0x00000000000000a8       0x20 ../m1_nios_bsp/\libhal_bsp.a(altera_avalon_jtag_uart_fd.o)
 .debug_aranges
                0x00000000000000c8       0x20 ../m1_nios_bsp/\libhal_bsp.a(altera_avalon_jtag_uart_init.o)
 .debug_aranges
                0x00000000000000e8       0x20 ../m1_nios_bsp/\libhal_bsp.a(altera_avalon_jtag_uart_ioctl.o)
 .debug_aranges
                0x0000000000000108       0x20 ../m1_nios_bsp/\libhal_bsp.a(altera_avalon_jtag_uart_read.o)
 .debug_aranges
                0x0000000000000128       0x20 ../m1_nios_bsp/\libhal_bsp.a(altera_avalon_jtag_uart_write.o)
 .debug_aranges
                0x0000000000000148       0x20 ../m1_nios_bsp/\libhal_bsp.a(altera_avalon_spi.o)
 .debug_aranges
                0x0000000000000168       0x20 ../m1_nios_bsp/\libhal_bsp.a(altera_avalon_timer_sc.o)
 .debug_aranges
                0x0000000000000188       0x20 ../m1_nios_bsp/\libhal_bsp.a(alt_alarm_start.o)
 .debug_aranges
                0x00000000000001a8       0x20 ../m1_nios_bsp/\libhal_bsp.a(alt_close.o)
 .debug_aranges
                0x00000000000001c8       0x20 ../m1_nios_bsp/\libhal_bsp.a(alt_dcache_flush_all.o)
 .debug_aranges
                0x00000000000001e8       0x20 ../m1_nios_bsp/\libhal_bsp.a(alt_dev.o)
 .debug_aranges
                0x0000000000000208       0x20 ../m1_nios_bsp/\libhal_bsp.a(alt_dev_llist_insert.o)
 .debug_aranges
                0x0000000000000228       0x20 ../m1_nios_bsp/\libhal_bsp.a(alt_do_ctors.o)
 .debug_aranges
                0x0000000000000248       0x20 ../m1_nios_bsp/\libhal_bsp.a(alt_do_dtors.o)
 .debug_aranges
                0x0000000000000268       0x18 ../m1_nios_bsp/\libhal_bsp.a(alt_errno.o)
 .debug_aranges
                0x0000000000000280       0x20 ../m1_nios_bsp/\libhal_bsp.a(alt_icache_flush_all.o)
 .debug_aranges
                0x00000000000002a0       0x20 ../m1_nios_bsp/\libhal_bsp.a(alt_iic.o)
 .debug_aranges
                0x00000000000002c0       0x20 ../m1_nios_bsp/\libhal_bsp.a(alt_iic_isr_register.o)
 .debug_aranges
                0x00000000000002e0       0x20 ../m1_nios_bsp/\libhal_bsp.a(alt_io_redirect.o)
 .debug_aranges
                0x0000000000000300       0x30 ../m1_nios_bsp/\libhal_bsp.a(alt_irq_entry.o)
 .debug_aranges
                0x0000000000000330       0x20 ../m1_nios_bsp/\libhal_bsp.a(alt_irq_handler.o)
 .debug_aranges
                0x0000000000000350       0x18 ../m1_nios_bsp/\libhal_bsp.a(alt_irq_vars.o)
 .debug_aranges
                0x0000000000000368       0x20 ../m1_nios_bsp/\libhal_bsp.a(alt_open.o)
 .debug_aranges
                0x0000000000000388       0x20 ../m1_nios_bsp/\libhal_bsp.a(alt_release_fd.o)
 .debug_aranges
                0x00000000000003a8       0x20 ../m1_nios_bsp/\libhal_bsp.a(alt_tick.o)
 .debug_aranges
                0x00000000000003c8       0x20 ../m1_nios_bsp/\libhal_bsp.a(altera_nios2_gen2_irq.o)
 .debug_aranges
                0x00000000000003e8       0x38 ../m1_nios_bsp/\libhal_bsp.a(alt_exception_entry.o)
 .debug_aranges
                0x0000000000000420       0x20 ../m1_nios_bsp/\libhal_bsp.a(alt_find_dev.o)
 .debug_aranges
                0x0000000000000440       0x20 ../m1_nios_bsp/\libhal_bsp.a(alt_find_file.o)
 .debug_aranges
                0x0000000000000460       0x20 ../m1_nios_bsp/\libhal_bsp.a(alt_get_fd.o)
 .debug_aranges
                0x0000000000000480       0x20 ../m1_nios_bsp/\libhal_bsp.a(alt_icache_flush.o)
 .debug_aranges
                0x00000000000004a0       0x28 ../m1_nios_bsp/\libhal_bsp.a(alt_instruction_exception_entry.o)
 .debug_aranges
                0x00000000000004c8       0x20 c:/intelfpga_lite/18.1/nios2eds/bin/gnu/h-x86_64-mingw32/bin/../lib/gcc/nios2-elf/5.3.0/../../../../../H-x86_64-mingw32/nios2-elf/lib\libc.a(lib_a-atexit.o)
 .debug_aranges
                0x00000000000004e8       0x20 c:/intelfpga_lite/18.1/nios2eds/bin/gnu/h-x86_64-mingw32/bin/../lib/gcc/nios2-elf/5.3.0/../../../../../H-x86_64-mingw32/nios2-elf/lib\libc.a(lib_a-exit.o)
 .debug_aranges
                0x0000000000000508       0x18 c:/intelfpga_lite/18.1/nios2eds/bin/gnu/h-x86_64-mingw32/bin/../lib/gcc/nios2-elf/5.3.0/../../../../../H-x86_64-mingw32/nios2-elf/lib\libc.a(lib_a-impure.o)
 .debug_aranges
                0x0000000000000520       0x18 c:/intelfpga_lite/18.1/nios2eds/bin/gnu/h-x86_64-mingw32/bin/../lib/gcc/nios2-elf/5.3.0/../../../../../H-x86_64-mingw32/nios2-elf/lib\libc.a(lib_a-int_errno.o)
 .debug_aranges
                0x0000000000000538       0x20 c:/intelfpga_lite/18.1/nios2eds/bin/gnu/h-x86_64-mingw32/bin/../lib/gcc/nios2-elf/5.3.0/../../../../../H-x86_64-mingw32/nios2-elf/lib\libc.a(lib_a-memcmp.o)
 .debug_aranges
                0x0000000000000558       0x20 c:/intelfpga_lite/18.1/nios2eds/bin/gnu/h-x86_64-mingw32/bin/../lib/gcc/nios2-elf/5.3.0/../../../../../H-x86_64-mingw32/nios2-elf/lib\libc.a(lib_a-memcpy.o)
 .debug_aranges
                0x0000000000000578       0x20 c:/intelfpga_lite/18.1/nios2eds/bin/gnu/h-x86_64-mingw32/bin/../lib/gcc/nios2-elf/5.3.0/../../../../../H-x86_64-mingw32/nios2-elf/lib\libc.a(lib_a-strlen.o)
 .debug_aranges
                0x0000000000000598       0x20 c:/intelfpga_lite/18.1/nios2eds/bin/gnu/h-x86_64-mingw32/bin/../lib/gcc/nios2-elf/5.3.0/../../../../../H-x86_64-mingw32/nios2-elf/lib\libc.a(lib_a-__atexit.o)
 .debug_aranges
                0x00000000000005b8       0x20 c:/intelfpga_lite/18.1/nios2eds/bin/gnu/h-x86_64-mingw32/bin/../lib/gcc/nios2-elf/5.3.0/../../../../../H-x86_64-mingw32/nios2-elf/lib\libc.a(lib_a-__call_atexit.o)
 .debug_aranges
                0x00000000000005d8       0x20 ../m1_nios_bsp/\libhal_bsp.a(alt_exit.o)

.debug_pubnames
 *(.debug_pubnames)

.debug_info     0x0000000000000000     0x7a31
 *(.debug_info .gnu.linkonce.wi.*)
 .debug_info    0x0000000000000000       0x8a ../m1_nios_bsp//obj/HAL/src/crt0.o
 .debug_info    0x000000000000008a      0x194 obj/default/SPI_controller.o
 .debug_info    0x000000000000021e      0x145 ../m1_nios_bsp/\libhal_bsp.a(alt_load.o)
 .debug_info    0x0000000000000363      0x131 ../m1_nios_bsp/\libhal_bsp.a(alt_main.o)
 .debug_info    0x0000000000000494      0x4d9 ../m1_nios_bsp/\libhal_bsp.a(alt_sys_init.o)
 .debug_info    0x000000000000096d      0x52e ../m1_nios_bsp/\libhal_bsp.a(altera_avalon_jtag_uart_fd.o)
 .debug_info    0x0000000000000e9b      0x3a0 ../m1_nios_bsp/\libhal_bsp.a(altera_avalon_jtag_uart_init.o)
 .debug_info    0x000000000000123b      0x280 ../m1_nios_bsp/\libhal_bsp.a(altera_avalon_jtag_uart_ioctl.o)
 .debug_info    0x00000000000014bb      0x345 ../m1_nios_bsp/\libhal_bsp.a(altera_avalon_jtag_uart_read.o)
 .debug_info    0x0000000000001800      0x340 ../m1_nios_bsp/\libhal_bsp.a(altera_avalon_jtag_uart_write.o)
 .debug_info    0x0000000000001b40      0x18d ../m1_nios_bsp/\libhal_bsp.a(altera_avalon_spi.o)
 .debug_info    0x0000000000001ccd      0x226 ../m1_nios_bsp/\libhal_bsp.a(altera_avalon_timer_sc.o)
 .debug_info    0x0000000000001ef3      0x2cc ../m1_nios_bsp/\libhal_bsp.a(alt_alarm_start.o)
 .debug_info    0x00000000000021bf      0x321 ../m1_nios_bsp/\libhal_bsp.a(alt_close.o)
 .debug_info    0x00000000000024e0       0xa5 ../m1_nios_bsp/\libhal_bsp.a(alt_dcache_flush_all.o)
 .debug_info    0x0000000000002585      0x49c ../m1_nios_bsp/\libhal_bsp.a(alt_dev.o)
 .debug_info    0x0000000000002a21      0x1a9 ../m1_nios_bsp/\libhal_bsp.a(alt_dev_llist_insert.o)
 .debug_info    0x0000000000002bca       0x83 ../m1_nios_bsp/\libhal_bsp.a(alt_do_ctors.o)
 .debug_info    0x0000000000002c4d       0x83 ../m1_nios_bsp/\libhal_bsp.a(alt_do_dtors.o)
 .debug_info    0x0000000000002cd0       0xa6 ../m1_nios_bsp/\libhal_bsp.a(alt_errno.o)
 .debug_info    0x0000000000002d76       0x92 ../m1_nios_bsp/\libhal_bsp.a(alt_icache_flush_all.o)
 .debug_info    0x0000000000002e08      0x350 ../m1_nios_bsp/\libhal_bsp.a(alt_iic.o)
 .debug_info    0x0000000000003158      0x1ef ../m1_nios_bsp/\libhal_bsp.a(alt_iic_isr_register.o)
 .debug_info    0x0000000000003347      0x4a5 ../m1_nios_bsp/\libhal_bsp.a(alt_io_redirect.o)
 .debug_info    0x00000000000037ec       0x93 ../m1_nios_bsp/\libhal_bsp.a(alt_irq_entry.o)
 .debug_info    0x000000000000387f      0x187 ../m1_nios_bsp/\libhal_bsp.a(alt_irq_handler.o)
 .debug_info    0x0000000000003a06       0x88 ../m1_nios_bsp/\libhal_bsp.a(alt_irq_vars.o)
 .debug_info    0x0000000000003a8e      0x3bb ../m1_nios_bsp/\libhal_bsp.a(alt_open.o)
 .debug_info    0x0000000000003e49      0x2b0 ../m1_nios_bsp/\libhal_bsp.a(alt_release_fd.o)
 .debug_info    0x00000000000040f9      0x299 ../m1_nios_bsp/\libhal_bsp.a(alt_tick.o)
 .debug_info    0x0000000000004392       0x92 ../m1_nios_bsp/\libhal_bsp.a(altera_nios2_gen2_irq.o)
 .debug_info    0x0000000000004424       0x99 ../m1_nios_bsp/\libhal_bsp.a(alt_exception_entry.o)
 .debug_info    0x00000000000044bd      0x2e9 ../m1_nios_bsp/\libhal_bsp.a(alt_find_dev.o)
 .debug_info    0x00000000000047a6      0x2e6 ../m1_nios_bsp/\libhal_bsp.a(alt_find_file.o)
 .debug_info    0x0000000000004a8c      0x310 ../m1_nios_bsp/\libhal_bsp.a(alt_get_fd.o)
 .debug_info    0x0000000000004d9c       0xdc ../m1_nios_bsp/\libhal_bsp.a(alt_icache_flush.o)
 .debug_info    0x0000000000004e78      0x1e7 ../m1_nios_bsp/\libhal_bsp.a(alt_instruction_exception_entry.o)
 .debug_info    0x000000000000505f       0xfe c:/intelfpga_lite/18.1/nios2eds/bin/gnu/h-x86_64-mingw32/bin/../lib/gcc/nios2-elf/5.3.0/../../../../../H-x86_64-mingw32/nios2-elf/lib\libc.a(lib_a-atexit.o)
 .debug_info    0x000000000000515d      0x8e4 c:/intelfpga_lite/18.1/nios2eds/bin/gnu/h-x86_64-mingw32/bin/../lib/gcc/nios2-elf/5.3.0/../../../../../H-x86_64-mingw32/nios2-elf/lib\libc.a(lib_a-exit.o)
 .debug_info    0x0000000000005a41      0x8a1 c:/intelfpga_lite/18.1/nios2eds/bin/gnu/h-x86_64-mingw32/bin/../lib/gcc/nios2-elf/5.3.0/../../../../../H-x86_64-mingw32/nios2-elf/lib\libc.a(lib_a-impure.o)
 .debug_info    0x00000000000062e2       0x8a c:/intelfpga_lite/18.1/nios2eds/bin/gnu/h-x86_64-mingw32/bin/../lib/gcc/nios2-elf/5.3.0/../../../../../H-x86_64-mingw32/nios2-elf/lib\libc.a(lib_a-int_errno.o)
 .debug_info    0x000000000000636c      0x11a c:/intelfpga_lite/18.1/nios2eds/bin/gnu/h-x86_64-mingw32/bin/../lib/gcc/nios2-elf/5.3.0/../../../../../H-x86_64-mingw32/nios2-elf/lib\libc.a(lib_a-memcmp.o)
 .debug_info    0x0000000000006486      0x144 c:/intelfpga_lite/18.1/nios2eds/bin/gnu/h-x86_64-mingw32/bin/../lib/gcc/nios2-elf/5.3.0/../../../../../H-x86_64-mingw32/nios2-elf/lib\libc.a(lib_a-memcpy.o)
 .debug_info    0x00000000000065ca       0xe2 c:/intelfpga_lite/18.1/nios2eds/bin/gnu/h-x86_64-mingw32/bin/../lib/gcc/nios2-elf/5.3.0/../../../../../H-x86_64-mingw32/nios2-elf/lib\libc.a(lib_a-strlen.o)
 .debug_info    0x00000000000066ac      0x934 c:/intelfpga_lite/18.1/nios2eds/bin/gnu/h-x86_64-mingw32/bin/../lib/gcc/nios2-elf/5.3.0/../../../../../H-x86_64-mingw32/nios2-elf/lib\libc.a(lib_a-__atexit.o)
 .debug_info    0x0000000000006fe0      0x965 c:/intelfpga_lite/18.1/nios2eds/bin/gnu/h-x86_64-mingw32/bin/../lib/gcc/nios2-elf/5.3.0/../../../../../H-x86_64-mingw32/nios2-elf/lib\libc.a(lib_a-__call_atexit.o)
 .debug_info    0x0000000000007945       0xec ../m1_nios_bsp/\libhal_bsp.a(alt_exit.o)

.debug_abbrev   0x0000000000000000     0x2b68
 *(.debug_abbrev)
 .debug_abbrev  0x0000000000000000       0x12 ../m1_nios_bsp//obj/HAL/src/crt0.o
 .debug_abbrev  0x0000000000000012       0xa0 obj/default/SPI_controller.o
 .debug_abbrev  0x00000000000000b2       0x9f ../m1_nios_bsp/\libhal_bsp.a(alt_load.o)
 .debug_abbrev  0x0000000000000151       0xba ../m1_nios_bsp/\libhal_bsp.a(alt_main.o)
 .debug_abbrev  0x000000000000020b      0x187 ../m1_nios_bsp/\libhal_bsp.a(alt_sys_init.o)
 .debug_abbrev  0x0000000000000392      0x127 ../m1_nios_bsp/\libhal_bsp.a(altera_avalon_jtag_uart_fd.o)
 .debug_abbrev  0x00000000000004b9      0x19e ../m1_nios_bsp/\libhal_bsp.a(altera_avalon_jtag_uart_init.o)
 .debug_abbrev  0x0000000000000657      0x111 ../m1_nios_bsp/\libhal_bsp.a(altera_avalon_jtag_uart_ioctl.o)
 .debug_abbrev  0x0000000000000768      0x1aa ../m1_nios_bsp/\libhal_bsp.a(altera_avalon_jtag_uart_read.o)
 .debug_abbrev  0x0000000000000912      0x1a8 ../m1_nios_bsp/\libhal_bsp.a(altera_avalon_jtag_uart_write.o)
 .debug_abbrev  0x0000000000000aba       0x8a ../m1_nios_bsp/\libhal_bsp.a(altera_avalon_spi.o)
 .debug_abbrev  0x0000000000000b44      0x155 ../m1_nios_bsp/\libhal_bsp.a(altera_avalon_timer_sc.o)
 .debug_abbrev  0x0000000000000c99      0x162 ../m1_nios_bsp/\libhal_bsp.a(alt_alarm_start.o)
 .debug_abbrev  0x0000000000000dfb      0x11f ../m1_nios_bsp/\libhal_bsp.a(alt_close.o)
 .debug_abbrev  0x0000000000000f1a       0x5a ../m1_nios_bsp/\libhal_bsp.a(alt_dcache_flush_all.o)
 .debug_abbrev  0x0000000000000f74       0xd9 ../m1_nios_bsp/\libhal_bsp.a(alt_dev.o)
 .debug_abbrev  0x000000000000104d      0x114 ../m1_nios_bsp/\libhal_bsp.a(alt_dev_llist_insert.o)
 .debug_abbrev  0x0000000000001161       0x79 ../m1_nios_bsp/\libhal_bsp.a(alt_do_ctors.o)
 .debug_abbrev  0x00000000000011da       0x79 ../m1_nios_bsp/\libhal_bsp.a(alt_do_dtors.o)
 .debug_abbrev  0x0000000000001253       0x5a ../m1_nios_bsp/\libhal_bsp.a(alt_errno.o)
 .debug_abbrev  0x00000000000012ad       0x42 ../m1_nios_bsp/\libhal_bsp.a(alt_icache_flush_all.o)
 .debug_abbrev  0x00000000000012ef      0x163 ../m1_nios_bsp/\libhal_bsp.a(alt_iic.o)
 .debug_abbrev  0x0000000000001452      0x169 ../m1_nios_bsp/\libhal_bsp.a(alt_iic_isr_register.o)
 .debug_abbrev  0x00000000000015bb      0x114 ../m1_nios_bsp/\libhal_bsp.a(alt_io_redirect.o)
 .debug_abbrev  0x00000000000016cf       0x12 ../m1_nios_bsp/\libhal_bsp.a(alt_irq_entry.o)
 .debug_abbrev  0x00000000000016e1      0x122 ../m1_nios_bsp/\libhal_bsp.a(alt_irq_handler.o)
 .debug_abbrev  0x0000000000001803       0x40 ../m1_nios_bsp/\libhal_bsp.a(alt_irq_vars.o)
 .debug_abbrev  0x0000000000001843      0x148 ../m1_nios_bsp/\libhal_bsp.a(alt_open.o)
 .debug_abbrev  0x000000000000198b       0xde ../m1_nios_bsp/\libhal_bsp.a(alt_release_fd.o)
 .debug_abbrev  0x0000000000001a69      0x15a ../m1_nios_bsp/\libhal_bsp.a(alt_tick.o)
 .debug_abbrev  0x0000000000001bc3       0x42 ../m1_nios_bsp/\libhal_bsp.a(altera_nios2_gen2_irq.o)
 .debug_abbrev  0x0000000000001c05       0x12 ../m1_nios_bsp/\libhal_bsp.a(alt_exception_entry.o)
 .debug_abbrev  0x0000000000001c17       0xf0 ../m1_nios_bsp/\libhal_bsp.a(alt_find_dev.o)
 .debug_abbrev  0x0000000000001d07       0xf0 ../m1_nios_bsp/\libhal_bsp.a(alt_find_file.o)
 .debug_abbrev  0x0000000000001df7      0x10d ../m1_nios_bsp/\libhal_bsp.a(alt_get_fd.o)
 .debug_abbrev  0x0000000000001f04       0x8c ../m1_nios_bsp/\libhal_bsp.a(alt_icache_flush.o)
 .debug_abbrev  0x0000000000001f90       0xdc ../m1_nios_bsp/\libhal_bsp.a(alt_instruction_exception_entry.o)
 .debug_abbrev  0x000000000000206c       0xaa c:/intelfpga_lite/18.1/nios2eds/bin/gnu/h-x86_64-mingw32/bin/../lib/gcc/nios2-elf/5.3.0/../../../../../H-x86_64-mingw32/nios2-elf/lib\libc.a(lib_a-atexit.o)
 .debug_abbrev  0x0000000000002116      0x1e5 c:/intelfpga_lite/18.1/nios2eds/bin/gnu/h-x86_64-mingw32/bin/../lib/gcc/nios2-elf/5.3.0/../../../../../H-x86_64-mingw32/nios2-elf/lib\libc.a(lib_a-exit.o)
 .debug_abbrev  0x00000000000022fb      0x18f c:/intelfpga_lite/18.1/nios2eds/bin/gnu/h-x86_64-mingw32/bin/../lib/gcc/nios2-elf/5.3.0/../../../../../H-x86_64-mingw32/nios2-elf/lib\libc.a(lib_a-impure.o)
 .debug_abbrev  0x000000000000248a       0x37 c:/intelfpga_lite/18.1/nios2eds/bin/gnu/h-x86_64-mingw32/bin/../lib/gcc/nios2-elf/5.3.0/../../../../../H-x86_64-mingw32/nios2-elf/lib\libc.a(lib_a-int_errno.o)
 .debug_abbrev  0x00000000000024c1       0x7f c:/intelfpga_lite/18.1/nios2eds/bin/gnu/h-x86_64-mingw32/bin/../lib/gcc/nios2-elf/5.3.0/../../../../../H-x86_64-mingw32/nios2-elf/lib\libc.a(lib_a-memcmp.o)
 .debug_abbrev  0x0000000000002540       0xa3 c:/intelfpga_lite/18.1/nios2eds/bin/gnu/h-x86_64-mingw32/bin/../lib/gcc/nios2-elf/5.3.0/../../../../../H-x86_64-mingw32/nios2-elf/lib\libc.a(lib_a-memcpy.o)
 .debug_abbrev  0x00000000000025e3       0x90 c:/intelfpga_lite/18.1/nios2eds/bin/gnu/h-x86_64-mingw32/bin/../lib/gcc/nios2-elf/5.3.0/../../../../../H-x86_64-mingw32/nios2-elf/lib\libc.a(lib_a-strlen.o)
 .debug_abbrev  0x0000000000002673      0x21e c:/intelfpga_lite/18.1/nios2eds/bin/gnu/h-x86_64-mingw32/bin/../lib/gcc/nios2-elf/5.3.0/../../../../../H-x86_64-mingw32/nios2-elf/lib\libc.a(lib_a-__atexit.o)
 .debug_abbrev  0x0000000000002891      0x22e c:/intelfpga_lite/18.1/nios2eds/bin/gnu/h-x86_64-mingw32/bin/../lib/gcc/nios2-elf/5.3.0/../../../../../H-x86_64-mingw32/nios2-elf/lib\libc.a(lib_a-__call_atexit.o)
 .debug_abbrev  0x0000000000002abf       0xa9 ../m1_nios_bsp/\libhal_bsp.a(alt_exit.o)

.debug_line     0x0000000000000000     0x2bb6
 *(.debug_line)
 .debug_line    0x0000000000000000       0x72 ../m1_nios_bsp//obj/HAL/src/crt0.o
 .debug_line    0x0000000000000072       0xd9 obj/default/SPI_controller.o
 .debug_line    0x000000000000014b       0x8e ../m1_nios_bsp/\libhal_bsp.a(alt_load.o)
 .debug_line    0x00000000000001d9       0xa4 ../m1_nios_bsp/\libhal_bsp.a(alt_main.o)
 .debug_line    0x000000000000027d      0x152 ../m1_nios_bsp/\libhal_bsp.a(alt_sys_init.o)
 .debug_line    0x00000000000003cf      0x12f ../m1_nios_bsp/\libhal_bsp.a(altera_avalon_jtag_uart_fd.o)
 .debug_line    0x00000000000004fe      0x18b ../m1_nios_bsp/\libhal_bsp.a(altera_avalon_jtag_uart_init.o)
 .debug_line    0x0000000000000689      0x131 ../m1_nios_bsp/\libhal_bsp.a(altera_avalon_jtag_uart_ioctl.o)
 .debug_line    0x00000000000007ba      0x171 ../m1_nios_bsp/\libhal_bsp.a(altera_avalon_jtag_uart_read.o)
 .debug_line    0x000000000000092b      0x170 ../m1_nios_bsp/\libhal_bsp.a(altera_avalon_jtag_uart_write.o)
 .debug_line    0x0000000000000a9b       0xb7 ../m1_nios_bsp/\libhal_bsp.a(altera_avalon_spi.o)
 .debug_line    0x0000000000000b52       0xfd ../m1_nios_bsp/\libhal_bsp.a(altera_avalon_timer_sc.o)
 .debug_line    0x0000000000000c4f       0xf9 ../m1_nios_bsp/\libhal_bsp.a(alt_alarm_start.o)
 .debug_line    0x0000000000000d48      0x165 ../m1_nios_bsp/\libhal_bsp.a(alt_close.o)
 .debug_line    0x0000000000000ead       0x61 ../m1_nios_bsp/\libhal_bsp.a(alt_dcache_flush_all.o)
 .debug_line    0x0000000000000f0e       0xf8 ../m1_nios_bsp/\libhal_bsp.a(alt_dev.o)
 .debug_line    0x0000000000001006       0xcf ../m1_nios_bsp/\libhal_bsp.a(alt_dev_llist_insert.o)
 .debug_line    0x00000000000010d5       0x59 ../m1_nios_bsp/\libhal_bsp.a(alt_do_ctors.o)
 .debug_line    0x000000000000112e       0x59 ../m1_nios_bsp/\libhal_bsp.a(alt_do_dtors.o)
 .debug_line    0x0000000000001187       0x51 ../m1_nios_bsp/\libhal_bsp.a(alt_errno.o)
 .debug_line    0x00000000000011d8       0x50 ../m1_nios_bsp/\libhal_bsp.a(alt_icache_flush_all.o)
 .debug_line    0x0000000000001228       0xeb ../m1_nios_bsp/\libhal_bsp.a(alt_iic.o)
 .debug_line    0x0000000000001313       0xdb ../m1_nios_bsp/\libhal_bsp.a(alt_iic_isr_register.o)
 .debug_line    0x00000000000013ee      0x133 ../m1_nios_bsp/\libhal_bsp.a(alt_io_redirect.o)
 .debug_line    0x0000000000001521       0x6b ../m1_nios_bsp/\libhal_bsp.a(alt_irq_entry.o)
 .debug_line    0x000000000000158c       0xaa ../m1_nios_bsp/\libhal_bsp.a(alt_irq_handler.o)
 .debug_line    0x0000000000001636       0x50 ../m1_nios_bsp/\libhal_bsp.a(alt_irq_vars.o)
 .debug_line    0x0000000000001686      0x128 ../m1_nios_bsp/\libhal_bsp.a(alt_open.o)
 .debug_line    0x00000000000017ae       0xae ../m1_nios_bsp/\libhal_bsp.a(alt_release_fd.o)
 .debug_line    0x000000000000185c       0xff ../m1_nios_bsp/\libhal_bsp.a(alt_tick.o)
 .debug_line    0x000000000000195b       0x51 ../m1_nios_bsp/\libhal_bsp.a(altera_nios2_gen2_irq.o)
 .debug_line    0x00000000000019ac       0xb3 ../m1_nios_bsp/\libhal_bsp.a(alt_exception_entry.o)
 .debug_line    0x0000000000001a5f       0xb5 ../m1_nios_bsp/\libhal_bsp.a(alt_find_dev.o)
 .debug_line    0x0000000000001b14       0xd1 ../m1_nios_bsp/\libhal_bsp.a(alt_find_file.o)
 .debug_line    0x0000000000001be5       0xd4 ../m1_nios_bsp/\libhal_bsp.a(alt_get_fd.o)
 .debug_line    0x0000000000001cb9       0x81 ../m1_nios_bsp/\libhal_bsp.a(alt_icache_flush.o)
 .debug_line    0x0000000000001d3a       0xba ../m1_nios_bsp/\libhal_bsp.a(alt_instruction_exception_entry.o)
 .debug_line    0x0000000000001df4       0xe4 c:/intelfpga_lite/18.1/nios2eds/bin/gnu/h-x86_64-mingw32/bin/../lib/gcc/nios2-elf/5.3.0/../../../../../H-x86_64-mingw32/nios2-elf/lib\libc.a(lib_a-atexit.o)
 .debug_line    0x0000000000001ed8      0x1f9 c:/intelfpga_lite/18.1/nios2eds/bin/gnu/h-x86_64-mingw32/bin/../lib/gcc/nios2-elf/5.3.0/../../../../../H-x86_64-mingw32/nios2-elf/lib\libc.a(lib_a-exit.o)
 .debug_line    0x00000000000020d1      0x15d c:/intelfpga_lite/18.1/nios2eds/bin/gnu/h-x86_64-mingw32/bin/../lib/gcc/nios2-elf/5.3.0/../../../../../H-x86_64-mingw32/nios2-elf/lib\libc.a(lib_a-impure.o)
 .debug_line    0x000000000000222e       0x5c c:/intelfpga_lite/18.1/nios2eds/bin/gnu/h-x86_64-mingw32/bin/../lib/gcc/nios2-elf/5.3.0/../../../../../H-x86_64-mingw32/nios2-elf/lib\libc.a(lib_a-int_errno.o)
 .debug_line    0x000000000000228a      0x173 c:/intelfpga_lite/18.1/nios2eds/bin/gnu/h-x86_64-mingw32/bin/../lib/gcc/nios2-elf/5.3.0/../../../../../H-x86_64-mingw32/nios2-elf/lib\libc.a(lib_a-memcmp.o)
 .debug_line    0x00000000000023fd      0x189 c:/intelfpga_lite/18.1/nios2eds/bin/gnu/h-x86_64-mingw32/bin/../lib/gcc/nios2-elf/5.3.0/../../../../../H-x86_64-mingw32/nios2-elf/lib\libc.a(lib_a-memcpy.o)
 .debug_line    0x0000000000002586      0x16c c:/intelfpga_lite/18.1/nios2eds/bin/gnu/h-x86_64-mingw32/bin/../lib/gcc/nios2-elf/5.3.0/../../../../../H-x86_64-mingw32/nios2-elf/lib\libc.a(lib_a-strlen.o)
 .debug_line    0x00000000000026f2      0x21c c:/intelfpga_lite/18.1/nios2eds/bin/gnu/h-x86_64-mingw32/bin/../lib/gcc/nios2-elf/5.3.0/../../../../../H-x86_64-mingw32/nios2-elf/lib\libc.a(lib_a-__atexit.o)
 .debug_line    0x000000000000290e      0x237 c:/intelfpga_lite/18.1/nios2eds/bin/gnu/h-x86_64-mingw32/bin/../lib/gcc/nios2-elf/5.3.0/../../../../../H-x86_64-mingw32/nios2-elf/lib\libc.a(lib_a-__call_atexit.o)
 .debug_line    0x0000000000002b45       0x71 ../m1_nios_bsp/\libhal_bsp.a(alt_exit.o)

.debug_frame    0x0000000000000000      0xb34
 *(.debug_frame)
 .debug_frame   0x0000000000000000       0x2c obj/default/SPI_controller.o
 .debug_frame   0x000000000000002c       0x5c ../m1_nios_bsp/\libhal_bsp.a(alt_load.o)
 .debug_frame   0x0000000000000088       0x2c ../m1_nios_bsp/\libhal_bsp.a(alt_main.o)
 .debug_frame   0x00000000000000b4       0x88 ../m1_nios_bsp/\libhal_bsp.a(alt_sys_init.o)
 .debug_frame   0x000000000000013c       0xb0 ../m1_nios_bsp/\libhal_bsp.a(altera_avalon_jtag_uart_fd.o)
 .debug_frame   0x00000000000001ec       0xa4 ../m1_nios_bsp/\libhal_bsp.a(altera_avalon_jtag_uart_init.o)
 .debug_frame   0x0000000000000290       0x34 ../m1_nios_bsp/\libhal_bsp.a(altera_avalon_jtag_uart_ioctl.o)
 .debug_frame   0x00000000000002c4       0x38 ../m1_nios_bsp/\libhal_bsp.a(altera_avalon_jtag_uart_read.o)
 .debug_frame   0x00000000000002fc       0x38 ../m1_nios_bsp/\libhal_bsp.a(altera_avalon_jtag_uart_write.o)
 .debug_frame   0x0000000000000334       0x34 ../m1_nios_bsp/\libhal_bsp.a(altera_avalon_spi.o)
 .debug_frame   0x0000000000000368       0x60 ../m1_nios_bsp/\libhal_bsp.a(altera_avalon_timer_sc.o)
 .debug_frame   0x00000000000003c8       0x34 ../m1_nios_bsp/\libhal_bsp.a(alt_alarm_start.o)
 .debug_frame   0x00000000000003fc       0x60 ../m1_nios_bsp/\libhal_bsp.a(alt_close.o)
 .debug_frame   0x000000000000045c       0x34 ../m1_nios_bsp/\libhal_bsp.a(alt_dcache_flush_all.o)
 .debug_frame   0x0000000000000490       0x34 ../m1_nios_bsp/\libhal_bsp.a(alt_dev.o)
 .debug_frame   0x00000000000004c4       0x60 ../m1_nios_bsp/\libhal_bsp.a(alt_dev_llist_insert.o)
 .debug_frame   0x0000000000000524       0x38 ../m1_nios_bsp/\libhal_bsp.a(alt_do_ctors.o)
 .debug_frame   0x000000000000055c       0x38 ../m1_nios_bsp/\libhal_bsp.a(alt_do_dtors.o)
 .debug_frame   0x0000000000000594       0x38 ../m1_nios_bsp/\libhal_bsp.a(alt_icache_flush_all.o)
 .debug_frame   0x00000000000005cc       0xa4 ../m1_nios_bsp/\libhal_bsp.a(alt_iic.o)
 .debug_frame   0x0000000000000670       0x38 ../m1_nios_bsp/\libhal_bsp.a(alt_iic_isr_register.o)
 .debug_frame   0x00000000000006a8       0x60 ../m1_nios_bsp/\libhal_bsp.a(alt_io_redirect.o)
 .debug_frame   0x0000000000000708       0x38 ../m1_nios_bsp/\libhal_bsp.a(alt_irq_handler.o)
 .debug_frame   0x0000000000000740       0x84 ../m1_nios_bsp/\libhal_bsp.a(alt_open.o)
 .debug_frame   0x00000000000007c4       0x34 ../m1_nios_bsp/\libhal_bsp.a(alt_release_fd.o)
 .debug_frame   0x00000000000007f8       0x5c ../m1_nios_bsp/\libhal_bsp.a(alt_tick.o)
 .debug_frame   0x0000000000000854       0x34 ../m1_nios_bsp/\libhal_bsp.a(altera_nios2_gen2_irq.o)
 .debug_frame   0x0000000000000888       0x38 ../m1_nios_bsp/\libhal_bsp.a(alt_find_dev.o)
 .debug_frame   0x00000000000008c0       0x38 ../m1_nios_bsp/\libhal_bsp.a(alt_find_file.o)
 .debug_frame   0x00000000000008f8       0x34 ../m1_nios_bsp/\libhal_bsp.a(alt_get_fd.o)
 .debug_frame   0x000000000000092c       0x34 ../m1_nios_bsp/\libhal_bsp.a(alt_icache_flush.o)
 .debug_frame   0x0000000000000960       0x5c ../m1_nios_bsp/\libhal_bsp.a(alt_instruction_exception_entry.o)
 .debug_frame   0x00000000000009bc       0x20 c:/intelfpga_lite/18.1/nios2eds/bin/gnu/h-x86_64-mingw32/bin/../lib/gcc/nios2-elf/5.3.0/../../../../../H-x86_64-mingw32/nios2-elf/lib\libc.a(lib_a-atexit.o)
 .debug_frame   0x00000000000009dc       0x28 c:/intelfpga_lite/18.1/nios2eds/bin/gnu/h-x86_64-mingw32/bin/../lib/gcc/nios2-elf/5.3.0/../../../../../H-x86_64-mingw32/nios2-elf/lib\libc.a(lib_a-exit.o)
 .debug_frame   0x0000000000000a04       0x20 c:/intelfpga_lite/18.1/nios2eds/bin/gnu/h-x86_64-mingw32/bin/../lib/gcc/nios2-elf/5.3.0/../../../../../H-x86_64-mingw32/nios2-elf/lib\libc.a(lib_a-memcmp.o)
 .debug_frame   0x0000000000000a24       0x38 c:/intelfpga_lite/18.1/nios2eds/bin/gnu/h-x86_64-mingw32/bin/../lib/gcc/nios2-elf/5.3.0/../../../../../H-x86_64-mingw32/nios2-elf/lib\libc.a(lib_a-memcpy.o)
 .debug_frame   0x0000000000000a5c       0x20 c:/intelfpga_lite/18.1/nios2eds/bin/gnu/h-x86_64-mingw32/bin/../lib/gcc/nios2-elf/5.3.0/../../../../../H-x86_64-mingw32/nios2-elf/lib\libc.a(lib_a-strlen.o)
 .debug_frame   0x0000000000000a7c       0x38 c:/intelfpga_lite/18.1/nios2eds/bin/gnu/h-x86_64-mingw32/bin/../lib/gcc/nios2-elf/5.3.0/../../../../../H-x86_64-mingw32/nios2-elf/lib\libc.a(lib_a-__atexit.o)
 .debug_frame   0x0000000000000ab4       0x54 c:/intelfpga_lite/18.1/nios2eds/bin/gnu/h-x86_64-mingw32/bin/../lib/gcc/nios2-elf/5.3.0/../../../../../H-x86_64-mingw32/nios2-elf/lib\libc.a(lib_a-__call_atexit.o)
 .debug_frame   0x0000000000000b08       0x2c ../m1_nios_bsp/\libhal_bsp.a(alt_exit.o)

.debug_str      0x0000000000000000     0x1c0f
 *(.debug_str)
 .debug_str     0x0000000000000000      0x155 obj/default/SPI_controller.o
                                        0x18e (size before relaxing)
 .debug_str     0x0000000000000155      0x158 ../m1_nios_bsp/\libhal_bsp.a(alt_load.o)
                                        0x23c (size before relaxing)
 .debug_str     0x00000000000002ad       0xc6 ../m1_nios_bsp/\libhal_bsp.a(alt_main.o)
                                        0x1b6 (size before relaxing)
 .debug_str     0x0000000000000373      0x1d3 ../m1_nios_bsp/\libhal_bsp.a(alt_sys_init.o)
                                        0x3a9 (size before relaxing)
 .debug_str     0x0000000000000546       0xb2 ../m1_nios_bsp/\libhal_bsp.a(altera_avalon_jtag_uart_fd.o)
                                        0x3bd (size before relaxing)
 .debug_str     0x00000000000005f8       0xd1 ../m1_nios_bsp/\libhal_bsp.a(altera_avalon_jtag_uart_init.o)
                                        0x351 (size before relaxing)
 .debug_str     0x00000000000006c9       0x4a ../m1_nios_bsp/\libhal_bsp.a(altera_avalon_jtag_uart_ioctl.o)
                                        0x2ac (size before relaxing)
 .debug_str     0x0000000000000713       0x7f ../m1_nios_bsp/\libhal_bsp.a(altera_avalon_jtag_uart_read.o)
                                        0x301 (size before relaxing)
 .debug_str     0x0000000000000792       0x4a ../m1_nios_bsp/\libhal_bsp.a(altera_avalon_jtag_uart_write.o)
                                        0x302 (size before relaxing)
 .debug_str     0x00000000000007dc       0xb3 ../m1_nios_bsp/\libhal_bsp.a(altera_avalon_spi.o)
                                        0x20a (size before relaxing)
 .debug_str     0x000000000000088f       0x6d ../m1_nios_bsp/\libhal_bsp.a(altera_avalon_timer_sc.o)
                                        0x264 (size before relaxing)
 .debug_str     0x00000000000008fc       0x59 ../m1_nios_bsp/\libhal_bsp.a(alt_alarm_start.o)
                                        0x297 (size before relaxing)
 .debug_str     0x0000000000000955       0x44 ../m1_nios_bsp/\libhal_bsp.a(alt_close.o)
                                        0x224 (size before relaxing)
 .debug_str     0x0000000000000999       0x34 ../m1_nios_bsp/\libhal_bsp.a(alt_dcache_flush_all.o)
                                        0x16e (size before relaxing)
 .debug_str     0x00000000000009cd      0x119 ../m1_nios_bsp/\libhal_bsp.a(alt_dev.o)
                                        0x31e (size before relaxing)
 .debug_str     0x0000000000000ae6       0x34 ../m1_nios_bsp/\libhal_bsp.a(alt_dev_llist_insert.o)
                                        0x1f6 (size before relaxing)
 .debug_str     0x0000000000000b1a       0x48 ../m1_nios_bsp/\libhal_bsp.a(alt_do_ctors.o)
                                         0xfa (size before relaxing)
 .debug_str     0x0000000000000b62       0x4c ../m1_nios_bsp/\libhal_bsp.a(alt_do_dtors.o)
                                         0xf9 (size before relaxing)
 .debug_str     0x0000000000000bae       0x14 ../m1_nios_bsp/\libhal_bsp.a(alt_errno.o)
                                        0x16f (size before relaxing)
 .debug_str     0x0000000000000bc2       0x34 ../m1_nios_bsp/\libhal_bsp.a(alt_icache_flush_all.o)
                                        0x16e (size before relaxing)
 .debug_str     0x0000000000000bf6       0xbd ../m1_nios_bsp/\libhal_bsp.a(alt_iic.o)
                                        0x257 (size before relaxing)
 .debug_str     0x0000000000000cb3       0x4c ../m1_nios_bsp/\libhal_bsp.a(alt_iic_isr_register.o)
                                        0x201 (size before relaxing)
 .debug_str     0x0000000000000cff       0x56 ../m1_nios_bsp/\libhal_bsp.a(alt_io_redirect.o)
                                        0x32f (size before relaxing)
 .debug_str     0x0000000000000d55       0x3a ../m1_nios_bsp/\libhal_bsp.a(alt_irq_handler.o)
                                        0x1b0 (size before relaxing)
 .debug_str     0x0000000000000d8f       0x17 ../m1_nios_bsp/\libhal_bsp.a(alt_irq_vars.o)
                                        0x153 (size before relaxing)
 .debug_str     0x0000000000000da6       0x2f ../m1_nios_bsp/\libhal_bsp.a(alt_open.o)
                                        0x264 (size before relaxing)
 .debug_str     0x0000000000000dd5       0x28 ../m1_nios_bsp/\libhal_bsp.a(alt_release_fd.o)
                                        0x1ec (size before relaxing)
 .debug_str     0x0000000000000dfd       0x4a ../m1_nios_bsp/\libhal_bsp.a(alt_tick.o)
                                        0x26b (size before relaxing)
 .debug_str     0x0000000000000e47       0x3b ../m1_nios_bsp/\libhal_bsp.a(altera_nios2_gen2_irq.o)
                                        0x175 (size before relaxing)
 .debug_str     0x0000000000000e82       0x24 ../m1_nios_bsp/\libhal_bsp.a(alt_find_dev.o)
                                        0x205 (size before relaxing)
 .debug_str     0x0000000000000ea6       0x26 ../m1_nios_bsp/\libhal_bsp.a(alt_find_file.o)
                                        0x213 (size before relaxing)
 .debug_str     0x0000000000000ecc       0x30 ../m1_nios_bsp/\libhal_bsp.a(alt_get_fd.o)
                                        0x235 (size before relaxing)
 .debug_str     0x0000000000000efc       0x2c ../m1_nios_bsp/\libhal_bsp.a(alt_icache_flush.o)
                                        0x174 (size before relaxing)
 .debug_str     0x0000000000000f28      0x48b ../m1_nios_bsp/\libhal_bsp.a(alt_instruction_exception_entry.o)
                                        0x5b9 (size before relaxing)
 .debug_str     0x00000000000013b3      0x162 c:/intelfpga_lite/18.1/nios2eds/bin/gnu/h-x86_64-mingw32/bin/../lib/gcc/nios2-elf/5.3.0/../../../../../H-x86_64-mingw32/nios2-elf/lib\libc.a(lib_a-atexit.o)
                                        0x207 (size before relaxing)
 .debug_str     0x0000000000001515      0x3ac c:/intelfpga_lite/18.1/nios2eds/bin/gnu/h-x86_64-mingw32/bin/../lib/gcc/nios2-elf/5.3.0/../../../../../H-x86_64-mingw32/nios2-elf/lib\libc.a(lib_a-exit.o)
                                        0x5a4 (size before relaxing)
 .debug_str     0x00000000000018c1       0xc8 c:/intelfpga_lite/18.1/nios2eds/bin/gnu/h-x86_64-mingw32/bin/../lib/gcc/nios2-elf/5.3.0/../../../../../H-x86_64-mingw32/nios2-elf/lib\libc.a(lib_a-impure.o)
                                        0x59b (size before relaxing)
 .debug_str     0x0000000000001989       0x3c c:/intelfpga_lite/18.1/nios2eds/bin/gnu/h-x86_64-mingw32/bin/../lib/gcc/nios2-elf/5.3.0/../../../../../H-x86_64-mingw32/nios2-elf/lib\libc.a(lib_a-int_errno.o)
                                        0x1c3 (size before relaxing)
 .debug_str     0x00000000000019c5       0xcc c:/intelfpga_lite/18.1/nios2eds/bin/gnu/h-x86_64-mingw32/bin/../lib/gcc/nios2-elf/5.3.0/../../../../../H-x86_64-mingw32/nios2-elf/lib\libc.a(lib_a-memcmp.o)
                                        0x1ca (size before relaxing)
 .debug_str     0x0000000000001a91       0x68 c:/intelfpga_lite/18.1/nios2eds/bin/gnu/h-x86_64-mingw32/bin/../lib/gcc/nios2-elf/5.3.0/../../../../../H-x86_64-mingw32/nios2-elf/lib\libc.a(lib_a-memcpy.o)
                                        0x1f1 (size before relaxing)
 .debug_str     0x0000000000001af9       0x4e c:/intelfpga_lite/18.1/nios2eds/bin/gnu/h-x86_64-mingw32/bin/../lib/gcc/nios2-elf/5.3.0/../../../../../H-x86_64-mingw32/nios2-elf/lib\libc.a(lib_a-strlen.o)
                                        0x1dd (size before relaxing)
 .debug_str     0x0000000000001b47       0x3c c:/intelfpga_lite/18.1/nios2eds/bin/gnu/h-x86_64-mingw32/bin/../lib/gcc/nios2-elf/5.3.0/../../../../../H-x86_64-mingw32/nios2-elf/lib\libc.a(lib_a-__atexit.o)
                                        0x5dc (size before relaxing)
 .debug_str     0x0000000000001b83       0x62 c:/intelfpga_lite/18.1/nios2eds/bin/gnu/h-x86_64-mingw32/bin/../lib/gcc/nios2-elf/5.3.0/../../../../../H-x86_64-mingw32/nios2-elf/lib\libc.a(lib_a-__call_atexit.o)
                                        0x5c8 (size before relaxing)
 .debug_str     0x0000000000001be5       0x2a ../m1_nios_bsp/\libhal_bsp.a(alt_exit.o)
                                        0x16a (size before relaxing)

.debug_loc      0x0000000000000000      0x770
 *(.debug_loc)
 .debug_loc     0x0000000000000000       0x2c c:/intelfpga_lite/18.1/nios2eds/bin/gnu/h-x86_64-mingw32/bin/../lib/gcc/nios2-elf/5.3.0/../../../../../H-x86_64-mingw32/nios2-elf/lib\libc.a(lib_a-atexit.o)
 .debug_loc     0x000000000000002c       0x1e c:/intelfpga_lite/18.1/nios2eds/bin/gnu/h-x86_64-mingw32/bin/../lib/gcc/nios2-elf/5.3.0/../../../../../H-x86_64-mingw32/nios2-elf/lib\libc.a(lib_a-exit.o)
 .debug_loc     0x000000000000004a      0x126 c:/intelfpga_lite/18.1/nios2eds/bin/gnu/h-x86_64-mingw32/bin/../lib/gcc/nios2-elf/5.3.0/../../../../../H-x86_64-mingw32/nios2-elf/lib\libc.a(lib_a-memcmp.o)
 .debug_loc     0x0000000000000170      0x266 c:/intelfpga_lite/18.1/nios2eds/bin/gnu/h-x86_64-mingw32/bin/../lib/gcc/nios2-elf/5.3.0/../../../../../H-x86_64-mingw32/nios2-elf/lib\libc.a(lib_a-memcpy.o)
 .debug_loc     0x00000000000003d6       0x47 c:/intelfpga_lite/18.1/nios2eds/bin/gnu/h-x86_64-mingw32/bin/../lib/gcc/nios2-elf/5.3.0/../../../../../H-x86_64-mingw32/nios2-elf/lib\libc.a(lib_a-strlen.o)
 .debug_loc     0x000000000000041d      0x185 c:/intelfpga_lite/18.1/nios2eds/bin/gnu/h-x86_64-mingw32/bin/../lib/gcc/nios2-elf/5.3.0/../../../../../H-x86_64-mingw32/nios2-elf/lib\libc.a(lib_a-__atexit.o)
 .debug_loc     0x00000000000005a2      0x1ce c:/intelfpga_lite/18.1/nios2eds/bin/gnu/h-x86_64-mingw32/bin/../lib/gcc/nios2-elf/5.3.0/../../../../../H-x86_64-mingw32/nios2-elf/lib\libc.a(lib_a-__call_atexit.o)

.debug_macinfo
 *(.debug_macinfo)

.debug_weaknames
 *(.debug_weaknames)

.debug_funcnames
 *(.debug_funcnames)

.debug_typenames
 *(.debug_typenames)

.debug_varnames
 *(.debug_varnames)

.debug_alt_sim_info
                0x0000000000000000       0x30
 *(.debug_alt_sim_info)
 .debug_alt_sim_info
                0x0000000000000000       0x30 ../m1_nios_bsp//obj/HAL/src/crt0.o
                0x0000000004000000                __alt_data_end = 0x4000000
                0x0000000004000000                PROVIDE (__alt_stack_pointer, __alt_data_end)
                [!provide]                        PROVIDE (__alt_stack_limit, __alt_stack_base)
                [!provide]                        PROVIDE (__alt_heap_start, end)
                [!provide]                        PROVIDE (__alt_heap_limit, 0x4000000)
OUTPUT(m1_nios.elf elf32-littlenios2)

.debug_ranges   0x0000000000000000      0x178
 .debug_ranges  0x0000000000000000       0x20 ../m1_nios_bsp//obj/HAL/src/crt0.o
 .debug_ranges  0x0000000000000020       0x30 ../m1_nios_bsp/\libhal_bsp.a(altera_avalon_jtag_uart_init.o)
 .debug_ranges  0x0000000000000050       0x18 ../m1_nios_bsp/\libhal_bsp.a(altera_avalon_jtag_uart_read.o)
 .debug_ranges  0x0000000000000068       0x28 ../m1_nios_bsp/\libhal_bsp.a(alt_irq_entry.o)
 .debug_ranges  0x0000000000000090       0x10 ../m1_nios_bsp/\libhal_bsp.a(alt_irq_handler.o)
 .debug_ranges  0x00000000000000a0       0x30 ../m1_nios_bsp/\libhal_bsp.a(alt_exception_entry.o)
 .debug_ranges  0x00000000000000d0       0x18 ../m1_nios_bsp/\libhal_bsp.a(alt_instruction_exception_entry.o)
 .debug_ranges  0x00000000000000e8       0x10 c:/intelfpga_lite/18.1/nios2eds/bin/gnu/h-x86_64-mingw32/bin/../lib/gcc/nios2-elf/5.3.0/../../../../../H-x86_64-mingw32/nios2-elf/lib\libc.a(lib_a-atexit.o)
 .debug_ranges  0x00000000000000f8       0x10 c:/intelfpga_lite/18.1/nios2eds/bin/gnu/h-x86_64-mingw32/bin/../lib/gcc/nios2-elf/5.3.0/../../../../../H-x86_64-mingw32/nios2-elf/lib\libc.a(lib_a-exit.o)
 .debug_ranges  0x0000000000000108       0x10 c:/intelfpga_lite/18.1/nios2eds/bin/gnu/h-x86_64-mingw32/bin/../lib/gcc/nios2-elf/5.3.0/../../../../../H-x86_64-mingw32/nios2-elf/lib\libc.a(lib_a-memcmp.o)
 .debug_ranges  0x0000000000000118       0x10 c:/intelfpga_lite/18.1/nios2eds/bin/gnu/h-x86_64-mingw32/bin/../lib/gcc/nios2-elf/5.3.0/../../../../../H-x86_64-mingw32/nios2-elf/lib\libc.a(lib_a-memcpy.o)
 .debug_ranges  0x0000000000000128       0x10 c:/intelfpga_lite/18.1/nios2eds/bin/gnu/h-x86_64-mingw32/bin/../lib/gcc/nios2-elf/5.3.0/../../../../../H-x86_64-mingw32/nios2-elf/lib\libc.a(lib_a-strlen.o)
 .debug_ranges  0x0000000000000138       0x10 c:/intelfpga_lite/18.1/nios2eds/bin/gnu/h-x86_64-mingw32/bin/../lib/gcc/nios2-elf/5.3.0/../../../../../H-x86_64-mingw32/nios2-elf/lib\libc.a(lib_a-__atexit.o)
 .debug_ranges  0x0000000000000148       0x30 c:/intelfpga_lite/18.1/nios2eds/bin/gnu/h-x86_64-mingw32/bin/../lib/gcc/nios2-elf/5.3.0/../../../../../H-x86_64-mingw32/nios2-elf/lib\libc.a(lib_a-__call_atexit.o)
