Archive member included to satisfy reference by file (symbol)

../m1_nios_bsp/\libhal_bsp.a(alt_load.o)
                              ../m1_nios_bsp//obj/HAL/src/crt0.o (alt_load)
../m1_nios_bsp/\libhal_bsp.a(alt_main.o)
                              ../m1_nios_bsp//obj/HAL/src/crt0.o (alt_main)
../m1_nios_bsp/\libhal_bsp.a(alt_sys_init.o)
                              ../m1_nios_bsp/\libhal_bsp.a(alt_main.o) (alt_irq_init)
../m1_nios_bsp/\libhal_bsp.a(altera_avalon_jtag_uart_fd.o)
                              ../m1_nios_bsp/\libhal_bsp.a(alt_sys_init.o) (altera_avalon_jtag_uart_read_fd)
../m1_nios_bsp/\libhal_bsp.a(altera_avalon_jtag_uart_init.o)
                              ../m1_nios_bsp/\libhal_bsp.a(alt_sys_init.o) (altera_avalon_jtag_uart_init)
../m1_nios_bsp/\libhal_bsp.a(altera_avalon_jtag_uart_ioctl.o)
                              ../m1_nios_bsp/\libhal_bsp.a(altera_avalon_jtag_uart_fd.o) (altera_avalon_jtag_uart_ioctl)
../m1_nios_bsp/\libhal_bsp.a(altera_avalon_jtag_uart_read.o)
                              ../m1_nios_bsp/\libhal_bsp.a(altera_avalon_jtag_uart_fd.o) (altera_avalon_jtag_uart_read)
../m1_nios_bsp/\libhal_bsp.a(altera_avalon_jtag_uart_write.o)
                              ../m1_nios_bsp/\libhal_bsp.a(altera_avalon_jtag_uart_fd.o) (altera_avalon_jtag_uart_write)
../m1_nios_bsp/\libhal_bsp.a(altera_avalon_spi.o)
                              obj/default/SPI_controller.o (alt_avalon_spi_command)
../m1_nios_bsp/\libhal_bsp.a(altera_avalon_timer_sc.o)
                              ../m1_nios_bsp/\libhal_bsp.a(alt_sys_init.o) (alt_avalon_timer_sc_init)
../m1_nios_bsp/\libhal_bsp.a(alt_alarm_start.o)
                              ../m1_nios_bsp/\libhal_bsp.a(altera_avalon_jtag_uart_init.o) (alt_alarm_start)
../m1_nios_bsp/\libhal_bsp.a(alt_close.o)
                              ../m1_nios_bsp/\libhal_bsp.a(alt_main.o) (close)
../m1_nios_bsp/\libhal_bsp.a(alt_dcache_flush_all.o)
                              ../m1_nios_bsp/\libhal_bsp.a(alt_load.o) (alt_dcache_flush_all)
../m1_nios_bsp/\libhal_bsp.a(alt_dev.o)
                              ../m1_nios_bsp/\libhal_bsp.a(alt_sys_init.o) (alt_dev_list)
../m1_nios_bsp/\libhal_bsp.a(alt_dev_llist_insert.o)
                              ../m1_nios_bsp/\libhal_bsp.a(alt_sys_init.o) (alt_dev_llist_insert)
../m1_nios_bsp/\libhal_bsp.a(alt_do_ctors.o)
                              ../m1_nios_bsp/\libhal_bsp.a(alt_main.o) (_do_ctors)
../m1_nios_bsp/\libhal_bsp.a(alt_do_dtors.o)
                              ../m1_nios_bsp/\libhal_bsp.a(alt_main.o) (_do_dtors)
../m1_nios_bsp/\libhal_bsp.a(alt_errno.o)
                              ../m1_nios_bsp/\libhal_bsp.a(alt_close.o) (alt_errno)
../m1_nios_bsp/\libhal_bsp.a(alt_icache_flush_all.o)
                              ../m1_nios_bsp/\libhal_bsp.a(alt_load.o) (alt_icache_flush_all)
../m1_nios_bsp/\libhal_bsp.a(alt_iic.o)
                              ../m1_nios_bsp/\libhal_bsp.a(altera_avalon_jtag_uart_init.o) (alt_ic_isr_register)
../m1_nios_bsp/\libhal_bsp.a(alt_iic_isr_register.o)
                              ../m1_nios_bsp/\libhal_bsp.a(alt_iic.o) (alt_iic_isr_register)
../m1_nios_bsp/\libhal_bsp.a(alt_io_redirect.o)
                              ../m1_nios_bsp/\libhal_bsp.a(alt_main.o) (alt_io_redirect)
../m1_nios_bsp/\libhal_bsp.a(alt_irq_entry.o)
                              ../m1_nios_bsp/\libhal_bsp.a(alt_iic_isr_register.o) (alt_irq_entry)
../m1_nios_bsp/\libhal_bsp.a(alt_irq_handler.o)
                              ../m1_nios_bsp/\libhal_bsp.a(alt_iic_isr_register.o) (alt_irq)
../m1_nios_bsp/\libhal_bsp.a(alt_irq_vars.o)
                              ../m1_nios_bsp/\libhal_bsp.a(alt_iic.o) (alt_irq_active)
../m1_nios_bsp/\libhal_bsp.a(alt_open.o)
                              ../m1_nios_bsp/\libhal_bsp.a(alt_io_redirect.o) (open)
../m1_nios_bsp/\libhal_bsp.a(alt_release_fd.o)
                              ../m1_nios_bsp/\libhal_bsp.a(alt_close.o) (alt_release_fd)
../m1_nios_bsp/\libhal_bsp.a(alt_tick.o)
                              ../m1_nios_bsp/\libhal_bsp.a(altera_avalon_jtag_uart_init.o) (_alt_tick_rate)
../m1_nios_bsp/\libhal_bsp.a(altera_nios2_gen2_irq.o)
                              ../m1_nios_bsp/\libhal_bsp.a(alt_sys_init.o) (altera_nios2_gen2_irq_init)
../m1_nios_bsp/\libhal_bsp.a(alt_exception_entry.o)
                              ../m1_nios_bsp/\libhal_bsp.a(alt_irq_entry.o) (alt_exception)
../m1_nios_bsp/\libhal_bsp.a(alt_find_dev.o)
                              ../m1_nios_bsp/\libhal_bsp.a(alt_open.o) (alt_find_dev)
../m1_nios_bsp/\libhal_bsp.a(alt_find_file.o)
                              ../m1_nios_bsp/\libhal_bsp.a(alt_open.o) (alt_find_file)
../m1_nios_bsp/\libhal_bsp.a(alt_get_fd.o)
                              ../m1_nios_bsp/\libhal_bsp.a(alt_open.o) (alt_get_fd)
../m1_nios_bsp/\libhal_bsp.a(alt_icache_flush.o)
                              ../m1_nios_bsp/\libhal_bsp.a(alt_icache_flush_all.o) (alt_icache_flush)
../m1_nios_bsp/\libhal_bsp.a(alt_instruction_exception_entry.o)
                              ../m1_nios_bsp/\libhal_bsp.a(alt_exception_entry.o) (alt_instruction_exception_entry)
c:/intelfpga_lite/18.1/nios2eds/bin/gnu/h-x86_64-mingw32/bin/../lib/gcc/nios2-elf/5.3.0/../../../../../H-x86_64-mingw32/nios2-elf/lib\libc.a(lib_a-atexit.o)
                              ../m1_nios_bsp/\libhal_bsp.a(alt_main.o) (atexit)
c:/intelfpga_lite/18.1/nios2eds/bin/gnu/h-x86_64-mingw32/bin/../lib/gcc/nios2-elf/5.3.0/../../../../../H-x86_64-mingw32/nios2-elf/lib\libc.a(lib_a-exit.o)
                              ../m1_nios_bsp/\libhal_bsp.a(alt_main.o) (exit)
c:/intelfpga_lite/18.1/nios2eds/bin/gnu/h-x86_64-mingw32/bin/../lib/gcc/nios2-elf/5.3.0/../../../../../H-x86_64-mingw32/nios2-elf/lib\libc.a(lib_a-impure.o)
                              c:/intelfpga_lite/18.1/nios2eds/bin/gnu/h-x86_64-mingw32/bin/../lib/gcc/nios2-elf/5.3.0/../../../../../H-x86_64-mingw32/nios2-elf/lib\libc.a(lib_a-exit.o) (_global_impure_ptr)
c:/intelfpga_lite/18.1/nios2eds/bin/gnu/h-x86_64-mingw32/bin/../lib/gcc/nios2-elf/5.3.0/../../../../../H-x86_64-mingw32/nios2-elf/lib\libc.a(lib_a-int_errno.o)
                              ../m1_nios_bsp/\libhal_bsp.a(alt_close.o) (errno)
c:/intelfpga_lite/18.1/nios2eds/bin/gnu/h-x86_64-mingw32/bin/../lib/gcc/nios2-elf/5.3.0/../../../../../H-x86_64-mingw32/nios2-elf/lib\libc.a(lib_a-memcmp.o)
                              ../m1_nios_bsp/\libhal_bsp.a(alt_find_dev.o) (memcmp)
c:/intelfpga_lite/18.1/nios2eds/bin/gnu/h-x86_64-mingw32/bin/../lib/gcc/nios2-elf/5.3.0/../../../../../H-x86_64-mingw32/nios2-elf/lib\libc.a(lib_a-memcpy.o)
                              ../m1_nios_bsp/\libhal_bsp.a(altera_avalon_jtag_uart_read.o) (memcpy)
c:/intelfpga_lite/18.1/nios2eds/bin/gnu/h-x86_64-mingw32/bin/../lib/gcc/nios2-elf/5.3.0/../../../../../H-x86_64-mingw32/nios2-elf/lib\libc.a(lib_a-strlen.o)
                              ../m1_nios_bsp/\libhal_bsp.a(alt_find_dev.o) (strlen)
c:/intelfpga_lite/18.1/nios2eds/bin/gnu/h-x86_64-mingw32/bin/../lib/gcc/nios2-elf/5.3.0/../../../../../H-x86_64-mingw32/nios2-elf/lib\libc.a(lib_a-__atexit.o)
                              c:/intelfpga_lite/18.1/nios2eds/bin/gnu/h-x86_64-mingw32/bin/../lib/gcc/nios2-elf/5.3.0/../../../../../H-x86_64-mingw32/nios2-elf/lib\libc.a(lib_a-atexit.o) (__register_exitproc)
c:/intelfpga_lite/18.1/nios2eds/bin/gnu/h-x86_64-mingw32/bin/../lib/gcc/nios2-elf/5.3.0/../../../../../H-x86_64-mingw32/nios2-elf/lib\libc.a(lib_a-__call_atexit.o)
                              c:/intelfpga_lite/18.1/nios2eds/bin/gnu/h-x86_64-mingw32/bin/../lib/gcc/nios2-elf/5.3.0/../../../../../H-x86_64-mingw32/nios2-elf/lib\libc.a(lib_a-exit.o) (__call_exitprocs)
../m1_nios_bsp/\libhal_bsp.a(alt_exit.o)
                              c:/intelfpga_lite/18.1/nios2eds/bin/gnu/h-x86_64-mingw32/bin/../lib/gcc/nios2-elf/5.3.0/../../../../../H-x86_64-mingw32/nios2-elf/lib\libc.a(lib_a-exit.o) (_exit)

Allocating common symbols
Common symbol       size              file

alt_irq             0x100             ../m1_nios_bsp/\libhal_bsp.a(alt_irq_handler.o)
errno               0x4               c:/intelfpga_lite/18.1/nios2eds/bin/gnu/h-x86_64-mingw32/bin/../lib/gcc/nios2-elf/5.3.0/../../../../../H-x86_64-mingw32/nios2-elf/lib\libc.a(lib_a-int_errno.o)

Memory Configuration

Name             Origin             Length             Attributes
new_sdram_controller_0 0x0000000000000000 0x0000000004000000
reset            0x0000000004020000 0x0000000000000020
onchip_memory2_0 0x0000000004020020 0x0000000000018680
*default*        0x0000000000000000 0xffffffffffffffff

Linker script and memory map

LOAD ../m1_nios_bsp//obj/HAL/src/crt0.o
LOAD obj/default/SPI_controller.o
LOAD c:/intelfpga_lite/18.1/nios2eds/bin/gnu/h-x86_64-mingw32/bin/../lib/gcc/nios2-elf/5.3.0/../../../../../H-x86_64-mingw32/nios2-elf/lib\libstdc++.a
LOAD c:/intelfpga_lite/18.1/nios2eds/bin/gnu/h-x86_64-mingw32/bin/../lib/gcc/nios2-elf/5.3.0/../../../../../H-x86_64-mingw32/nios2-elf/lib\libm.a
LOAD c:/intelfpga_lite/18.1/nios2eds/bin/gnu/h-x86_64-mingw32/bin/../lib/gcc/nios2-elf/5.3.0\libgcc.a
START GROUP
LOAD c:/intelfpga_lite/18.1/nios2eds/bin/gnu/h-x86_64-mingw32/bin/../lib/gcc/nios2-elf/5.3.0/../../../../../H-x86_64-mingw32/nios2-elf/lib\libc.a
LOAD c:/intelfpga_lite/18.1/nios2eds/bin/gnu/h-x86_64-mingw32/bin/../lib/gcc/nios2-elf/5.3.0\libgcc.a
LOAD ../m1_nios_bsp/\libhal_bsp.a
LOAD c:/intelfpga_lite/18.1/nios2eds/bin/gnu/h-x86_64-mingw32/bin/../lib/gcc/nios2-elf/5.3.0/../../../../../H-x86_64-mingw32/nios2-elf/lib\libm.a
END GROUP
LOAD c:/intelfpga_lite/18.1/nios2eds/bin/gnu/h-x86_64-mingw32/bin/../lib/gcc/nios2-elf/5.3.0\libgcc.a
                0x0000000000000000                __alt_mem_new_sdram_controller_0 = 0x0
                0x0000000004020000                __alt_mem_onchip_memory2_0 = 0x4020000

.entry          0x0000000004020000       0x20
 *(.entry)
 .entry         0x0000000004020000       0x20 ../m1_nios_bsp//obj/HAL/src/crt0.o
                0x0000000004020000                __reset

.exceptions     0x0000000004020020      0x224
                0x0000000004020020                PROVIDE (__ram_exceptions_start, ABSOLUTE (.))
                0x0000000004020020                . = ALIGN (0x20)
 *(.irq)
 *(.exceptions.entry.label)
 .exceptions.entry.label
                0x0000000004020020        0x0 ../m1_nios_bsp/\libhal_bsp.a(alt_irq_entry.o)
                0x0000000004020020                alt_irq_entry
 .exceptions.entry.label
                0x0000000004020020        0x0 ../m1_nios_bsp/\libhal_bsp.a(alt_exception_entry.o)
                0x0000000004020020                alt_exception
 *(.exceptions.entry.user)
 *(.exceptions.entry.ecc_fatal)
 *(.exceptions.entry)
 .exceptions.entry
                0x0000000004020020       0x54 ../m1_nios_bsp/\libhal_bsp.a(alt_exception_entry.o)
 *(.exceptions.irqtest.user)
 *(.exceptions.irqtest)
 .exceptions.irqtest
                0x0000000004020074       0x10 ../m1_nios_bsp/\libhal_bsp.a(alt_irq_entry.o)
 *(.exceptions.irqhandler.user)
 *(.exceptions.irqhandler)
 .exceptions.irqhandler
                0x0000000004020084        0x4 ../m1_nios_bsp/\libhal_bsp.a(alt_irq_entry.o)
 *(.exceptions.irqreturn.user)
 *(.exceptions.irqreturn)
 .exceptions.irqreturn
                0x0000000004020088        0x4 ../m1_nios_bsp/\libhal_bsp.a(alt_irq_entry.o)
 *(.exceptions.notirq.label)
 .exceptions.notirq.label
                0x000000000402008c        0x0 ../m1_nios_bsp/\libhal_bsp.a(alt_irq_entry.o)
 *(.exceptions.notirq.user)
 *(.exceptions.notirq)
 .exceptions.notirq
                0x000000000402008c        0x8 ../m1_nios_bsp/\libhal_bsp.a(alt_exception_entry.o)
 *(.exceptions.soft.user)
 *(.exceptions.soft)
 *(.exceptions.unknown.user)
 *(.exceptions.unknown)
 .exceptions.unknown
                0x0000000004020094       0x14 ../m1_nios_bsp/\libhal_bsp.a(alt_exception_entry.o)
 *(.exceptions.exit.label)
 .exceptions.exit.label
                0x00000000040200a8        0x0 ../m1_nios_bsp/\libhal_bsp.a(alt_irq_entry.o)
 .exceptions.exit.label
                0x00000000040200a8        0x0 ../m1_nios_bsp/\libhal_bsp.a(alt_exception_entry.o)
 *(.exceptions.exit.user)
 *(.exceptions.exit)
 .exceptions.exit
                0x00000000040200a8       0x54 ../m1_nios_bsp/\libhal_bsp.a(alt_exception_entry.o)
 *(.exceptions)
 .exceptions    0x00000000040200fc       0xd4 ../m1_nios_bsp/\libhal_bsp.a(alt_irq_handler.o)
                0x00000000040200fc                alt_irq_handler
 .exceptions    0x00000000040201d0       0x74 ../m1_nios_bsp/\libhal_bsp.a(alt_instruction_exception_entry.o)
                0x00000000040201d0                alt_instruction_exception_entry
                0x0000000004020244                PROVIDE (__ram_exceptions_end, ABSOLUTE (.))
                0x0000000004020020                PROVIDE (__flash_exceptions_start, LOADADDR (.exceptions))

.text           0x0000000004020244     0x271c
                [!provide]                        PROVIDE (stext, ABSOLUTE (.))
 *(.interp)
 *(.hash)
 *(.dynsym)
 *(.dynstr)
 *(.gnu.version)
 *(.gnu.version_d)
 *(.gnu.version_r)
 *(.rel.init)
 *(.rela.init)
 *(.rel.text .rel.text.* .rel.gnu.linkonce.t.*)
 *(.rela.text .rela.text.* .rela.gnu.linkonce.t.*)
 *(.rel.fini)
 *(.rela.fini)
 *(.rel.rodata .rel.rodata.* .rel.gnu.linkonce.r.*)
 *(.rela.rodata .rela.rodata.* .rela.gnu.linkonce.r.*)
 *(.rel.data .rel.data.* .rel.gnu.linkonce.d.*)
 *(.rela.data .rela.data.* .rela.gnu.linkonce.d.*)
 *(.rel.tdata .rel.tdata.* .rel.gnu.linkonce.td.*)
 *(.rela.tdata .rela.tdata.* .rela.gnu.linkonce.td.*)
 *(.rel.tbss .rel.tbss.* .rel.gnu.linkonce.tb.*)
 *(.rela.tbss .rela.tbss.* .rela.gnu.linkonce.tb.*)
 *(.rel.ctors)
 *(.rela.ctors)
 *(.rel.dtors)
 *(.rela.dtors)
 *(.rel.got)
 *(.rela.got)
 *(.rel.sdata .rel.sdata.* .rel.gnu.linkonce.s.*)
 *(.rela.sdata .rela.sdata.* .rela.gnu.linkonce.s.*)
 *(.rel.sbss .rel.sbss.* .rel.gnu.linkonce.sb.*)
 *(.rela.sbss .rela.sbss.* .rela.gnu.linkonce.sb.*)
 *(.rel.sdata2 .rel.sdata2.* .rel.gnu.linkonce.s2.*)
 *(.rela.sdata2 .rela.sdata2.* .rela.gnu.linkonce.s2.*)
 *(.rel.sbss2 .rel.sbss2.* .rel.gnu.linkonce.sb2.*)
 *(.rela.sbss2 .rela.sbss2.* .rela.gnu.linkonce.sb2.*)
 *(.rel.bss .rel.bss.* .rel.gnu.linkonce.b.*)
 *(.rela.bss .rela.bss.* .rela.gnu.linkonce.b.*)
 *(.rel.plt)
 *(.rela.plt)
 *(.rel.dyn)
 *(.init)
 *(.plt)
 *(.text .stub .text.* .gnu.linkonce.t.*)
 .text          0x0000000004020244       0x4c ../m1_nios_bsp//obj/HAL/src/crt0.o
                0x0000000004020244                _start
 .text          0x0000000004020290      0x184 obj/default/SPI_controller.o
                0x0000000004020290                main
 .text          0x0000000004020414       0xec ../m1_nios_bsp/\libhal_bsp.a(alt_load.o)
                0x000000000402047c                alt_load
 .text          0x0000000004020500       0x7c ../m1_nios_bsp/\libhal_bsp.a(alt_main.o)
                0x0000000004020500                alt_main
 .text          0x000000000402057c       0xd0 ../m1_nios_bsp/\libhal_bsp.a(alt_sys_init.o)
                0x00000000040205b0                alt_irq_init
                0x00000000040205e8                alt_sys_init
 .text          0x000000000402064c      0x164 ../m1_nios_bsp/\libhal_bsp.a(altera_avalon_jtag_uart_fd.o)
                0x000000000402064c                altera_avalon_jtag_uart_read_fd
                0x00000000040206ac                altera_avalon_jtag_uart_write_fd
                0x000000000402070c                altera_avalon_jtag_uart_close_fd
                0x000000000402075c                altera_avalon_jtag_uart_ioctl_fd
 .text          0x00000000040207b0      0x3d4 ../m1_nios_bsp/\libhal_bsp.a(altera_avalon_jtag_uart_init.o)
                0x00000000040207b0                altera_avalon_jtag_uart_init
                0x0000000004020b1c                altera_avalon_jtag_uart_close
 .text          0x0000000004020b84       0xf0 ../m1_nios_bsp/\libhal_bsp.a(altera_avalon_jtag_uart_ioctl.o)
                0x0000000004020b84                altera_avalon_jtag_uart_ioctl
 .text          0x0000000004020c74      0x21c ../m1_nios_bsp/\libhal_bsp.a(altera_avalon_jtag_uart_read.o)
                0x0000000004020c74                altera_avalon_jtag_uart_read
 .text          0x0000000004020e90      0x224 ../m1_nios_bsp/\libhal_bsp.a(altera_avalon_jtag_uart_write.o)
                0x0000000004020e90                altera_avalon_jtag_uart_write
 .text          0x00000000040210b4      0x1fc ../m1_nios_bsp/\libhal_bsp.a(altera_avalon_spi.o)
                0x00000000040210b4                alt_avalon_spi_command
 .text          0x00000000040212b0       0xf4 ../m1_nios_bsp/\libhal_bsp.a(altera_avalon_timer_sc.o)
                0x0000000004021328                alt_avalon_timer_sc_init
 .text          0x00000000040213a4      0x12c ../m1_nios_bsp/\libhal_bsp.a(alt_alarm_start.o)
                0x00000000040213a4                alt_alarm_start
 .text          0x00000000040214d0      0x10c ../m1_nios_bsp/\libhal_bsp.a(alt_close.o)
                0x000000000402150c                close
 .text          0x00000000040215dc       0x48 ../m1_nios_bsp/\libhal_bsp.a(alt_dcache_flush_all.o)
                0x00000000040215dc                alt_dcache_flush_all
 .text          0x0000000004021624       0x2c ../m1_nios_bsp/\libhal_bsp.a(alt_dev.o)
 .text          0x0000000004021650       0xe0 ../m1_nios_bsp/\libhal_bsp.a(alt_dev_llist_insert.o)
                0x000000000402168c                alt_dev_llist_insert
 .text          0x0000000004021730       0x60 ../m1_nios_bsp/\libhal_bsp.a(alt_do_ctors.o)
                0x0000000004021730                _do_ctors
 .text          0x0000000004021790       0x60 ../m1_nios_bsp/\libhal_bsp.a(alt_do_dtors.o)
                0x0000000004021790                _do_dtors
 .text          0x00000000040217f0        0x0 ../m1_nios_bsp/\libhal_bsp.a(alt_errno.o)
 .text          0x00000000040217f0       0x34 ../m1_nios_bsp/\libhal_bsp.a(alt_icache_flush_all.o)
                0x00000000040217f0                alt_icache_flush_all
 .text          0x0000000004021824      0x1b0 ../m1_nios_bsp/\libhal_bsp.a(alt_iic.o)
                0x0000000004021824                alt_ic_isr_register
                0x0000000004021874                alt_ic_irq_enable
                0x00000000040218fc                alt_ic_irq_disable
                0x0000000004021988                alt_ic_irq_enabled
 .text          0x00000000040219d4       0xf0 ../m1_nios_bsp/\libhal_bsp.a(alt_iic_isr_register.o)
                0x00000000040219d4                alt_iic_isr_register
 .text          0x0000000004021ac4      0x140 ../m1_nios_bsp/\libhal_bsp.a(alt_io_redirect.o)
                0x0000000004021b88                alt_io_redirect
 .text          0x0000000004021c04        0x0 ../m1_nios_bsp/\libhal_bsp.a(alt_irq_entry.o)
 .text          0x0000000004021c04        0x0 ../m1_nios_bsp/\libhal_bsp.a(alt_irq_handler.o)
 .text          0x0000000004021c04        0x0 ../m1_nios_bsp/\libhal_bsp.a(alt_irq_vars.o)
 .text          0x0000000004021c04      0x254 ../m1_nios_bsp/\libhal_bsp.a(alt_open.o)
                0x0000000004021d04                open
 .text          0x0000000004021e58       0x64 ../m1_nios_bsp/\libhal_bsp.a(alt_release_fd.o)
                0x0000000004021e58                alt_release_fd
 .text          0x0000000004021ebc      0x1a4 ../m1_nios_bsp/\libhal_bsp.a(alt_tick.o)
                0x0000000004021ebc                alt_alarm_stop
                0x0000000004021f58                alt_tick
 .text          0x0000000004022060       0x24 ../m1_nios_bsp/\libhal_bsp.a(altera_nios2_gen2_irq.o)
                0x0000000004022060                altera_nios2_gen2_irq_init
 .text          0x0000000004022084        0x0 ../m1_nios_bsp/\libhal_bsp.a(alt_exception_entry.o)
 .text          0x0000000004022084       0x90 ../m1_nios_bsp/\libhal_bsp.a(alt_find_dev.o)
                0x0000000004022084                alt_find_dev
 .text          0x0000000004022114      0x108 ../m1_nios_bsp/\libhal_bsp.a(alt_find_file.o)
                0x0000000004022114                alt_find_file
 .text          0x000000000402221c       0xa4 ../m1_nios_bsp/\libhal_bsp.a(alt_get_fd.o)
                0x000000000402221c                alt_get_fd
 .text          0x00000000040222c0       0x90 ../m1_nios_bsp/\libhal_bsp.a(alt_icache_flush.o)
                0x00000000040222c0                alt_icache_flush
 .text          0x0000000004022350       0x9c ../m1_nios_bsp/\libhal_bsp.a(alt_instruction_exception_entry.o)
                0x0000000004022350                alt_exception_cause_generated_bad_addr
 .text          0x00000000040223ec        0x0 c:/intelfpga_lite/18.1/nios2eds/bin/gnu/h-x86_64-mingw32/bin/../lib/gcc/nios2-elf/5.3.0/../../../../../H-x86_64-mingw32/nios2-elf/lib\libc.a(lib_a-atexit.o)
 .text.atexit   0x00000000040223ec       0x14 c:/intelfpga_lite/18.1/nios2eds/bin/gnu/h-x86_64-mingw32/bin/../lib/gcc/nios2-elf/5.3.0/../../../../../H-x86_64-mingw32/nios2-elf/lib\libc.a(lib_a-atexit.o)
                0x00000000040223ec                atexit
 .text          0x0000000004022400        0x0 c:/intelfpga_lite/18.1/nios2eds/bin/gnu/h-x86_64-mingw32/bin/../lib/gcc/nios2-elf/5.3.0/../../../../../H-x86_64-mingw32/nios2-elf/lib\libc.a(lib_a-exit.o)
 .text.exit     0x0000000004022400       0x38 c:/intelfpga_lite/18.1/nios2eds/bin/gnu/h-x86_64-mingw32/bin/../lib/gcc/nios2-elf/5.3.0/../../../../../H-x86_64-mingw32/nios2-elf/lib\libc.a(lib_a-exit.o)
                0x0000000004022400                exit
 .text          0x0000000004022438        0x0 c:/intelfpga_lite/18.1/nios2eds/bin/gnu/h-x86_64-mingw32/bin/../lib/gcc/nios2-elf/5.3.0/../../../../../H-x86_64-mingw32/nios2-elf/lib\libc.a(lib_a-impure.o)
 .text          0x0000000004022438        0x0 c:/intelfpga_lite/18.1/nios2eds/bin/gnu/h-x86_64-mingw32/bin/../lib/gcc/nios2-elf/5.3.0/../../../../../H-x86_64-mingw32/nios2-elf/lib\libc.a(lib_a-int_errno.o)
 .text          0x0000000004022438        0x0 c:/intelfpga_lite/18.1/nios2eds/bin/gnu/h-x86_64-mingw32/bin/../lib/gcc/nios2-elf/5.3.0/../../../../../H-x86_64-mingw32/nios2-elf/lib\libc.a(lib_a-memcmp.o)
 .text.memcmp   0x0000000004022438       0x7c c:/intelfpga_lite/18.1/nios2eds/bin/gnu/h-x86_64-mingw32/bin/../lib/gcc/nios2-elf/5.3.0/../../../../../H-x86_64-mingw32/nios2-elf/lib\libc.a(lib_a-memcmp.o)
                0x0000000004022438                memcmp
 .text          0x00000000040224b4        0x0 c:/intelfpga_lite/18.1/nios2eds/bin/gnu/h-x86_64-mingw32/bin/../lib/gcc/nios2-elf/5.3.0/../../../../../H-x86_64-mingw32/nios2-elf/lib\libc.a(lib_a-memcpy.o)
 .text.memcpy   0x00000000040224b4      0x148 c:/intelfpga_lite/18.1/nios2eds/bin/gnu/h-x86_64-mingw32/bin/../lib/gcc/nios2-elf/5.3.0/../../../../../H-x86_64-mingw32/nios2-elf/lib\libc.a(lib_a-memcpy.o)
                0x00000000040224b4                memcpy
 .text          0x00000000040225fc        0x0 c:/intelfpga_lite/18.1/nios2eds/bin/gnu/h-x86_64-mingw32/bin/../lib/gcc/nios2-elf/5.3.0/../../../../../H-x86_64-mingw32/nios2-elf/lib\libc.a(lib_a-strlen.o)
 .text.strlen   0x00000000040225fc       0x98 c:/intelfpga_lite/18.1/nios2eds/bin/gnu/h-x86_64-mingw32/bin/../lib/gcc/nios2-elf/5.3.0/../../../../../H-x86_64-mingw32/nios2-elf/lib\libc.a(lib_a-strlen.o)
                0x00000000040225fc                strlen
 .text          0x0000000004022694        0x0 c:/intelfpga_lite/18.1/nios2eds/bin/gnu/h-x86_64-mingw32/bin/../lib/gcc/nios2-elf/5.3.0/../../../../../H-x86_64-mingw32/nios2-elf/lib\libc.a(lib_a-__atexit.o)
 .text.__register_exitproc
                0x0000000004022694      0x118 c:/intelfpga_lite/18.1/nios2eds/bin/gnu/h-x86_64-mingw32/bin/../lib/gcc/nios2-elf/5.3.0/../../../../../H-x86_64-mingw32/nios2-elf/lib\libc.a(lib_a-__atexit.o)
                0x0000000004022694                __register_exitproc
 .text          0x00000000040227ac        0x0 c:/intelfpga_lite/18.1/nios2eds/bin/gnu/h-x86_64-mingw32/bin/../lib/gcc/nios2-elf/5.3.0/../../../../../H-x86_64-mingw32/nios2-elf/lib\libc.a(lib_a-__call_atexit.o)
 .text.__call_exitprocs
                0x00000000040227ac      0x180 c:/intelfpga_lite/18.1/nios2eds/bin/gnu/h-x86_64-mingw32/bin/../lib/gcc/nios2-elf/5.3.0/../../../../../H-x86_64-mingw32/nios2-elf/lib\libc.a(lib_a-__call_atexit.o)
                0x00000000040227ac                __call_exitprocs
 .text          0x000000000402292c       0x34 ../m1_nios_bsp/\libhal_bsp.a(alt_exit.o)
                0x000000000402292c                _exit
 *(.gnu.warning.*)
 *(.fini)
                [!provide]                        PROVIDE (__etext, ABSOLUTE (.))
                [!provide]                        PROVIDE (_etext, ABSOLUTE (.))
                [!provide]                        PROVIDE (etext, ABSOLUTE (.))
 *(.eh_frame_hdr)
                0x0000000004022960                . = ALIGN (0x4)
                [!provide]                        PROVIDE (__preinit_array_start, ABSOLUTE (.))
 *(.preinit_array)
                [!provide]                        PROVIDE (__preinit_array_end, ABSOLUTE (.))
                [!provide]                        PROVIDE (__init_array_start, ABSOLUTE (.))
 *(.init_array)
                [!provide]                        PROVIDE (__init_array_end, ABSOLUTE (.))
                [!provide]                        PROVIDE (__fini_array_start, ABSOLUTE (.))
 *(.fini_array)
                [!provide]                        PROVIDE (__fini_array_end, ABSOLUTE (.))
 *(.eh_frame)
 *(.gcc_except_table .gcc_except_table.*)
 *(.dynamic)
                0x0000000004022960                PROVIDE (__CTOR_LIST__, ABSOLUTE (.))
 *(.ctors)
 *(SORT(.ctors.*))
                0x0000000004022960                PROVIDE (__CTOR_END__, ABSOLUTE (.))
                0x0000000004022960                PROVIDE (__DTOR_LIST__, ABSOLUTE (.))
 *(.dtors)
 *(SORT(.dtors.*))
                0x0000000004022960                PROVIDE (__DTOR_END__, ABSOLUTE (.))
 *(.jcr)
                0x0000000004022960                . = ALIGN (0x4)

.rodata         0x0000000000000000       0x38 load address 0x0000000004022960
                0x0000000000000000                PROVIDE (__ram_rodata_start, ABSOLUTE (.))
                0x0000000000000000                . = ALIGN (0x4)
 *(.rodata .rodata.* .gnu.linkonce.r.*)
 .rodata        0x0000000000000000       0x11 ../m1_nios_bsp/\libhal_bsp.a(alt_main.o)
 *fill*         0x0000000000000011        0x3 
 .rodata        0x0000000000000014       0x11 ../m1_nios_bsp/\libhal_bsp.a(alt_sys_init.o)
 *fill*         0x0000000000000025        0x3 
 .rodata        0x0000000000000028        0xa ../m1_nios_bsp/\libhal_bsp.a(alt_dev.o)
 *fill*         0x0000000000000032        0x2 
 .rodata.str1.4
                0x0000000000000034        0x4 c:/intelfpga_lite/18.1/nios2eds/bin/gnu/h-x86_64-mingw32/bin/../lib/gcc/nios2-elf/5.3.0/../../../../../H-x86_64-mingw32/nios2-elf/lib\libc.a(lib_a-impure.o)
                                          0x2 (size before relaxing)
 *(.rodata1)
                0x0000000000000038                . = ALIGN (0x4)
                0x0000000000000038                PROVIDE (__ram_rodata_end, ABSOLUTE (.))
                0x0000000004022960                PROVIDE (__flash_rodata_start, LOADADDR (.rodata))

.rwdata         0x0000000000000038     0x1658 load address 0x0000000004022998
                0x0000000000000038                PROVIDE (__ram_rwdata_start, ABSOLUTE (.))
                0x0000000000000038                . = ALIGN (0x4)
 *(.got.plt)
 *(.got)
 *(.data1)
 *(.data .data.* .gnu.linkonce.d.*)
 .data          0x0000000000000038        0x0 ../m1_nios_bsp//obj/HAL/src/crt0.o
 .data          0x0000000000000038        0x0 obj/default/SPI_controller.o
 .data          0x0000000000000038        0x0 ../m1_nios_bsp/\libhal_bsp.a(alt_load.o)
 .data          0x0000000000000038        0x0 ../m1_nios_bsp/\libhal_bsp.a(alt_main.o)
 .data          0x0000000000000038     0x1060 ../m1_nios_bsp/\libhal_bsp.a(alt_sys_init.o)
 .data          0x0000000000001098        0x0 ../m1_nios_bsp/\libhal_bsp.a(altera_avalon_jtag_uart_fd.o)
 .data          0x0000000000001098        0x0 ../m1_nios_bsp/\libhal_bsp.a(altera_avalon_jtag_uart_init.o)
 .data          0x0000000000001098        0x0 ../m1_nios_bsp/\libhal_bsp.a(altera_avalon_jtag_uart_ioctl.o)
 .data          0x0000000000001098        0x0 ../m1_nios_bsp/\libhal_bsp.a(altera_avalon_jtag_uart_read.o)
 .data          0x0000000000001098        0x0 ../m1_nios_bsp/\libhal_bsp.a(altera_avalon_jtag_uart_write.o)
 .data          0x0000000000001098        0x0 ../m1_nios_bsp/\libhal_bsp.a(altera_avalon_spi.o)
 .data          0x0000000000001098        0x0 ../m1_nios_bsp/\libhal_bsp.a(altera_avalon_timer_sc.o)
 .data          0x0000000000001098        0x0 ../m1_nios_bsp/\libhal_bsp.a(alt_alarm_start.o)
 .data          0x0000000000001098        0x0 ../m1_nios_bsp/\libhal_bsp.a(alt_close.o)
 .data          0x0000000000001098        0x0 ../m1_nios_bsp/\libhal_bsp.a(alt_dcache_flush_all.o)
 .data          0x0000000000001098      0x1a8 ../m1_nios_bsp/\libhal_bsp.a(alt_dev.o)
                0x0000000000001098                alt_dev_null
                0x00000000000010c0                alt_fd_list
 .data          0x0000000000001240        0x0 ../m1_nios_bsp/\libhal_bsp.a(alt_dev_llist_insert.o)
 .data          0x0000000000001240        0x0 ../m1_nios_bsp/\libhal_bsp.a(alt_do_ctors.o)
 .data          0x0000000000001240        0x0 ../m1_nios_bsp/\libhal_bsp.a(alt_do_dtors.o)
 .data          0x0000000000001240        0x0 ../m1_nios_bsp/\libhal_bsp.a(alt_errno.o)
 .data          0x0000000000001240        0x0 ../m1_nios_bsp/\libhal_bsp.a(alt_icache_flush_all.o)
 .data          0x0000000000001240        0x0 ../m1_nios_bsp/\libhal_bsp.a(alt_iic.o)
 .data          0x0000000000001240        0x0 ../m1_nios_bsp/\libhal_bsp.a(alt_iic_isr_register.o)
 .data          0x0000000000001240        0x0 ../m1_nios_bsp/\libhal_bsp.a(alt_io_redirect.o)
 .data          0x0000000000001240        0x0 ../m1_nios_bsp/\libhal_bsp.a(alt_irq_entry.o)
 .data          0x0000000000001240        0x0 ../m1_nios_bsp/\libhal_bsp.a(alt_irq_handler.o)
 .data          0x0000000000001240        0x0 ../m1_nios_bsp/\libhal_bsp.a(alt_irq_vars.o)
 .data          0x0000000000001240        0x0 ../m1_nios_bsp/\libhal_bsp.a(alt_open.o)
 .data          0x0000000000001240        0x0 ../m1_nios_bsp/\libhal_bsp.a(alt_release_fd.o)
 .data          0x0000000000001240        0x0 ../m1_nios_bsp/\libhal_bsp.a(alt_tick.o)
 .data          0x0000000000001240        0x0 ../m1_nios_bsp/\libhal_bsp.a(altera_nios2_gen2_irq.o)
 .data          0x0000000000001240        0x0 ../m1_nios_bsp/\libhal_bsp.a(alt_exception_entry.o)
 .data          0x0000000000001240        0x0 ../m1_nios_bsp/\libhal_bsp.a(alt_find_dev.o)
 .data          0x0000000000001240        0x0 ../m1_nios_bsp/\libhal_bsp.a(alt_find_file.o)
 .data          0x0000000000001240        0x0 ../m1_nios_bsp/\libhal_bsp.a(alt_get_fd.o)
 .data          0x0000000000001240        0x0 ../m1_nios_bsp/\libhal_bsp.a(alt_icache_flush.o)
 .data          0x0000000000001240        0x0 ../m1_nios_bsp/\libhal_bsp.a(alt_instruction_exception_entry.o)
 .data          0x0000000000001240        0x0 c:/intelfpga_lite/18.1/nios2eds/bin/gnu/h-x86_64-mingw32/bin/../lib/gcc/nios2-elf/5.3.0/../../../../../H-x86_64-mingw32/nios2-elf/lib\libc.a(lib_a-atexit.o)
 .data          0x0000000000001240        0x0 c:/intelfpga_lite/18.1/nios2eds/bin/gnu/h-x86_64-mingw32/bin/../lib/gcc/nios2-elf/5.3.0/../../../../../H-x86_64-mingw32/nios2-elf/lib\libc.a(lib_a-exit.o)
 .data          0x0000000000001240        0x0 c:/intelfpga_lite/18.1/nios2eds/bin/gnu/h-x86_64-mingw32/bin/../lib/gcc/nios2-elf/5.3.0/../../../../../H-x86_64-mingw32/nios2-elf/lib\libc.a(lib_a-impure.o)
 .data.impure_data
                0x0000000000001240      0x424 c:/intelfpga_lite/18.1/nios2eds/bin/gnu/h-x86_64-mingw32/bin/../lib/gcc/nios2-elf/5.3.0/../../../../../H-x86_64-mingw32/nios2-elf/lib\libc.a(lib_a-impure.o)
 .data          0x0000000000001664        0x0 c:/intelfpga_lite/18.1/nios2eds/bin/gnu/h-x86_64-mingw32/bin/../lib/gcc/nios2-elf/5.3.0/../../../../../H-x86_64-mingw32/nios2-elf/lib\libc.a(lib_a-int_errno.o)
 .data          0x0000000000001664        0x0 c:/intelfpga_lite/18.1/nios2eds/bin/gnu/h-x86_64-mingw32/bin/../lib/gcc/nios2-elf/5.3.0/../../../../../H-x86_64-mingw32/nios2-elf/lib\libc.a(lib_a-memcmp.o)
 .data          0x0000000000001664        0x0 c:/intelfpga_lite/18.1/nios2eds/bin/gnu/h-x86_64-mingw32/bin/../lib/gcc/nios2-elf/5.3.0/../../../../../H-x86_64-mingw32/nios2-elf/lib\libc.a(lib_a-memcpy.o)
 .data          0x0000000000001664        0x0 c:/intelfpga_lite/18.1/nios2eds/bin/gnu/h-x86_64-mingw32/bin/../lib/gcc/nios2-elf/5.3.0/../../../../../H-x86_64-mingw32/nios2-elf/lib\libc.a(lib_a-strlen.o)
 .data          0x0000000000001664        0x0 c:/intelfpga_lite/18.1/nios2eds/bin/gnu/h-x86_64-mingw32/bin/../lib/gcc/nios2-elf/5.3.0/../../../../../H-x86_64-mingw32/nios2-elf/lib\libc.a(lib_a-__atexit.o)
 .data          0x0000000000001664        0x0 c:/intelfpga_lite/18.1/nios2eds/bin/gnu/h-x86_64-mingw32/bin/../lib/gcc/nios2-elf/5.3.0/../../../../../H-x86_64-mingw32/nios2-elf/lib\libc.a(lib_a-__call_atexit.o)
 .data          0x0000000000001664        0x0 ../m1_nios_bsp/\libhal_bsp.a(alt_exit.o)
                0x0000000000009664                _gp = ABSOLUTE ((. + 0x8000))
                [!provide]                        PROVIDE (gp, _gp)
 *(.rwdata .rwdata.*)
 *(.sdata .sdata.* .gnu.linkonce.s.*)
 .sdata         0x0000000000001664       0x14 ../m1_nios_bsp/\libhal_bsp.a(alt_dev.o)
                0x0000000000001664                alt_fs_list
                0x000000000000166c                alt_dev_list
                0x0000000000001674                alt_max_fd
 .sdata         0x0000000000001678        0x4 ../m1_nios_bsp/\libhal_bsp.a(alt_errno.o)
                0x0000000000001678                alt_errno
 .sdata         0x000000000000167c        0x4 ../m1_nios_bsp/\libhal_bsp.a(alt_irq_vars.o)
                0x000000000000167c                alt_priority_mask
 .sdata         0x0000000000001680        0x8 ../m1_nios_bsp/\libhal_bsp.a(alt_tick.o)
                0x0000000000001680                alt_alarm_list
 .sdata._global_impure_ptr
                0x0000000000001688        0x4 c:/intelfpga_lite/18.1/nios2eds/bin/gnu/h-x86_64-mingw32/bin/../lib/gcc/nios2-elf/5.3.0/../../../../../H-x86_64-mingw32/nios2-elf/lib\libc.a(lib_a-impure.o)
                0x0000000000001688                _global_impure_ptr
 .sdata._impure_ptr
                0x000000000000168c        0x4 c:/intelfpga_lite/18.1/nios2eds/bin/gnu/h-x86_64-mingw32/bin/../lib/gcc/nios2-elf/5.3.0/../../../../../H-x86_64-mingw32/nios2-elf/lib\libc.a(lib_a-impure.o)
                0x000000000000168c                _impure_ptr
 *(.sdata2 .sdata2.* .gnu.linkonce.s2.*)
                0x0000000000001690                . = ALIGN (0x4)
                0x0000000000001690                _edata = ABSOLUTE (.)
                [!provide]                        PROVIDE (edata, ABSOLUTE (.))
                0x0000000000001690                PROVIDE (__ram_rwdata_end, ABSOLUTE (.))
                0x0000000004022998                PROVIDE (__flash_rwdata_start, LOADADDR (.rwdata))

.bss            0x0000000000001690      0x120 load address 0x0000000004023ff0
                0x0000000000001690                __bss_start = ABSOLUTE (.)
                [!provide]                        PROVIDE (__sbss_start, ABSOLUTE (.))
                [!provide]                        PROVIDE (___sbss_start, ABSOLUTE (.))
 *(.dynsbss)
 *(.sbss .sbss.* .gnu.linkonce.sb.*)
 .sbss          0x0000000000001690        0xc ../m1_nios_bsp/\libhal_bsp.a(alt_main.o)
                0x0000000000001690                alt_argc
                0x0000000000001694                alt_argv
                0x0000000000001698                alt_envp
 .sbss          0x000000000000169c        0x4 ../m1_nios_bsp/\libhal_bsp.a(alt_irq_vars.o)
                0x000000000000169c                alt_irq_active
 .sbss          0x00000000000016a0        0x8 ../m1_nios_bsp/\libhal_bsp.a(alt_tick.o)
                0x00000000000016a0                _alt_tick_rate
                0x00000000000016a4                _alt_nticks
 .sbss          0x00000000000016a8        0x4 ../m1_nios_bsp/\libhal_bsp.a(alt_instruction_exception_entry.o)
                0x00000000000016a8                alt_instruction_exception_handler
 .sbss          0x00000000000016ac        0x4 c:/intelfpga_lite/18.1/nios2eds/bin/gnu/h-x86_64-mingw32/bin/../lib/gcc/nios2-elf/5.3.0/../../../../../H-x86_64-mingw32/nios2-elf/lib\libc.a(lib_a-int_errno.o)
                0x00000000000016ac                errno
 *(.sbss2 .sbss2.* .gnu.linkonce.sb2.*)
 *(.scommon)
                [!provide]                        PROVIDE (__sbss_end, ABSOLUTE (.))
                [!provide]                        PROVIDE (___sbss_end, ABSOLUTE (.))
 *(.dynbss)
 *(.bss .bss.* .gnu.linkonce.b.*)
 .bss           0x00000000000016b0        0x0 ../m1_nios_bsp//obj/HAL/src/crt0.o
 .bss           0x00000000000016b0        0x0 obj/default/SPI_controller.o
 .bss           0x00000000000016b0        0x0 ../m1_nios_bsp/\libhal_bsp.a(alt_load.o)
 .bss           0x00000000000016b0        0x0 ../m1_nios_bsp/\libhal_bsp.a(alt_main.o)
 .bss           0x00000000000016b0        0x0 ../m1_nios_bsp/\libhal_bsp.a(alt_sys_init.o)
 .bss           0x00000000000016b0        0x0 ../m1_nios_bsp/\libhal_bsp.a(altera_avalon_jtag_uart_fd.o)
 .bss           0x00000000000016b0        0x0 ../m1_nios_bsp/\libhal_bsp.a(altera_avalon_jtag_uart_init.o)
 .bss           0x00000000000016b0        0x0 ../m1_nios_bsp/\libhal_bsp.a(altera_avalon_jtag_uart_ioctl.o)
 .bss           0x00000000000016b0        0x0 ../m1_nios_bsp/\libhal_bsp.a(altera_avalon_jtag_uart_read.o)
 .bss           0x00000000000016b0        0x0 ../m1_nios_bsp/\libhal_bsp.a(altera_avalon_jtag_uart_write.o)
 .bss           0x00000000000016b0        0x0 ../m1_nios_bsp/\libhal_bsp.a(altera_avalon_spi.o)
 .bss           0x00000000000016b0        0x0 ../m1_nios_bsp/\libhal_bsp.a(altera_avalon_timer_sc.o)
 .bss           0x00000000000016b0        0x0 ../m1_nios_bsp/\libhal_bsp.a(alt_alarm_start.o)
 .bss           0x00000000000016b0        0x0 ../m1_nios_bsp/\libhal_bsp.a(alt_close.o)
 .bss           0x00000000000016b0        0x0 ../m1_nios_bsp/\libhal_bsp.a(alt_dcache_flush_all.o)
 .bss           0x00000000000016b0        0x0 ../m1_nios_bsp/\libhal_bsp.a(alt_dev.o)
 .bss           0x00000000000016b0        0x0 ../m1_nios_bsp/\libhal_bsp.a(alt_dev_llist_insert.o)
 .bss           0x00000000000016b0        0x0 ../m1_nios_bsp/\libhal_bsp.a(alt_do_ctors.o)
 .bss           0x00000000000016b0        0x0 ../m1_nios_bsp/\libhal_bsp.a(alt_do_dtors.o)
 .bss           0x00000000000016b0        0x0 ../m1_nios_bsp/\libhal_bsp.a(alt_errno.o)
 .bss           0x00000000000016b0        0x0 ../m1_nios_bsp/\libhal_bsp.a(alt_icache_flush_all.o)
 .bss           0x00000000000016b0        0x0 ../m1_nios_bsp/\libhal_bsp.a(alt_iic.o)
 .bss           0x00000000000016b0        0x0 ../m1_nios_bsp/\libhal_bsp.a(alt_iic_isr_register.o)
 .bss           0x00000000000016b0        0x0 ../m1_nios_bsp/\libhal_bsp.a(alt_io_redirect.o)
 .bss           0x00000000000016b0        0x0 ../m1_nios_bsp/\libhal_bsp.a(alt_irq_entry.o)
 .bss           0x00000000000016b0        0x0 ../m1_nios_bsp/\libhal_bsp.a(alt_irq_handler.o)
 .bss           0x00000000000016b0        0x0 ../m1_nios_bsp/\libhal_bsp.a(alt_irq_vars.o)
 .bss           0x00000000000016b0        0x0 ../m1_nios_bsp/\libhal_bsp.a(alt_open.o)
 .bss           0x00000000000016b0        0x0 ../m1_nios_bsp/\libhal_bsp.a(alt_release_fd.o)
 .bss           0x00000000000016b0        0x0 ../m1_nios_bsp/\libhal_bsp.a(alt_tick.o)
 .bss           0x00000000000016b0        0x0 ../m1_nios_bsp/\libhal_bsp.a(altera_nios2_gen2_irq.o)
 .bss           0x00000000000016b0        0x0 ../m1_nios_bsp/\libhal_bsp.a(alt_exception_entry.o)
 .bss           0x00000000000016b0        0x0 ../m1_nios_bsp/\libhal_bsp.a(alt_find_dev.o)
 .bss           0x00000000000016b0        0x0 ../m1_nios_bsp/\libhal_bsp.a(alt_find_file.o)
 .bss           0x00000000000016b0        0x0 ../m1_nios_bsp/\libhal_bsp.a(alt_get_fd.o)
 .bss           0x00000000000016b0        0x0 ../m1_nios_bsp/\libhal_bsp.a(alt_icache_flush.o)
 .bss           0x00000000000016b0        0x0 ../m1_nios_bsp/\libhal_bsp.a(alt_instruction_exception_entry.o)
 .bss           0x00000000000016b0        0x0 c:/intelfpga_lite/18.1/nios2eds/bin/gnu/h-x86_64-mingw32/bin/../lib/gcc/nios2-elf/5.3.0/../../../../../H-x86_64-mingw32/nios2-elf/lib\libc.a(lib_a-atexit.o)
 .bss           0x00000000000016b0        0x0 c:/intelfpga_lite/18.1/nios2eds/bin/gnu/h-x86_64-mingw32/bin/../lib/gcc/nios2-elf/5.3.0/../../../../../H-x86_64-mingw32/nios2-elf/lib\libc.a(lib_a-exit.o)
 .bss           0x00000000000016b0        0x0 c:/intelfpga_lite/18.1/nios2eds/bin/gnu/h-x86_64-mingw32/bin/../lib/gcc/nios2-elf/5.3.0/../../../../../H-x86_64-mingw32/nios2-elf/lib\libc.a(lib_a-impure.o)
 .bss           0x00000000000016b0        0x0 c:/intelfpga_lite/18.1/nios2eds/bin/gnu/h-x86_64-mingw32/bin/../lib/gcc/nios2-elf/5.3.0/../../../../../H-x86_64-mingw32/nios2-elf/lib\libc.a(lib_a-int_errno.o)
 .bss           0x00000000000016b0        0x0 c:/intelfpga_lite/18.1/nios2eds/bin/gnu/h-x86_64-mingw32/bin/../lib/gcc/nios2-elf/5.3.0/../../../../../H-x86_64-mingw32/nios2-elf/lib\libc.a(lib_a-memcmp.o)
 .bss           0x00000000000016b0        0x0 c:/intelfpga_lite/18.1/nios2eds/bin/gnu/h-x86_64-mingw32/bin/../lib/gcc/nios2-elf/5.3.0/../../../../../H-x86_64-mingw32/nios2-elf/lib\libc.a(lib_a-memcpy.o)
 .bss           0x00000000000016b0        0x0 c:/intelfpga_lite/18.1/nios2eds/bin/gnu/h-x86_64-mingw32/bin/../lib/gcc/nios2-elf/5.3.0/../../../../../H-x86_64-mingw32/nios2-elf/lib\libc.a(lib_a-strlen.o)
 .bss           0x00000000000016b0        0x0 c:/intelfpga_lite/18.1/nios2eds/bin/gnu/h-x86_64-mingw32/bin/../lib/gcc/nios2-elf/5.3.0/../../../../../H-x86_64-mingw32/nios2-elf/lib\libc.a(lib_a-__atexit.o)
 .bss           0x00000000000016b0        0x0 c:/intelfpga_lite/18.1/nios2eds/bin/gnu/h-x86_64-mingw32/bin/../lib/gcc/nios2-elf/5.3.0/../../../../../H-x86_64-mingw32/nios2-elf/lib\libc.a(lib_a-__call_atexit.o)
 .bss           0x00000000000016b0        0x0 ../m1_nios_bsp/\libhal_bsp.a(alt_exit.o)
 *(COMMON)
 COMMON         0x00000000000016b0      0x100 ../m1_nios_bsp/\libhal_bsp.a(alt_irq_handler.o)
                0x00000000000016b0                alt_irq
                0x00000000000017b0                . = ALIGN (0x4)
                0x00000000000017b0                __bss_end = ABSOLUTE (.)

.new_sdram_controller_0
                0x00000000000017b0        0x0 load address 0x0000000004023ff0
                [!provide]                        PROVIDE (_alt_partition_new_sdram_controller_0_start, ABSOLUTE (.))
 *(.new_sdram_controller_0 .new_sdram_controller_0. new_sdram_controller_0.*)
                0x00000000000017b0                . = ALIGN (0x4)
                [!provide]                        PROVIDE (_alt_partition_new_sdram_controller_0_end, ABSOLUTE (.))
                0x00000000000017b0                _end = ABSOLUTE (.)
                0x00000000000017b0                end = ABSOLUTE (.)
                0x00000000000017b0                __alt_stack_base = ABSOLUTE (.)
                [!provide]                        PROVIDE (_alt_partition_new_sdram_controller_0_load_addr, LOADADDR (.new_sdram_controller_0))

.onchip_memory2_0
                0x0000000004023ff0        0x0
                [!provide]                        PROVIDE (_alt_partition_onchip_memory2_0_start, ABSOLUTE (.))
 *(.onchip_memory2_0 .onchip_memory2_0. onchip_memory2_0.*)
                0x0000000004023ff0                . = ALIGN (0x4)
                [!provide]                        PROVIDE (_alt_partition_onchip_memory2_0_end, ABSOLUTE (.))
                [!provide]                        PROVIDE (_alt_partition_onchip_memory2_0_load_addr, LOADADDR (.onchip_memory2_0))

.stab
 *(.stab)

.stabstr
 *(.stabstr)

.stab.excl
 *(.stab.excl)

.stab.exclstr
 *(.stab.exclstr)

.stab.index
 *(.stab.index)

.stab.indexstr
 *(.stab.indexstr)

.comment        0x0000000000000000       0x23
 *(.comment)
 .comment       0x0000000000000000       0x23 obj/default/SPI_controller.o
                                         0x24 (size before relaxing)
 .comment       0x0000000000000023       0x24 ../m1_nios_bsp/\libhal_bsp.a(alt_load.o)
 .comment       0x0000000000000023       0x24 ../m1_nios_bsp/\libhal_bsp.a(alt_main.o)
 .comment       0x0000000000000023       0x24 ../m1_nios_bsp/\libhal_bsp.a(alt_sys_init.o)
 .comment       0x0000000000000023       0x24 ../m1_nios_bsp/\libhal_bsp.a(altera_avalon_jtag_uart_fd.o)
 .comment       0x0000000000000023       0x24 ../m1_nios_bsp/\libhal_bsp.a(altera_avalon_jtag_uart_init.o)
 .comment       0x0000000000000023       0x24 ../m1_nios_bsp/\libhal_bsp.a(altera_avalon_jtag_uart_ioctl.o)
 .comment       0x0000000000000023       0x24 ../m1_nios_bsp/\libhal_bsp.a(altera_avalon_jtag_uart_read.o)
 .comment       0x0000000000000023       0x24 ../m1_nios_bsp/\libhal_bsp.a(altera_avalon_jtag_uart_write.o)
 .comment       0x0000000000000023       0x24 ../m1_nios_bsp/\libhal_bsp.a(altera_avalon_spi.o)
 .comment       0x0000000000000023       0x24 ../m1_nios_bsp/\libhal_bsp.a(altera_avalon_timer_sc.o)
 .comment       0x0000000000000023       0x24 ../m1_nios_bsp/\libhal_bsp.a(alt_alarm_start.o)
 .comment       0x0000000000000023       0x24 ../m1_nios_bsp/\libhal_bsp.a(alt_close.o)
 .comment       0x0000000000000023       0x24 ../m1_nios_bsp/\libhal_bsp.a(alt_dcache_flush_all.o)
 .comment       0x0000000000000023       0x24 ../m1_nios_bsp/\libhal_bsp.a(alt_dev.o)
 .comment       0x0000000000000023       0x24 ../m1_nios_bsp/\libhal_bsp.a(alt_dev_llist_insert.o)
 .comment       0x0000000000000023       0x24 ../m1_nios_bsp/\libhal_bsp.a(alt_do_ctors.o)
 .comment       0x0000000000000023       0x24 ../m1_nios_bsp/\libhal_bsp.a(alt_do_dtors.o)
 .comment       0x0000000000000023       0x24 ../m1_nios_bsp/\libhal_bsp.a(alt_errno.o)
 .comment       0x0000000000000023       0x24 ../m1_nios_bsp/\libhal_bsp.a(alt_icache_flush_all.o)
 .comment       0x0000000000000023       0x24 ../m1_nios_bsp/\libhal_bsp.a(alt_iic.o)
 .comment       0x0000000000000023       0x24 ../m1_nios_bsp/\libhal_bsp.a(alt_iic_isr_register.o)
 .comment       0x0000000000000023       0x24 ../m1_nios_bsp/\libhal_bsp.a(alt_io_redirect.o)
 .comment       0x0000000000000023       0x24 ../m1_nios_bsp/\libhal_bsp.a(alt_irq_handler.o)
 .comment       0x0000000000000023       0x24 ../m1_nios_bsp/\libhal_bsp.a(alt_irq_vars.o)
 .comment       0x0000000000000023       0x24 ../m1_nios_bsp/\libhal_bsp.a(alt_open.o)
 .comment       0x0000000000000023       0x24 ../m1_nios_bsp/\libhal_bsp.a(alt_release_fd.o)
 .comment       0x0000000000000023       0x24 ../m1_nios_bsp/\libhal_bsp.a(alt_tick.o)
 .comment       0x0000000000000023       0x24 ../m1_nios_bsp/\libhal_bsp.a(altera_nios2_gen2_irq.o)
 .comment       0x0000000000000023       0x24 ../m1_nios_bsp/\libhal_bsp.a(alt_find_dev.o)
 .comment       0x0000000000000023       0x24 ../m1_nios_bsp/\libhal_bsp.a(alt_find_file.o)
 .comment       0x0000000000000023       0x24 ../m1_nios_bsp/\libhal_bsp.a(alt_get_fd.o)
 .comment       0x0000000000000023       0x24 ../m1_nios_bsp/\libhal_bsp.a(alt_icache_flush.o)
 .comment       0x0000000000000023       0x24 ../m1_nios_bsp/\libhal_bsp.a(alt_instruction_exception_entry.o)
 .comment       0x0000000000000023       0x24 c:/intelfpga_lite/18.1/nios2eds/bin/gnu/h-x86_64-mingw32/bin/../lib/gcc/nios2-elf/5.3.0/../../../../../H-x86_64-mingw32/nios2-elf/lib\libc.a(lib_a-atexit.o)
 .comment       0x0000000000000023       0x24 c:/intelfpga_lite/18.1/nios2eds/bin/gnu/h-x86_64-mingw32/bin/../lib/gcc/nios2-elf/5.3.0/../../../../../H-x86_64-mingw32/nios2-elf/lib\libc.a(lib_a-exit.o)
 .comment       0x0000000000000023       0x24 c:/intelfpga_lite/18.1/nios2eds/bin/gnu/h-x86_64-mingw32/bin/../lib/gcc/nios2-elf/5.3.0/../../../../../H-x86_64-mingw32/nios2-elf/lib\libc.a(lib_a-impure.o)
 .comment       0x0000000000000023       0x24 c:/intelfpga_lite/18.1/nios2eds/bin/gnu/h-x86_64-mingw32/bin/../lib/gcc/nios2-elf/5.3.0/../../../../../H-x86_64-mingw32/nios2-elf/lib\libc.a(lib_a-int_errno.o)
 .comment       0x0000000000000023       0x24 c:/intelfpga_lite/18.1/nios2eds/bin/gnu/h-x86_64-mingw32/bin/../lib/gcc/nios2-elf/5.3.0/../../../../../H-x86_64-mingw32/nios2-elf/lib\libc.a(lib_a-memcmp.o)
 .comment       0x0000000000000023       0x24 c:/intelfpga_lite/18.1/nios2eds/bin/gnu/h-x86_64-mingw32/bin/../lib/gcc/nios2-elf/5.3.0/../../../../../H-x86_64-mingw32/nios2-elf/lib\libc.a(lib_a-memcpy.o)
 .comment       0x0000000000000023       0x24 c:/intelfpga_lite/18.1/nios2eds/bin/gnu/h-x86_64-mingw32/bin/../lib/gcc/nios2-elf/5.3.0/../../../../../H-x86_64-mingw32/nios2-elf/lib\libc.a(lib_a-strlen.o)
 .comment       0x0000000000000023       0x24 c:/intelfpga_lite/18.1/nios2eds/bin/gnu/h-x86_64-mingw32/bin/../lib/gcc/nios2-elf/5.3.0/../../../../../H-x86_64-mingw32/nios2-elf/lib\libc.a(lib_a-__atexit.o)
 .comment       0x0000000000000023       0x24 c:/intelfpga_lite/18.1/nios2eds/bin/gnu/h-x86_64-mingw32/bin/../lib/gcc/nios2-elf/5.3.0/../../../../../H-x86_64-mingw32/nios2-elf/lib\libc.a(lib_a-__call_atexit.o)
 .comment       0x0000000000000023       0x24 ../m1_nios_bsp/\libhal_bsp.a(alt_exit.o)

.debug
 *(.debug)

.line
 *(.line)

.debug_srcinfo
 *(.debug_srcinfo)

.debug_sfnames
 *(.debug_sfnames)

.debug_aranges  0x0000000000000000      0x5f8
 *(.debug_aranges)
 .debug_aranges
                0x0000000000000000       0x28 ../m1_nios_bsp//obj/HAL/src/crt0.o
 .debug_aranges
                0x0000000000000028       0x20 obj/default/SPI_controller.o
 .debug_aranges
                0x0000000000000048       0x20 ../m1_nios_bsp/\libhal_bsp.a(alt_load.o)
 .debug_aranges
                0x0000000000000068       0x20 ../m1_nios_bsp/\libhal_bsp.a(alt_main.o)
 .debug_aranges
                0x0000000000000088       0x20 ../m1_nios_bsp/\libhal_bsp.a(alt_sys_init.o)
 .debug_aranges
                0x00000000000000a8       0x20 ../m1_nios_bsp/\libhal_bsp.a(altera_avalon_jtag_uart_fd.o)
 .debug_aranges
                0x00000000000000c8       0x20 ../m1_nios_bsp/\libhal_bsp.a(altera_avalon_jtag_uart_init.o)
 .debug_aranges
                0x00000000000000e8       0x20 ../m1_nios_bsp/\libhal_bsp.a(altera_avalon_jtag_uart_ioctl.o)
 .debug_aranges
                0x0000000000000108       0x20 ../m1_nios_bsp/\libhal_bsp.a(altera_avalon_jtag_uart_read.o)
 .debug_aranges
                0x0000000000000128       0x20 ../m1_nios_bsp/\libhal_bsp.a(altera_avalon_jtag_uart_write.o)
 .debug_aranges
                0x0000000000000148       0x20 ../m1_nios_bsp/\libhal_bsp.a(altera_avalon_spi.o)
 .debug_aranges
                0x0000000000000168       0x20 ../m1_nios_bsp/\libhal_bsp.a(altera_avalon_timer_sc.o)
 .debug_aranges
                0x0000000000000188       0x20 ../m1_nios_bsp/\libhal_bsp.a(alt_alarm_start.o)
 .debug_aranges
                0x00000000000001a8       0x20 ../m1_nios_bsp/\libhal_bsp.a(alt_close.o)
 .debug_aranges
                0x00000000000001c8       0x20 ../m1_nios_bsp/\libhal_bsp.a(alt_dcache_flush_all.o)
 .debug_aranges
                0x00000000000001e8       0x20 ../m1_nios_bsp/\libhal_bsp.a(alt_dev.o)
 .debug_aranges
                0x0000000000000208       0x20 ../m1_nios_bsp/\libhal_bsp.a(alt_dev_llist_insert.o)
 .debug_aranges
                0x0000000000000228       0x20 ../m1_nios_bsp/\libhal_bsp.a(alt_do_ctors.o)
 .debug_aranges
                0x0000000000000248       0x20 ../m1_nios_bsp/\libhal_bsp.a(alt_do_dtors.o)
 .debug_aranges
                0x0000000000000268       0x18 ../m1_nios_bsp/\libhal_bsp.a(alt_errno.o)
 .debug_aranges
                0x0000000000000280       0x20 ../m1_nios_bsp/\libhal_bsp.a(alt_icache_flush_all.o)
 .debug_aranges
                0x00000000000002a0       0x20 ../m1_nios_bsp/\libhal_bsp.a(alt_iic.o)
 .debug_aranges
                0x00000000000002c0       0x20 ../m1_nios_bsp/\libhal_bsp.a(alt_iic_isr_register.o)
 .debug_aranges
                0x00000000000002e0       0x20 ../m1_nios_bsp/\libhal_bsp.a(alt_io_redirect.o)
 .debug_aranges
                0x0000000000000300       0x30 ../m1_nios_bsp/\libhal_bsp.a(alt_irq_entry.o)
 .debug_aranges
                0x0000000000000330       0x20 ../m1_nios_bsp/\libhal_bsp.a(alt_irq_handler.o)
 .debug_aranges
                0x0000000000000350       0x18 ../m1_nios_bsp/\libhal_bsp.a(alt_irq_vars.o)
 .debug_aranges
                0x0000000000000368       0x20 ../m1_nios_bsp/\libhal_bsp.a(alt_open.o)
 .debug_aranges
                0x0000000000000388       0x20 ../m1_nios_bsp/\libhal_bsp.a(alt_release_fd.o)
 .debug_aranges
                0x00000000000003a8       0x20 ../m1_nios_bsp/\libhal_bsp.a(alt_tick.o)
 .debug_aranges
                0x00000000000003c8       0x20 ../m1_nios_bsp/\libhal_bsp.a(altera_nios2_gen2_irq.o)
 .debug_aranges
                0x00000000000003e8       0x38 ../m1_nios_bsp/\libhal_bsp.a(alt_exception_entry.o)
 .debug_aranges
                0x0000000000000420       0x20 ../m1_nios_bsp/\libhal_bsp.a(alt_find_dev.o)
 .debug_aranges
                0x0000000000000440       0x20 ../m1_nios_bsp/\libhal_bsp.a(alt_find_file.o)
 .debug_aranges
                0x0000000000000460       0x20 ../m1_nios_bsp/\libhal_bsp.a(alt_get_fd.o)
 .debug_aranges
                0x0000000000000480       0x20 ../m1_nios_bsp/\libhal_bsp.a(alt_icache_flush.o)
 .debug_aranges
                0x00000000000004a0       0x28 ../m1_nios_bsp/\libhal_bsp.a(alt_instruction_exception_entry.o)
 .debug_aranges
                0x00000000000004c8       0x20 c:/intelfpga_lite/18.1/nios2eds/bin/gnu/h-x86_64-mingw32/bin/../lib/gcc/nios2-elf/5.3.0/../../../../../H-x86_64-mingw32/nios2-elf/lib\libc.a(lib_a-atexit.o)
 .debug_aranges
                0x00000000000004e8       0x20 c:/intelfpga_lite/18.1/nios2eds/bin/gnu/h-x86_64-mingw32/bin/../lib/gcc/nios2-elf/5.3.0/../../../../../H-x86_64-mingw32/nios2-elf/lib\libc.a(lib_a-exit.o)
 .debug_aranges
                0x0000000000000508       0x18 c:/intelfpga_lite/18.1/nios2eds/bin/gnu/h-x86_64-mingw32/bin/../lib/gcc/nios2-elf/5.3.0/../../../../../H-x86_64-mingw32/nios2-elf/lib\libc.a(lib_a-impure.o)
 .debug_aranges
                0x0000000000000520       0x18 c:/intelfpga_lite/18.1/nios2eds/bin/gnu/h-x86_64-mingw32/bin/../lib/gcc/nios2-elf/5.3.0/../../../../../H-x86_64-mingw32/nios2-elf/lib\libc.a(lib_a-int_errno.o)
 .debug_aranges
                0x0000000000000538       0x20 c:/intelfpga_lite/18.1/nios2eds/bin/gnu/h-x86_64-mingw32/bin/../lib/gcc/nios2-elf/5.3.0/../../../../../H-x86_64-mingw32/nios2-elf/lib\libc.a(lib_a-memcmp.o)
 .debug_aranges
                0x0000000000000558       0x20 c:/intelfpga_lite/18.1/nios2eds/bin/gnu/h-x86_64-mingw32/bin/../lib/gcc/nios2-elf/5.3.0/../../../../../H-x86_64-mingw32/nios2-elf/lib\libc.a(lib_a-memcpy.o)
 .debug_aranges
                0x0000000000000578       0x20 c:/intelfpga_lite/18.1/nios2eds/bin/gnu/h-x86_64-mingw32/bin/../lib/gcc/nios2-elf/5.3.0/../../../../../H-x86_64-mingw32/nios2-elf/lib\libc.a(lib_a-strlen.o)
 .debug_aranges
                0x0000000000000598       0x20 c:/intelfpga_lite/18.1/nios2eds/bin/gnu/h-x86_64-mingw32/bin/../lib/gcc/nios2-elf/5.3.0/../../../../../H-x86_64-mingw32/nios2-elf/lib\libc.a(lib_a-__atexit.o)
 .debug_aranges
                0x00000000000005b8       0x20 c:/intelfpga_lite/18.1/nios2eds/bin/gnu/h-x86_64-mingw32/bin/../lib/gcc/nios2-elf/5.3.0/../../../../../H-x86_64-mingw32/nios2-elf/lib\libc.a(lib_a-__call_atexit.o)
 .debug_aranges
                0x00000000000005d8       0x20 ../m1_nios_bsp/\libhal_bsp.a(alt_exit.o)

.debug_pubnames
 *(.debug_pubnames)

.debug_info     0x0000000000000000     0x7a1f
 *(.debug_info .gnu.linkonce.wi.*)
 .debug_info    0x0000000000000000       0x9b ../m1_nios_bsp//obj/HAL/src/crt0.o
 .debug_info    0x000000000000009b      0x14f obj/default/SPI_controller.o
 .debug_info    0x00000000000001ea      0x145 ../m1_nios_bsp/\libhal_bsp.a(alt_load.o)
 .debug_info    0x000000000000032f      0x131 ../m1_nios_bsp/\libhal_bsp.a(alt_main.o)
 .debug_info    0x0000000000000460      0x4d9 ../m1_nios_bsp/\libhal_bsp.a(alt_sys_init.o)
 .debug_info    0x0000000000000939      0x52e ../m1_nios_bsp/\libhal_bsp.a(altera_avalon_jtag_uart_fd.o)
 .debug_info    0x0000000000000e67      0x3a0 ../m1_nios_bsp/\libhal_bsp.a(altera_avalon_jtag_uart_init.o)
 .debug_info    0x0000000000001207      0x280 ../m1_nios_bsp/\libhal_bsp.a(altera_avalon_jtag_uart_ioctl.o)
 .debug_info    0x0000000000001487      0x345 ../m1_nios_bsp/\libhal_bsp.a(altera_avalon_jtag_uart_read.o)
 .debug_info    0x00000000000017cc      0x340 ../m1_nios_bsp/\libhal_bsp.a(altera_avalon_jtag_uart_write.o)
 .debug_info    0x0000000000001b0c      0x18d ../m1_nios_bsp/\libhal_bsp.a(altera_avalon_spi.o)
 .debug_info    0x0000000000001c99      0x226 ../m1_nios_bsp/\libhal_bsp.a(altera_avalon_timer_sc.o)
 .debug_info    0x0000000000001ebf      0x2cc ../m1_nios_bsp/\libhal_bsp.a(alt_alarm_start.o)
 .debug_info    0x000000000000218b      0x321 ../m1_nios_bsp/\libhal_bsp.a(alt_close.o)
 .debug_info    0x00000000000024ac       0xa5 ../m1_nios_bsp/\libhal_bsp.a(alt_dcache_flush_all.o)
 .debug_info    0x0000000000002551      0x49c ../m1_nios_bsp/\libhal_bsp.a(alt_dev.o)
 .debug_info    0x00000000000029ed      0x1a9 ../m1_nios_bsp/\libhal_bsp.a(alt_dev_llist_insert.o)
 .debug_info    0x0000000000002b96       0x83 ../m1_nios_bsp/\libhal_bsp.a(alt_do_ctors.o)
 .debug_info    0x0000000000002c19       0x83 ../m1_nios_bsp/\libhal_bsp.a(alt_do_dtors.o)
 .debug_info    0x0000000000002c9c       0xa6 ../m1_nios_bsp/\libhal_bsp.a(alt_errno.o)
 .debug_info    0x0000000000002d42       0x92 ../m1_nios_bsp/\libhal_bsp.a(alt_icache_flush_all.o)
 .debug_info    0x0000000000002dd4      0x350 ../m1_nios_bsp/\libhal_bsp.a(alt_iic.o)
 .debug_info    0x0000000000003124      0x1ef ../m1_nios_bsp/\libhal_bsp.a(alt_iic_isr_register.o)
 .debug_info    0x0000000000003313      0x4a5 ../m1_nios_bsp/\libhal_bsp.a(alt_io_redirect.o)
 .debug_info    0x00000000000037b8       0xa4 ../m1_nios_bsp/\libhal_bsp.a(alt_irq_entry.o)
 .debug_info    0x000000000000385c      0x187 ../m1_nios_bsp/\libhal_bsp.a(alt_irq_handler.o)
 .debug_info    0x00000000000039e3       0x88 ../m1_nios_bsp/\libhal_bsp.a(alt_irq_vars.o)
 .debug_info    0x0000000000003a6b      0x3bb ../m1_nios_bsp/\libhal_bsp.a(alt_open.o)
 .debug_info    0x0000000000003e26      0x2b0 ../m1_nios_bsp/\libhal_bsp.a(alt_release_fd.o)
 .debug_info    0x00000000000040d6      0x299 ../m1_nios_bsp/\libhal_bsp.a(alt_tick.o)
 .debug_info    0x000000000000436f       0x92 ../m1_nios_bsp/\libhal_bsp.a(altera_nios2_gen2_irq.o)
 .debug_info    0x0000000000004401       0xaa ../m1_nios_bsp/\libhal_bsp.a(alt_exception_entry.o)
 .debug_info    0x00000000000044ab      0x2e9 ../m1_nios_bsp/\libhal_bsp.a(alt_find_dev.o)
 .debug_info    0x0000000000004794      0x2e6 ../m1_nios_bsp/\libhal_bsp.a(alt_find_file.o)
 .debug_info    0x0000000000004a7a      0x310 ../m1_nios_bsp/\libhal_bsp.a(alt_get_fd.o)
 .debug_info    0x0000000000004d8a       0xdc ../m1_nios_bsp/\libhal_bsp.a(alt_icache_flush.o)
 .debug_info    0x0000000000004e66      0x1e7 ../m1_nios_bsp/\libhal_bsp.a(alt_instruction_exception_entry.o)
 .debug_info    0x000000000000504d       0xfe c:/intelfpga_lite/18.1/nios2eds/bin/gnu/h-x86_64-mingw32/bin/../lib/gcc/nios2-elf/5.3.0/../../../../../H-x86_64-mingw32/nios2-elf/lib\libc.a(lib_a-atexit.o)
 .debug_info    0x000000000000514b      0x8e4 c:/intelfpga_lite/18.1/nios2eds/bin/gnu/h-x86_64-mingw32/bin/../lib/gcc/nios2-elf/5.3.0/../../../../../H-x86_64-mingw32/nios2-elf/lib\libc.a(lib_a-exit.o)
 .debug_info    0x0000000000005a2f      0x8a1 c:/intelfpga_lite/18.1/nios2eds/bin/gnu/h-x86_64-mingw32/bin/../lib/gcc/nios2-elf/5.3.0/../../../../../H-x86_64-mingw32/nios2-elf/lib\libc.a(lib_a-impure.o)
 .debug_info    0x00000000000062d0       0x8a c:/intelfpga_lite/18.1/nios2eds/bin/gnu/h-x86_64-mingw32/bin/../lib/gcc/nios2-elf/5.3.0/../../../../../H-x86_64-mingw32/nios2-elf/lib\libc.a(lib_a-int_errno.o)
 .debug_info    0x000000000000635a      0x11a c:/intelfpga_lite/18.1/nios2eds/bin/gnu/h-x86_64-mingw32/bin/../lib/gcc/nios2-elf/5.3.0/../../../../../H-x86_64-mingw32/nios2-elf/lib\libc.a(lib_a-memcmp.o)
 .debug_info    0x0000000000006474      0x144 c:/intelfpga_lite/18.1/nios2eds/bin/gnu/h-x86_64-mingw32/bin/../lib/gcc/nios2-elf/5.3.0/../../../../../H-x86_64-mingw32/nios2-elf/lib\libc.a(lib_a-memcpy.o)
 .debug_info    0x00000000000065b8       0xe2 c:/intelfpga_lite/18.1/nios2eds/bin/gnu/h-x86_64-mingw32/bin/../lib/gcc/nios2-elf/5.3.0/../../../../../H-x86_64-mingw32/nios2-elf/lib\libc.a(lib_a-strlen.o)
 .debug_info    0x000000000000669a      0x934 c:/intelfpga_lite/18.1/nios2eds/bin/gnu/h-x86_64-mingw32/bin/../lib/gcc/nios2-elf/5.3.0/../../../../../H-x86_64-mingw32/nios2-elf/lib\libc.a(lib_a-__atexit.o)
 .debug_info    0x0000000000006fce      0x965 c:/intelfpga_lite/18.1/nios2eds/bin/gnu/h-x86_64-mingw32/bin/../lib/gcc/nios2-elf/5.3.0/../../../../../H-x86_64-mingw32/nios2-elf/lib\libc.a(lib_a-__call_atexit.o)
 .debug_info    0x0000000000007933       0xec ../m1_nios_bsp/\libhal_bsp.a(alt_exit.o)

.debug_abbrev   0x0000000000000000     0x2b54
 *(.debug_abbrev)
 .debug_abbrev  0x0000000000000000       0x12 ../m1_nios_bsp//obj/HAL/src/crt0.o
 .debug_abbrev  0x0000000000000012       0x8c obj/default/SPI_controller.o
 .debug_abbrev  0x000000000000009e       0x9f ../m1_nios_bsp/\libhal_bsp.a(alt_load.o)
 .debug_abbrev  0x000000000000013d       0xba ../m1_nios_bsp/\libhal_bsp.a(alt_main.o)
 .debug_abbrev  0x00000000000001f7      0x187 ../m1_nios_bsp/\libhal_bsp.a(alt_sys_init.o)
 .debug_abbrev  0x000000000000037e      0x127 ../m1_nios_bsp/\libhal_bsp.a(altera_avalon_jtag_uart_fd.o)
 .debug_abbrev  0x00000000000004a5      0x19e ../m1_nios_bsp/\libhal_bsp.a(altera_avalon_jtag_uart_init.o)
 .debug_abbrev  0x0000000000000643      0x111 ../m1_nios_bsp/\libhal_bsp.a(altera_avalon_jtag_uart_ioctl.o)
 .debug_abbrev  0x0000000000000754      0x1aa ../m1_nios_bsp/\libhal_bsp.a(altera_avalon_jtag_uart_read.o)
 .debug_abbrev  0x00000000000008fe      0x1a8 ../m1_nios_bsp/\libhal_bsp.a(altera_avalon_jtag_uart_write.o)
 .debug_abbrev  0x0000000000000aa6       0x8a ../m1_nios_bsp/\libhal_bsp.a(altera_avalon_spi.o)
 .debug_abbrev  0x0000000000000b30      0x155 ../m1_nios_bsp/\libhal_bsp.a(altera_avalon_timer_sc.o)
 .debug_abbrev  0x0000000000000c85      0x162 ../m1_nios_bsp/\libhal_bsp.a(alt_alarm_start.o)
 .debug_abbrev  0x0000000000000de7      0x11f ../m1_nios_bsp/\libhal_bsp.a(alt_close.o)
 .debug_abbrev  0x0000000000000f06       0x5a ../m1_nios_bsp/\libhal_bsp.a(alt_dcache_flush_all.o)
 .debug_abbrev  0x0000000000000f60       0xd9 ../m1_nios_bsp/\libhal_bsp.a(alt_dev.o)
 .debug_abbrev  0x0000000000001039      0x114 ../m1_nios_bsp/\libhal_bsp.a(alt_dev_llist_insert.o)
 .debug_abbrev  0x000000000000114d       0x79 ../m1_nios_bsp/\libhal_bsp.a(alt_do_ctors.o)
 .debug_abbrev  0x00000000000011c6       0x79 ../m1_nios_bsp/\libhal_bsp.a(alt_do_dtors.o)
 .debug_abbrev  0x000000000000123f       0x5a ../m1_nios_bsp/\libhal_bsp.a(alt_errno.o)
 .debug_abbrev  0x0000000000001299       0x42 ../m1_nios_bsp/\libhal_bsp.a(alt_icache_flush_all.o)
 .debug_abbrev  0x00000000000012db      0x163 ../m1_nios_bsp/\libhal_bsp.a(alt_iic.o)
 .debug_abbrev  0x000000000000143e      0x169 ../m1_nios_bsp/\libhal_bsp.a(alt_iic_isr_register.o)
 .debug_abbrev  0x00000000000015a7      0x114 ../m1_nios_bsp/\libhal_bsp.a(alt_io_redirect.o)
 .debug_abbrev  0x00000000000016bb       0x12 ../m1_nios_bsp/\libhal_bsp.a(alt_irq_entry.o)
 .debug_abbrev  0x00000000000016cd      0x122 ../m1_nios_bsp/\libhal_bsp.a(alt_irq_handler.o)
 .debug_abbrev  0x00000000000017ef       0x40 ../m1_nios_bsp/\libhal_bsp.a(alt_irq_vars.o)
 .debug_abbrev  0x000000000000182f      0x148 ../m1_nios_bsp/\libhal_bsp.a(alt_open.o)
 .debug_abbrev  0x0000000000001977       0xde ../m1_nios_bsp/\libhal_bsp.a(alt_release_fd.o)
 .debug_abbrev  0x0000000000001a55      0x15a ../m1_nios_bsp/\libhal_bsp.a(alt_tick.o)
 .debug_abbrev  0x0000000000001baf       0x42 ../m1_nios_bsp/\libhal_bsp.a(altera_nios2_gen2_irq.o)
 .debug_abbrev  0x0000000000001bf1       0x12 ../m1_nios_bsp/\libhal_bsp.a(alt_exception_entry.o)
 .debug_abbrev  0x0000000000001c03       0xf0 ../m1_nios_bsp/\libhal_bsp.a(alt_find_dev.o)
 .debug_abbrev  0x0000000000001cf3       0xf0 ../m1_nios_bsp/\libhal_bsp.a(alt_find_file.o)
 .debug_abbrev  0x0000000000001de3      0x10d ../m1_nios_bsp/\libhal_bsp.a(alt_get_fd.o)
 .debug_abbrev  0x0000000000001ef0       0x8c ../m1_nios_bsp/\libhal_bsp.a(alt_icache_flush.o)
 .debug_abbrev  0x0000000000001f7c       0xdc ../m1_nios_bsp/\libhal_bsp.a(alt_instruction_exception_entry.o)
 .debug_abbrev  0x0000000000002058       0xaa c:/intelfpga_lite/18.1/nios2eds/bin/gnu/h-x86_64-mingw32/bin/../lib/gcc/nios2-elf/5.3.0/../../../../../H-x86_64-mingw32/nios2-elf/lib\libc.a(lib_a-atexit.o)
 .debug_abbrev  0x0000000000002102      0x1e5 c:/intelfpga_lite/18.1/nios2eds/bin/gnu/h-x86_64-mingw32/bin/../lib/gcc/nios2-elf/5.3.0/../../../../../H-x86_64-mingw32/nios2-elf/lib\libc.a(lib_a-exit.o)
 .debug_abbrev  0x00000000000022e7      0x18f c:/intelfpga_lite/18.1/nios2eds/bin/gnu/h-x86_64-mingw32/bin/../lib/gcc/nios2-elf/5.3.0/../../../../../H-x86_64-mingw32/nios2-elf/lib\libc.a(lib_a-impure.o)
 .debug_abbrev  0x0000000000002476       0x37 c:/intelfpga_lite/18.1/nios2eds/bin/gnu/h-x86_64-mingw32/bin/../lib/gcc/nios2-elf/5.3.0/../../../../../H-x86_64-mingw32/nios2-elf/lib\libc.a(lib_a-int_errno.o)
 .debug_abbrev  0x00000000000024ad       0x7f c:/intelfpga_lite/18.1/nios2eds/bin/gnu/h-x86_64-mingw32/bin/../lib/gcc/nios2-elf/5.3.0/../../../../../H-x86_64-mingw32/nios2-elf/lib\libc.a(lib_a-memcmp.o)
 .debug_abbrev  0x000000000000252c       0xa3 c:/intelfpga_lite/18.1/nios2eds/bin/gnu/h-x86_64-mingw32/bin/../lib/gcc/nios2-elf/5.3.0/../../../../../H-x86_64-mingw32/nios2-elf/lib\libc.a(lib_a-memcpy.o)
 .debug_abbrev  0x00000000000025cf       0x90 c:/intelfpga_lite/18.1/nios2eds/bin/gnu/h-x86_64-mingw32/bin/../lib/gcc/nios2-elf/5.3.0/../../../../../H-x86_64-mingw32/nios2-elf/lib\libc.a(lib_a-strlen.o)
 .debug_abbrev  0x000000000000265f      0x21e c:/intelfpga_lite/18.1/nios2eds/bin/gnu/h-x86_64-mingw32/bin/../lib/gcc/nios2-elf/5.3.0/../../../../../H-x86_64-mingw32/nios2-elf/lib\libc.a(lib_a-__atexit.o)
 .debug_abbrev  0x000000000000287d      0x22e c:/intelfpga_lite/18.1/nios2eds/bin/gnu/h-x86_64-mingw32/bin/../lib/gcc/nios2-elf/5.3.0/../../../../../H-x86_64-mingw32/nios2-elf/lib\libc.a(lib_a-__call_atexit.o)
 .debug_abbrev  0x0000000000002aab       0xa9 ../m1_nios_bsp/\libhal_bsp.a(alt_exit.o)

.debug_line     0x0000000000000000     0x2b8e
 *(.debug_line)
 .debug_line    0x0000000000000000       0x72 ../m1_nios_bsp//obj/HAL/src/crt0.o
 .debug_line    0x0000000000000072       0xb1 obj/default/SPI_controller.o
 .debug_line    0x0000000000000123       0x8e ../m1_nios_bsp/\libhal_bsp.a(alt_load.o)
 .debug_line    0x00000000000001b1       0xa4 ../m1_nios_bsp/\libhal_bsp.a(alt_main.o)
 .debug_line    0x0000000000000255      0x152 ../m1_nios_bsp/\libhal_bsp.a(alt_sys_init.o)
 .debug_line    0x00000000000003a7      0x12f ../m1_nios_bsp/\libhal_bsp.a(altera_avalon_jtag_uart_fd.o)
 .debug_line    0x00000000000004d6      0x18b ../m1_nios_bsp/\libhal_bsp.a(altera_avalon_jtag_uart_init.o)
 .debug_line    0x0000000000000661      0x131 ../m1_nios_bsp/\libhal_bsp.a(altera_avalon_jtag_uart_ioctl.o)
 .debug_line    0x0000000000000792      0x171 ../m1_nios_bsp/\libhal_bsp.a(altera_avalon_jtag_uart_read.o)
 .debug_line    0x0000000000000903      0x170 ../m1_nios_bsp/\libhal_bsp.a(altera_avalon_jtag_uart_write.o)
 .debug_line    0x0000000000000a73       0xb7 ../m1_nios_bsp/\libhal_bsp.a(altera_avalon_spi.o)
 .debug_line    0x0000000000000b2a       0xfd ../m1_nios_bsp/\libhal_bsp.a(altera_avalon_timer_sc.o)
 .debug_line    0x0000000000000c27       0xf9 ../m1_nios_bsp/\libhal_bsp.a(alt_alarm_start.o)
 .debug_line    0x0000000000000d20      0x165 ../m1_nios_bsp/\libhal_bsp.a(alt_close.o)
 .debug_line    0x0000000000000e85       0x61 ../m1_nios_bsp/\libhal_bsp.a(alt_dcache_flush_all.o)
 .debug_line    0x0000000000000ee6       0xf8 ../m1_nios_bsp/\libhal_bsp.a(alt_dev.o)
 .debug_line    0x0000000000000fde       0xcf ../m1_nios_bsp/\libhal_bsp.a(alt_dev_llist_insert.o)
 .debug_line    0x00000000000010ad       0x59 ../m1_nios_bsp/\libhal_bsp.a(alt_do_ctors.o)
 .debug_line    0x0000000000001106       0x59 ../m1_nios_bsp/\libhal_bsp.a(alt_do_dtors.o)
 .debug_line    0x000000000000115f       0x51 ../m1_nios_bsp/\libhal_bsp.a(alt_errno.o)
 .debug_line    0x00000000000011b0       0x50 ../m1_nios_bsp/\libhal_bsp.a(alt_icache_flush_all.o)
 .debug_line    0x0000000000001200       0xeb ../m1_nios_bsp/\libhal_bsp.a(alt_iic.o)
 .debug_line    0x00000000000012eb       0xdb ../m1_nios_bsp/\libhal_bsp.a(alt_iic_isr_register.o)
 .debug_line    0x00000000000013c6      0x133 ../m1_nios_bsp/\libhal_bsp.a(alt_io_redirect.o)
 .debug_line    0x00000000000014f9       0x6b ../m1_nios_bsp/\libhal_bsp.a(alt_irq_entry.o)
 .debug_line    0x0000000000001564       0xaa ../m1_nios_bsp/\libhal_bsp.a(alt_irq_handler.o)
 .debug_line    0x000000000000160e       0x50 ../m1_nios_bsp/\libhal_bsp.a(alt_irq_vars.o)
 .debug_line    0x000000000000165e      0x128 ../m1_nios_bsp/\libhal_bsp.a(alt_open.o)
 .debug_line    0x0000000000001786       0xae ../m1_nios_bsp/\libhal_bsp.a(alt_release_fd.o)
 .debug_line    0x0000000000001834       0xff ../m1_nios_bsp/\libhal_bsp.a(alt_tick.o)
 .debug_line    0x0000000000001933       0x51 ../m1_nios_bsp/\libhal_bsp.a(altera_nios2_gen2_irq.o)
 .debug_line    0x0000000000001984       0xb3 ../m1_nios_bsp/\libhal_bsp.a(alt_exception_entry.o)
 .debug_line    0x0000000000001a37       0xb5 ../m1_nios_bsp/\libhal_bsp.a(alt_find_dev.o)
 .debug_line    0x0000000000001aec       0xd1 ../m1_nios_bsp/\libhal_bsp.a(alt_find_file.o)
 .debug_line    0x0000000000001bbd       0xd4 ../m1_nios_bsp/\libhal_bsp.a(alt_get_fd.o)
 .debug_line    0x0000000000001c91       0x81 ../m1_nios_bsp/\libhal_bsp.a(alt_icache_flush.o)
 .debug_line    0x0000000000001d12       0xba ../m1_nios_bsp/\libhal_bsp.a(alt_instruction_exception_entry.o)
 .debug_line    0x0000000000001dcc       0xe4 c:/intelfpga_lite/18.1/nios2eds/bin/gnu/h-x86_64-mingw32/bin/../lib/gcc/nios2-elf/5.3.0/../../../../../H-x86_64-mingw32/nios2-elf/lib\libc.a(lib_a-atexit.o)
 .debug_line    0x0000000000001eb0      0x1f9 c:/intelfpga_lite/18.1/nios2eds/bin/gnu/h-x86_64-mingw32/bin/../lib/gcc/nios2-elf/5.3.0/../../../../../H-x86_64-mingw32/nios2-elf/lib\libc.a(lib_a-exit.o)
 .debug_line    0x00000000000020a9      0x15d c:/intelfpga_lite/18.1/nios2eds/bin/gnu/h-x86_64-mingw32/bin/../lib/gcc/nios2-elf/5.3.0/../../../../../H-x86_64-mingw32/nios2-elf/lib\libc.a(lib_a-impure.o)
 .debug_line    0x0000000000002206       0x5c c:/intelfpga_lite/18.1/nios2eds/bin/gnu/h-x86_64-mingw32/bin/../lib/gcc/nios2-elf/5.3.0/../../../../../H-x86_64-mingw32/nios2-elf/lib\libc.a(lib_a-int_errno.o)
 .debug_line    0x0000000000002262      0x173 c:/intelfpga_lite/18.1/nios2eds/bin/gnu/h-x86_64-mingw32/bin/../lib/gcc/nios2-elf/5.3.0/../../../../../H-x86_64-mingw32/nios2-elf/lib\libc.a(lib_a-memcmp.o)
 .debug_line    0x00000000000023d5      0x189 c:/intelfpga_lite/18.1/nios2eds/bin/gnu/h-x86_64-mingw32/bin/../lib/gcc/nios2-elf/5.3.0/../../../../../H-x86_64-mingw32/nios2-elf/lib\libc.a(lib_a-memcpy.o)
 .debug_line    0x000000000000255e      0x16c c:/intelfpga_lite/18.1/nios2eds/bin/gnu/h-x86_64-mingw32/bin/../lib/gcc/nios2-elf/5.3.0/../../../../../H-x86_64-mingw32/nios2-elf/lib\libc.a(lib_a-strlen.o)
 .debug_line    0x00000000000026ca      0x21c c:/intelfpga_lite/18.1/nios2eds/bin/gnu/h-x86_64-mingw32/bin/../lib/gcc/nios2-elf/5.3.0/../../../../../H-x86_64-mingw32/nios2-elf/lib\libc.a(lib_a-__atexit.o)
 .debug_line    0x00000000000028e6      0x237 c:/intelfpga_lite/18.1/nios2eds/bin/gnu/h-x86_64-mingw32/bin/../lib/gcc/nios2-elf/5.3.0/../../../../../H-x86_64-mingw32/nios2-elf/lib\libc.a(lib_a-__call_atexit.o)
 .debug_line    0x0000000000002b1d       0x71 ../m1_nios_bsp/\libhal_bsp.a(alt_exit.o)

.debug_frame    0x0000000000000000      0xb34
 *(.debug_frame)
 .debug_frame   0x0000000000000000       0x2c obj/default/SPI_controller.o
 .debug_frame   0x000000000000002c       0x5c ../m1_nios_bsp/\libhal_bsp.a(alt_load.o)
 .debug_frame   0x0000000000000088       0x2c ../m1_nios_bsp/\libhal_bsp.a(alt_main.o)
 .debug_frame   0x00000000000000b4       0x88 ../m1_nios_bsp/\libhal_bsp.a(alt_sys_init.o)
 .debug_frame   0x000000000000013c       0xb0 ../m1_nios_bsp/\libhal_bsp.a(altera_avalon_jtag_uart_fd.o)
 .debug_frame   0x00000000000001ec       0xa4 ../m1_nios_bsp/\libhal_bsp.a(altera_avalon_jtag_uart_init.o)
 .debug_frame   0x0000000000000290       0x34 ../m1_nios_bsp/\libhal_bsp.a(altera_avalon_jtag_uart_ioctl.o)
 .debug_frame   0x00000000000002c4       0x38 ../m1_nios_bsp/\libhal_bsp.a(altera_avalon_jtag_uart_read.o)
 .debug_frame   0x00000000000002fc       0x38 ../m1_nios_bsp/\libhal_bsp.a(altera_avalon_jtag_uart_write.o)
 .debug_frame   0x0000000000000334       0x34 ../m1_nios_bsp/\libhal_bsp.a(altera_avalon_spi.o)
 .debug_frame   0x0000000000000368       0x60 ../m1_nios_bsp/\libhal_bsp.a(altera_avalon_timer_sc.o)
 .debug_frame   0x00000000000003c8       0x34 ../m1_nios_bsp/\libhal_bsp.a(alt_alarm_start.o)
 .debug_frame   0x00000000000003fc       0x60 ../m1_nios_bsp/\libhal_bsp.a(alt_close.o)
 .debug_frame   0x000000000000045c       0x34 ../m1_nios_bsp/\libhal_bsp.a(alt_dcache_flush_all.o)
 .debug_frame   0x0000000000000490       0x34 ../m1_nios_bsp/\libhal_bsp.a(alt_dev.o)
 .debug_frame   0x00000000000004c4       0x60 ../m1_nios_bsp/\libhal_bsp.a(alt_dev_llist_insert.o)
 .debug_frame   0x0000000000000524       0x38 ../m1_nios_bsp/\libhal_bsp.a(alt_do_ctors.o)
 .debug_frame   0x000000000000055c       0x38 ../m1_nios_bsp/\libhal_bsp.a(alt_do_dtors.o)
 .debug_frame   0x0000000000000594       0x38 ../m1_nios_bsp/\libhal_bsp.a(alt_icache_flush_all.o)
 .debug_frame   0x00000000000005cc       0xa4 ../m1_nios_bsp/\libhal_bsp.a(alt_iic.o)
 .debug_frame   0x0000000000000670       0x38 ../m1_nios_bsp/\libhal_bsp.a(alt_iic_isr_register.o)
 .debug_frame   0x00000000000006a8       0x60 ../m1_nios_bsp/\libhal_bsp.a(alt_io_redirect.o)
 .debug_frame   0x0000000000000708       0x38 ../m1_nios_bsp/\libhal_bsp.a(alt_irq_handler.o)
 .debug_frame   0x0000000000000740       0x84 ../m1_nios_bsp/\libhal_bsp.a(alt_open.o)
 .debug_frame   0x00000000000007c4       0x34 ../m1_nios_bsp/\libhal_bsp.a(alt_release_fd.o)
 .debug_frame   0x00000000000007f8       0x5c ../m1_nios_bsp/\libhal_bsp.a(alt_tick.o)
 .debug_frame   0x0000000000000854       0x34 ../m1_nios_bsp/\libhal_bsp.a(altera_nios2_gen2_irq.o)
 .debug_frame   0x0000000000000888       0x38 ../m1_nios_bsp/\libhal_bsp.a(alt_find_dev.o)
 .debug_frame   0x00000000000008c0       0x38 ../m1_nios_bsp/\libhal_bsp.a(alt_find_file.o)
 .debug_frame   0x00000000000008f8       0x34 ../m1_nios_bsp/\libhal_bsp.a(alt_get_fd.o)
 .debug_frame   0x000000000000092c       0x34 ../m1_nios_bsp/\libhal_bsp.a(alt_icache_flush.o)
 .debug_frame   0x0000000000000960       0x5c ../m1_nios_bsp/\libhal_bsp.a(alt_instruction_exception_entry.o)
 .debug_frame   0x00000000000009bc       0x20 c:/intelfpga_lite/18.1/nios2eds/bin/gnu/h-x86_64-mingw32/bin/../lib/gcc/nios2-elf/5.3.0/../../../../../H-x86_64-mingw32/nios2-elf/lib\libc.a(lib_a-atexit.o)
 .debug_frame   0x00000000000009dc       0x28 c:/intelfpga_lite/18.1/nios2eds/bin/gnu/h-x86_64-mingw32/bin/../lib/gcc/nios2-elf/5.3.0/../../../../../H-x86_64-mingw32/nios2-elf/lib\libc.a(lib_a-exit.o)
 .debug_frame   0x0000000000000a04       0x20 c:/intelfpga_lite/18.1/nios2eds/bin/gnu/h-x86_64-mingw32/bin/../lib/gcc/nios2-elf/5.3.0/../../../../../H-x86_64-mingw32/nios2-elf/lib\libc.a(lib_a-memcmp.o)
 .debug_frame   0x0000000000000a24       0x38 c:/intelfpga_lite/18.1/nios2eds/bin/gnu/h-x86_64-mingw32/bin/../lib/gcc/nios2-elf/5.3.0/../../../../../H-x86_64-mingw32/nios2-elf/lib\libc.a(lib_a-memcpy.o)
 .debug_frame   0x0000000000000a5c       0x20 c:/intelfpga_lite/18.1/nios2eds/bin/gnu/h-x86_64-mingw32/bin/../lib/gcc/nios2-elf/5.3.0/../../../../../H-x86_64-mingw32/nios2-elf/lib\libc.a(lib_a-strlen.o)
 .debug_frame   0x0000000000000a7c       0x38 c:/intelfpga_lite/18.1/nios2eds/bin/gnu/h-x86_64-mingw32/bin/../lib/gcc/nios2-elf/5.3.0/../../../../../H-x86_64-mingw32/nios2-elf/lib\libc.a(lib_a-__atexit.o)
 .debug_frame   0x0000000000000ab4       0x54 c:/intelfpga_lite/18.1/nios2eds/bin/gnu/h-x86_64-mingw32/bin/../lib/gcc/nios2-elf/5.3.0/../../../../../H-x86_64-mingw32/nios2-elf/lib\libc.a(lib_a-__call_atexit.o)
 .debug_frame   0x0000000000000b08       0x2c ../m1_nios_bsp/\libhal_bsp.a(alt_exit.o)

.debug_str      0x0000000000000000     0x1bc4
 *(.debug_str)
 .debug_str     0x0000000000000000      0x159 obj/default/SPI_controller.o
                                        0x192 (size before relaxing)
 .debug_str     0x0000000000000159      0x158 ../m1_nios_bsp/\libhal_bsp.a(alt_load.o)
                                        0x23c (size before relaxing)
 .debug_str     0x00000000000002b1       0x70 ../m1_nios_bsp/\libhal_bsp.a(alt_main.o)
                                        0x1c7 (size before relaxing)
 .debug_str     0x0000000000000321      0x1d3 ../m1_nios_bsp/\libhal_bsp.a(alt_sys_init.o)
                                        0x3ba (size before relaxing)
 .debug_str     0x00000000000004f4       0xb9 ../m1_nios_bsp/\libhal_bsp.a(altera_avalon_jtag_uart_fd.o)
                                        0x3ce (size before relaxing)
 .debug_str     0x00000000000005ad       0xd1 ../m1_nios_bsp/\libhal_bsp.a(altera_avalon_jtag_uart_init.o)
                                        0x362 (size before relaxing)
 .debug_str     0x000000000000067e       0x4a ../m1_nios_bsp/\libhal_bsp.a(altera_avalon_jtag_uart_ioctl.o)
                                        0x2bd (size before relaxing)
 .debug_str     0x00000000000006c8       0x7f ../m1_nios_bsp/\libhal_bsp.a(altera_avalon_jtag_uart_read.o)
                                        0x312 (size before relaxing)
 .debug_str     0x0000000000000747       0x4a ../m1_nios_bsp/\libhal_bsp.a(altera_avalon_jtag_uart_write.o)
                                        0x313 (size before relaxing)
 .debug_str     0x0000000000000791       0xb3 ../m1_nios_bsp/\libhal_bsp.a(altera_avalon_spi.o)
                                        0x20a (size before relaxing)
 .debug_str     0x0000000000000844       0x6d ../m1_nios_bsp/\libhal_bsp.a(altera_avalon_timer_sc.o)
                                        0x275 (size before relaxing)
 .debug_str     0x00000000000008b1       0x59 ../m1_nios_bsp/\libhal_bsp.a(alt_alarm_start.o)
                                        0x2a8 (size before relaxing)
 .debug_str     0x000000000000090a       0x44 ../m1_nios_bsp/\libhal_bsp.a(alt_close.o)
                                        0x235 (size before relaxing)
 .debug_str     0x000000000000094e       0x34 ../m1_nios_bsp/\libhal_bsp.a(alt_dcache_flush_all.o)
                                        0x17f (size before relaxing)
 .debug_str     0x0000000000000982      0x119 ../m1_nios_bsp/\libhal_bsp.a(alt_dev.o)
                                        0x32f (size before relaxing)
 .debug_str     0x0000000000000a9b       0x34 ../m1_nios_bsp/\libhal_bsp.a(alt_dev_llist_insert.o)
                                        0x1f6 (size before relaxing)
 .debug_str     0x0000000000000acf       0x48 ../m1_nios_bsp/\libhal_bsp.a(alt_do_ctors.o)
                                         0xfa (size before relaxing)
 .debug_str     0x0000000000000b17       0x4c ../m1_nios_bsp/\libhal_bsp.a(alt_do_dtors.o)
                                         0xf9 (size before relaxing)
 .debug_str     0x0000000000000b63       0x14 ../m1_nios_bsp/\libhal_bsp.a(alt_errno.o)
                                        0x16f (size before relaxing)
 .debug_str     0x0000000000000b77       0x34 ../m1_nios_bsp/\libhal_bsp.a(alt_icache_flush_all.o)
                                        0x17f (size before relaxing)
 .debug_str     0x0000000000000bab       0xbd ../m1_nios_bsp/\libhal_bsp.a(alt_iic.o)
                                        0x268 (size before relaxing)
 .debug_str     0x0000000000000c68       0x4c ../m1_nios_bsp/\libhal_bsp.a(alt_iic_isr_register.o)
                                        0x212 (size before relaxing)
 .debug_str     0x0000000000000cb4       0x56 ../m1_nios_bsp/\libhal_bsp.a(alt_io_redirect.o)
                                        0x340 (size before relaxing)
 .debug_str     0x0000000000000d0a       0x3a ../m1_nios_bsp/\libhal_bsp.a(alt_irq_handler.o)
                                        0x1c1 (size before relaxing)
 .debug_str     0x0000000000000d44       0x17 ../m1_nios_bsp/\libhal_bsp.a(alt_irq_vars.o)
                                        0x164 (size before relaxing)
 .debug_str     0x0000000000000d5b       0x2f ../m1_nios_bsp/\libhal_bsp.a(alt_open.o)
                                        0x275 (size before relaxing)
 .debug_str     0x0000000000000d8a       0x28 ../m1_nios_bsp/\libhal_bsp.a(alt_release_fd.o)
                                        0x1fd (size before relaxing)
 .debug_str     0x0000000000000db2       0x4a ../m1_nios_bsp/\libhal_bsp.a(alt_tick.o)
                                        0x27c (size before relaxing)
 .debug_str     0x0000000000000dfc       0x3b ../m1_nios_bsp/\libhal_bsp.a(altera_nios2_gen2_irq.o)
                                        0x186 (size before relaxing)
 .debug_str     0x0000000000000e37       0x24 ../m1_nios_bsp/\libhal_bsp.a(alt_find_dev.o)
                                        0x216 (size before relaxing)
 .debug_str     0x0000000000000e5b       0x26 ../m1_nios_bsp/\libhal_bsp.a(alt_find_file.o)
                                        0x224 (size before relaxing)
 .debug_str     0x0000000000000e81       0x30 ../m1_nios_bsp/\libhal_bsp.a(alt_get_fd.o)
                                        0x246 (size before relaxing)
 .debug_str     0x0000000000000eb1       0x2c ../m1_nios_bsp/\libhal_bsp.a(alt_icache_flush.o)
                                        0x185 (size before relaxing)
 .debug_str     0x0000000000000edd      0x48b ../m1_nios_bsp/\libhal_bsp.a(alt_instruction_exception_entry.o)
                                        0x5ca (size before relaxing)
 .debug_str     0x0000000000001368      0x162 c:/intelfpga_lite/18.1/nios2eds/bin/gnu/h-x86_64-mingw32/bin/../lib/gcc/nios2-elf/5.3.0/../../../../../H-x86_64-mingw32/nios2-elf/lib\libc.a(lib_a-atexit.o)
                                        0x207 (size before relaxing)
 .debug_str     0x00000000000014ca      0x3ac c:/intelfpga_lite/18.1/nios2eds/bin/gnu/h-x86_64-mingw32/bin/../lib/gcc/nios2-elf/5.3.0/../../../../../H-x86_64-mingw32/nios2-elf/lib\libc.a(lib_a-exit.o)
                                        0x5a4 (size before relaxing)
 .debug_str     0x0000000000001876       0xc8 c:/intelfpga_lite/18.1/nios2eds/bin/gnu/h-x86_64-mingw32/bin/../lib/gcc/nios2-elf/5.3.0/../../../../../H-x86_64-mingw32/nios2-elf/lib\libc.a(lib_a-impure.o)
                                        0x59b (size before relaxing)
 .debug_str     0x000000000000193e       0x3c c:/intelfpga_lite/18.1/nios2eds/bin/gnu/h-x86_64-mingw32/bin/../lib/gcc/nios2-elf/5.3.0/../../../../../H-x86_64-mingw32/nios2-elf/lib\libc.a(lib_a-int_errno.o)
                                        0x1c3 (size before relaxing)
 .debug_str     0x000000000000197a       0xcc c:/intelfpga_lite/18.1/nios2eds/bin/gnu/h-x86_64-mingw32/bin/../lib/gcc/nios2-elf/5.3.0/../../../../../H-x86_64-mingw32/nios2-elf/lib\libc.a(lib_a-memcmp.o)
                                        0x1ca (size before relaxing)
 .debug_str     0x0000000000001a46       0x68 c:/intelfpga_lite/18.1/nios2eds/bin/gnu/h-x86_64-mingw32/bin/../lib/gcc/nios2-elf/5.3.0/../../../../../H-x86_64-mingw32/nios2-elf/lib\libc.a(lib_a-memcpy.o)
                                        0x1f1 (size before relaxing)
 .debug_str     0x0000000000001aae       0x4e c:/intelfpga_lite/18.1/nios2eds/bin/gnu/h-x86_64-mingw32/bin/../lib/gcc/nios2-elf/5.3.0/../../../../../H-x86_64-mingw32/nios2-elf/lib\libc.a(lib_a-strlen.o)
                                        0x1dd (size before relaxing)
 .debug_str     0x0000000000001afc       0x3c c:/intelfpga_lite/18.1/nios2eds/bin/gnu/h-x86_64-mingw32/bin/../lib/gcc/nios2-elf/5.3.0/../../../../../H-x86_64-mingw32/nios2-elf/lib\libc.a(lib_a-__atexit.o)
                                        0x5dc (size before relaxing)
 .debug_str     0x0000000000001b38       0x62 c:/intelfpga_lite/18.1/nios2eds/bin/gnu/h-x86_64-mingw32/bin/../lib/gcc/nios2-elf/5.3.0/../../../../../H-x86_64-mingw32/nios2-elf/lib\libc.a(lib_a-__call_atexit.o)
                                        0x5c8 (size before relaxing)
 .debug_str     0x0000000000001b9a       0x2a ../m1_nios_bsp/\libhal_bsp.a(alt_exit.o)
                                        0x17b (size before relaxing)

.debug_loc      0x0000000000000000      0x770
 *(.debug_loc)
 .debug_loc     0x0000000000000000       0x2c c:/intelfpga_lite/18.1/nios2eds/bin/gnu/h-x86_64-mingw32/bin/../lib/gcc/nios2-elf/5.3.0/../../../../../H-x86_64-mingw32/nios2-elf/lib\libc.a(lib_a-atexit.o)
 .debug_loc     0x000000000000002c       0x1e c:/intelfpga_lite/18.1/nios2eds/bin/gnu/h-x86_64-mingw32/bin/../lib/gcc/nios2-elf/5.3.0/../../../../../H-x86_64-mingw32/nios2-elf/lib\libc.a(lib_a-exit.o)
 .debug_loc     0x000000000000004a      0x126 c:/intelfpga_lite/18.1/nios2eds/bin/gnu/h-x86_64-mingw32/bin/../lib/gcc/nios2-elf/5.3.0/../../../../../H-x86_64-mingw32/nios2-elf/lib\libc.a(lib_a-memcmp.o)
 .debug_loc     0x0000000000000170      0x266 c:/intelfpga_lite/18.1/nios2eds/bin/gnu/h-x86_64-mingw32/bin/../lib/gcc/nios2-elf/5.3.0/../../../../../H-x86_64-mingw32/nios2-elf/lib\libc.a(lib_a-memcpy.o)
 .debug_loc     0x00000000000003d6       0x47 c:/intelfpga_lite/18.1/nios2eds/bin/gnu/h-x86_64-mingw32/bin/../lib/gcc/nios2-elf/5.3.0/../../../../../H-x86_64-mingw32/nios2-elf/lib\libc.a(lib_a-strlen.o)
 .debug_loc     0x000000000000041d      0x185 c:/intelfpga_lite/18.1/nios2eds/bin/gnu/h-x86_64-mingw32/bin/../lib/gcc/nios2-elf/5.3.0/../../../../../H-x86_64-mingw32/nios2-elf/lib\libc.a(lib_a-__atexit.o)
 .debug_loc     0x00000000000005a2      0x1ce c:/intelfpga_lite/18.1/nios2eds/bin/gnu/h-x86_64-mingw32/bin/../lib/gcc/nios2-elf/5.3.0/../../../../../H-x86_64-mingw32/nios2-elf/lib\libc.a(lib_a-__call_atexit.o)

.debug_macinfo
 *(.debug_macinfo)

.debug_weaknames
 *(.debug_weaknames)

.debug_funcnames
 *(.debug_funcnames)

.debug_typenames
 *(.debug_typenames)

.debug_varnames
 *(.debug_varnames)

.debug_alt_sim_info
                0x0000000000000000       0x30
 *(.debug_alt_sim_info)
 .debug_alt_sim_info
                0x0000000000000000       0x30 ../m1_nios_bsp//obj/HAL/src/crt0.o
                0x0000000004000000                __alt_data_end = 0x4000000
                0x0000000004000000                PROVIDE (__alt_stack_pointer, __alt_data_end)
                [!provide]                        PROVIDE (__alt_stack_limit, __alt_stack_base)
                [!provide]                        PROVIDE (__alt_heap_start, end)
                [!provide]                        PROVIDE (__alt_heap_limit, 0x4000000)
OUTPUT(m1_nios.elf elf32-littlenios2)

.debug_ranges   0x0000000000000000      0x178
 .debug_ranges  0x0000000000000000       0x20 ../m1_nios_bsp//obj/HAL/src/crt0.o
 .debug_ranges  0x0000000000000020       0x30 ../m1_nios_bsp/\libhal_bsp.a(altera_avalon_jtag_uart_init.o)
 .debug_ranges  0x0000000000000050       0x18 ../m1_nios_bsp/\libhal_bsp.a(altera_avalon_jtag_uart_read.o)
 .debug_ranges  0x0000000000000068       0x28 ../m1_nios_bsp/\libhal_bsp.a(alt_irq_entry.o)
 .debug_ranges  0x0000000000000090       0x10 ../m1_nios_bsp/\libhal_bsp.a(alt_irq_handler.o)
 .debug_ranges  0x00000000000000a0       0x30 ../m1_nios_bsp/\libhal_bsp.a(alt_exception_entry.o)
 .debug_ranges  0x00000000000000d0       0x18 ../m1_nios_bsp/\libhal_bsp.a(alt_instruction_exception_entry.o)
 .debug_ranges  0x00000000000000e8       0x10 c:/intelfpga_lite/18.1/nios2eds/bin/gnu/h-x86_64-mingw32/bin/../lib/gcc/nios2-elf/5.3.0/../../../../../H-x86_64-mingw32/nios2-elf/lib\libc.a(lib_a-atexit.o)
 .debug_ranges  0x00000000000000f8       0x10 c:/intelfpga_lite/18.1/nios2eds/bin/gnu/h-x86_64-mingw32/bin/../lib/gcc/nios2-elf/5.3.0/../../../../../H-x86_64-mingw32/nios2-elf/lib\libc.a(lib_a-exit.o)
 .debug_ranges  0x0000000000000108       0x10 c:/intelfpga_lite/18.1/nios2eds/bin/gnu/h-x86_64-mingw32/bin/../lib/gcc/nios2-elf/5.3.0/../../../../../H-x86_64-mingw32/nios2-elf/lib\libc.a(lib_a-memcmp.o)
 .debug_ranges  0x0000000000000118       0x10 c:/intelfpga_lite/18.1/nios2eds/bin/gnu/h-x86_64-mingw32/bin/../lib/gcc/nios2-elf/5.3.0/../../../../../H-x86_64-mingw32/nios2-elf/lib\libc.a(lib_a-memcpy.o)
 .debug_ranges  0x0000000000000128       0x10 c:/intelfpga_lite/18.1/nios2eds/bin/gnu/h-x86_64-mingw32/bin/../lib/gcc/nios2-elf/5.3.0/../../../../../H-x86_64-mingw32/nios2-elf/lib\libc.a(lib_a-strlen.o)
 .debug_ranges  0x0000000000000138       0x10 c:/intelfpga_lite/18.1/nios2eds/bin/gnu/h-x86_64-mingw32/bin/../lib/gcc/nios2-elf/5.3.0/../../../../../H-x86_64-mingw32/nios2-elf/lib\libc.a(lib_a-__atexit.o)
 .debug_ranges  0x0000000000000148       0x30 c:/intelfpga_lite/18.1/nios2eds/bin/gnu/h-x86_64-mingw32/bin/../lib/gcc/nios2-elf/5.3.0/../../../../../H-x86_64-mingw32/nios2-elf/lib\libc.a(lib_a-__call_atexit.o)
