Archive member included to satisfy reference by file (symbol)

c:/intelfpga_lite/18.1/nios2eds/bin/gnu/h-x86_64-mingw32/bin/../lib/gcc/nios2-elf/5.3.0\libgcc.a(lib2-divmod.o)
                              obj/default/test_fix.o (__divsi3)
../m1_nios_bsp/\libhal_bsp.a(alt_load.o)
                              ../m1_nios_bsp//obj/HAL/src/crt0.o (alt_load)
../m1_nios_bsp/\libhal_bsp.a(alt_main.o)
                              ../m1_nios_bsp//obj/HAL/src/crt0.o (alt_main)
../m1_nios_bsp/\libhal_bsp.a(alt_sys_init.o)
                              ../m1_nios_bsp/\libhal_bsp.a(alt_main.o) (alt_irq_init)
../m1_nios_bsp/\libhal_bsp.a(altera_avalon_jtag_uart_fd.o)
                              ../m1_nios_bsp/\libhal_bsp.a(alt_sys_init.o) (altera_avalon_jtag_uart_read_fd)
../m1_nios_bsp/\libhal_bsp.a(altera_avalon_jtag_uart_init.o)
                              ../m1_nios_bsp/\libhal_bsp.a(alt_sys_init.o) (altera_avalon_jtag_uart_init)
../m1_nios_bsp/\libhal_bsp.a(altera_avalon_jtag_uart_ioctl.o)
                              ../m1_nios_bsp/\libhal_bsp.a(altera_avalon_jtag_uart_fd.o) (altera_avalon_jtag_uart_ioctl)
../m1_nios_bsp/\libhal_bsp.a(altera_avalon_jtag_uart_read.o)
                              ../m1_nios_bsp/\libhal_bsp.a(altera_avalon_jtag_uart_fd.o) (altera_avalon_jtag_uart_read)
../m1_nios_bsp/\libhal_bsp.a(altera_avalon_jtag_uart_write.o)
                              ../m1_nios_bsp/\libhal_bsp.a(altera_avalon_jtag_uart_fd.o) (altera_avalon_jtag_uart_write)
../m1_nios_bsp/\libhal_bsp.a(altera_avalon_timer_sc.o)
                              ../m1_nios_bsp/\libhal_bsp.a(alt_sys_init.o) (alt_avalon_timer_sc_init)
../m1_nios_bsp/\libhal_bsp.a(alt_alarm_start.o)
                              ../m1_nios_bsp/\libhal_bsp.a(altera_avalon_jtag_uart_init.o) (alt_alarm_start)
../m1_nios_bsp/\libhal_bsp.a(alt_close.o)
                              ../m1_nios_bsp/\libhal_bsp.a(alt_main.o) (close)
../m1_nios_bsp/\libhal_bsp.a(alt_dcache_flush_all.o)
                              ../m1_nios_bsp/\libhal_bsp.a(alt_load.o) (alt_dcache_flush_all)
../m1_nios_bsp/\libhal_bsp.a(alt_dev.o)
                              ../m1_nios_bsp/\libhal_bsp.a(alt_sys_init.o) (alt_dev_list)
../m1_nios_bsp/\libhal_bsp.a(alt_dev_llist_insert.o)
                              ../m1_nios_bsp/\libhal_bsp.a(alt_sys_init.o) (alt_dev_llist_insert)
../m1_nios_bsp/\libhal_bsp.a(alt_do_ctors.o)
                              ../m1_nios_bsp/\libhal_bsp.a(alt_main.o) (_do_ctors)
../m1_nios_bsp/\libhal_bsp.a(alt_do_dtors.o)
                              ../m1_nios_bsp/\libhal_bsp.a(alt_main.o) (_do_dtors)
../m1_nios_bsp/\libhal_bsp.a(alt_errno.o)
                              ../m1_nios_bsp/\libhal_bsp.a(alt_close.o) (alt_errno)
../m1_nios_bsp/\libhal_bsp.a(alt_icache_flush_all.o)
                              ../m1_nios_bsp/\libhal_bsp.a(alt_load.o) (alt_icache_flush_all)
../m1_nios_bsp/\libhal_bsp.a(alt_iic.o)
                              ../m1_nios_bsp/\libhal_bsp.a(altera_avalon_jtag_uart_init.o) (alt_ic_isr_register)
../m1_nios_bsp/\libhal_bsp.a(alt_iic_isr_register.o)
                              ../m1_nios_bsp/\libhal_bsp.a(alt_iic.o) (alt_iic_isr_register)
../m1_nios_bsp/\libhal_bsp.a(alt_io_redirect.o)
                              ../m1_nios_bsp/\libhal_bsp.a(alt_main.o) (alt_io_redirect)
../m1_nios_bsp/\libhal_bsp.a(alt_irq_entry.o)
                              ../m1_nios_bsp/\libhal_bsp.a(alt_iic_isr_register.o) (alt_irq_entry)
../m1_nios_bsp/\libhal_bsp.a(alt_irq_handler.o)
                              ../m1_nios_bsp/\libhal_bsp.a(alt_iic_isr_register.o) (alt_irq)
../m1_nios_bsp/\libhal_bsp.a(alt_irq_vars.o)
                              ../m1_nios_bsp/\libhal_bsp.a(alt_iic.o) (alt_irq_active)
../m1_nios_bsp/\libhal_bsp.a(alt_open.o)
                              ../m1_nios_bsp/\libhal_bsp.a(alt_io_redirect.o) (open)
../m1_nios_bsp/\libhal_bsp.a(alt_release_fd.o)
                              ../m1_nios_bsp/\libhal_bsp.a(alt_close.o) (alt_release_fd)
../m1_nios_bsp/\libhal_bsp.a(alt_tick.o)
                              ../m1_nios_bsp/\libhal_bsp.a(altera_avalon_jtag_uart_init.o) (_alt_tick_rate)
../m1_nios_bsp/\libhal_bsp.a(altera_nios2_gen2_irq.o)
                              ../m1_nios_bsp/\libhal_bsp.a(alt_sys_init.o) (altera_nios2_gen2_irq_init)
../m1_nios_bsp/\libhal_bsp.a(alt_exception_entry.o)
                              ../m1_nios_bsp/\libhal_bsp.a(alt_irq_entry.o) (alt_exception)
../m1_nios_bsp/\libhal_bsp.a(alt_find_dev.o)
                              ../m1_nios_bsp/\libhal_bsp.a(alt_open.o) (alt_find_dev)
../m1_nios_bsp/\libhal_bsp.a(alt_find_file.o)
                              ../m1_nios_bsp/\libhal_bsp.a(alt_open.o) (alt_find_file)
../m1_nios_bsp/\libhal_bsp.a(alt_get_fd.o)
                              ../m1_nios_bsp/\libhal_bsp.a(alt_open.o) (alt_get_fd)
../m1_nios_bsp/\libhal_bsp.a(alt_icache_flush.o)
                              ../m1_nios_bsp/\libhal_bsp.a(alt_icache_flush_all.o) (alt_icache_flush)
../m1_nios_bsp/\libhal_bsp.a(alt_instruction_exception_entry.o)
                              ../m1_nios_bsp/\libhal_bsp.a(alt_exception_entry.o) (alt_instruction_exception_entry)
c:/intelfpga_lite/18.1/nios2eds/bin/gnu/h-x86_64-mingw32/bin/../lib/gcc/nios2-elf/5.3.0/../../../../../H-x86_64-mingw32/nios2-elf/lib\libc.a(lib_a-atexit.o)
                              ../m1_nios_bsp/\libhal_bsp.a(alt_main.o) (atexit)
c:/intelfpga_lite/18.1/nios2eds/bin/gnu/h-x86_64-mingw32/bin/../lib/gcc/nios2-elf/5.3.0/../../../../../H-x86_64-mingw32/nios2-elf/lib\libc.a(lib_a-exit.o)
                              ../m1_nios_bsp/\libhal_bsp.a(alt_main.o) (exit)
c:/intelfpga_lite/18.1/nios2eds/bin/gnu/h-x86_64-mingw32/bin/../lib/gcc/nios2-elf/5.3.0/../../../../../H-x86_64-mingw32/nios2-elf/lib\libc.a(lib_a-impure.o)
                              c:/intelfpga_lite/18.1/nios2eds/bin/gnu/h-x86_64-mingw32/bin/../lib/gcc/nios2-elf/5.3.0/../../../../../H-x86_64-mingw32/nios2-elf/lib\libc.a(lib_a-exit.o) (_global_impure_ptr)
c:/intelfpga_lite/18.1/nios2eds/bin/gnu/h-x86_64-mingw32/bin/../lib/gcc/nios2-elf/5.3.0/../../../../../H-x86_64-mingw32/nios2-elf/lib\libc.a(lib_a-int_errno.o)
                              ../m1_nios_bsp/\libhal_bsp.a(alt_close.o) (errno)
c:/intelfpga_lite/18.1/nios2eds/bin/gnu/h-x86_64-mingw32/bin/../lib/gcc/nios2-elf/5.3.0/../../../../../H-x86_64-mingw32/nios2-elf/lib\libc.a(lib_a-memcmp.o)
                              ../m1_nios_bsp/\libhal_bsp.a(alt_find_dev.o) (memcmp)
c:/intelfpga_lite/18.1/nios2eds/bin/gnu/h-x86_64-mingw32/bin/../lib/gcc/nios2-elf/5.3.0/../../../../../H-x86_64-mingw32/nios2-elf/lib\libc.a(lib_a-memcpy.o)
                              ../m1_nios_bsp/\libhal_bsp.a(altera_avalon_jtag_uart_read.o) (memcpy)
c:/intelfpga_lite/18.1/nios2eds/bin/gnu/h-x86_64-mingw32/bin/../lib/gcc/nios2-elf/5.3.0/../../../../../H-x86_64-mingw32/nios2-elf/lib\libc.a(lib_a-strlen.o)
                              ../m1_nios_bsp/\libhal_bsp.a(alt_find_dev.o) (strlen)
c:/intelfpga_lite/18.1/nios2eds/bin/gnu/h-x86_64-mingw32/bin/../lib/gcc/nios2-elf/5.3.0/../../../../../H-x86_64-mingw32/nios2-elf/lib\libc.a(lib_a-__atexit.o)
                              c:/intelfpga_lite/18.1/nios2eds/bin/gnu/h-x86_64-mingw32/bin/../lib/gcc/nios2-elf/5.3.0/../../../../../H-x86_64-mingw32/nios2-elf/lib\libc.a(lib_a-atexit.o) (__register_exitproc)
c:/intelfpga_lite/18.1/nios2eds/bin/gnu/h-x86_64-mingw32/bin/../lib/gcc/nios2-elf/5.3.0/../../../../../H-x86_64-mingw32/nios2-elf/lib\libc.a(lib_a-__call_atexit.o)
                              c:/intelfpga_lite/18.1/nios2eds/bin/gnu/h-x86_64-mingw32/bin/../lib/gcc/nios2-elf/5.3.0/../../../../../H-x86_64-mingw32/nios2-elf/lib\libc.a(lib_a-exit.o) (__call_exitprocs)
../m1_nios_bsp/\libhal_bsp.a(alt_exit.o)
                              c:/intelfpga_lite/18.1/nios2eds/bin/gnu/h-x86_64-mingw32/bin/../lib/gcc/nios2-elf/5.3.0/../../../../../H-x86_64-mingw32/nios2-elf/lib\libc.a(lib_a-exit.o) (_exit)

Allocating common symbols
Common symbol       size              file

alt_irq             0x100             ../m1_nios_bsp/\libhal_bsp.a(alt_irq_handler.o)
errno               0x4               c:/intelfpga_lite/18.1/nios2eds/bin/gnu/h-x86_64-mingw32/bin/../lib/gcc/nios2-elf/5.3.0/../../../../../H-x86_64-mingw32/nios2-elf/lib\libc.a(lib_a-int_errno.o)

Memory Configuration

Name             Origin             Length             Attributes
new_sdram_controller_0 0x0000000000000000 0x0000000004000000
reset            0x0000000004020000 0x0000000000000020
onchip_memory2_0 0x0000000004020020 0x0000000000018680
*default*        0x0000000000000000 0xffffffffffffffff

Linker script and memory map

LOAD ../m1_nios_bsp//obj/HAL/src/crt0.o
LOAD obj/default/SPI_controller.o
LOAD obj/default/test_fix.o
LOAD c:/intelfpga_lite/18.1/nios2eds/bin/gnu/h-x86_64-mingw32/bin/../lib/gcc/nios2-elf/5.3.0/../../../../../H-x86_64-mingw32/nios2-elf/lib\libstdc++.a
LOAD c:/intelfpga_lite/18.1/nios2eds/bin/gnu/h-x86_64-mingw32/bin/../lib/gcc/nios2-elf/5.3.0/../../../../../H-x86_64-mingw32/nios2-elf/lib\libm.a
LOAD c:/intelfpga_lite/18.1/nios2eds/bin/gnu/h-x86_64-mingw32/bin/../lib/gcc/nios2-elf/5.3.0\libgcc.a
START GROUP
LOAD c:/intelfpga_lite/18.1/nios2eds/bin/gnu/h-x86_64-mingw32/bin/../lib/gcc/nios2-elf/5.3.0/../../../../../H-x86_64-mingw32/nios2-elf/lib\libc.a
LOAD c:/intelfpga_lite/18.1/nios2eds/bin/gnu/h-x86_64-mingw32/bin/../lib/gcc/nios2-elf/5.3.0\libgcc.a
LOAD ../m1_nios_bsp/\libhal_bsp.a
LOAD c:/intelfpga_lite/18.1/nios2eds/bin/gnu/h-x86_64-mingw32/bin/../lib/gcc/nios2-elf/5.3.0/../../../../../H-x86_64-mingw32/nios2-elf/lib\libm.a
END GROUP
LOAD c:/intelfpga_lite/18.1/nios2eds/bin/gnu/h-x86_64-mingw32/bin/../lib/gcc/nios2-elf/5.3.0\libgcc.a
                0x0000000000000000                __alt_mem_new_sdram_controller_0 = 0x0
                0x0000000004020000                __alt_mem_onchip_memory2_0 = 0x4020000

.entry          0x0000000004020000       0x20
 *(.entry)
 .entry         0x0000000004020000       0x20 ../m1_nios_bsp//obj/HAL/src/crt0.o
                0x0000000004020000                __reset

.exceptions     0x0000000004020020      0x224
                0x0000000004020020                PROVIDE (__ram_exceptions_start, ABSOLUTE (.))
                0x0000000004020020                . = ALIGN (0x20)
 *(.irq)
 *(.exceptions.entry.label)
 .exceptions.entry.label
                0x0000000004020020        0x0 ../m1_nios_bsp/\libhal_bsp.a(alt_irq_entry.o)
                0x0000000004020020                alt_irq_entry
 .exceptions.entry.label
                0x0000000004020020        0x0 ../m1_nios_bsp/\libhal_bsp.a(alt_exception_entry.o)
                0x0000000004020020                alt_exception
 *(.exceptions.entry.user)
 *(.exceptions.entry.ecc_fatal)
 *(.exceptions.entry)
 .exceptions.entry
                0x0000000004020020       0x54 ../m1_nios_bsp/\libhal_bsp.a(alt_exception_entry.o)
 *(.exceptions.irqtest.user)
 *(.exceptions.irqtest)
 .exceptions.irqtest
                0x0000000004020074       0x10 ../m1_nios_bsp/\libhal_bsp.a(alt_irq_entry.o)
 *(.exceptions.irqhandler.user)
 *(.exceptions.irqhandler)
 .exceptions.irqhandler
                0x0000000004020084        0x4 ../m1_nios_bsp/\libhal_bsp.a(alt_irq_entry.o)
 *(.exceptions.irqreturn.user)
 *(.exceptions.irqreturn)
 .exceptions.irqreturn
                0x0000000004020088        0x4 ../m1_nios_bsp/\libhal_bsp.a(alt_irq_entry.o)
 *(.exceptions.notirq.label)
 .exceptions.notirq.label
                0x000000000402008c        0x0 ../m1_nios_bsp/\libhal_bsp.a(alt_irq_entry.o)
 *(.exceptions.notirq.user)
 *(.exceptions.notirq)
 .exceptions.notirq
                0x000000000402008c        0x8 ../m1_nios_bsp/\libhal_bsp.a(alt_exception_entry.o)
 *(.exceptions.soft.user)
 *(.exceptions.soft)
 *(.exceptions.unknown.user)
 *(.exceptions.unknown)
 .exceptions.unknown
                0x0000000004020094       0x14 ../m1_nios_bsp/\libhal_bsp.a(alt_exception_entry.o)
 *(.exceptions.exit.label)
 .exceptions.exit.label
                0x00000000040200a8        0x0 ../m1_nios_bsp/\libhal_bsp.a(alt_irq_entry.o)
 .exceptions.exit.label
                0x00000000040200a8        0x0 ../m1_nios_bsp/\libhal_bsp.a(alt_exception_entry.o)
 *(.exceptions.exit.user)
 *(.exceptions.exit)
 .exceptions.exit
                0x00000000040200a8       0x54 ../m1_nios_bsp/\libhal_bsp.a(alt_exception_entry.o)
 *(.exceptions)
 .exceptions    0x00000000040200fc       0xd4 ../m1_nios_bsp/\libhal_bsp.a(alt_irq_handler.o)
                0x00000000040200fc                alt_irq_handler
 .exceptions    0x00000000040201d0       0x74 ../m1_nios_bsp/\libhal_bsp.a(alt_instruction_exception_entry.o)
                0x00000000040201d0                alt_instruction_exception_entry
                0x0000000004020244                PROVIDE (__ram_exceptions_end, ABSOLUTE (.))
                0x0000000004020020                PROVIDE (__flash_exceptions_start, LOADADDR (.exceptions))

.text           0x0000000004020244     0x2630
                [!provide]                        PROVIDE (stext, ABSOLUTE (.))
 *(.interp)
 *(.hash)
 *(.dynsym)
 *(.dynstr)
 *(.gnu.version)
 *(.gnu.version_d)
 *(.gnu.version_r)
 *(.rel.init)
 *(.rela.init)
 *(.rel.text .rel.text.* .rel.gnu.linkonce.t.*)
 *(.rela.text .rela.text.* .rela.gnu.linkonce.t.*)
 *(.rel.fini)
 *(.rela.fini)
 *(.rel.rodata .rel.rodata.* .rel.gnu.linkonce.r.*)
 *(.rela.rodata .rela.rodata.* .rela.gnu.linkonce.r.*)
 *(.rel.data .rel.data.* .rel.gnu.linkonce.d.*)
 *(.rela.data .rela.data.* .rela.gnu.linkonce.d.*)
 *(.rel.tdata .rel.tdata.* .rel.gnu.linkonce.td.*)
 *(.rela.tdata .rela.tdata.* .rela.gnu.linkonce.td.*)
 *(.rel.tbss .rel.tbss.* .rel.gnu.linkonce.tb.*)
 *(.rela.tbss .rela.tbss.* .rela.gnu.linkonce.tb.*)
 *(.rel.ctors)
 *(.rela.ctors)
 *(.rel.dtors)
 *(.rela.dtors)
 *(.rel.got)
 *(.rela.got)
 *(.rel.sdata .rel.sdata.* .rel.gnu.linkonce.s.*)
 *(.rela.sdata .rela.sdata.* .rela.gnu.linkonce.s.*)
 *(.rel.sbss .rel.sbss.* .rel.gnu.linkonce.sb.*)
 *(.rela.sbss .rela.sbss.* .rela.gnu.linkonce.sb.*)
 *(.rel.sdata2 .rel.sdata2.* .rel.gnu.linkonce.s2.*)
 *(.rela.sdata2 .rela.sdata2.* .rela.gnu.linkonce.s2.*)
 *(.rel.sbss2 .rel.sbss2.* .rel.gnu.linkonce.sb2.*)
 *(.rela.sbss2 .rela.sbss2.* .rela.gnu.linkonce.sb2.*)
 *(.rel.bss .rel.bss.* .rel.gnu.linkonce.b.*)
 *(.rela.bss .rela.bss.* .rela.gnu.linkonce.b.*)
 *(.rel.plt)
 *(.rela.plt)
 *(.rel.dyn)
 *(.init)
 *(.plt)
 *(.text .stub .text.* .gnu.linkonce.t.*)
 .text          0x0000000004020244       0x4c ../m1_nios_bsp//obj/HAL/src/crt0.o
                0x0000000004020244                _start
 .text          0x0000000004020290        0x0 obj/default/SPI_controller.o
 .text          0x0000000004020290       0xe0 obj/default/test_fix.o
                0x0000000004020290                main
 .text          0x0000000004020370      0x1b4 c:/intelfpga_lite/18.1/nios2eds/bin/gnu/h-x86_64-mingw32/bin/../lib/gcc/nios2-elf/5.3.0\libgcc.a(lib2-divmod.o)
                0x0000000004020370                __divsi3
                0x00000000040203f4                __modsi3
                0x0000000004020468                __udivsi3
                0x00000000040204cc                __umodsi3
 .text          0x0000000004020524       0xec ../m1_nios_bsp/\libhal_bsp.a(alt_load.o)
                0x000000000402058c                alt_load
 .text          0x0000000004020610       0x7c ../m1_nios_bsp/\libhal_bsp.a(alt_main.o)
                0x0000000004020610                alt_main
 .text          0x000000000402068c       0xd0 ../m1_nios_bsp/\libhal_bsp.a(alt_sys_init.o)
                0x00000000040206c0                alt_irq_init
                0x00000000040206f8                alt_sys_init
 .text          0x000000000402075c      0x164 ../m1_nios_bsp/\libhal_bsp.a(altera_avalon_jtag_uart_fd.o)
                0x000000000402075c                altera_avalon_jtag_uart_read_fd
                0x00000000040207bc                altera_avalon_jtag_uart_write_fd
                0x000000000402081c                altera_avalon_jtag_uart_close_fd
                0x000000000402086c                altera_avalon_jtag_uart_ioctl_fd
 .text          0x00000000040208c0      0x3d4 ../m1_nios_bsp/\libhal_bsp.a(altera_avalon_jtag_uart_init.o)
                0x00000000040208c0                altera_avalon_jtag_uart_init
                0x0000000004020c2c                altera_avalon_jtag_uart_close
 .text          0x0000000004020c94       0xf0 ../m1_nios_bsp/\libhal_bsp.a(altera_avalon_jtag_uart_ioctl.o)
                0x0000000004020c94                altera_avalon_jtag_uart_ioctl
 .text          0x0000000004020d84      0x21c ../m1_nios_bsp/\libhal_bsp.a(altera_avalon_jtag_uart_read.o)
                0x0000000004020d84                altera_avalon_jtag_uart_read
 .text          0x0000000004020fa0      0x224 ../m1_nios_bsp/\libhal_bsp.a(altera_avalon_jtag_uart_write.o)
                0x0000000004020fa0                altera_avalon_jtag_uart_write
 .text          0x00000000040211c4       0xf4 ../m1_nios_bsp/\libhal_bsp.a(altera_avalon_timer_sc.o)
                0x000000000402123c                alt_avalon_timer_sc_init
 .text          0x00000000040212b8      0x12c ../m1_nios_bsp/\libhal_bsp.a(alt_alarm_start.o)
                0x00000000040212b8                alt_alarm_start
 .text          0x00000000040213e4      0x10c ../m1_nios_bsp/\libhal_bsp.a(alt_close.o)
                0x0000000004021420                close
 .text          0x00000000040214f0       0x48 ../m1_nios_bsp/\libhal_bsp.a(alt_dcache_flush_all.o)
                0x00000000040214f0                alt_dcache_flush_all
 .text          0x0000000004021538       0x2c ../m1_nios_bsp/\libhal_bsp.a(alt_dev.o)
 .text          0x0000000004021564       0xe0 ../m1_nios_bsp/\libhal_bsp.a(alt_dev_llist_insert.o)
                0x00000000040215a0                alt_dev_llist_insert
 .text          0x0000000004021644       0x60 ../m1_nios_bsp/\libhal_bsp.a(alt_do_ctors.o)
                0x0000000004021644                _do_ctors
 .text          0x00000000040216a4       0x60 ../m1_nios_bsp/\libhal_bsp.a(alt_do_dtors.o)
                0x00000000040216a4                _do_dtors
 .text          0x0000000004021704        0x0 ../m1_nios_bsp/\libhal_bsp.a(alt_errno.o)
 .text          0x0000000004021704       0x34 ../m1_nios_bsp/\libhal_bsp.a(alt_icache_flush_all.o)
                0x0000000004021704                alt_icache_flush_all
 .text          0x0000000004021738      0x1b0 ../m1_nios_bsp/\libhal_bsp.a(alt_iic.o)
                0x0000000004021738                alt_ic_isr_register
                0x0000000004021788                alt_ic_irq_enable
                0x0000000004021810                alt_ic_irq_disable
                0x000000000402189c                alt_ic_irq_enabled
 .text          0x00000000040218e8       0xf0 ../m1_nios_bsp/\libhal_bsp.a(alt_iic_isr_register.o)
                0x00000000040218e8                alt_iic_isr_register
 .text          0x00000000040219d8      0x140 ../m1_nios_bsp/\libhal_bsp.a(alt_io_redirect.o)
                0x0000000004021a9c                alt_io_redirect
 .text          0x0000000004021b18        0x0 ../m1_nios_bsp/\libhal_bsp.a(alt_irq_entry.o)
 .text          0x0000000004021b18        0x0 ../m1_nios_bsp/\libhal_bsp.a(alt_irq_handler.o)
 .text          0x0000000004021b18        0x0 ../m1_nios_bsp/\libhal_bsp.a(alt_irq_vars.o)
 .text          0x0000000004021b18      0x254 ../m1_nios_bsp/\libhal_bsp.a(alt_open.o)
                0x0000000004021c18                open
 .text          0x0000000004021d6c       0x64 ../m1_nios_bsp/\libhal_bsp.a(alt_release_fd.o)
                0x0000000004021d6c                alt_release_fd
 .text          0x0000000004021dd0      0x1a4 ../m1_nios_bsp/\libhal_bsp.a(alt_tick.o)
                0x0000000004021dd0                alt_alarm_stop
                0x0000000004021e6c                alt_tick
 .text          0x0000000004021f74       0x24 ../m1_nios_bsp/\libhal_bsp.a(altera_nios2_gen2_irq.o)
                0x0000000004021f74                altera_nios2_gen2_irq_init
 .text          0x0000000004021f98        0x0 ../m1_nios_bsp/\libhal_bsp.a(alt_exception_entry.o)
 .text          0x0000000004021f98       0x90 ../m1_nios_bsp/\libhal_bsp.a(alt_find_dev.o)
                0x0000000004021f98                alt_find_dev
 .text          0x0000000004022028      0x108 ../m1_nios_bsp/\libhal_bsp.a(alt_find_file.o)
                0x0000000004022028                alt_find_file
 .text          0x0000000004022130       0xa4 ../m1_nios_bsp/\libhal_bsp.a(alt_get_fd.o)
                0x0000000004022130                alt_get_fd
 .text          0x00000000040221d4       0x90 ../m1_nios_bsp/\libhal_bsp.a(alt_icache_flush.o)
                0x00000000040221d4                alt_icache_flush
 .text          0x0000000004022264       0x9c ../m1_nios_bsp/\libhal_bsp.a(alt_instruction_exception_entry.o)
                0x0000000004022264                alt_exception_cause_generated_bad_addr
 .text          0x0000000004022300        0x0 c:/intelfpga_lite/18.1/nios2eds/bin/gnu/h-x86_64-mingw32/bin/../lib/gcc/nios2-elf/5.3.0/../../../../../H-x86_64-mingw32/nios2-elf/lib\libc.a(lib_a-atexit.o)
 .text.atexit   0x0000000004022300       0x14 c:/intelfpga_lite/18.1/nios2eds/bin/gnu/h-x86_64-mingw32/bin/../lib/gcc/nios2-elf/5.3.0/../../../../../H-x86_64-mingw32/nios2-elf/lib\libc.a(lib_a-atexit.o)
                0x0000000004022300                atexit
 .text          0x0000000004022314        0x0 c:/intelfpga_lite/18.1/nios2eds/bin/gnu/h-x86_64-mingw32/bin/../lib/gcc/nios2-elf/5.3.0/../../../../../H-x86_64-mingw32/nios2-elf/lib\libc.a(lib_a-exit.o)
 .text.exit     0x0000000004022314       0x38 c:/intelfpga_lite/18.1/nios2eds/bin/gnu/h-x86_64-mingw32/bin/../lib/gcc/nios2-elf/5.3.0/../../../../../H-x86_64-mingw32/nios2-elf/lib\libc.a(lib_a-exit.o)
                0x0000000004022314                exit
 .text          0x000000000402234c        0x0 c:/intelfpga_lite/18.1/nios2eds/bin/gnu/h-x86_64-mingw32/bin/../lib/gcc/nios2-elf/5.3.0/../../../../../H-x86_64-mingw32/nios2-elf/lib\libc.a(lib_a-impure.o)
 .text          0x000000000402234c        0x0 c:/intelfpga_lite/18.1/nios2eds/bin/gnu/h-x86_64-mingw32/bin/../lib/gcc/nios2-elf/5.3.0/../../../../../H-x86_64-mingw32/nios2-elf/lib\libc.a(lib_a-int_errno.o)
 .text          0x000000000402234c        0x0 c:/intelfpga_lite/18.1/nios2eds/bin/gnu/h-x86_64-mingw32/bin/../lib/gcc/nios2-elf/5.3.0/../../../../../H-x86_64-mingw32/nios2-elf/lib\libc.a(lib_a-memcmp.o)
 .text.memcmp   0x000000000402234c       0x7c c:/intelfpga_lite/18.1/nios2eds/bin/gnu/h-x86_64-mingw32/bin/../lib/gcc/nios2-elf/5.3.0/../../../../../H-x86_64-mingw32/nios2-elf/lib\libc.a(lib_a-memcmp.o)
                0x000000000402234c                memcmp
 .text          0x00000000040223c8        0x0 c:/intelfpga_lite/18.1/nios2eds/bin/gnu/h-x86_64-mingw32/bin/../lib/gcc/nios2-elf/5.3.0/../../../../../H-x86_64-mingw32/nios2-elf/lib\libc.a(lib_a-memcpy.o)
 .text.memcpy   0x00000000040223c8      0x148 c:/intelfpga_lite/18.1/nios2eds/bin/gnu/h-x86_64-mingw32/bin/../lib/gcc/nios2-elf/5.3.0/../../../../../H-x86_64-mingw32/nios2-elf/lib\libc.a(lib_a-memcpy.o)
                0x00000000040223c8                memcpy
 .text          0x0000000004022510        0x0 c:/intelfpga_lite/18.1/nios2eds/bin/gnu/h-x86_64-mingw32/bin/../lib/gcc/nios2-elf/5.3.0/../../../../../H-x86_64-mingw32/nios2-elf/lib\libc.a(lib_a-strlen.o)
 .text.strlen   0x0000000004022510       0x98 c:/intelfpga_lite/18.1/nios2eds/bin/gnu/h-x86_64-mingw32/bin/../lib/gcc/nios2-elf/5.3.0/../../../../../H-x86_64-mingw32/nios2-elf/lib\libc.a(lib_a-strlen.o)
                0x0000000004022510                strlen
 .text          0x00000000040225a8        0x0 c:/intelfpga_lite/18.1/nios2eds/bin/gnu/h-x86_64-mingw32/bin/../lib/gcc/nios2-elf/5.3.0/../../../../../H-x86_64-mingw32/nios2-elf/lib\libc.a(lib_a-__atexit.o)
 .text.__register_exitproc
                0x00000000040225a8      0x118 c:/intelfpga_lite/18.1/nios2eds/bin/gnu/h-x86_64-mingw32/bin/../lib/gcc/nios2-elf/5.3.0/../../../../../H-x86_64-mingw32/nios2-elf/lib\libc.a(lib_a-__atexit.o)
                0x00000000040225a8                __register_exitproc
 .text          0x00000000040226c0        0x0 c:/intelfpga_lite/18.1/nios2eds/bin/gnu/h-x86_64-mingw32/bin/../lib/gcc/nios2-elf/5.3.0/../../../../../H-x86_64-mingw32/nios2-elf/lib\libc.a(lib_a-__call_atexit.o)
 .text.__call_exitprocs
                0x00000000040226c0      0x180 c:/intelfpga_lite/18.1/nios2eds/bin/gnu/h-x86_64-mingw32/bin/../lib/gcc/nios2-elf/5.3.0/../../../../../H-x86_64-mingw32/nios2-elf/lib\libc.a(lib_a-__call_atexit.o)
                0x00000000040226c0                __call_exitprocs
 .text          0x0000000004022840       0x34 ../m1_nios_bsp/\libhal_bsp.a(alt_exit.o)
                0x0000000004022840                _exit
 *(.gnu.warning.*)
 *(.fini)
                [!provide]                        PROVIDE (__etext, ABSOLUTE (.))
                [!provide]                        PROVIDE (_etext, ABSOLUTE (.))
                [!provide]                        PROVIDE (etext, ABSOLUTE (.))
 *(.eh_frame_hdr)
                0x0000000004022874                . = ALIGN (0x4)
                [!provide]                        PROVIDE (__preinit_array_start, ABSOLUTE (.))
 *(.preinit_array)
                [!provide]                        PROVIDE (__preinit_array_end, ABSOLUTE (.))
                [!provide]                        PROVIDE (__init_array_start, ABSOLUTE (.))
 *(.init_array)
                [!provide]                        PROVIDE (__init_array_end, ABSOLUTE (.))
                [!provide]                        PROVIDE (__fini_array_start, ABSOLUTE (.))
 *(.fini_array)
                [!provide]                        PROVIDE (__fini_array_end, ABSOLUTE (.))
 *(.eh_frame)
 *(.gcc_except_table .gcc_except_table.*)
 *(.dynamic)
                0x0000000004022874                PROVIDE (__CTOR_LIST__, ABSOLUTE (.))
 *(.ctors)
 *(SORT(.ctors.*))
                0x0000000004022874                PROVIDE (__CTOR_END__, ABSOLUTE (.))
                0x0000000004022874                PROVIDE (__DTOR_LIST__, ABSOLUTE (.))
 *(.dtors)
 *(SORT(.dtors.*))
                0x0000000004022874                PROVIDE (__DTOR_END__, ABSOLUTE (.))
 *(.jcr)
                0x0000000004022874                . = ALIGN (0x4)

.rodata         0x0000000000000000       0x38 load address 0x0000000004022874
                0x0000000000000000                PROVIDE (__ram_rodata_start, ABSOLUTE (.))
                0x0000000000000000                . = ALIGN (0x4)
 *(.rodata .rodata.* .gnu.linkonce.r.*)
 .rodata        0x0000000000000000       0x11 ../m1_nios_bsp/\libhal_bsp.a(alt_main.o)
 *fill*         0x0000000000000011        0x3 
 .rodata        0x0000000000000014       0x11 ../m1_nios_bsp/\libhal_bsp.a(alt_sys_init.o)
 *fill*         0x0000000000000025        0x3 
 .rodata        0x0000000000000028        0xa ../m1_nios_bsp/\libhal_bsp.a(alt_dev.o)
 *fill*         0x0000000000000032        0x2 
 .rodata.str1.4
                0x0000000000000034        0x4 c:/intelfpga_lite/18.1/nios2eds/bin/gnu/h-x86_64-mingw32/bin/../lib/gcc/nios2-elf/5.3.0/../../../../../H-x86_64-mingw32/nios2-elf/lib\libc.a(lib_a-impure.o)
                                          0x2 (size before relaxing)
 *(.rodata1)
                0x0000000000000038                . = ALIGN (0x4)
                0x0000000000000038                PROVIDE (__ram_rodata_end, ABSOLUTE (.))
                0x0000000004022874                PROVIDE (__flash_rodata_start, LOADADDR (.rodata))

.rwdata         0x0000000000000038     0x1658 load address 0x00000000040228ac
                0x0000000000000038                PROVIDE (__ram_rwdata_start, ABSOLUTE (.))
                0x0000000000000038                . = ALIGN (0x4)
 *(.got.plt)
 *(.got)
 *(.data1)
 *(.data .data.* .gnu.linkonce.d.*)
 .data          0x0000000000000038        0x0 ../m1_nios_bsp//obj/HAL/src/crt0.o
 .data          0x0000000000000038        0x0 obj/default/SPI_controller.o
 .data          0x0000000000000038        0x0 obj/default/test_fix.o
 .data          0x0000000000000038        0x0 c:/intelfpga_lite/18.1/nios2eds/bin/gnu/h-x86_64-mingw32/bin/../lib/gcc/nios2-elf/5.3.0\libgcc.a(lib2-divmod.o)
 .data          0x0000000000000038        0x0 ../m1_nios_bsp/\libhal_bsp.a(alt_load.o)
 .data          0x0000000000000038        0x0 ../m1_nios_bsp/\libhal_bsp.a(alt_main.o)
 .data          0x0000000000000038     0x1060 ../m1_nios_bsp/\libhal_bsp.a(alt_sys_init.o)
 .data          0x0000000000001098        0x0 ../m1_nios_bsp/\libhal_bsp.a(altera_avalon_jtag_uart_fd.o)
 .data          0x0000000000001098        0x0 ../m1_nios_bsp/\libhal_bsp.a(altera_avalon_jtag_uart_init.o)
 .data          0x0000000000001098        0x0 ../m1_nios_bsp/\libhal_bsp.a(altera_avalon_jtag_uart_ioctl.o)
 .data          0x0000000000001098        0x0 ../m1_nios_bsp/\libhal_bsp.a(altera_avalon_jtag_uart_read.o)
 .data          0x0000000000001098        0x0 ../m1_nios_bsp/\libhal_bsp.a(altera_avalon_jtag_uart_write.o)
 .data          0x0000000000001098        0x0 ../m1_nios_bsp/\libhal_bsp.a(altera_avalon_timer_sc.o)
 .data          0x0000000000001098        0x0 ../m1_nios_bsp/\libhal_bsp.a(alt_alarm_start.o)
 .data          0x0000000000001098        0x0 ../m1_nios_bsp/\libhal_bsp.a(alt_close.o)
 .data          0x0000000000001098        0x0 ../m1_nios_bsp/\libhal_bsp.a(alt_dcache_flush_all.o)
 .data          0x0000000000001098      0x1a8 ../m1_nios_bsp/\libhal_bsp.a(alt_dev.o)
                0x0000000000001098                alt_dev_null
                0x00000000000010c0                alt_fd_list
 .data          0x0000000000001240        0x0 ../m1_nios_bsp/\libhal_bsp.a(alt_dev_llist_insert.o)
 .data          0x0000000000001240        0x0 ../m1_nios_bsp/\libhal_bsp.a(alt_do_ctors.o)
 .data          0x0000000000001240        0x0 ../m1_nios_bsp/\libhal_bsp.a(alt_do_dtors.o)
 .data          0x0000000000001240        0x0 ../m1_nios_bsp/\libhal_bsp.a(alt_errno.o)
 .data          0x0000000000001240        0x0 ../m1_nios_bsp/\libhal_bsp.a(alt_icache_flush_all.o)
 .data          0x0000000000001240        0x0 ../m1_nios_bsp/\libhal_bsp.a(alt_iic.o)
 .data          0x0000000000001240        0x0 ../m1_nios_bsp/\libhal_bsp.a(alt_iic_isr_register.o)
 .data          0x0000000000001240        0x0 ../m1_nios_bsp/\libhal_bsp.a(alt_io_redirect.o)
 .data          0x0000000000001240        0x0 ../m1_nios_bsp/\libhal_bsp.a(alt_irq_entry.o)
 .data          0x0000000000001240        0x0 ../m1_nios_bsp/\libhal_bsp.a(alt_irq_handler.o)
 .data          0x0000000000001240        0x0 ../m1_nios_bsp/\libhal_bsp.a(alt_irq_vars.o)
 .data          0x0000000000001240        0x0 ../m1_nios_bsp/\libhal_bsp.a(alt_open.o)
 .data          0x0000000000001240        0x0 ../m1_nios_bsp/\libhal_bsp.a(alt_release_fd.o)
 .data          0x0000000000001240        0x0 ../m1_nios_bsp/\libhal_bsp.a(alt_tick.o)
 .data          0x0000000000001240        0x0 ../m1_nios_bsp/\libhal_bsp.a(altera_nios2_gen2_irq.o)
 .data          0x0000000000001240        0x0 ../m1_nios_bsp/\libhal_bsp.a(alt_exception_entry.o)
 .data          0x0000000000001240        0x0 ../m1_nios_bsp/\libhal_bsp.a(alt_find_dev.o)
 .data          0x0000000000001240        0x0 ../m1_nios_bsp/\libhal_bsp.a(alt_find_file.o)
 .data          0x0000000000001240        0x0 ../m1_nios_bsp/\libhal_bsp.a(alt_get_fd.o)
 .data          0x0000000000001240        0x0 ../m1_nios_bsp/\libhal_bsp.a(alt_icache_flush.o)
 .data          0x0000000000001240        0x0 ../m1_nios_bsp/\libhal_bsp.a(alt_instruction_exception_entry.o)
 .data          0x0000000000001240        0x0 c:/intelfpga_lite/18.1/nios2eds/bin/gnu/h-x86_64-mingw32/bin/../lib/gcc/nios2-elf/5.3.0/../../../../../H-x86_64-mingw32/nios2-elf/lib\libc.a(lib_a-atexit.o)
 .data          0x0000000000001240        0x0 c:/intelfpga_lite/18.1/nios2eds/bin/gnu/h-x86_64-mingw32/bin/../lib/gcc/nios2-elf/5.3.0/../../../../../H-x86_64-mingw32/nios2-elf/lib\libc.a(lib_a-exit.o)
 .data          0x0000000000001240        0x0 c:/intelfpga_lite/18.1/nios2eds/bin/gnu/h-x86_64-mingw32/bin/../lib/gcc/nios2-elf/5.3.0/../../../../../H-x86_64-mingw32/nios2-elf/lib\libc.a(lib_a-impure.o)
 .data.impure_data
                0x0000000000001240      0x424 c:/intelfpga_lite/18.1/nios2eds/bin/gnu/h-x86_64-mingw32/bin/../lib/gcc/nios2-elf/5.3.0/../../../../../H-x86_64-mingw32/nios2-elf/lib\libc.a(lib_a-impure.o)
 .data          0x0000000000001664        0x0 c:/intelfpga_lite/18.1/nios2eds/bin/gnu/h-x86_64-mingw32/bin/../lib/gcc/nios2-elf/5.3.0/../../../../../H-x86_64-mingw32/nios2-elf/lib\libc.a(lib_a-int_errno.o)
 .data          0x0000000000001664        0x0 c:/intelfpga_lite/18.1/nios2eds/bin/gnu/h-x86_64-mingw32/bin/../lib/gcc/nios2-elf/5.3.0/../../../../../H-x86_64-mingw32/nios2-elf/lib\libc.a(lib_a-memcmp.o)
 .data          0x0000000000001664        0x0 c:/intelfpga_lite/18.1/nios2eds/bin/gnu/h-x86_64-mingw32/bin/../lib/gcc/nios2-elf/5.3.0/../../../../../H-x86_64-mingw32/nios2-elf/lib\libc.a(lib_a-memcpy.o)
 .data          0x0000000000001664        0x0 c:/intelfpga_lite/18.1/nios2eds/bin/gnu/h-x86_64-mingw32/bin/../lib/gcc/nios2-elf/5.3.0/../../../../../H-x86_64-mingw32/nios2-elf/lib\libc.a(lib_a-strlen.o)
 .data          0x0000000000001664        0x0 c:/intelfpga_lite/18.1/nios2eds/bin/gnu/h-x86_64-mingw32/bin/../lib/gcc/nios2-elf/5.3.0/../../../../../H-x86_64-mingw32/nios2-elf/lib\libc.a(lib_a-__atexit.o)
 .data          0x0000000000001664        0x0 c:/intelfpga_lite/18.1/nios2eds/bin/gnu/h-x86_64-mingw32/bin/../lib/gcc/nios2-elf/5.3.0/../../../../../H-x86_64-mingw32/nios2-elf/lib\libc.a(lib_a-__call_atexit.o)
 .data          0x0000000000001664        0x0 ../m1_nios_bsp/\libhal_bsp.a(alt_exit.o)
                0x0000000000009664                _gp = ABSOLUTE ((. + 0x8000))
                [!provide]                        PROVIDE (gp, _gp)
 *(.rwdata .rwdata.*)
 *(.sdata .sdata.* .gnu.linkonce.s.*)
 .sdata         0x0000000000001664       0x14 ../m1_nios_bsp/\libhal_bsp.a(alt_dev.o)
                0x0000000000001664                alt_fs_list
                0x000000000000166c                alt_dev_list
                0x0000000000001674                alt_max_fd
 .sdata         0x0000000000001678        0x4 ../m1_nios_bsp/\libhal_bsp.a(alt_errno.o)
                0x0000000000001678                alt_errno
 .sdata         0x000000000000167c        0x4 ../m1_nios_bsp/\libhal_bsp.a(alt_irq_vars.o)
                0x000000000000167c                alt_priority_mask
 .sdata         0x0000000000001680        0x8 ../m1_nios_bsp/\libhal_bsp.a(alt_tick.o)
                0x0000000000001680                alt_alarm_list
 .sdata._global_impure_ptr
                0x0000000000001688        0x4 c:/intelfpga_lite/18.1/nios2eds/bin/gnu/h-x86_64-mingw32/bin/../lib/gcc/nios2-elf/5.3.0/../../../../../H-x86_64-mingw32/nios2-elf/lib\libc.a(lib_a-impure.o)
                0x0000000000001688                _global_impure_ptr
 .sdata._impure_ptr
                0x000000000000168c        0x4 c:/intelfpga_lite/18.1/nios2eds/bin/gnu/h-x86_64-mingw32/bin/../lib/gcc/nios2-elf/5.3.0/../../../../../H-x86_64-mingw32/nios2-elf/lib\libc.a(lib_a-impure.o)
                0x000000000000168c                _impure_ptr
 *(.sdata2 .sdata2.* .gnu.linkonce.s2.*)
                0x0000000000001690                . = ALIGN (0x4)
                0x0000000000001690                _edata = ABSOLUTE (.)
                [!provide]                        PROVIDE (edata, ABSOLUTE (.))
                0x0000000000001690                PROVIDE (__ram_rwdata_end, ABSOLUTE (.))
                0x00000000040228ac                PROVIDE (__flash_rwdata_start, LOADADDR (.rwdata))

.bss            0x0000000000001690      0x120 load address 0x0000000004023f04
                0x0000000000001690                __bss_start = ABSOLUTE (.)
                [!provide]                        PROVIDE (__sbss_start, ABSOLUTE (.))
                [!provide]                        PROVIDE (___sbss_start, ABSOLUTE (.))
 *(.dynsbss)
 *(.sbss .sbss.* .gnu.linkonce.sb.*)
 .sbss          0x0000000000001690        0xc ../m1_nios_bsp/\libhal_bsp.a(alt_main.o)
                0x0000000000001690                alt_argc
                0x0000000000001694                alt_argv
                0x0000000000001698                alt_envp
 .sbss          0x000000000000169c        0x4 ../m1_nios_bsp/\libhal_bsp.a(alt_irq_vars.o)
                0x000000000000169c                alt_irq_active
 .sbss          0x00000000000016a0        0x8 ../m1_nios_bsp/\libhal_bsp.a(alt_tick.o)
                0x00000000000016a0                _alt_tick_rate
                0x00000000000016a4                _alt_nticks
 .sbss          0x00000000000016a8        0x4 ../m1_nios_bsp/\libhal_bsp.a(alt_instruction_exception_entry.o)
                0x00000000000016a8                alt_instruction_exception_handler
 .sbss          0x00000000000016ac        0x4 c:/intelfpga_lite/18.1/nios2eds/bin/gnu/h-x86_64-mingw32/bin/../lib/gcc/nios2-elf/5.3.0/../../../../../H-x86_64-mingw32/nios2-elf/lib\libc.a(lib_a-int_errno.o)
                0x00000000000016ac                errno
 *(.sbss2 .sbss2.* .gnu.linkonce.sb2.*)
 *(.scommon)
                [!provide]                        PROVIDE (__sbss_end, ABSOLUTE (.))
                [!provide]                        PROVIDE (___sbss_end, ABSOLUTE (.))
 *(.dynbss)
 *(.bss .bss.* .gnu.linkonce.b.*)
 .bss           0x00000000000016b0        0x0 ../m1_nios_bsp//obj/HAL/src/crt0.o
 .bss           0x00000000000016b0        0x0 obj/default/SPI_controller.o
 .bss           0x00000000000016b0        0x0 obj/default/test_fix.o
 .bss           0x00000000000016b0        0x0 c:/intelfpga_lite/18.1/nios2eds/bin/gnu/h-x86_64-mingw32/bin/../lib/gcc/nios2-elf/5.3.0\libgcc.a(lib2-divmod.o)
 .bss           0x00000000000016b0        0x0 ../m1_nios_bsp/\libhal_bsp.a(alt_load.o)
 .bss           0x00000000000016b0        0x0 ../m1_nios_bsp/\libhal_bsp.a(alt_main.o)
 .bss           0x00000000000016b0        0x0 ../m1_nios_bsp/\libhal_bsp.a(alt_sys_init.o)
 .bss           0x00000000000016b0        0x0 ../m1_nios_bsp/\libhal_bsp.a(altera_avalon_jtag_uart_fd.o)
 .bss           0x00000000000016b0        0x0 ../m1_nios_bsp/\libhal_bsp.a(altera_avalon_jtag_uart_init.o)
 .bss           0x00000000000016b0        0x0 ../m1_nios_bsp/\libhal_bsp.a(altera_avalon_jtag_uart_ioctl.o)
 .bss           0x00000000000016b0        0x0 ../m1_nios_bsp/\libhal_bsp.a(altera_avalon_jtag_uart_read.o)
 .bss           0x00000000000016b0        0x0 ../m1_nios_bsp/\libhal_bsp.a(altera_avalon_jtag_uart_write.o)
 .bss           0x00000000000016b0        0x0 ../m1_nios_bsp/\libhal_bsp.a(altera_avalon_timer_sc.o)
 .bss           0x00000000000016b0        0x0 ../m1_nios_bsp/\libhal_bsp.a(alt_alarm_start.o)
 .bss           0x00000000000016b0        0x0 ../m1_nios_bsp/\libhal_bsp.a(alt_close.o)
 .bss           0x00000000000016b0        0x0 ../m1_nios_bsp/\libhal_bsp.a(alt_dcache_flush_all.o)
 .bss           0x00000000000016b0        0x0 ../m1_nios_bsp/\libhal_bsp.a(alt_dev.o)
 .bss           0x00000000000016b0        0x0 ../m1_nios_bsp/\libhal_bsp.a(alt_dev_llist_insert.o)
 .bss           0x00000000000016b0        0x0 ../m1_nios_bsp/\libhal_bsp.a(alt_do_ctors.o)
 .bss           0x00000000000016b0        0x0 ../m1_nios_bsp/\libhal_bsp.a(alt_do_dtors.o)
 .bss           0x00000000000016b0        0x0 ../m1_nios_bsp/\libhal_bsp.a(alt_errno.o)
 .bss           0x00000000000016b0        0x0 ../m1_nios_bsp/\libhal_bsp.a(alt_icache_flush_all.o)
 .bss           0x00000000000016b0        0x0 ../m1_nios_bsp/\libhal_bsp.a(alt_iic.o)
 .bss           0x00000000000016b0        0x0 ../m1_nios_bsp/\libhal_bsp.a(alt_iic_isr_register.o)
 .bss           0x00000000000016b0        0x0 ../m1_nios_bsp/\libhal_bsp.a(alt_io_redirect.o)
 .bss           0x00000000000016b0        0x0 ../m1_nios_bsp/\libhal_bsp.a(alt_irq_entry.o)
 .bss           0x00000000000016b0        0x0 ../m1_nios_bsp/\libhal_bsp.a(alt_irq_handler.o)
 .bss           0x00000000000016b0        0x0 ../m1_nios_bsp/\libhal_bsp.a(alt_irq_vars.o)
 .bss           0x00000000000016b0        0x0 ../m1_nios_bsp/\libhal_bsp.a(alt_open.o)
 .bss           0x00000000000016b0        0x0 ../m1_nios_bsp/\libhal_bsp.a(alt_release_fd.o)
 .bss           0x00000000000016b0        0x0 ../m1_nios_bsp/\libhal_bsp.a(alt_tick.o)
 .bss           0x00000000000016b0        0x0 ../m1_nios_bsp/\libhal_bsp.a(altera_nios2_gen2_irq.o)
 .bss           0x00000000000016b0        0x0 ../m1_nios_bsp/\libhal_bsp.a(alt_exception_entry.o)
 .bss           0x00000000000016b0        0x0 ../m1_nios_bsp/\libhal_bsp.a(alt_find_dev.o)
 .bss           0x00000000000016b0        0x0 ../m1_nios_bsp/\libhal_bsp.a(alt_find_file.o)
 .bss           0x00000000000016b0        0x0 ../m1_nios_bsp/\libhal_bsp.a(alt_get_fd.o)
 .bss           0x00000000000016b0        0x0 ../m1_nios_bsp/\libhal_bsp.a(alt_icache_flush.o)
 .bss           0x00000000000016b0        0x0 ../m1_nios_bsp/\libhal_bsp.a(alt_instruction_exception_entry.o)
 .bss           0x00000000000016b0        0x0 c:/intelfpga_lite/18.1/nios2eds/bin/gnu/h-x86_64-mingw32/bin/../lib/gcc/nios2-elf/5.3.0/../../../../../H-x86_64-mingw32/nios2-elf/lib\libc.a(lib_a-atexit.o)
 .bss           0x00000000000016b0        0x0 c:/intelfpga_lite/18.1/nios2eds/bin/gnu/h-x86_64-mingw32/bin/../lib/gcc/nios2-elf/5.3.0/../../../../../H-x86_64-mingw32/nios2-elf/lib\libc.a(lib_a-exit.o)
 .bss           0x00000000000016b0        0x0 c:/intelfpga_lite/18.1/nios2eds/bin/gnu/h-x86_64-mingw32/bin/../lib/gcc/nios2-elf/5.3.0/../../../../../H-x86_64-mingw32/nios2-elf/lib\libc.a(lib_a-impure.o)
 .bss           0x00000000000016b0        0x0 c:/intelfpga_lite/18.1/nios2eds/bin/gnu/h-x86_64-mingw32/bin/../lib/gcc/nios2-elf/5.3.0/../../../../../H-x86_64-mingw32/nios2-elf/lib\libc.a(lib_a-int_errno.o)
 .bss           0x00000000000016b0        0x0 c:/intelfpga_lite/18.1/nios2eds/bin/gnu/h-x86_64-mingw32/bin/../lib/gcc/nios2-elf/5.3.0/../../../../../H-x86_64-mingw32/nios2-elf/lib\libc.a(lib_a-memcmp.o)
 .bss           0x00000000000016b0        0x0 c:/intelfpga_lite/18.1/nios2eds/bin/gnu/h-x86_64-mingw32/bin/../lib/gcc/nios2-elf/5.3.0/../../../../../H-x86_64-mingw32/nios2-elf/lib\libc.a(lib_a-memcpy.o)
 .bss           0x00000000000016b0        0x0 c:/intelfpga_lite/18.1/nios2eds/bin/gnu/h-x86_64-mingw32/bin/../lib/gcc/nios2-elf/5.3.0/../../../../../H-x86_64-mingw32/nios2-elf/lib\libc.a(lib_a-strlen.o)
 .bss           0x00000000000016b0        0x0 c:/intelfpga_lite/18.1/nios2eds/bin/gnu/h-x86_64-mingw32/bin/../lib/gcc/nios2-elf/5.3.0/../../../../../H-x86_64-mingw32/nios2-elf/lib\libc.a(lib_a-__atexit.o)
 .bss           0x00000000000016b0        0x0 c:/intelfpga_lite/18.1/nios2eds/bin/gnu/h-x86_64-mingw32/bin/../lib/gcc/nios2-elf/5.3.0/../../../../../H-x86_64-mingw32/nios2-elf/lib\libc.a(lib_a-__call_atexit.o)
 .bss           0x00000000000016b0        0x0 ../m1_nios_bsp/\libhal_bsp.a(alt_exit.o)
 *(COMMON)
 COMMON         0x00000000000016b0      0x100 ../m1_nios_bsp/\libhal_bsp.a(alt_irq_handler.o)
                0x00000000000016b0                alt_irq
                0x00000000000017b0                . = ALIGN (0x4)
                0x00000000000017b0                __bss_end = ABSOLUTE (.)

.new_sdram_controller_0
                0x00000000000017b0        0x0 load address 0x0000000004023f04
                [!provide]                        PROVIDE (_alt_partition_new_sdram_controller_0_start, ABSOLUTE (.))
 *(.new_sdram_controller_0 .new_sdram_controller_0. new_sdram_controller_0.*)
                0x00000000000017b0                . = ALIGN (0x4)
                [!provide]                        PROVIDE (_alt_partition_new_sdram_controller_0_end, ABSOLUTE (.))
                0x00000000000017b0                _end = ABSOLUTE (.)
                0x00000000000017b0                end = ABSOLUTE (.)
                0x00000000000017b0                __alt_stack_base = ABSOLUTE (.)
                [!provide]                        PROVIDE (_alt_partition_new_sdram_controller_0_load_addr, LOADADDR (.new_sdram_controller_0))

.onchip_memory2_0
                0x0000000004023f04        0x0
                [!provide]                        PROVIDE (_alt_partition_onchip_memory2_0_start, ABSOLUTE (.))
 *(.onchip_memory2_0 .onchip_memory2_0. onchip_memory2_0.*)
                0x0000000004023f04                . = ALIGN (0x4)
                [!provide]                        PROVIDE (_alt_partition_onchip_memory2_0_end, ABSOLUTE (.))
                [!provide]                        PROVIDE (_alt_partition_onchip_memory2_0_load_addr, LOADADDR (.onchip_memory2_0))

.stab
 *(.stab)

.stabstr
 *(.stabstr)

.stab.excl
 *(.stab.excl)

.stab.exclstr
 *(.stab.exclstr)

.stab.index
 *(.stab.index)

.stab.indexstr
 *(.stab.indexstr)

.comment        0x0000000000000000       0x23
 *(.comment)
 .comment       0x0000000000000000       0x23 obj/default/SPI_controller.o
                                         0x24 (size before relaxing)
 .comment       0x0000000000000023       0x24 obj/default/test_fix.o
 .comment       0x0000000000000023       0x24 c:/intelfpga_lite/18.1/nios2eds/bin/gnu/h-x86_64-mingw32/bin/../lib/gcc/nios2-elf/5.3.0\libgcc.a(lib2-divmod.o)
 .comment       0x0000000000000023       0x24 ../m1_nios_bsp/\libhal_bsp.a(alt_load.o)
 .comment       0x0000000000000023       0x24 ../m1_nios_bsp/\libhal_bsp.a(alt_main.o)
 .comment       0x0000000000000023       0x24 ../m1_nios_bsp/\libhal_bsp.a(alt_sys_init.o)
 .comment       0x0000000000000023       0x24 ../m1_nios_bsp/\libhal_bsp.a(altera_avalon_jtag_uart_fd.o)
 .comment       0x0000000000000023       0x24 ../m1_nios_bsp/\libhal_bsp.a(altera_avalon_jtag_uart_init.o)
 .comment       0x0000000000000023       0x24 ../m1_nios_bsp/\libhal_bsp.a(altera_avalon_jtag_uart_ioctl.o)
 .comment       0x0000000000000023       0x24 ../m1_nios_bsp/\libhal_bsp.a(altera_avalon_jtag_uart_read.o)
 .comment       0x0000000000000023       0x24 ../m1_nios_bsp/\libhal_bsp.a(altera_avalon_jtag_uart_write.o)
 .comment       0x0000000000000023       0x24 ../m1_nios_bsp/\libhal_bsp.a(altera_avalon_timer_sc.o)
 .comment       0x0000000000000023       0x24 ../m1_nios_bsp/\libhal_bsp.a(alt_alarm_start.o)
 .comment       0x0000000000000023       0x24 ../m1_nios_bsp/\libhal_bsp.a(alt_close.o)
 .comment       0x0000000000000023       0x24 ../m1_nios_bsp/\libhal_bsp.a(alt_dcache_flush_all.o)
 .comment       0x0000000000000023       0x24 ../m1_nios_bsp/\libhal_bsp.a(alt_dev.o)
 .comment       0x0000000000000023       0x24 ../m1_nios_bsp/\libhal_bsp.a(alt_dev_llist_insert.o)
 .comment       0x0000000000000023       0x24 ../m1_nios_bsp/\libhal_bsp.a(alt_do_ctors.o)
 .comment       0x0000000000000023       0x24 ../m1_nios_bsp/\libhal_bsp.a(alt_do_dtors.o)
 .comment       0x0000000000000023       0x24 ../m1_nios_bsp/\libhal_bsp.a(alt_errno.o)
 .comment       0x0000000000000023       0x24 ../m1_nios_bsp/\libhal_bsp.a(alt_icache_flush_all.o)
 .comment       0x0000000000000023       0x24 ../m1_nios_bsp/\libhal_bsp.a(alt_iic.o)
 .comment       0x0000000000000023       0x24 ../m1_nios_bsp/\libhal_bsp.a(alt_iic_isr_register.o)
 .comment       0x0000000000000023       0x24 ../m1_nios_bsp/\libhal_bsp.a(alt_io_redirect.o)
 .comment       0x0000000000000023       0x24 ../m1_nios_bsp/\libhal_bsp.a(alt_irq_handler.o)
 .comment       0x0000000000000023       0x24 ../m1_nios_bsp/\libhal_bsp.a(alt_irq_vars.o)
 .comment       0x0000000000000023       0x24 ../m1_nios_bsp/\libhal_bsp.a(alt_open.o)
 .comment       0x0000000000000023       0x24 ../m1_nios_bsp/\libhal_bsp.a(alt_release_fd.o)
 .comment       0x0000000000000023       0x24 ../m1_nios_bsp/\libhal_bsp.a(alt_tick.o)
 .comment       0x0000000000000023       0x24 ../m1_nios_bsp/\libhal_bsp.a(altera_nios2_gen2_irq.o)
 .comment       0x0000000000000023       0x24 ../m1_nios_bsp/\libhal_bsp.a(alt_find_dev.o)
 .comment       0x0000000000000023       0x24 ../m1_nios_bsp/\libhal_bsp.a(alt_find_file.o)
 .comment       0x0000000000000023       0x24 ../m1_nios_bsp/\libhal_bsp.a(alt_get_fd.o)
 .comment       0x0000000000000023       0x24 ../m1_nios_bsp/\libhal_bsp.a(alt_icache_flush.o)
 .comment       0x0000000000000023       0x24 ../m1_nios_bsp/\libhal_bsp.a(alt_instruction_exception_entry.o)
 .comment       0x0000000000000023       0x24 c:/intelfpga_lite/18.1/nios2eds/bin/gnu/h-x86_64-mingw32/bin/../lib/gcc/nios2-elf/5.3.0/../../../../../H-x86_64-mingw32/nios2-elf/lib\libc.a(lib_a-atexit.o)
 .comment       0x0000000000000023       0x24 c:/intelfpga_lite/18.1/nios2eds/bin/gnu/h-x86_64-mingw32/bin/../lib/gcc/nios2-elf/5.3.0/../../../../../H-x86_64-mingw32/nios2-elf/lib\libc.a(lib_a-exit.o)
 .comment       0x0000000000000023       0x24 c:/intelfpga_lite/18.1/nios2eds/bin/gnu/h-x86_64-mingw32/bin/../lib/gcc/nios2-elf/5.3.0/../../../../../H-x86_64-mingw32/nios2-elf/lib\libc.a(lib_a-impure.o)
 .comment       0x0000000000000023       0x24 c:/intelfpga_lite/18.1/nios2eds/bin/gnu/h-x86_64-mingw32/bin/../lib/gcc/nios2-elf/5.3.0/../../../../../H-x86_64-mingw32/nios2-elf/lib\libc.a(lib_a-int_errno.o)
 .comment       0x0000000000000023       0x24 c:/intelfpga_lite/18.1/nios2eds/bin/gnu/h-x86_64-mingw32/bin/../lib/gcc/nios2-elf/5.3.0/../../../../../H-x86_64-mingw32/nios2-elf/lib\libc.a(lib_a-memcmp.o)
 .comment       0x0000000000000023       0x24 c:/intelfpga_lite/18.1/nios2eds/bin/gnu/h-x86_64-mingw32/bin/../lib/gcc/nios2-elf/5.3.0/../../../../../H-x86_64-mingw32/nios2-elf/lib\libc.a(lib_a-memcpy.o)
 .comment       0x0000000000000023       0x24 c:/intelfpga_lite/18.1/nios2eds/bin/gnu/h-x86_64-mingw32/bin/../lib/gcc/nios2-elf/5.3.0/../../../../../H-x86_64-mingw32/nios2-elf/lib\libc.a(lib_a-strlen.o)
 .comment       0x0000000000000023       0x24 c:/intelfpga_lite/18.1/nios2eds/bin/gnu/h-x86_64-mingw32/bin/../lib/gcc/nios2-elf/5.3.0/../../../../../H-x86_64-mingw32/nios2-elf/lib\libc.a(lib_a-__atexit.o)
 .comment       0x0000000000000023       0x24 c:/intelfpga_lite/18.1/nios2eds/bin/gnu/h-x86_64-mingw32/bin/../lib/gcc/nios2-elf/5.3.0/../../../../../H-x86_64-mingw32/nios2-elf/lib\libc.a(lib_a-__call_atexit.o)
 .comment       0x0000000000000023       0x24 ../m1_nios_bsp/\libhal_bsp.a(alt_exit.o)

.debug
 *(.debug)

.line
 *(.line)

.debug_srcinfo
 *(.debug_srcinfo)

.debug_sfnames
 *(.debug_sfnames)

.debug_aranges  0x0000000000000000      0x610
 *(.debug_aranges)
 .debug_aranges
                0x0000000000000000       0x28 ../m1_nios_bsp//obj/HAL/src/crt0.o
 .debug_aranges
                0x0000000000000028       0x18 obj/default/SPI_controller.o
 .debug_aranges
                0x0000000000000040       0x20 obj/default/test_fix.o
 .debug_aranges
                0x0000000000000060       0x20 c:/intelfpga_lite/18.1/nios2eds/bin/gnu/h-x86_64-mingw32/bin/../lib/gcc/nios2-elf/5.3.0\libgcc.a(lib2-divmod.o)
 .debug_aranges
                0x0000000000000080       0x20 ../m1_nios_bsp/\libhal_bsp.a(alt_load.o)
 .debug_aranges
                0x00000000000000a0       0x20 ../m1_nios_bsp/\libhal_bsp.a(alt_main.o)
 .debug_aranges
                0x00000000000000c0       0x20 ../m1_nios_bsp/\libhal_bsp.a(alt_sys_init.o)
 .debug_aranges
                0x00000000000000e0       0x20 ../m1_nios_bsp/\libhal_bsp.a(altera_avalon_jtag_uart_fd.o)
 .debug_aranges
                0x0000000000000100       0x20 ../m1_nios_bsp/\libhal_bsp.a(altera_avalon_jtag_uart_init.o)
 .debug_aranges
                0x0000000000000120       0x20 ../m1_nios_bsp/\libhal_bsp.a(altera_avalon_jtag_uart_ioctl.o)
 .debug_aranges
                0x0000000000000140       0x20 ../m1_nios_bsp/\libhal_bsp.a(altera_avalon_jtag_uart_read.o)
 .debug_aranges
                0x0000000000000160       0x20 ../m1_nios_bsp/\libhal_bsp.a(altera_avalon_jtag_uart_write.o)
 .debug_aranges
                0x0000000000000180       0x20 ../m1_nios_bsp/\libhal_bsp.a(altera_avalon_timer_sc.o)
 .debug_aranges
                0x00000000000001a0       0x20 ../m1_nios_bsp/\libhal_bsp.a(alt_alarm_start.o)
 .debug_aranges
                0x00000000000001c0       0x20 ../m1_nios_bsp/\libhal_bsp.a(alt_close.o)
 .debug_aranges
                0x00000000000001e0       0x20 ../m1_nios_bsp/\libhal_bsp.a(alt_dcache_flush_all.o)
 .debug_aranges
                0x0000000000000200       0x20 ../m1_nios_bsp/\libhal_bsp.a(alt_dev.o)
 .debug_aranges
                0x0000000000000220       0x20 ../m1_nios_bsp/\libhal_bsp.a(alt_dev_llist_insert.o)
 .debug_aranges
                0x0000000000000240       0x20 ../m1_nios_bsp/\libhal_bsp.a(alt_do_ctors.o)
 .debug_aranges
                0x0000000000000260       0x20 ../m1_nios_bsp/\libhal_bsp.a(alt_do_dtors.o)
 .debug_aranges
                0x0000000000000280       0x18 ../m1_nios_bsp/\libhal_bsp.a(alt_errno.o)
 .debug_aranges
                0x0000000000000298       0x20 ../m1_nios_bsp/\libhal_bsp.a(alt_icache_flush_all.o)
 .debug_aranges
                0x00000000000002b8       0x20 ../m1_nios_bsp/\libhal_bsp.a(alt_iic.o)
 .debug_aranges
                0x00000000000002d8       0x20 ../m1_nios_bsp/\libhal_bsp.a(alt_iic_isr_register.o)
 .debug_aranges
                0x00000000000002f8       0x20 ../m1_nios_bsp/\libhal_bsp.a(alt_io_redirect.o)
 .debug_aranges
                0x0000000000000318       0x30 ../m1_nios_bsp/\libhal_bsp.a(alt_irq_entry.o)
 .debug_aranges
                0x0000000000000348       0x20 ../m1_nios_bsp/\libhal_bsp.a(alt_irq_handler.o)
 .debug_aranges
                0x0000000000000368       0x18 ../m1_nios_bsp/\libhal_bsp.a(alt_irq_vars.o)
 .debug_aranges
                0x0000000000000380       0x20 ../m1_nios_bsp/\libhal_bsp.a(alt_open.o)
 .debug_aranges
                0x00000000000003a0       0x20 ../m1_nios_bsp/\libhal_bsp.a(alt_release_fd.o)
 .debug_aranges
                0x00000000000003c0       0x20 ../m1_nios_bsp/\libhal_bsp.a(alt_tick.o)
 .debug_aranges
                0x00000000000003e0       0x20 ../m1_nios_bsp/\libhal_bsp.a(altera_nios2_gen2_irq.o)
 .debug_aranges
                0x0000000000000400       0x38 ../m1_nios_bsp/\libhal_bsp.a(alt_exception_entry.o)
 .debug_aranges
                0x0000000000000438       0x20 ../m1_nios_bsp/\libhal_bsp.a(alt_find_dev.o)
 .debug_aranges
                0x0000000000000458       0x20 ../m1_nios_bsp/\libhal_bsp.a(alt_find_file.o)
 .debug_aranges
                0x0000000000000478       0x20 ../m1_nios_bsp/\libhal_bsp.a(alt_get_fd.o)
 .debug_aranges
                0x0000000000000498       0x20 ../m1_nios_bsp/\libhal_bsp.a(alt_icache_flush.o)
 .debug_aranges
                0x00000000000004b8       0x28 ../m1_nios_bsp/\libhal_bsp.a(alt_instruction_exception_entry.o)
 .debug_aranges
                0x00000000000004e0       0x20 c:/intelfpga_lite/18.1/nios2eds/bin/gnu/h-x86_64-mingw32/bin/../lib/gcc/nios2-elf/5.3.0/../../../../../H-x86_64-mingw32/nios2-elf/lib\libc.a(lib_a-atexit.o)
 .debug_aranges
                0x0000000000000500       0x20 c:/intelfpga_lite/18.1/nios2eds/bin/gnu/h-x86_64-mingw32/bin/../lib/gcc/nios2-elf/5.3.0/../../../../../H-x86_64-mingw32/nios2-elf/lib\libc.a(lib_a-exit.o)
 .debug_aranges
                0x0000000000000520       0x18 c:/intelfpga_lite/18.1/nios2eds/bin/gnu/h-x86_64-mingw32/bin/../lib/gcc/nios2-elf/5.3.0/../../../../../H-x86_64-mingw32/nios2-elf/lib\libc.a(lib_a-impure.o)
 .debug_aranges
                0x0000000000000538       0x18 c:/intelfpga_lite/18.1/nios2eds/bin/gnu/h-x86_64-mingw32/bin/../lib/gcc/nios2-elf/5.3.0/../../../../../H-x86_64-mingw32/nios2-elf/lib\libc.a(lib_a-int_errno.o)
 .debug_aranges
                0x0000000000000550       0x20 c:/intelfpga_lite/18.1/nios2eds/bin/gnu/h-x86_64-mingw32/bin/../lib/gcc/nios2-elf/5.3.0/../../../../../H-x86_64-mingw32/nios2-elf/lib\libc.a(lib_a-memcmp.o)
 .debug_aranges
                0x0000000000000570       0x20 c:/intelfpga_lite/18.1/nios2eds/bin/gnu/h-x86_64-mingw32/bin/../lib/gcc/nios2-elf/5.3.0/../../../../../H-x86_64-mingw32/nios2-elf/lib\libc.a(lib_a-memcpy.o)
 .debug_aranges
                0x0000000000000590       0x20 c:/intelfpga_lite/18.1/nios2eds/bin/gnu/h-x86_64-mingw32/bin/../lib/gcc/nios2-elf/5.3.0/../../../../../H-x86_64-mingw32/nios2-elf/lib\libc.a(lib_a-strlen.o)
 .debug_aranges
                0x00000000000005b0       0x20 c:/intelfpga_lite/18.1/nios2eds/bin/gnu/h-x86_64-mingw32/bin/../lib/gcc/nios2-elf/5.3.0/../../../../../H-x86_64-mingw32/nios2-elf/lib\libc.a(lib_a-__atexit.o)
 .debug_aranges
                0x00000000000005d0       0x20 c:/intelfpga_lite/18.1/nios2eds/bin/gnu/h-x86_64-mingw32/bin/../lib/gcc/nios2-elf/5.3.0/../../../../../H-x86_64-mingw32/nios2-elf/lib\libc.a(lib_a-__call_atexit.o)
 .debug_aranges
                0x00000000000005f0       0x20 ../m1_nios_bsp/\libhal_bsp.a(alt_exit.o)

.debug_pubnames
 *(.debug_pubnames)

.debug_info     0x0000000000000000     0x7b62
 *(.debug_info .gnu.linkonce.wi.*)
 .debug_info    0x0000000000000000       0x9b ../m1_nios_bsp//obj/HAL/src/crt0.o
 .debug_info    0x000000000000009b       0x6b obj/default/SPI_controller.o
 .debug_info    0x0000000000000106       0xee obj/default/test_fix.o
 .debug_info    0x00000000000001f4      0x2c6 c:/intelfpga_lite/18.1/nios2eds/bin/gnu/h-x86_64-mingw32/bin/../lib/gcc/nios2-elf/5.3.0\libgcc.a(lib2-divmod.o)
 .debug_info    0x00000000000004ba      0x145 ../m1_nios_bsp/\libhal_bsp.a(alt_load.o)
 .debug_info    0x00000000000005ff      0x131 ../m1_nios_bsp/\libhal_bsp.a(alt_main.o)
 .debug_info    0x0000000000000730      0x4d9 ../m1_nios_bsp/\libhal_bsp.a(alt_sys_init.o)
 .debug_info    0x0000000000000c09      0x52e ../m1_nios_bsp/\libhal_bsp.a(altera_avalon_jtag_uart_fd.o)
 .debug_info    0x0000000000001137      0x3a0 ../m1_nios_bsp/\libhal_bsp.a(altera_avalon_jtag_uart_init.o)
 .debug_info    0x00000000000014d7      0x280 ../m1_nios_bsp/\libhal_bsp.a(altera_avalon_jtag_uart_ioctl.o)
 .debug_info    0x0000000000001757      0x345 ../m1_nios_bsp/\libhal_bsp.a(altera_avalon_jtag_uart_read.o)
 .debug_info    0x0000000000001a9c      0x340 ../m1_nios_bsp/\libhal_bsp.a(altera_avalon_jtag_uart_write.o)
 .debug_info    0x0000000000001ddc      0x226 ../m1_nios_bsp/\libhal_bsp.a(altera_avalon_timer_sc.o)
 .debug_info    0x0000000000002002      0x2cc ../m1_nios_bsp/\libhal_bsp.a(alt_alarm_start.o)
 .debug_info    0x00000000000022ce      0x321 ../m1_nios_bsp/\libhal_bsp.a(alt_close.o)
 .debug_info    0x00000000000025ef       0xa5 ../m1_nios_bsp/\libhal_bsp.a(alt_dcache_flush_all.o)
 .debug_info    0x0000000000002694      0x49c ../m1_nios_bsp/\libhal_bsp.a(alt_dev.o)
 .debug_info    0x0000000000002b30      0x1a9 ../m1_nios_bsp/\libhal_bsp.a(alt_dev_llist_insert.o)
 .debug_info    0x0000000000002cd9       0x83 ../m1_nios_bsp/\libhal_bsp.a(alt_do_ctors.o)
 .debug_info    0x0000000000002d5c       0x83 ../m1_nios_bsp/\libhal_bsp.a(alt_do_dtors.o)
 .debug_info    0x0000000000002ddf       0xa6 ../m1_nios_bsp/\libhal_bsp.a(alt_errno.o)
 .debug_info    0x0000000000002e85       0x92 ../m1_nios_bsp/\libhal_bsp.a(alt_icache_flush_all.o)
 .debug_info    0x0000000000002f17      0x350 ../m1_nios_bsp/\libhal_bsp.a(alt_iic.o)
 .debug_info    0x0000000000003267      0x1ef ../m1_nios_bsp/\libhal_bsp.a(alt_iic_isr_register.o)
 .debug_info    0x0000000000003456      0x4a5 ../m1_nios_bsp/\libhal_bsp.a(alt_io_redirect.o)
 .debug_info    0x00000000000038fb       0xa4 ../m1_nios_bsp/\libhal_bsp.a(alt_irq_entry.o)
 .debug_info    0x000000000000399f      0x187 ../m1_nios_bsp/\libhal_bsp.a(alt_irq_handler.o)
 .debug_info    0x0000000000003b26       0x88 ../m1_nios_bsp/\libhal_bsp.a(alt_irq_vars.o)
 .debug_info    0x0000000000003bae      0x3bb ../m1_nios_bsp/\libhal_bsp.a(alt_open.o)
 .debug_info    0x0000000000003f69      0x2b0 ../m1_nios_bsp/\libhal_bsp.a(alt_release_fd.o)
 .debug_info    0x0000000000004219      0x299 ../m1_nios_bsp/\libhal_bsp.a(alt_tick.o)
 .debug_info    0x00000000000044b2       0x92 ../m1_nios_bsp/\libhal_bsp.a(altera_nios2_gen2_irq.o)
 .debug_info    0x0000000000004544       0xaa ../m1_nios_bsp/\libhal_bsp.a(alt_exception_entry.o)
 .debug_info    0x00000000000045ee      0x2e9 ../m1_nios_bsp/\libhal_bsp.a(alt_find_dev.o)
 .debug_info    0x00000000000048d7      0x2e6 ../m1_nios_bsp/\libhal_bsp.a(alt_find_file.o)
 .debug_info    0x0000000000004bbd      0x310 ../m1_nios_bsp/\libhal_bsp.a(alt_get_fd.o)
 .debug_info    0x0000000000004ecd       0xdc ../m1_nios_bsp/\libhal_bsp.a(alt_icache_flush.o)
 .debug_info    0x0000000000004fa9      0x1e7 ../m1_nios_bsp/\libhal_bsp.a(alt_instruction_exception_entry.o)
 .debug_info    0x0000000000005190       0xfe c:/intelfpga_lite/18.1/nios2eds/bin/gnu/h-x86_64-mingw32/bin/../lib/gcc/nios2-elf/5.3.0/../../../../../H-x86_64-mingw32/nios2-elf/lib\libc.a(lib_a-atexit.o)
 .debug_info    0x000000000000528e      0x8e4 c:/intelfpga_lite/18.1/nios2eds/bin/gnu/h-x86_64-mingw32/bin/../lib/gcc/nios2-elf/5.3.0/../../../../../H-x86_64-mingw32/nios2-elf/lib\libc.a(lib_a-exit.o)
 .debug_info    0x0000000000005b72      0x8a1 c:/intelfpga_lite/18.1/nios2eds/bin/gnu/h-x86_64-mingw32/bin/../lib/gcc/nios2-elf/5.3.0/../../../../../H-x86_64-mingw32/nios2-elf/lib\libc.a(lib_a-impure.o)
 .debug_info    0x0000000000006413       0x8a c:/intelfpga_lite/18.1/nios2eds/bin/gnu/h-x86_64-mingw32/bin/../lib/gcc/nios2-elf/5.3.0/../../../../../H-x86_64-mingw32/nios2-elf/lib\libc.a(lib_a-int_errno.o)
 .debug_info    0x000000000000649d      0x11a c:/intelfpga_lite/18.1/nios2eds/bin/gnu/h-x86_64-mingw32/bin/../lib/gcc/nios2-elf/5.3.0/../../../../../H-x86_64-mingw32/nios2-elf/lib\libc.a(lib_a-memcmp.o)
 .debug_info    0x00000000000065b7      0x144 c:/intelfpga_lite/18.1/nios2eds/bin/gnu/h-x86_64-mingw32/bin/../lib/gcc/nios2-elf/5.3.0/../../../../../H-x86_64-mingw32/nios2-elf/lib\libc.a(lib_a-memcpy.o)
 .debug_info    0x00000000000066fb       0xe2 c:/intelfpga_lite/18.1/nios2eds/bin/gnu/h-x86_64-mingw32/bin/../lib/gcc/nios2-elf/5.3.0/../../../../../H-x86_64-mingw32/nios2-elf/lib\libc.a(lib_a-strlen.o)
 .debug_info    0x00000000000067dd      0x934 c:/intelfpga_lite/18.1/nios2eds/bin/gnu/h-x86_64-mingw32/bin/../lib/gcc/nios2-elf/5.3.0/../../../../../H-x86_64-mingw32/nios2-elf/lib\libc.a(lib_a-__atexit.o)
 .debug_info    0x0000000000007111      0x965 c:/intelfpga_lite/18.1/nios2eds/bin/gnu/h-x86_64-mingw32/bin/../lib/gcc/nios2-elf/5.3.0/../../../../../H-x86_64-mingw32/nios2-elf/lib\libc.a(lib_a-__call_atexit.o)
 .debug_info    0x0000000000007a76       0xec ../m1_nios_bsp/\libhal_bsp.a(alt_exit.o)

.debug_abbrev   0x0000000000000000     0x2bec
 *(.debug_abbrev)
 .debug_abbrev  0x0000000000000000       0x12 ../m1_nios_bsp//obj/HAL/src/crt0.o
 .debug_abbrev  0x0000000000000012       0x26 obj/default/SPI_controller.o
 .debug_abbrev  0x0000000000000038       0x7a obj/default/test_fix.o
 .debug_abbrev  0x00000000000000b2      0x10e c:/intelfpga_lite/18.1/nios2eds/bin/gnu/h-x86_64-mingw32/bin/../lib/gcc/nios2-elf/5.3.0\libgcc.a(lib2-divmod.o)
 .debug_abbrev  0x00000000000001c0       0x9f ../m1_nios_bsp/\libhal_bsp.a(alt_load.o)
 .debug_abbrev  0x000000000000025f       0xba ../m1_nios_bsp/\libhal_bsp.a(alt_main.o)
 .debug_abbrev  0x0000000000000319      0x187 ../m1_nios_bsp/\libhal_bsp.a(alt_sys_init.o)
 .debug_abbrev  0x00000000000004a0      0x127 ../m1_nios_bsp/\libhal_bsp.a(altera_avalon_jtag_uart_fd.o)
 .debug_abbrev  0x00000000000005c7      0x19e ../m1_nios_bsp/\libhal_bsp.a(altera_avalon_jtag_uart_init.o)
 .debug_abbrev  0x0000000000000765      0x111 ../m1_nios_bsp/\libhal_bsp.a(altera_avalon_jtag_uart_ioctl.o)
 .debug_abbrev  0x0000000000000876      0x1aa ../m1_nios_bsp/\libhal_bsp.a(altera_avalon_jtag_uart_read.o)
 .debug_abbrev  0x0000000000000a20      0x1a8 ../m1_nios_bsp/\libhal_bsp.a(altera_avalon_jtag_uart_write.o)
 .debug_abbrev  0x0000000000000bc8      0x155 ../m1_nios_bsp/\libhal_bsp.a(altera_avalon_timer_sc.o)
 .debug_abbrev  0x0000000000000d1d      0x162 ../m1_nios_bsp/\libhal_bsp.a(alt_alarm_start.o)
 .debug_abbrev  0x0000000000000e7f      0x11f ../m1_nios_bsp/\libhal_bsp.a(alt_close.o)
 .debug_abbrev  0x0000000000000f9e       0x5a ../m1_nios_bsp/\libhal_bsp.a(alt_dcache_flush_all.o)
 .debug_abbrev  0x0000000000000ff8       0xd9 ../m1_nios_bsp/\libhal_bsp.a(alt_dev.o)
 .debug_abbrev  0x00000000000010d1      0x114 ../m1_nios_bsp/\libhal_bsp.a(alt_dev_llist_insert.o)
 .debug_abbrev  0x00000000000011e5       0x79 ../m1_nios_bsp/\libhal_bsp.a(alt_do_ctors.o)
 .debug_abbrev  0x000000000000125e       0x79 ../m1_nios_bsp/\libhal_bsp.a(alt_do_dtors.o)
 .debug_abbrev  0x00000000000012d7       0x5a ../m1_nios_bsp/\libhal_bsp.a(alt_errno.o)
 .debug_abbrev  0x0000000000001331       0x42 ../m1_nios_bsp/\libhal_bsp.a(alt_icache_flush_all.o)
 .debug_abbrev  0x0000000000001373      0x163 ../m1_nios_bsp/\libhal_bsp.a(alt_iic.o)
 .debug_abbrev  0x00000000000014d6      0x169 ../m1_nios_bsp/\libhal_bsp.a(alt_iic_isr_register.o)
 .debug_abbrev  0x000000000000163f      0x114 ../m1_nios_bsp/\libhal_bsp.a(alt_io_redirect.o)
 .debug_abbrev  0x0000000000001753       0x12 ../m1_nios_bsp/\libhal_bsp.a(alt_irq_entry.o)
 .debug_abbrev  0x0000000000001765      0x122 ../m1_nios_bsp/\libhal_bsp.a(alt_irq_handler.o)
 .debug_abbrev  0x0000000000001887       0x40 ../m1_nios_bsp/\libhal_bsp.a(alt_irq_vars.o)
 .debug_abbrev  0x00000000000018c7      0x148 ../m1_nios_bsp/\libhal_bsp.a(alt_open.o)
 .debug_abbrev  0x0000000000001a0f       0xde ../m1_nios_bsp/\libhal_bsp.a(alt_release_fd.o)
 .debug_abbrev  0x0000000000001aed      0x15a ../m1_nios_bsp/\libhal_bsp.a(alt_tick.o)
 .debug_abbrev  0x0000000000001c47       0x42 ../m1_nios_bsp/\libhal_bsp.a(altera_nios2_gen2_irq.o)
 .debug_abbrev  0x0000000000001c89       0x12 ../m1_nios_bsp/\libhal_bsp.a(alt_exception_entry.o)
 .debug_abbrev  0x0000000000001c9b       0xf0 ../m1_nios_bsp/\libhal_bsp.a(alt_find_dev.o)
 .debug_abbrev  0x0000000000001d8b       0xf0 ../m1_nios_bsp/\libhal_bsp.a(alt_find_file.o)
 .debug_abbrev  0x0000000000001e7b      0x10d ../m1_nios_bsp/\libhal_bsp.a(alt_get_fd.o)
 .debug_abbrev  0x0000000000001f88       0x8c ../m1_nios_bsp/\libhal_bsp.a(alt_icache_flush.o)
 .debug_abbrev  0x0000000000002014       0xdc ../m1_nios_bsp/\libhal_bsp.a(alt_instruction_exception_entry.o)
 .debug_abbrev  0x00000000000020f0       0xaa c:/intelfpga_lite/18.1/nios2eds/bin/gnu/h-x86_64-mingw32/bin/../lib/gcc/nios2-elf/5.3.0/../../../../../H-x86_64-mingw32/nios2-elf/lib\libc.a(lib_a-atexit.o)
 .debug_abbrev  0x000000000000219a      0x1e5 c:/intelfpga_lite/18.1/nios2eds/bin/gnu/h-x86_64-mingw32/bin/../lib/gcc/nios2-elf/5.3.0/../../../../../H-x86_64-mingw32/nios2-elf/lib\libc.a(lib_a-exit.o)
 .debug_abbrev  0x000000000000237f      0x18f c:/intelfpga_lite/18.1/nios2eds/bin/gnu/h-x86_64-mingw32/bin/../lib/gcc/nios2-elf/5.3.0/../../../../../H-x86_64-mingw32/nios2-elf/lib\libc.a(lib_a-impure.o)
 .debug_abbrev  0x000000000000250e       0x37 c:/intelfpga_lite/18.1/nios2eds/bin/gnu/h-x86_64-mingw32/bin/../lib/gcc/nios2-elf/5.3.0/../../../../../H-x86_64-mingw32/nios2-elf/lib\libc.a(lib_a-int_errno.o)
 .debug_abbrev  0x0000000000002545       0x7f c:/intelfpga_lite/18.1/nios2eds/bin/gnu/h-x86_64-mingw32/bin/../lib/gcc/nios2-elf/5.3.0/../../../../../H-x86_64-mingw32/nios2-elf/lib\libc.a(lib_a-memcmp.o)
 .debug_abbrev  0x00000000000025c4       0xa3 c:/intelfpga_lite/18.1/nios2eds/bin/gnu/h-x86_64-mingw32/bin/../lib/gcc/nios2-elf/5.3.0/../../../../../H-x86_64-mingw32/nios2-elf/lib\libc.a(lib_a-memcpy.o)
 .debug_abbrev  0x0000000000002667       0x90 c:/intelfpga_lite/18.1/nios2eds/bin/gnu/h-x86_64-mingw32/bin/../lib/gcc/nios2-elf/5.3.0/../../../../../H-x86_64-mingw32/nios2-elf/lib\libc.a(lib_a-strlen.o)
 .debug_abbrev  0x00000000000026f7      0x21e c:/intelfpga_lite/18.1/nios2eds/bin/gnu/h-x86_64-mingw32/bin/../lib/gcc/nios2-elf/5.3.0/../../../../../H-x86_64-mingw32/nios2-elf/lib\libc.a(lib_a-__atexit.o)
 .debug_abbrev  0x0000000000002915      0x22e c:/intelfpga_lite/18.1/nios2eds/bin/gnu/h-x86_64-mingw32/bin/../lib/gcc/nios2-elf/5.3.0/../../../../../H-x86_64-mingw32/nios2-elf/lib\libc.a(lib_a-__call_atexit.o)
 .debug_abbrev  0x0000000000002b43       0xa9 ../m1_nios_bsp/\libhal_bsp.a(alt_exit.o)

.debug_line     0x0000000000000000     0x2be4
 *(.debug_line)
 .debug_line    0x0000000000000000       0x72 ../m1_nios_bsp//obj/HAL/src/crt0.o
 .debug_line    0x0000000000000072       0x1d obj/default/SPI_controller.o
 .debug_line    0x000000000000008f       0x9f obj/default/test_fix.o
 .debug_line    0x000000000000012e      0x102 c:/intelfpga_lite/18.1/nios2eds/bin/gnu/h-x86_64-mingw32/bin/../lib/gcc/nios2-elf/5.3.0\libgcc.a(lib2-divmod.o)
 .debug_line    0x0000000000000230       0x8e ../m1_nios_bsp/\libhal_bsp.a(alt_load.o)
 .debug_line    0x00000000000002be       0xa4 ../m1_nios_bsp/\libhal_bsp.a(alt_main.o)
 .debug_line    0x0000000000000362      0x152 ../m1_nios_bsp/\libhal_bsp.a(alt_sys_init.o)
 .debug_line    0x00000000000004b4      0x12f ../m1_nios_bsp/\libhal_bsp.a(altera_avalon_jtag_uart_fd.o)
 .debug_line    0x00000000000005e3      0x18b ../m1_nios_bsp/\libhal_bsp.a(altera_avalon_jtag_uart_init.o)
 .debug_line    0x000000000000076e      0x131 ../m1_nios_bsp/\libhal_bsp.a(altera_avalon_jtag_uart_ioctl.o)
 .debug_line    0x000000000000089f      0x171 ../m1_nios_bsp/\libhal_bsp.a(altera_avalon_jtag_uart_read.o)
 .debug_line    0x0000000000000a10      0x170 ../m1_nios_bsp/\libhal_bsp.a(altera_avalon_jtag_uart_write.o)
 .debug_line    0x0000000000000b80       0xfd ../m1_nios_bsp/\libhal_bsp.a(altera_avalon_timer_sc.o)
 .debug_line    0x0000000000000c7d       0xf9 ../m1_nios_bsp/\libhal_bsp.a(alt_alarm_start.o)
 .debug_line    0x0000000000000d76      0x165 ../m1_nios_bsp/\libhal_bsp.a(alt_close.o)
 .debug_line    0x0000000000000edb       0x61 ../m1_nios_bsp/\libhal_bsp.a(alt_dcache_flush_all.o)
 .debug_line    0x0000000000000f3c       0xf8 ../m1_nios_bsp/\libhal_bsp.a(alt_dev.o)
 .debug_line    0x0000000000001034       0xcf ../m1_nios_bsp/\libhal_bsp.a(alt_dev_llist_insert.o)
 .debug_line    0x0000000000001103       0x59 ../m1_nios_bsp/\libhal_bsp.a(alt_do_ctors.o)
 .debug_line    0x000000000000115c       0x59 ../m1_nios_bsp/\libhal_bsp.a(alt_do_dtors.o)
 .debug_line    0x00000000000011b5       0x51 ../m1_nios_bsp/\libhal_bsp.a(alt_errno.o)
 .debug_line    0x0000000000001206       0x50 ../m1_nios_bsp/\libhal_bsp.a(alt_icache_flush_all.o)
 .debug_line    0x0000000000001256       0xeb ../m1_nios_bsp/\libhal_bsp.a(alt_iic.o)
 .debug_line    0x0000000000001341       0xdb ../m1_nios_bsp/\libhal_bsp.a(alt_iic_isr_register.o)
 .debug_line    0x000000000000141c      0x133 ../m1_nios_bsp/\libhal_bsp.a(alt_io_redirect.o)
 .debug_line    0x000000000000154f       0x6b ../m1_nios_bsp/\libhal_bsp.a(alt_irq_entry.o)
 .debug_line    0x00000000000015ba       0xaa ../m1_nios_bsp/\libhal_bsp.a(alt_irq_handler.o)
 .debug_line    0x0000000000001664       0x50 ../m1_nios_bsp/\libhal_bsp.a(alt_irq_vars.o)
 .debug_line    0x00000000000016b4      0x128 ../m1_nios_bsp/\libhal_bsp.a(alt_open.o)
 .debug_line    0x00000000000017dc       0xae ../m1_nios_bsp/\libhal_bsp.a(alt_release_fd.o)
 .debug_line    0x000000000000188a       0xff ../m1_nios_bsp/\libhal_bsp.a(alt_tick.o)
 .debug_line    0x0000000000001989       0x51 ../m1_nios_bsp/\libhal_bsp.a(altera_nios2_gen2_irq.o)
 .debug_line    0x00000000000019da       0xb3 ../m1_nios_bsp/\libhal_bsp.a(alt_exception_entry.o)
 .debug_line    0x0000000000001a8d       0xb5 ../m1_nios_bsp/\libhal_bsp.a(alt_find_dev.o)
 .debug_line    0x0000000000001b42       0xd1 ../m1_nios_bsp/\libhal_bsp.a(alt_find_file.o)
 .debug_line    0x0000000000001c13       0xd4 ../m1_nios_bsp/\libhal_bsp.a(alt_get_fd.o)
 .debug_line    0x0000000000001ce7       0x81 ../m1_nios_bsp/\libhal_bsp.a(alt_icache_flush.o)
 .debug_line    0x0000000000001d68       0xba ../m1_nios_bsp/\libhal_bsp.a(alt_instruction_exception_entry.o)
 .debug_line    0x0000000000001e22       0xe4 c:/intelfpga_lite/18.1/nios2eds/bin/gnu/h-x86_64-mingw32/bin/../lib/gcc/nios2-elf/5.3.0/../../../../../H-x86_64-mingw32/nios2-elf/lib\libc.a(lib_a-atexit.o)
 .debug_line    0x0000000000001f06      0x1f9 c:/intelfpga_lite/18.1/nios2eds/bin/gnu/h-x86_64-mingw32/bin/../lib/gcc/nios2-elf/5.3.0/../../../../../H-x86_64-mingw32/nios2-elf/lib\libc.a(lib_a-exit.o)
 .debug_line    0x00000000000020ff      0x15d c:/intelfpga_lite/18.1/nios2eds/bin/gnu/h-x86_64-mingw32/bin/../lib/gcc/nios2-elf/5.3.0/../../../../../H-x86_64-mingw32/nios2-elf/lib\libc.a(lib_a-impure.o)
 .debug_line    0x000000000000225c       0x5c c:/intelfpga_lite/18.1/nios2eds/bin/gnu/h-x86_64-mingw32/bin/../lib/gcc/nios2-elf/5.3.0/../../../../../H-x86_64-mingw32/nios2-elf/lib\libc.a(lib_a-int_errno.o)
 .debug_line    0x00000000000022b8      0x173 c:/intelfpga_lite/18.1/nios2eds/bin/gnu/h-x86_64-mingw32/bin/../lib/gcc/nios2-elf/5.3.0/../../../../../H-x86_64-mingw32/nios2-elf/lib\libc.a(lib_a-memcmp.o)
 .debug_line    0x000000000000242b      0x189 c:/intelfpga_lite/18.1/nios2eds/bin/gnu/h-x86_64-mingw32/bin/../lib/gcc/nios2-elf/5.3.0/../../../../../H-x86_64-mingw32/nios2-elf/lib\libc.a(lib_a-memcpy.o)
 .debug_line    0x00000000000025b4      0x16c c:/intelfpga_lite/18.1/nios2eds/bin/gnu/h-x86_64-mingw32/bin/../lib/gcc/nios2-elf/5.3.0/../../../../../H-x86_64-mingw32/nios2-elf/lib\libc.a(lib_a-strlen.o)
 .debug_line    0x0000000000002720      0x21c c:/intelfpga_lite/18.1/nios2eds/bin/gnu/h-x86_64-mingw32/bin/../lib/gcc/nios2-elf/5.3.0/../../../../../H-x86_64-mingw32/nios2-elf/lib\libc.a(lib_a-__atexit.o)
 .debug_line    0x000000000000293c      0x237 c:/intelfpga_lite/18.1/nios2eds/bin/gnu/h-x86_64-mingw32/bin/../lib/gcc/nios2-elf/5.3.0/../../../../../H-x86_64-mingw32/nios2-elf/lib\libc.a(lib_a-__call_atexit.o)
 .debug_line    0x0000000000002b73       0x71 ../m1_nios_bsp/\libhal_bsp.a(alt_exit.o)

.debug_frame    0x0000000000000000      0xb54
 *(.debug_frame)
 .debug_frame   0x0000000000000000       0x30 obj/default/test_fix.o
 .debug_frame   0x0000000000000030       0x50 c:/intelfpga_lite/18.1/nios2eds/bin/gnu/h-x86_64-mingw32/bin/../lib/gcc/nios2-elf/5.3.0\libgcc.a(lib2-divmod.o)
 .debug_frame   0x0000000000000080       0x5c ../m1_nios_bsp/\libhal_bsp.a(alt_load.o)
 .debug_frame   0x00000000000000dc       0x2c ../m1_nios_bsp/\libhal_bsp.a(alt_main.o)
 .debug_frame   0x0000000000000108       0x88 ../m1_nios_bsp/\libhal_bsp.a(alt_sys_init.o)
 .debug_frame   0x0000000000000190       0xb0 ../m1_nios_bsp/\libhal_bsp.a(altera_avalon_jtag_uart_fd.o)
 .debug_frame   0x0000000000000240       0xa4 ../m1_nios_bsp/\libhal_bsp.a(altera_avalon_jtag_uart_init.o)
 .debug_frame   0x00000000000002e4       0x34 ../m1_nios_bsp/\libhal_bsp.a(altera_avalon_jtag_uart_ioctl.o)
 .debug_frame   0x0000000000000318       0x38 ../m1_nios_bsp/\libhal_bsp.a(altera_avalon_jtag_uart_read.o)
 .debug_frame   0x0000000000000350       0x38 ../m1_nios_bsp/\libhal_bsp.a(altera_avalon_jtag_uart_write.o)
 .debug_frame   0x0000000000000388       0x60 ../m1_nios_bsp/\libhal_bsp.a(altera_avalon_timer_sc.o)
 .debug_frame   0x00000000000003e8       0x34 ../m1_nios_bsp/\libhal_bsp.a(alt_alarm_start.o)
 .debug_frame   0x000000000000041c       0x60 ../m1_nios_bsp/\libhal_bsp.a(alt_close.o)
 .debug_frame   0x000000000000047c       0x34 ../m1_nios_bsp/\libhal_bsp.a(alt_dcache_flush_all.o)
 .debug_frame   0x00000000000004b0       0x34 ../m1_nios_bsp/\libhal_bsp.a(alt_dev.o)
 .debug_frame   0x00000000000004e4       0x60 ../m1_nios_bsp/\libhal_bsp.a(alt_dev_llist_insert.o)
 .debug_frame   0x0000000000000544       0x38 ../m1_nios_bsp/\libhal_bsp.a(alt_do_ctors.o)
 .debug_frame   0x000000000000057c       0x38 ../m1_nios_bsp/\libhal_bsp.a(alt_do_dtors.o)
 .debug_frame   0x00000000000005b4       0x38 ../m1_nios_bsp/\libhal_bsp.a(alt_icache_flush_all.o)
 .debug_frame   0x00000000000005ec       0xa4 ../m1_nios_bsp/\libhal_bsp.a(alt_iic.o)
 .debug_frame   0x0000000000000690       0x38 ../m1_nios_bsp/\libhal_bsp.a(alt_iic_isr_register.o)
 .debug_frame   0x00000000000006c8       0x60 ../m1_nios_bsp/\libhal_bsp.a(alt_io_redirect.o)
 .debug_frame   0x0000000000000728       0x38 ../m1_nios_bsp/\libhal_bsp.a(alt_irq_handler.o)
 .debug_frame   0x0000000000000760       0x84 ../m1_nios_bsp/\libhal_bsp.a(alt_open.o)
 .debug_frame   0x00000000000007e4       0x34 ../m1_nios_bsp/\libhal_bsp.a(alt_release_fd.o)
 .debug_frame   0x0000000000000818       0x5c ../m1_nios_bsp/\libhal_bsp.a(alt_tick.o)
 .debug_frame   0x0000000000000874       0x34 ../m1_nios_bsp/\libhal_bsp.a(altera_nios2_gen2_irq.o)
 .debug_frame   0x00000000000008a8       0x38 ../m1_nios_bsp/\libhal_bsp.a(alt_find_dev.o)
 .debug_frame   0x00000000000008e0       0x38 ../m1_nios_bsp/\libhal_bsp.a(alt_find_file.o)
 .debug_frame   0x0000000000000918       0x34 ../m1_nios_bsp/\libhal_bsp.a(alt_get_fd.o)
 .debug_frame   0x000000000000094c       0x34 ../m1_nios_bsp/\libhal_bsp.a(alt_icache_flush.o)
 .debug_frame   0x0000000000000980       0x5c ../m1_nios_bsp/\libhal_bsp.a(alt_instruction_exception_entry.o)
 .debug_frame   0x00000000000009dc       0x20 c:/intelfpga_lite/18.1/nios2eds/bin/gnu/h-x86_64-mingw32/bin/../lib/gcc/nios2-elf/5.3.0/../../../../../H-x86_64-mingw32/nios2-elf/lib\libc.a(lib_a-atexit.o)
 .debug_frame   0x00000000000009fc       0x28 c:/intelfpga_lite/18.1/nios2eds/bin/gnu/h-x86_64-mingw32/bin/../lib/gcc/nios2-elf/5.3.0/../../../../../H-x86_64-mingw32/nios2-elf/lib\libc.a(lib_a-exit.o)
 .debug_frame   0x0000000000000a24       0x20 c:/intelfpga_lite/18.1/nios2eds/bin/gnu/h-x86_64-mingw32/bin/../lib/gcc/nios2-elf/5.3.0/../../../../../H-x86_64-mingw32/nios2-elf/lib\libc.a(lib_a-memcmp.o)
 .debug_frame   0x0000000000000a44       0x38 c:/intelfpga_lite/18.1/nios2eds/bin/gnu/h-x86_64-mingw32/bin/../lib/gcc/nios2-elf/5.3.0/../../../../../H-x86_64-mingw32/nios2-elf/lib\libc.a(lib_a-memcpy.o)
 .debug_frame   0x0000000000000a7c       0x20 c:/intelfpga_lite/18.1/nios2eds/bin/gnu/h-x86_64-mingw32/bin/../lib/gcc/nios2-elf/5.3.0/../../../../../H-x86_64-mingw32/nios2-elf/lib\libc.a(lib_a-strlen.o)
 .debug_frame   0x0000000000000a9c       0x38 c:/intelfpga_lite/18.1/nios2eds/bin/gnu/h-x86_64-mingw32/bin/../lib/gcc/nios2-elf/5.3.0/../../../../../H-x86_64-mingw32/nios2-elf/lib\libc.a(lib_a-__atexit.o)
 .debug_frame   0x0000000000000ad4       0x54 c:/intelfpga_lite/18.1/nios2eds/bin/gnu/h-x86_64-mingw32/bin/../lib/gcc/nios2-elf/5.3.0/../../../../../H-x86_64-mingw32/nios2-elf/lib\libc.a(lib_a-__call_atexit.o)
 .debug_frame   0x0000000000000b28       0x2c ../m1_nios_bsp/\libhal_bsp.a(alt_exit.o)

.debug_str      0x0000000000000000     0x1c73
 *(.debug_str)
 .debug_str     0x0000000000000000      0x116 obj/default/SPI_controller.o
                                        0x14a (size before relaxing)
 .debug_str     0x0000000000000116       0x21 obj/default/test_fix.o
                                        0x146 (size before relaxing)
 .debug_str     0x0000000000000137      0x16d c:/intelfpga_lite/18.1/nios2eds/bin/gnu/h-x86_64-mingw32/bin/../lib/gcc/nios2-elf/5.3.0\libgcc.a(lib2-divmod.o)
                                        0x1b8 (size before relaxing)
 .debug_str     0x00000000000002a4      0x161 ../m1_nios_bsp/\libhal_bsp.a(alt_load.o)
                                        0x23c (size before relaxing)
 .debug_str     0x0000000000000405       0x70 ../m1_nios_bsp/\libhal_bsp.a(alt_main.o)
                                        0x1c7 (size before relaxing)
 .debug_str     0x0000000000000475      0x1d3 ../m1_nios_bsp/\libhal_bsp.a(alt_sys_init.o)
                                        0x3ba (size before relaxing)
 .debug_str     0x0000000000000648       0xb9 ../m1_nios_bsp/\libhal_bsp.a(altera_avalon_jtag_uart_fd.o)
                                        0x3ce (size before relaxing)
 .debug_str     0x0000000000000701       0xd1 ../m1_nios_bsp/\libhal_bsp.a(altera_avalon_jtag_uart_init.o)
                                        0x362 (size before relaxing)
 .debug_str     0x00000000000007d2       0x4a ../m1_nios_bsp/\libhal_bsp.a(altera_avalon_jtag_uart_ioctl.o)
                                        0x2bd (size before relaxing)
 .debug_str     0x000000000000081c       0x7f ../m1_nios_bsp/\libhal_bsp.a(altera_avalon_jtag_uart_read.o)
                                        0x312 (size before relaxing)
 .debug_str     0x000000000000089b       0x4a ../m1_nios_bsp/\libhal_bsp.a(altera_avalon_jtag_uart_write.o)
                                        0x313 (size before relaxing)
 .debug_str     0x00000000000008e5       0x6d ../m1_nios_bsp/\libhal_bsp.a(altera_avalon_timer_sc.o)
                                        0x275 (size before relaxing)
 .debug_str     0x0000000000000952       0x59 ../m1_nios_bsp/\libhal_bsp.a(alt_alarm_start.o)
                                        0x2a8 (size before relaxing)
 .debug_str     0x00000000000009ab       0x44 ../m1_nios_bsp/\libhal_bsp.a(alt_close.o)
                                        0x235 (size before relaxing)
 .debug_str     0x00000000000009ef       0x34 ../m1_nios_bsp/\libhal_bsp.a(alt_dcache_flush_all.o)
                                        0x17f (size before relaxing)
 .debug_str     0x0000000000000a23      0x120 ../m1_nios_bsp/\libhal_bsp.a(alt_dev.o)
                                        0x32f (size before relaxing)
 .debug_str     0x0000000000000b43       0x34 ../m1_nios_bsp/\libhal_bsp.a(alt_dev_llist_insert.o)
                                        0x1f6 (size before relaxing)
 .debug_str     0x0000000000000b77       0x48 ../m1_nios_bsp/\libhal_bsp.a(alt_do_ctors.o)
                                         0xfa (size before relaxing)
 .debug_str     0x0000000000000bbf       0x4c ../m1_nios_bsp/\libhal_bsp.a(alt_do_dtors.o)
                                         0xf9 (size before relaxing)
 .debug_str     0x0000000000000c0b       0x14 ../m1_nios_bsp/\libhal_bsp.a(alt_errno.o)
                                        0x16f (size before relaxing)
 .debug_str     0x0000000000000c1f       0x34 ../m1_nios_bsp/\libhal_bsp.a(alt_icache_flush_all.o)
                                        0x17f (size before relaxing)
 .debug_str     0x0000000000000c53       0xc4 ../m1_nios_bsp/\libhal_bsp.a(alt_iic.o)
                                        0x268 (size before relaxing)
 .debug_str     0x0000000000000d17       0x4c ../m1_nios_bsp/\libhal_bsp.a(alt_iic_isr_register.o)
                                        0x212 (size before relaxing)
 .debug_str     0x0000000000000d63       0x56 ../m1_nios_bsp/\libhal_bsp.a(alt_io_redirect.o)
                                        0x340 (size before relaxing)
 .debug_str     0x0000000000000db9       0x3a ../m1_nios_bsp/\libhal_bsp.a(alt_irq_handler.o)
                                        0x1c1 (size before relaxing)
 .debug_str     0x0000000000000df3       0x17 ../m1_nios_bsp/\libhal_bsp.a(alt_irq_vars.o)
                                        0x164 (size before relaxing)
 .debug_str     0x0000000000000e0a       0x2f ../m1_nios_bsp/\libhal_bsp.a(alt_open.o)
                                        0x275 (size before relaxing)
 .debug_str     0x0000000000000e39       0x28 ../m1_nios_bsp/\libhal_bsp.a(alt_release_fd.o)
                                        0x1fd (size before relaxing)
 .debug_str     0x0000000000000e61       0x4a ../m1_nios_bsp/\libhal_bsp.a(alt_tick.o)
                                        0x27c (size before relaxing)
 .debug_str     0x0000000000000eab       0x3b ../m1_nios_bsp/\libhal_bsp.a(altera_nios2_gen2_irq.o)
                                        0x186 (size before relaxing)
 .debug_str     0x0000000000000ee6       0x24 ../m1_nios_bsp/\libhal_bsp.a(alt_find_dev.o)
                                        0x216 (size before relaxing)
 .debug_str     0x0000000000000f0a       0x26 ../m1_nios_bsp/\libhal_bsp.a(alt_find_file.o)
                                        0x224 (size before relaxing)
 .debug_str     0x0000000000000f30       0x30 ../m1_nios_bsp/\libhal_bsp.a(alt_get_fd.o)
                                        0x246 (size before relaxing)
 .debug_str     0x0000000000000f60       0x2c ../m1_nios_bsp/\libhal_bsp.a(alt_icache_flush.o)
                                        0x185 (size before relaxing)
 .debug_str     0x0000000000000f8c      0x48b ../m1_nios_bsp/\libhal_bsp.a(alt_instruction_exception_entry.o)
                                        0x5ca (size before relaxing)
 .debug_str     0x0000000000001417      0x162 c:/intelfpga_lite/18.1/nios2eds/bin/gnu/h-x86_64-mingw32/bin/../lib/gcc/nios2-elf/5.3.0/../../../../../H-x86_64-mingw32/nios2-elf/lib\libc.a(lib_a-atexit.o)
                                        0x207 (size before relaxing)
 .debug_str     0x0000000000001579      0x3ac c:/intelfpga_lite/18.1/nios2eds/bin/gnu/h-x86_64-mingw32/bin/../lib/gcc/nios2-elf/5.3.0/../../../../../H-x86_64-mingw32/nios2-elf/lib\libc.a(lib_a-exit.o)
                                        0x5a4 (size before relaxing)
 .debug_str     0x0000000000001925       0xc8 c:/intelfpga_lite/18.1/nios2eds/bin/gnu/h-x86_64-mingw32/bin/../lib/gcc/nios2-elf/5.3.0/../../../../../H-x86_64-mingw32/nios2-elf/lib\libc.a(lib_a-impure.o)
                                        0x59b (size before relaxing)
 .debug_str     0x00000000000019ed       0x3c c:/intelfpga_lite/18.1/nios2eds/bin/gnu/h-x86_64-mingw32/bin/../lib/gcc/nios2-elf/5.3.0/../../../../../H-x86_64-mingw32/nios2-elf/lib\libc.a(lib_a-int_errno.o)
                                        0x1c3 (size before relaxing)
 .debug_str     0x0000000000001a29       0xcc c:/intelfpga_lite/18.1/nios2eds/bin/gnu/h-x86_64-mingw32/bin/../lib/gcc/nios2-elf/5.3.0/../../../../../H-x86_64-mingw32/nios2-elf/lib\libc.a(lib_a-memcmp.o)
                                        0x1ca (size before relaxing)
 .debug_str     0x0000000000001af5       0x68 c:/intelfpga_lite/18.1/nios2eds/bin/gnu/h-x86_64-mingw32/bin/../lib/gcc/nios2-elf/5.3.0/../../../../../H-x86_64-mingw32/nios2-elf/lib\libc.a(lib_a-memcpy.o)
                                        0x1f1 (size before relaxing)
 .debug_str     0x0000000000001b5d       0x4e c:/intelfpga_lite/18.1/nios2eds/bin/gnu/h-x86_64-mingw32/bin/../lib/gcc/nios2-elf/5.3.0/../../../../../H-x86_64-mingw32/nios2-elf/lib\libc.a(lib_a-strlen.o)
                                        0x1dd (size before relaxing)
 .debug_str     0x0000000000001bab       0x3c c:/intelfpga_lite/18.1/nios2eds/bin/gnu/h-x86_64-mingw32/bin/../lib/gcc/nios2-elf/5.3.0/../../../../../H-x86_64-mingw32/nios2-elf/lib\libc.a(lib_a-__atexit.o)
                                        0x5dc (size before relaxing)
 .debug_str     0x0000000000001be7       0x62 c:/intelfpga_lite/18.1/nios2eds/bin/gnu/h-x86_64-mingw32/bin/../lib/gcc/nios2-elf/5.3.0/../../../../../H-x86_64-mingw32/nios2-elf/lib\libc.a(lib_a-__call_atexit.o)
                                        0x5c8 (size before relaxing)
 .debug_str     0x0000000000001c49       0x2a ../m1_nios_bsp/\libhal_bsp.a(alt_exit.o)
                                        0x17b (size before relaxing)

.debug_loc      0x0000000000000000      0xc3e
 *(.debug_loc)
 .debug_loc     0x0000000000000000      0x4ce c:/intelfpga_lite/18.1/nios2eds/bin/gnu/h-x86_64-mingw32/bin/../lib/gcc/nios2-elf/5.3.0\libgcc.a(lib2-divmod.o)
 .debug_loc     0x00000000000004ce       0x2c c:/intelfpga_lite/18.1/nios2eds/bin/gnu/h-x86_64-mingw32/bin/../lib/gcc/nios2-elf/5.3.0/../../../../../H-x86_64-mingw32/nios2-elf/lib\libc.a(lib_a-atexit.o)
 .debug_loc     0x00000000000004fa       0x1e c:/intelfpga_lite/18.1/nios2eds/bin/gnu/h-x86_64-mingw32/bin/../lib/gcc/nios2-elf/5.3.0/../../../../../H-x86_64-mingw32/nios2-elf/lib\libc.a(lib_a-exit.o)
 .debug_loc     0x0000000000000518      0x126 c:/intelfpga_lite/18.1/nios2eds/bin/gnu/h-x86_64-mingw32/bin/../lib/gcc/nios2-elf/5.3.0/../../../../../H-x86_64-mingw32/nios2-elf/lib\libc.a(lib_a-memcmp.o)
 .debug_loc     0x000000000000063e      0x266 c:/intelfpga_lite/18.1/nios2eds/bin/gnu/h-x86_64-mingw32/bin/../lib/gcc/nios2-elf/5.3.0/../../../../../H-x86_64-mingw32/nios2-elf/lib\libc.a(lib_a-memcpy.o)
 .debug_loc     0x00000000000008a4       0x47 c:/intelfpga_lite/18.1/nios2eds/bin/gnu/h-x86_64-mingw32/bin/../lib/gcc/nios2-elf/5.3.0/../../../../../H-x86_64-mingw32/nios2-elf/lib\libc.a(lib_a-strlen.o)
 .debug_loc     0x00000000000008eb      0x185 c:/intelfpga_lite/18.1/nios2eds/bin/gnu/h-x86_64-mingw32/bin/../lib/gcc/nios2-elf/5.3.0/../../../../../H-x86_64-mingw32/nios2-elf/lib\libc.a(lib_a-__atexit.o)
 .debug_loc     0x0000000000000a70      0x1ce c:/intelfpga_lite/18.1/nios2eds/bin/gnu/h-x86_64-mingw32/bin/../lib/gcc/nios2-elf/5.3.0/../../../../../H-x86_64-mingw32/nios2-elf/lib\libc.a(lib_a-__call_atexit.o)

.debug_macinfo
 *(.debug_macinfo)

.debug_weaknames
 *(.debug_weaknames)

.debug_funcnames
 *(.debug_funcnames)

.debug_typenames
 *(.debug_typenames)

.debug_varnames
 *(.debug_varnames)

.debug_alt_sim_info
                0x0000000000000000       0x30
 *(.debug_alt_sim_info)
 .debug_alt_sim_info
                0x0000000000000000       0x30 ../m1_nios_bsp//obj/HAL/src/crt0.o
                0x0000000004000000                __alt_data_end = 0x4000000
                0x0000000004000000                PROVIDE (__alt_stack_pointer, __alt_data_end)
                [!provide]                        PROVIDE (__alt_stack_limit, __alt_stack_base)
                [!provide]                        PROVIDE (__alt_heap_start, end)
                [!provide]                        PROVIDE (__alt_heap_limit, 0x4000000)
OUTPUT(m1_nios.elf elf32-littlenios2)

.debug_ranges   0x0000000000000000      0x1d8
 .debug_ranges  0x0000000000000000       0x20 ../m1_nios_bsp//obj/HAL/src/crt0.o
 .debug_ranges  0x0000000000000020       0x60 c:/intelfpga_lite/18.1/nios2eds/bin/gnu/h-x86_64-mingw32/bin/../lib/gcc/nios2-elf/5.3.0\libgcc.a(lib2-divmod.o)
 .debug_ranges  0x0000000000000080       0x30 ../m1_nios_bsp/\libhal_bsp.a(altera_avalon_jtag_uart_init.o)
 .debug_ranges  0x00000000000000b0       0x18 ../m1_nios_bsp/\libhal_bsp.a(altera_avalon_jtag_uart_read.o)
 .debug_ranges  0x00000000000000c8       0x28 ../m1_nios_bsp/\libhal_bsp.a(alt_irq_entry.o)
 .debug_ranges  0x00000000000000f0       0x10 ../m1_nios_bsp/\libhal_bsp.a(alt_irq_handler.o)
 .debug_ranges  0x0000000000000100       0x30 ../m1_nios_bsp/\libhal_bsp.a(alt_exception_entry.o)
 .debug_ranges  0x0000000000000130       0x18 ../m1_nios_bsp/\libhal_bsp.a(alt_instruction_exception_entry.o)
 .debug_ranges  0x0000000000000148       0x10 c:/intelfpga_lite/18.1/nios2eds/bin/gnu/h-x86_64-mingw32/bin/../lib/gcc/nios2-elf/5.3.0/../../../../../H-x86_64-mingw32/nios2-elf/lib\libc.a(lib_a-atexit.o)
 .debug_ranges  0x0000000000000158       0x10 c:/intelfpga_lite/18.1/nios2eds/bin/gnu/h-x86_64-mingw32/bin/../lib/gcc/nios2-elf/5.3.0/../../../../../H-x86_64-mingw32/nios2-elf/lib\libc.a(lib_a-exit.o)
 .debug_ranges  0x0000000000000168       0x10 c:/intelfpga_lite/18.1/nios2eds/bin/gnu/h-x86_64-mingw32/bin/../lib/gcc/nios2-elf/5.3.0/../../../../../H-x86_64-mingw32/nios2-elf/lib\libc.a(lib_a-memcmp.o)
 .debug_ranges  0x0000000000000178       0x10 c:/intelfpga_lite/18.1/nios2eds/bin/gnu/h-x86_64-mingw32/bin/../lib/gcc/nios2-elf/5.3.0/../../../../../H-x86_64-mingw32/nios2-elf/lib\libc.a(lib_a-memcpy.o)
 .debug_ranges  0x0000000000000188       0x10 c:/intelfpga_lite/18.1/nios2eds/bin/gnu/h-x86_64-mingw32/bin/../lib/gcc/nios2-elf/5.3.0/../../../../../H-x86_64-mingw32/nios2-elf/lib\libc.a(lib_a-strlen.o)
 .debug_ranges  0x0000000000000198       0x10 c:/intelfpga_lite/18.1/nios2eds/bin/gnu/h-x86_64-mingw32/bin/../lib/gcc/nios2-elf/5.3.0/../../../../../H-x86_64-mingw32/nios2-elf/lib\libc.a(lib_a-__atexit.o)
 .debug_ranges  0x00000000000001a8       0x30 c:/intelfpga_lite/18.1/nios2eds/bin/gnu/h-x86_64-mingw32/bin/../lib/gcc/nios2-elf/5.3.0/../../../../../H-x86_64-mingw32/nios2-elf/lib\libc.a(lib_a-__call_atexit.o)
