Archive member included to satisfy reference by file (symbol)

c:/intelfpga_lite/18.1/nios2eds/bin/gnu/h-x86_64-mingw32/bin/../lib/gcc/nios2-elf/5.3.0\libgcc.a(lib2-divmod.o)
                              obj/default/SPI_controller.o (__divsi3)
c:/intelfpga_lite/18.1/nios2eds/bin/gnu/h-x86_64-mingw32/bin/../lib/gcc/nios2-elf/5.3.0\libgcc.a(mulsf3.o)
                              obj/default/SPI_controller.o (__mulsf3)
c:/intelfpga_lite/18.1/nios2eds/bin/gnu/h-x86_64-mingw32/bin/../lib/gcc/nios2-elf/5.3.0\libgcc.a(fixsfsi.o)
                              obj/default/SPI_controller.o (__fixsfsi)
c:/intelfpga_lite/18.1/nios2eds/bin/gnu/h-x86_64-mingw32/bin/../lib/gcc/nios2-elf/5.3.0\libgcc.a(divdf3.o)
                              obj/default/SPI_controller.o (__divdf3)
c:/intelfpga_lite/18.1/nios2eds/bin/gnu/h-x86_64-mingw32/bin/../lib/gcc/nios2-elf/5.3.0\libgcc.a(floatsidf.o)
                              obj/default/SPI_controller.o (__floatsidf)
c:/intelfpga_lite/18.1/nios2eds/bin/gnu/h-x86_64-mingw32/bin/../lib/gcc/nios2-elf/5.3.0\libgcc.a(truncdfsf2.o)
                              obj/default/SPI_controller.o (__truncdfsf2)
c:/intelfpga_lite/18.1/nios2eds/bin/gnu/h-x86_64-mingw32/bin/../lib/gcc/nios2-elf/5.3.0\libgcc.a(_clzsi2.o)
                              c:/intelfpga_lite/18.1/nios2eds/bin/gnu/h-x86_64-mingw32/bin/../lib/gcc/nios2-elf/5.3.0\libgcc.a(mulsf3.o) (__clzsi2)
c:/intelfpga_lite/18.1/nios2eds/bin/gnu/h-x86_64-mingw32/bin/../lib/gcc/nios2-elf/5.3.0\libgcc.a(_clz.o)
                              c:/intelfpga_lite/18.1/nios2eds/bin/gnu/h-x86_64-mingw32/bin/../lib/gcc/nios2-elf/5.3.0\libgcc.a(_clzsi2.o) (__clz_tab)
../m1_nios_bsp/\libhal_bsp.a(alt_load.o)
                              ../m1_nios_bsp//obj/HAL/src/crt0.o (alt_load)
../m1_nios_bsp/\libhal_bsp.a(alt_main.o)
                              ../m1_nios_bsp//obj/HAL/src/crt0.o (alt_main)
../m1_nios_bsp/\libhal_bsp.a(alt_sys_init.o)
                              ../m1_nios_bsp/\libhal_bsp.a(alt_main.o) (alt_irq_init)
../m1_nios_bsp/\libhal_bsp.a(altera_avalon_jtag_uart_fd.o)
                              ../m1_nios_bsp/\libhal_bsp.a(alt_sys_init.o) (altera_avalon_jtag_uart_read_fd)
../m1_nios_bsp/\libhal_bsp.a(altera_avalon_jtag_uart_init.o)
                              ../m1_nios_bsp/\libhal_bsp.a(alt_sys_init.o) (altera_avalon_jtag_uart_init)
../m1_nios_bsp/\libhal_bsp.a(altera_avalon_jtag_uart_ioctl.o)
                              ../m1_nios_bsp/\libhal_bsp.a(altera_avalon_jtag_uart_fd.o) (altera_avalon_jtag_uart_ioctl)
../m1_nios_bsp/\libhal_bsp.a(altera_avalon_jtag_uart_read.o)
                              ../m1_nios_bsp/\libhal_bsp.a(altera_avalon_jtag_uart_fd.o) (altera_avalon_jtag_uart_read)
../m1_nios_bsp/\libhal_bsp.a(altera_avalon_jtag_uart_write.o)
                              ../m1_nios_bsp/\libhal_bsp.a(altera_avalon_jtag_uart_fd.o) (altera_avalon_jtag_uart_write)
../m1_nios_bsp/\libhal_bsp.a(altera_avalon_spi.o)
                              obj/default/SPI_controller.o (alt_avalon_spi_command)
../m1_nios_bsp/\libhal_bsp.a(altera_avalon_timer_sc.o)
                              ../m1_nios_bsp/\libhal_bsp.a(alt_sys_init.o) (alt_avalon_timer_sc_init)
../m1_nios_bsp/\libhal_bsp.a(alt_alarm_start.o)
                              ../m1_nios_bsp/\libhal_bsp.a(altera_avalon_jtag_uart_init.o) (alt_alarm_start)
../m1_nios_bsp/\libhal_bsp.a(alt_close.o)
                              ../m1_nios_bsp/\libhal_bsp.a(alt_main.o) (close)
../m1_nios_bsp/\libhal_bsp.a(alt_dcache_flush_all.o)
                              ../m1_nios_bsp/\libhal_bsp.a(alt_load.o) (alt_dcache_flush_all)
../m1_nios_bsp/\libhal_bsp.a(alt_dev.o)
                              ../m1_nios_bsp/\libhal_bsp.a(alt_sys_init.o) (alt_dev_list)
../m1_nios_bsp/\libhal_bsp.a(alt_dev_llist_insert.o)
                              ../m1_nios_bsp/\libhal_bsp.a(alt_sys_init.o) (alt_dev_llist_insert)
../m1_nios_bsp/\libhal_bsp.a(alt_do_ctors.o)
                              ../m1_nios_bsp/\libhal_bsp.a(alt_main.o) (_do_ctors)
../m1_nios_bsp/\libhal_bsp.a(alt_do_dtors.o)
                              ../m1_nios_bsp/\libhal_bsp.a(alt_main.o) (_do_dtors)
../m1_nios_bsp/\libhal_bsp.a(alt_errno.o)
                              ../m1_nios_bsp/\libhal_bsp.a(alt_close.o) (alt_errno)
../m1_nios_bsp/\libhal_bsp.a(alt_icache_flush_all.o)
                              ../m1_nios_bsp/\libhal_bsp.a(alt_load.o) (alt_icache_flush_all)
../m1_nios_bsp/\libhal_bsp.a(alt_iic.o)
                              ../m1_nios_bsp/\libhal_bsp.a(altera_avalon_jtag_uart_init.o) (alt_ic_isr_register)
../m1_nios_bsp/\libhal_bsp.a(alt_iic_isr_register.o)
                              ../m1_nios_bsp/\libhal_bsp.a(alt_iic.o) (alt_iic_isr_register)
../m1_nios_bsp/\libhal_bsp.a(alt_io_redirect.o)
                              ../m1_nios_bsp/\libhal_bsp.a(alt_main.o) (alt_io_redirect)
../m1_nios_bsp/\libhal_bsp.a(alt_irq_entry.o)
[...]
Memory Configuration

Name             Origin             Length             Attributes
new_sdram_controller_0 0x0000000000000000 0x0000000004000000
reset            0x0000000004020000 0x0000000000000020
onchip_memory2_0 0x0000000004020020 0x0000000000018680
*default*        0x0000000000000000 0xffffffffffffffff

Linker script and memory map

LOAD ../m1_nios_bsp//obj/HAL/src/crt0.o
LOAD obj/default/SPI_controller.o
LOAD c:/intelfpga_lite/18.1/nios2eds/bin/gnu/h-x86_64-mingw32/bin/../lib/gcc/nios2-elf/5.3.0/../../../../../H-x86_64-mingw32/nios2-elf/lib\libstdc++.a
LOAD c:/intelfpga_lite/18.1/nios2eds/bin/gnu/h-x86_64-mingw32/bin/../lib/gcc/nios2-elf/5.3.0/../../../../../H-x86_64-mingw32/nios2-elf/lib\libm.a
LOAD c:/intelfpga_lite/18.1/nios2eds/bin/gnu/h-x86_64-mingw32/bin/../lib/gcc/nios2-elf/5.3.0\libgcc.a
START GROUP
LOAD c:/intelfpga_lite/18.1/nios2eds/bin/gnu/h-x86_64-mingw32/bin/../lib/gcc/nios2-elf/5.3.0/../../../../../H-x86_64-mingw32/nios2-elf/lib\libc.a
LOAD c:/intelfpga_lite/18.1/nios2eds/bin/gnu/h-x86_64-mingw32/bin/../lib/gcc/nios2-elf/5.3.0\libgcc.a
LOAD ../m1_nios_bsp/\libhal_bsp.a
LOAD c:/intelfpga_lite/18.1/nios2eds/bin/gnu/h-x86_64-mingw32/bin/../lib/gcc/nios2-elf/5.3.0/../../../../../H-x86_64-mingw32/nios2-elf/lib\libm.a
END GROUP
LOAD c:/intelfpga_lite/18.1/nios2eds/bin/gnu/h-x86_64-mingw32/bin/../lib/gcc/nios2-elf/5.3.0\libgcc.a
                0x0000000000000000                __alt_mem_new_sdram_controller_0 = 0x0
                0x0000000004020000                __alt_mem_onchip_memory2_0 = 0x4020000

.entry          0x0000000004020000       0x20
 *(.entry)
 .entry         0x0000000004020000       0x20 ../m1_nios_bsp//obj/HAL/src/crt0.o
                0x0000000004020000                __reset

.exceptions     0x0000000004020020      0x224
                0x0000000004020020                PROVIDE (__ram_exceptions_start, ABSOLUTE (.))
                0x0000000004020020                . = ALIGN (0x20)
 *(.irq)
 *(.exceptions.entry.label)
 .exceptions.entry.label
                0x0000000004020020        0x0 ../m1_nios_bsp/\libhal_bsp.a(alt_irq_entry.o)
                0x0000000004020020                alt_irq_entry
 .exceptions.entry.label
                0x0000000004020020        0x0 ../m1_nios_bsp/\libhal_bsp.a(alt_exception_entry.o)
                0x0000000004020020                alt_exception
 *(.exceptions.entry.user)
 *(.exceptions.entry.ecc_fatal)
 *(.exceptions.entry)
 .exceptions.entry
                0x0000000004020020       0x54 ../m1_nios_bsp/\libhal_bsp.a(alt_exception_entry.o)
 *(.exceptions.irqtest.user)
 *(.exceptions.irqtest)
 .exceptions.irqtest
                0x0000000004020074       0x10 ../m1_nios_bsp/\libhal_bsp.a(alt_irq_entry.o)
 *(.exceptions.irqhandler.user)
 *(.exceptions.irqhandler)
 .exceptions.irqhandler
                0x0000000004020084        0x4 ../m1_nios_bsp/\libhal_bsp.a(alt_irq_entry.o)
 *(.exceptions.irqreturn.user)
 *(.exceptions.irqreturn)
 .exceptions.irqreturn
                0x0000000004020088        0x4 ../m1_nios_bsp/\libhal_bsp.a(alt_irq_entry.o)
 *(.exceptions.notirq.label)
 .exceptions.notirq.label
                0x000000000402008c        0x0 ../m1_nios_bsp/\libhal_bsp.a(alt_irq_entry.o)
 *(.exceptions.notirq.user)
 *(.exceptions.notirq)
 .exceptions.notirq
                0x000000000402008c        0x8 ../m1_nios_bsp/\libhal_bsp.a(alt_exception_entry.o)
 *(.exceptions.soft.user)
 *(.exceptions.soft)
 *(.exceptions.unknown.user)
 *(.exceptions.unknown)
 .exceptions.unknown
                0x0000000004020094       0x14 ../m1_nios_bsp/\libhal_bsp.a(alt_exception_entry.o)
 *(.exceptions.exit.label)
 .exceptions.exit.label
                0x00000000040200a8        0x0 ../m1_nios_bsp/\libhal_bsp.a(alt_irq_entry.o)
 .exceptions.exit.label
                0x00000000040200a8        0x0 ../m1_nios_bsp/\libhal_bsp.a(alt_exception_entry.o)
 *(.exceptions.exit.user)
 *(.exceptions.exit)
 .exceptions.exit
                0x00000000040200a8       0x54 ../m1_nios_bsp/\libhal_bsp.a(alt_exception_entry.o)
 *(.exceptions)
 .exceptions    0x00000000040200fc       0xd4 ../m1_nios_bsp/\libhal_bsp.a(alt_irq_handler.o)
                0x00000000040200fc                alt_irq_handler
 .exceptions    0x00000000040201d0       0x74 ../m1_nios_bsp/\libhal_bsp.a(alt_instruction_exception_entry.o)
                0x00000000040201d0                alt_instruction_exception_entry
                0x0000000004020244                PROVIDE (__ram_exceptions_end, ABSOLUTE (.))
                0x0000000004020020                PROVIDE (__flash_exceptions_start, LOADADDR (.exceptions))

.text           0x0000000004020244     0x3b00
                [!provide]                        PROVIDE (stext, ABSOLUTE (.))
 *(.interp)
 *(.hash)
 *(.dynsym)
 *(.dynstr)
 *(.gnu.version)
 *(.gnu.version_d)
 *(.gnu.version_r)
 *(.rel.init)
 *(.rela.init)
 *(.rel.text .rel.text.* .rel.gnu.linkonce.t.*)
 *(.rela.text .rela.text.* .rela.gnu.linkonce.t.*)
 *(.rel.fini)
 *(.rela.fini)
 *(.rel.rodata .rel.rodata.* .rel.gnu.linkonce.r.*)
 *(.rela.rodata .rela.rodata.* .rela.gnu.linkonce.r.*)
 *(.rel.data .rel.data.* .rel.gnu.linkonce.d.*)
 *(.rela.data .rela.data.* .rela.gnu.linkonce.d.*)
 *(.rel.tdata .rel.tdata.* .rel.gnu.linkonce.td.*)
 *(.rela.tdata .rela.tdata.* .rela.gnu.linkonce.td.*)
 *(.rel.tbss .rel.tbss.* .rel.gnu.linkonce.tb.*)
 *(.rela.tbss .rela.tbss.* .rela.gnu.linkonce.tb.*)
 *(.rel.ctors)
 *(.rela.ctors)
 *(.rel.dtors)
 *(.rela.dtors)
 *(.rel.got)
 *(.rela.got)
 *(.rel.sdata .rel.sdata.* .rel.gnu.linkonce.s.*)
 *(.rela.sdata .rela.sdata.* .rela.gnu.linkonce.s.*)
 *(.rel.sbss .rel.sbss.* .rel.gnu.linkonce.sb.*)
 *(.rela.sbss .rela.sbss.* .rela.gnu.linkonce.sb.*)
 *(.rel.sdata2 .rel.sdata2.* .rel.gnu.linkonce.s2.*)
 *(.rela.sdata2 .rela.sdata2.* .rela.gnu.linkonce.s2.*)
 *(.rel.sbss2 .rel.sbss2.* .rel.gnu.linkonce.sb2.*)
 *(.rela.sbss2 .rela.sbss2.* .rela.gnu.linkonce.sb2.*)
 *(.rel.bss .rel.bss.* .rel.gnu.linkonce.b.*)
 *(.rela.bss .rela.bss.* .rela.gnu.linkonce.b.*)
 *(.rel.plt)
 *(.rela.plt)
 *(.rel.dyn)
 *(.init)
 *(.plt)
 *(.text .stub .text.* .gnu.linkonce.t.*)
 .text          0x0000000004020244       0x4c ../m1_nios_bsp//obj/HAL/src/crt0.o
                0x0000000004020244                _start
 .text          0x0000000004020290      0x378 obj/default/SPI_controller.o
                0x0000000004020290                main
 .text          0x0000000004020608      0x1b4 c:/intelfpga_lite/18.1/nios2eds/bin/gnu/h-x86_64-mingw32/bin/../lib/gcc/nios2-elf/5.3.0\libgcc.a(lib2-divmod.o)
                0x0000000004020608                __divsi3
                0x000000000402068c                __modsi3
                0x0000000004020700                __udivsi3
                0x0000000004020764                __umodsi3
 .text          0x00000000040207bc      0x3fc c:/intelfpga_lite/18.1/nios2eds/bin/gnu/h-x86_64-mingw32/bin/../lib/gcc/nios2-elf/5.3.0\libgcc.a(mulsf3.o)
                0x00000000040207bc                __mulsf3
 .text          0x0000000004020bb8       0x70 c:/intelfpga_lite/18.1/nios2eds/bin/gnu/h-x86_64-mingw32/bin/../lib/gcc/nios2-elf/5.3.0\libgcc.a(fixsfsi.o)
                0x0000000004020bb8                __fixsfsi
 .text          0x0000000004020c28      0x8e8 c:/intelfpga_lite/18.1/nios2eds/bin/gnu/h-x86_64-mingw32/bin/../lib/gcc/nios2-elf/5.3.0\libgcc.a(divdf3.o)
                0x0000000004020c28                __divdf3
 .text          0x0000000004021510       0xdc c:/intelfpga_lite/18.1/nios2eds/bin/gnu/h-x86_64-mingw32/bin/../lib/gcc/nios2-elf/5.3.0\libgcc.a(floatsidf.o)
                0x0000000004021510                __floatsidf
 .text          0x00000000040215ec      0x1a8 c:/intelfpga_lite/18.1/nios2eds/bin/gnu/h-x86_64-mingw32/bin/../lib/gcc/nios2-elf/5.3.0\libgcc.a(truncdfsf2.o)
                0x00000000040215ec                __truncdfsf2
 .text          0x0000000004021794       0x64 c:/intelfpga_lite/18.1/nios2eds/bin/gnu/h-x86_64-mingw32/bin/../lib/gcc/nios2-elf/5.3.0\libgcc.a(_clzsi2.o)
                0x0000000004021794                __clzsi2
 .text          0x00000000040217f8        0x0 c:/intelfpga_lite/18.1/nios2eds/bin/gnu/h-x86_64-mingw32/bin/../lib/gcc/nios2-elf/5.3.0\libgcc.a(_clz.o)
 .text          0x00000000040217f8       0xec ../m1_nios_bsp/\libhal_bsp.a(alt_load.o)
                0x0000000004021860                alt_load
 .text          0x00000000040218e4       0x7c ../m1_nios_bsp/\libhal_bsp.a(alt_main.o)
                0x00000000040218e4                alt_main
 .text          0x0000000004021960       0xd0 ../m1_nios_bsp/\libhal_bsp.a(alt_sys_init.o)
                0x0000000004021994                alt_irq_init
                0x00000000040219cc                alt_sys_init
 .text          0x0000000004021a30      0x164 ../m1_nios_bsp/\libhal_bsp.a(altera_avalon_jtag_uart_fd.o)
                0x0000000004021a30                altera_avalon_jtag_uart_read_fd
                0x0000000004021a90                altera_avalon_jtag_uart_write_fd
                0x0000000004021af0                altera_avalon_jtag_uart_close_fd
                0x0000000004021b40                altera_avalon_jtag_uart_ioctl_fd
 .text          0x0000000004021b94      0x3d4 ../m1_nios_bsp/\libhal_bsp.a(altera_avalon_jtag_uart_init.o)
                0x0000000004021b94                altera_avalon_jtag_uart_init
                0x0000000004021f00                altera_avalon_jtag_uart_close
 .text          0x0000000004021f68       0xf0 ../m1_nios_bsp/\libhal_bsp.a(altera_avalon_jtag_uart_ioctl.o)
                0x0000000004021f68                altera_avalon_jtag_uart_ioctl
 .text          0x0000000004022058      0x21c ../m1_nios_bsp/\libhal_bsp.a(altera_avalon_jtag_uart_read.o)
                0x0000000004022058                altera_avalon_jtag_uart_read
 .text          0x0000000004022274      0x224 ../m1_nios_bsp/\libhal_bsp.a(altera_avalon_jtag_uart_write.o)
                0x0000000004022274                altera_avalon_jtag_uart_write
 .text          0x0000000004022498      0x1fc ../m1_nios_bsp/\libhal_bsp.a(altera_avalon_spi.o)
                0x0000000004022498                alt_avalon_spi_command
 .text          0x0000000004022694       0xf4 ../m1_nios_bsp/\libhal_bsp.a(altera_avalon_timer_sc.o)
                0x000000000402270c                alt_avalon_timer_sc_init
 .text          0x0000000004022788      0x12c ../m1_nios_bsp/\libhal_bsp.a(alt_alarm_start.o)
                0x0000000004022788                alt_alarm_start
 .text          0x00000000040228b4      0x10c ../m1_nios_bsp/\libhal_bsp.a(alt_close.o)
                0x00000000040228f0                close
 .text          0x00000000040229c0       0x48 ../m1_nios_bsp/\libhal_bsp.a(alt_dcache_flush_all.o)
                0x00000000040229c0                alt_dcache_flush_all
 .text          0x0000000004022a08       0x2c ../m1_nios_bsp/\libhal_bsp.a(alt_dev.o)
 .text          0x0000000004022a34       0xe0 ../m1_nios_bsp/\libhal_bsp.a(alt_dev_llist_insert.o)
                0x0000000004022a70                alt_dev_llist_insert
 .text          0x0000000004022b14       0x60 ../m1_nios_bsp/\libhal_bsp.a(alt_do_ctors.o)
                0x0000000004022b14                _do_ctors
 .text          0x0000000004022b74       0x60 ../m1_nios_bsp/\libhal_bsp.a(alt_do_dtors.o)
                0x0000000004022b74                _do_dtors
 .text          0x0000000004022bd4        0x0 ../m1_nios_bsp/\libhal_bsp.a(alt_errno.o)
 .text          0x0000000004022bd4       0x34 ../m1_nios_bsp/\libhal_bsp.a(alt_icache_flush_all.o)
                0x0000000004022bd4                alt_icache_flush_all
 .text          0x0000000004022c08      0x1b0 ../m1_nios_bsp/\libhal_bsp.a(alt_iic.o)
                0x0000000004022c08                alt_ic_isr_register
                0x0000000004022c58                alt_ic_irq_enable
                0x0000000004022ce0                alt_ic_irq_disable
                0x0000000004022d6c                alt_ic_irq_enabled
 .text          0x0000000004022db8       0xf0 ../m1_nios_bsp/\libhal_bsp.a(alt_iic_isr_register.o)
                0x0000000004022db8                alt_iic_isr_register
 .text          0x0000000004022ea8      0x140 ../m1_nios_bsp/\libhal_bsp.a(alt_io_redirect.o)
                0x0000000004022f6c                alt_io_redirect
 .text          0x0000000004022fe8        0x0 ../m1_nios_bsp/\libhal_bsp.a(alt_irq_entry.o)
 .text          0x0000000004022fe8        0x0 ../m1_nios_bsp/\libhal_bsp.a(alt_irq_handler.o)
 .text          0x0000000004022fe8        0x0 ../m1_nios_bsp/\libhal_bsp.a(alt_irq_vars.o)
 .text          0x0000000004022fe8      0x254 ../m1_nios_bsp/\libhal_bsp.a(alt_open.o)
                0x00000000040230e8                open
 .text          0x000000000402323c       0x64 ../m1_nios_bsp/\libhal_bsp.a(alt_release_fd.o)
                0x000000000402323c                alt_release_fd
 .text          0x00000000040232a0      0x1a4 ../m1_nios_bsp/\libhal_bsp.a(alt_tick.o)
                0x00000000040232a0                alt_alarm_stop
                0x000000000402333c                alt_tick
 .text          0x0000000004023444       0x24 ../m1_nios_bsp/\libhal_bsp.a(altera_nios2_gen2_irq.o)
                0x0000000004023444                altera_nios2_gen2_irq_init
 .text          0x0000000004023468        0x0 ../m1_nios_bsp/\libhal_bsp.a(alt_exception_entry.o)
 .text          0x0000000004023468       0x90 ../m1_nios_bsp/\libhal_bsp.a(alt_find_dev.o)
                0x0000000004023468                alt_find_dev
 .text          0x00000000040234f8      0x108 ../m1_nios_bsp/\libhal_bsp.a(alt_find_file.o)
                0x00000000040234f8                alt_find_file
 .text          0x0000000004023600       0xa4 ../m1_nios_bsp/\libhal_bsp.a(alt_get_fd.o)
                0x0000000004023600                alt_get_fd
 .text          0x00000000040236a4       0x90 ../m1_nios_bsp/\libhal_bsp.a(alt_icache_flush.o)
                0x00000000040236a4                alt_icache_flush
 .text          0x0000000004023734       0x9c ../m1_nios_bsp/\libhal_bsp.a(alt_instruction_exception_entry.o)
                0x0000000004023734                alt_exception_cause_generated_bad_addr
 .text          0x00000000040237d0        0x0 c:/intelfpga_lite/18.1/nios2eds/bin/gnu/h-x86_64-mingw32/bin/../lib/gcc/nios2-elf/5.3.0/../../../../../H-x86_64-mingw32/nios2-elf/lib\libc.a(lib_a-atexit.o)
 .text.atexit   0x00000000040237d0       0x14 c:/intelfpga_lite/18.1/nios2eds/bin/gnu/h-x86_64-mingw32/bin/../lib/gcc/nios2-elf/5.3.0/../../../../../H-x86_64-mingw32/nios2-elf/lib\libc.a(lib_a-atexit.o)
                0x00000000040237d0                atexit
 .text          0x00000000040237e4        0x0 c:/intelfpga_lite/18.1/nios2eds/bin/gnu/h-x86_64-mingw32/bin/../lib/gcc/nios2-elf/5.3.0/../../../../../H-x86_64-mingw32/nios2-elf/lib\libc.a(lib_a-exit.o)
 .text.exit     0x00000000040237e4       0x38 c:/intelfpga_lite/18.1/nios2eds/bin/gnu/h-x86_64-mingw32/bin/../lib/gcc/nios2-elf/5.3.0/../../../../../H-x86_64-mingw32/nios2-elf/lib\libc.a(lib_a-exit.o)
                0x00000000040237e4                exit
 .text          0x000000000402381c        0x0 c:/intelfpga_lite/18.1/nios2eds/bin/gnu/h-x86_64-mingw32/bin/../lib/gcc/nios2-elf/5.3.0/../../../../../H-x86_64-mingw32/nios2-elf/lib\libc.a(lib_a-impure.o)
 .text          0x000000000402381c        0x0 c:/intelfpga_lite/18.1/nios2eds/bin/gnu/h-x86_64-mingw32/bin/../lib/gcc/nios2-elf/5.3.0/../../../../../H-x86_64-mingw32/nios2-elf/lib\libc.a(lib_a-int_errno.o)
 .text          0x000000000402381c        0x0 c:/intelfpga_lite/18.1/nios2eds/bin/gnu/h-x86_64-mingw32/bin/../lib/gcc/nios2-elf/5.3.0/../../../../../H-x86_64-mingw32/nios2-elf/lib\libc.a(lib_a-memcmp.o)
 .text.memcmp   0x000000000402381c       0x7c c:/intelfpga_lite/18.1/nios2eds/bin/gnu/h-x86_64-mingw32/bin/../lib/gcc/nios2-elf/5.3.0/../../../../../H-x86_64-mingw32/nios2-elf/lib\libc.a(lib_a-memcmp.o)
                0x000000000402381c                memcmp
 .text          0x0000000004023898        0x0 c:/intelfpga_lite/18.1/nios2eds/bin/gnu/h-x86_64-mingw32/bin/../lib/gcc/nios2-elf/5.3.0/../../../../../H-x86_64-mingw32/nios2-elf/lib\libc.a(lib_a-memcpy.o)
 .text.memcpy   0x0000000004023898      0x148 c:/intelfpga_lite/18.1/nios2eds/bin/gnu/h-x86_64-mingw32/bin/../lib/gcc/nios2-elf/5.3.0/../../../../../H-x86_64-mingw32/nios2-elf/lib\libc.a(lib_a-memcpy.o)
                0x0000000004023898                memcpy
 .text          0x00000000040239e0        0x0 c:/intelfpga_lite/18.1/nios2eds/bin/gnu/h-x86_64-mingw32/bin/../lib/gcc/nios2-elf/5.3.0/../../../../../H-x86_64-mingw32/nios2-elf/lib\libc.a(lib_a-strlen.o)
 .text.strlen   0x00000000040239e0       0x98 c:/intelfpga_lite/18.1/nios2eds/bin/gnu/h-x86_64-mingw32/bin/../lib/gcc/nios2-elf/5.3.0/../../../../../H-x86_64-mingw32/nios2-elf/lib\libc.a(lib_a-strlen.o)
                0x00000000040239e0                strlen
 .text          0x0000000004023a78        0x0 c:/intelfpga_lite/18.1/nios2eds/bin/gnu/h-x86_64-mingw32/bin/../lib/gcc/nios2-elf/5.3.0/../../../../../H-x86_64-mingw32/nios2-elf/lib\libc.a(lib_a-__atexit.o)
 .text.__register_exitproc
                0x0000000004023a78      0x118 c:/intelfpga_lite/18.1/nios2eds/bin/gnu/h-x86_64-mingw32/bin/../lib/gcc/nios2-elf/5.3.0/../../../../../H-x86_64-mingw32/nios2-elf/lib\libc.a(lib_a-__atexit.o)
                0x0000000004023a78                __register_exitproc
 .text          0x0000000004023b90        0x0 c:/intelfpga_lite/18.1/nios2eds/bin/gnu/h-x86_64-mingw32/bin/../lib/gcc/nios2-elf/5.3.0/../../../../../H-x86_64-mingw32/nios2-elf/lib\libc.a(lib_a-__call_atexit.o)
 .text.__call_exitprocs
                0x0000000004023b90      0x180 c:/intelfpga_lite/18.1/nios2eds/bin/gnu/h-x86_64-mingw32/bin/../lib/gcc/nios2-elf/5.3.0/../../../../../H-x86_64-mingw32/nios2-elf/lib\libc.a(lib_a-__call_atexit.o)
                0x0000000004023b90                __call_exitprocs
 .text          0x0000000004023d10       0x34 ../m1_nios_bsp/\libhal_bsp.a(alt_exit.o)
                0x0000000004023d10                _exit
 *(.gnu.warning.*)
 *(.fini)
                [!provide]                        PROVIDE (__etext, ABSOLUTE (.))
                [!provide]                        PROVIDE (_etext, ABSOLUTE (.))
                [!provide]                        PROVIDE (etext, ABSOLUTE (.))
 *(.eh_frame_hdr)
                0x0000000004023d44                . = ALIGN (0x4)
                [!provide]                        PROVIDE (__preinit_array_start, ABSOLUTE (.))
 *(.preinit_array)
                [!provide]                        PROVIDE (__preinit_array_end, ABSOLUTE (.))
                [!provide]                        PROVIDE (__init_array_start, ABSOLUTE (.))
 *(.init_array)
                [!provide]                        PROVIDE (__init_array_end, ABSOLUTE (.))
                [!provide]                        PROVIDE (__fini_array_start, ABSOLUTE (.))
 *(.fini_array)
                [!provide]                        PROVIDE (__fini_array_end, ABSOLUTE (.))
 *(.eh_frame)
 *(.gcc_except_table .gcc_except_table.*)
 *(.dynamic)
                0x0000000004023d44                PROVIDE (__CTOR_LIST__, ABSOLUTE (.))
 *(.ctors)
 *(SORT(.ctors.*))
                0x0000000004023d44                PROVIDE (__CTOR_END__, ABSOLUTE (.))
                0x0000000004023d44                PROVIDE (__DTOR_LIST__, ABSOLUTE (.))
 *(.dtors)
 *(SORT(.dtors.*))
                0x0000000004023d44                PROVIDE (__DTOR_END__, ABSOLUTE (.))
 *(.jcr)
                0x0000000004023d44                . = ALIGN (0x4)

.rodata         0x0000000000000000      0x138 load address 0x0000000004023d44
                0x0000000000000000                PROVIDE (__ram_rodata_start, ABSOLUTE (.))
                0x0000000000000000                . = ALIGN (0x4)
 *(.rodata .rodata.* .gnu.linkonce.r.*)
 .rodata        0x0000000000000000      0x100 c:/intelfpga_lite/18.1/nios2eds/bin/gnu/h-x86_64-mingw32/bin/../lib/gcc/nios2-elf/5.3.0\libgcc.a(_clz.o)
                0x0000000000000000                __clz_tab
 .rodata        0x0000000000000100       0x11 ../m1_nios_bsp/\libhal_bsp.a(alt_main.o)
 *fill*         0x0000000000000111        0x3 
 .rodata        0x0000000000000114       0x11 ../m1_nios_bsp/\libhal_bsp.a(alt_sys_init.o)
 *fill*         0x0000000000000125        0x3 
 .rodata        0x0000000000000128        0xa ../m1_nios_bsp/\libhal_bsp.a(alt_dev.o)
 *fill*         0x0000000000000132        0x2 
 .rodata.str1.4
                0x0000000000000134        0x4 c:/intelfpga_lite/18.1/nios2eds/bin/gnu/h-x86_64-mingw32/bin/../lib/gcc/nios2-elf/5.3.0/../../../../../H-x86_64-mingw32/nios2-elf/lib\libc.a(lib_a-impure.o)
                                          0x2 (size before relaxing)
 *(.rodata1)
                0x0000000000000138                . = ALIGN (0x4)
                0x0000000000000138                PROVIDE (__ram_rodata_end, ABSOLUTE (.))
                0x0000000004023d44                PROVIDE (__flash_rodata_start, LOADADDR (.rodata))

.rwdata         0x0000000000000138     0x1658 load address 0x0000000004023e7c
                0x0000000000000138                PROVIDE (__ram_rwdata_start, ABSOLUTE (.))
                0x0000000000000138                . = ALIGN (0x4)
 *(.got.plt)
 *(.got)
 *(.data1)
 *(.data .data.* .gnu.linkonce.d.*)
 .data          0x0000000000000138        0x0 ../m1_nios_bsp//obj/HAL/src/crt0.o
 .data          0x0000000000000138        0x0 obj/default/SPI_controller.o
 .data          0x0000000000000138        0x0 c:/intelfpga_lite/18.1/nios2eds/bin/gnu/h-x86_64-mingw32/bin/../lib/gcc/nios2-elf/5.3.0\libgcc.a(lib2-divmod.o)
 .data          0x0000000000000138        0x0 c:/intelfpga_lite/18.1/nios2eds/bin/gnu/h-x86_64-mingw32/bin/../lib/gcc/nios2-elf/5.3.0\libgcc.a(mulsf3.o)
 .data          0x0000000000000138        0x0 c:/intelfpga_lite/18.1/nios2eds/bin/gnu/h-x86_64-mingw32/bin/../lib/gcc/nios2-elf/5.3.0\libgcc.a(fixsfsi.o)
 .data          0x0000000000000138        0x0 c:/intelfpga_lite/18.1/nios2eds/bin/gnu/h-x86_64-mingw32/bin/../lib/gcc/nios2-elf/5.3.0\libgcc.a(divdf3.o)
 .data          0x0000000000000138        0x0 c:/intelfpga_lite/18.1/nios2eds/bin/gnu/h-x86_64-mingw32/bin/../lib/gcc/nios2-elf/5.3.0\libgcc.a(floatsidf.o)
 .data          0x0000000000000138        0x0 c:/intelfpga_lite/18.1/nios2eds/bin/gnu/h-x86_64-mingw32/bin/../lib/gcc/nios2-elf/5.3.0\libgcc.a(truncdfsf2.o)
 .data          0x0000000000000138        0x0 c:/intelfpga_lite/18.1/nios2eds/bin/gnu/h-x86_64-mingw32/bin/../lib/gcc/nios2-elf/5.3.0\libgcc.a(_clzsi2.o)
 .data          0x0000000000000138        0x0 c:/intelfpga_lite/18.1/nios2eds/bin/gnu/h-x86_64-mingw32/bin/../lib/gcc/nios2-elf/5.3.0\libgcc.a(_clz.o)
 .data          0x0000000000000138        0x0 ../m1_nios_bsp/\libhal_bsp.a(alt_load.o)
 .data          0x0000000000000138        0x0 ../m1_nios_bsp/\libhal_bsp.a(alt_main.o)
 .data          0x0000000000000138     0x1060 ../m1_nios_bsp/\libhal_bsp.a(alt_sys_init.o)
 .data          0x0000000000001198        0x0 ../m1_nios_bsp/\libhal_bsp.a(altera_avalon_jtag_uart_fd.o)
 .data          0x0000000000001198        0x0 ../m1_nios_bsp/\libhal_bsp.a(altera_avalon_jtag_uart_init.o)
 .data          0x0000000000001198        0x0 ../m1_nios_bsp/\libhal_bsp.a(altera_avalon_jtag_uart_ioctl.o)
 .data          0x0000000000001198        0x0 ../m1_nios_bsp/\libhal_bsp.a(altera_avalon_jtag_uart_read.o)
 .data          0x0000000000001198        0x0 ../m1_nios_bsp/\libhal_bsp.a(altera_avalon_jtag_uart_write.o)
 .data          0x0000000000001198        0x0 ../m1_nios_bsp/\libhal_bsp.a(altera_avalon_spi.o)
 .data          0x0000000000001198        0x0 ../m1_nios_bsp/\libhal_bsp.a(altera_avalon_timer_sc.o)
 .data          0x0000000000001198        0x0 ../m1_nios_bsp/\libhal_bsp.a(alt_alarm_start.o)
 .data          0x0000000000001198        0x0 ../m1_nios_bsp/\libhal_bsp.a(alt_close.o)
 .data          0x0000000000001198        0x0 ../m1_nios_bsp/\libhal_bsp.a(alt_dcache_flush_all.o)
 .data          0x0000000000001198      0x1a8 ../m1_nios_bsp/\libhal_bsp.a(alt_dev.o)
                0x0000000000001198                alt_dev_null
                0x00000000000011c0                alt_fd_list
 .data          0x0000000000001340        0x0 ../m1_nios_bsp/\libhal_bsp.a(alt_dev_llist_insert.o)
 .data          0x0000000000001340        0x0 ../m1_nios_bsp/\libhal_bsp.a(alt_do_ctors.o)
 .data          0x0000000000001340        0x0 ../m1_nios_bsp/\libhal_bsp.a(alt_do_dtors.o)
 .data          0x0000000000001340        0x0 ../m1_nios_bsp/\libhal_bsp.a(alt_errno.o)
 .data          0x0000000000001340        0x0 ../m1_nios_bsp/\libhal_bsp.a(alt_icache_flush_all.o)
 .data          0x0000000000001340        0x0 ../m1_nios_bsp/\libhal_bsp.a(alt_iic.o)
 .data          0x0000000000001340        0x0 ../m1_nios_bsp/\libhal_bsp.a(alt_iic_isr_register.o)
 .data          0x0000000000001340        0x0 ../m1_nios_bsp/\libhal_bsp.a(alt_io_redirect.o)
 .data          0x0000000000001340        0x0 ../m1_nios_bsp/\libhal_bsp.a(alt_irq_entry.o)
 .data          0x0000000000001340        0x0 ../m1_nios_bsp/\libhal_bsp.a(alt_irq_handler.o)
 .data          0x0000000000001340        0x0 ../m1_nios_bsp/\libhal_bsp.a(alt_irq_vars.o)
 .data          0x0000000000001340        0x0 ../m1_nios_bsp/\libhal_bsp.a(alt_open.o)
 .data          0x0000000000001340        0x0 ../m1_nios_bsp/\libhal_bsp.a(alt_release_fd.o)
 .data          0x0000000000001340        0x0 ../m1_nios_bsp/\libhal_bsp.a(alt_tick.o)
 .data          0x0000000000001340        0x0 ../m1_nios_bsp/\libhal_bsp.a(altera_nios2_gen2_irq.o)
 .data          0x0000000000001340        0x0 ../m1_nios_bsp/\libhal_bsp.a(alt_exception_entry.o)
 .data          0x0000000000001340        0x0 ../m1_nios_bsp/\libhal_bsp.a(alt_find_dev.o)
 .data          0x0000000000001340        0x0 ../m1_nios_bsp/\libhal_bsp.a(alt_find_file.o)
 .data          0x0000000000001340        0x0 ../m1_nios_bsp/\libhal_bsp.a(alt_get_fd.o)
 .data          0x0000000000001340        0x0 ../m1_nios_bsp/\libhal_bsp.a(alt_icache_flush.o)
 .data          0x0000000000001340        0x0 ../m1_nios_bsp/\libhal_bsp.a(alt_instruction_exception_entry.o)
 .data          0x0000000000001340        0x0 c:/intelfpga_lite/18.1/nios2eds/bin/gnu/h-x86_64-mingw32/bin/../lib/gcc/nios2-elf/5.3.0/../../../../../H-x86_64-mingw32/nios2-elf/lib\libc.a(lib_a-atexit.o)
 .data          0x0000000000001340        0x0 c:/intelfpga_lite/18.1/nios2eds/bin/gnu/h-x86_64-mingw32/bin/../lib/gcc/nios2-elf/5.3.0/../../../../../H-x86_64-mingw32/nios2-elf/lib\libc.a(lib_a-exit.o)
 .data          0x0000000000001340        0x0 c:/intelfpga_lite/18.1/nios2eds/bin/gnu/h-x86_64-mingw32/bin/../lib/gcc/nios2-elf/5.3.0/../../../../../H-x86_64-mingw32/nios2-elf/lib\libc.a(lib_a-impure.o)
 .data.impure_data
                0x0000000000001340      0x424 c:/intelfpga_lite/18.1/nios2eds/bin/gnu/h-x86_64-mingw32/bin/../lib/gcc/nios2-elf/5.3.0/../../../../../H-x86_64-mingw32/nios2-elf/lib\libc.a(lib_a-impure.o)
 .data          0x0000000000001764        0x0 c:/intelfpga_lite/18.1/nios2eds/bin/gnu/h-x86_64-mingw32/bin/../lib/gcc/nios2-elf/5.3.0/../../../../../H-x86_64-mingw32/nios2-elf/lib\libc.a(lib_a-int_errno.o)
 .data          0x0000000000001764        0x0 c:/intelfpga_lite/18.1/nios2eds/bin/gnu/h-x86_64-mingw32/bin/../lib/gcc/nios2-elf/5.3.0/../../../../../H-x86_64-mingw32/nios2-elf/lib\libc.a(lib_a-memcmp.o)
 .data          0x0000000000001764        0x0 c:/intelfpga_lite/18.1/nios2eds/bin/gnu/h-x86_64-mingw32/bin/../lib/gcc/nios2-elf/5.3.0/../../../../../H-x86_64-mingw32/nios2-elf/lib\libc.a(lib_a-memcpy.o)
 .data          0x0000000000001764        0x0 c:/intelfpga_lite/18.1/nios2eds/bin/gnu/h-x86_64-mingw32/bin/../lib/gcc/nios2-elf/5.3.0/../../../../../H-x86_64-mingw32/nios2-elf/lib\libc.a(lib_a-strlen.o)
 .data          0x0000000000001764        0x0 c:/intelfpga_lite/18.1/nios2eds/bin/gnu/h-x86_64-mingw32/bin/../lib/gcc/nios2-elf/5.3.0/../../../../../H-x86_64-mingw32/nios2-elf/lib\libc.a(lib_a-__atexit.o)
 .data          0x0000000000001764        0x0 c:/intelfpga_lite/18.1/nios2eds/bin/gnu/h-x86_64-mingw32/bin/../lib/gcc/nios2-elf/5.3.0/../../../../../H-x86_64-mingw32/nios2-elf/lib\libc.a(lib_a-__call_atexit.o)
 .data          0x0000000000001764        0x0 ../m1_nios_bsp/\libhal_bsp.a(alt_exit.o)
                0x0000000000009764                _gp = ABSOLUTE ((. + 0x8000))
                [!provide]                        PROVIDE (gp, _gp)
 *(.rwdata .rwdata.*)
 *(.sdata .sdata.* .gnu.linkonce.s.*)
 .sdata         0x0000000000001764       0x14 ../m1_nios_bsp/\libhal_bsp.a(alt_dev.o)
                0x0000000000001764                alt_fs_list
                0x000000000000176c                alt_dev_list
                0x0000000000001774                alt_max_fd
 .sdata         0x0000000000001778        0x4 ../m1_nios_bsp/\libhal_bsp.a(alt_errno.o)
                0x0000000000001778                alt_errno
 .sdata         0x000000000000177c        0x4 ../m1_nios_bsp/\libhal_bsp.a(alt_irq_vars.o)
                0x000000000000177c                alt_priority_mask
 .sdata         0x0000000000001780        0x8 ../m1_nios_bsp/\libhal_bsp.a(alt_tick.o)
                0x0000000000001780                alt_alarm_list
 .sdata._global_impure_ptr
                0x0000000000001788        0x4 c:/intelfpga_lite/18.1/nios2eds/bin/gnu/h-x86_64-mingw32/bin/../lib/gcc/nios2-elf/5.3.0/../../../../../H-x86_64-mingw32/nios2-elf/lib\libc.a(lib_a-impure.o)
                0x0000000000001788                _global_impure_ptr
 .sdata._impure_ptr
                0x000000000000178c        0x4 c:/intelfpga_lite/18.1/nios2eds/bin/gnu/h-x86_64-mingw32/bin/../lib/gcc/nios2-elf/5.3.0/../../../../../H-x86_64-mingw32/nios2-elf/lib\libc.a(lib_a-impure.o)
                0x000000000000178c                _impure_ptr
 *(.sdata2 .sdata2.* .gnu.linkonce.s2.*)
                0x0000000000001790                . = ALIGN (0x4)
                0x0000000000001790                _edata = ABSOLUTE (.)
                [!provide]                        PROVIDE (edata, ABSOLUTE (.))
                0x0000000000001790                PROVIDE (__ram_rwdata_end, ABSOLUTE (.))
                0x0000000004023e7c                PROVIDE (__flash_rwdata_start, LOADADDR (.rwdata))

.bss            0x0000000000001790      0x120 load address 0x00000000040254d4
                0x0000000000001790                __bss_start = ABSOLUTE (.)
                [!provide]                        PROVIDE (__sbss_start, ABSOLUTE (.))
                [!provide]                        PROVIDE (___sbss_start, ABSOLUTE (.))
 *(.dynsbss)
 *(.sbss .sbss.* .gnu.linkonce.sb.*)
 .sbss          0x0000000000001790        0xc ../m1_nios_bsp/\libhal_bsp.a(alt_main.o)
                0x0000000000001790                alt_argc
                0x0000000000001794                alt_argv
                0x0000000000001798                alt_envp
 .sbss          0x000000000000179c        0x4 ../m1_nios_bsp/\libhal_bsp.a(alt_irq_vars.o)
                0x000000000000179c                alt_irq_active
 .sbss          0x00000000000017a0        0x8 ../m1_nios_bsp/\libhal_bsp.a(alt_tick.o)
                0x00000000000017a0                _alt_tick_rate
                0x00000000000017a4                _alt_nticks
 .sbss          0x00000000000017a8        0x4 ../m1_nios_bsp/\libhal_bsp.a(alt_instruction_exception_entry.o)
                0x00000000000017a8                alt_instruction_exception_handler
 .sbss          0x00000000000017ac        0x4 c:/intelfpga_lite/18.1/nios2eds/bin/gnu/h-x86_64-mingw32/bin/../lib/gcc/nios2-elf/5.3.0/../../../../../H-x86_64-mingw32/nios2-elf/lib\libc.a(lib_a-int_errno.o)
                0x00000000000017ac                errno
 *(.sbss2 .sbss2.* .gnu.linkonce.sb2.*)
 *(.scommon)
                [!provide]                        PROVIDE (__sbss_end, ABSOLUTE (.))
                [!provide]                        PROVIDE (___sbss_end, ABSOLUTE (.))
 *(.dynbss)
 *(.bss .bss.* .gnu.linkonce.b.*)
 .bss           0x00000000000017b0        0x0 ../m1_nios_bsp//obj/HAL/src/crt0.o
 .bss           0x00000000000017b0        0x0 obj/default/SPI_controller.o
 .bss           0x00000000000017b0        0x0 c:/intelfpga_lite/18.1/nios2eds/bin/gnu/h-x86_64-mingw32/bin/../lib/gcc/nios2-elf/5.3.0\libgcc.a(lib2-divmod.o)
 .bss           0x00000000000017b0        0x0 c:/intelfpga_lite/18.1/nios2eds/bin/gnu/h-x86_64-mingw32/bin/../lib/gcc/nios2-elf/5.3.0\libgcc.a(mulsf3.o)
 .bss           0x00000000000017b0        0x0 c:/intelfpga_lite/18.1/nios2eds/bin/gnu/h-x86_64-mingw32/bin/../lib/gcc/nios2-elf/5.3.0\libgcc.a(fixsfsi.o)
 .bss           0x00000000000017b0        0x0 c:/intelfpga_lite/18.1/nios2eds/bin/gnu/h-x86_64-mingw32/bin/../lib/gcc/nios2-elf/5.3.0\libgcc.a(divdf3.o)
 .bss           0x00000000000017b0        0x0 c:/intelfpga_lite/18.1/nios2eds/bin/gnu/h-x86_64-mingw32/bin/../lib/gcc/nios2-elf/5.3.0\libgcc.a(floatsidf.o)
 .bss           0x00000000000017b0        0x0 c:/intelfpga_lite/18.1/nios2eds/bin/gnu/h-x86_64-mingw32/bin/../lib/gcc/nios2-elf/5.3.0\libgcc.a(truncdfsf2.o)
 .bss           0x00000000000017b0        0x0 c:/intelfpga_lite/18.1/nios2eds/bin/gnu/h-x86_64-mingw32/bin/../lib/gcc/nios2-elf/5.3.0\libgcc.a(_clzsi2.o)
 .bss           0x00000000000017b0        0x0 c:/intelfpga_lite/18.1/nios2eds/bin/gnu/h-x86_64-mingw32/bin/../lib/gcc/nios2-elf/5.3.0\libgcc.a(_clz.o)
 .bss           0x00000000000017b0        0x0 ../m1_nios_bsp/\libhal_bsp.a(alt_load.o)
 .bss           0x00000000000017b0        0x0 ../m1_nios_bsp/\libhal_bsp.a(alt_main.o)
 .bss           0x00000000000017b0        0x0 ../m1_nios_bsp/\libhal_bsp.a(alt_sys_init.o)
 .bss           0x00000000000017b0        0x0 ../m1_nios_bsp/\libhal_bsp.a(altera_avalon_jtag_uart_fd.o)
 .bss           0x00000000000017b0        0x0 ../m1_nios_bsp/\libhal_bsp.a(altera_avalon_jtag_uart_init.o)
 .bss           0x00000000000017b0        0x0 ../m1_nios_bsp/\libhal_bsp.a(altera_avalon_jtag_uart_ioctl.o)
 .bss           0x00000000000017b0        0x0 ../m1_nios_bsp/\libhal_bsp.a(altera_avalon_jtag_uart_read.o)
 .bss           0x00000000000017b0        0x0 ../m1_nios_bsp/\libhal_bsp.a(altera_avalon_jtag_uart_write.o)
 .bss           0x00000000000017b0        0x0 ../m1_nios_bsp/\libhal_bsp.a(altera_avalon_spi.o)
 .bss           0x00000000000017b0        0x0 ../m1_nios_bsp/\libhal_bsp.a(altera_avalon_timer_sc.o)
 .bss           0x00000000000017b0        0x0 ../m1_nios_bsp/\libhal_bsp.a(alt_alarm_start.o)
 .bss           0x00000000000017b0        0x0 ../m1_nios_bsp/\libhal_bsp.a(alt_close.o)
 .bss           0x00000000000017b0        0x0 ../m1_nios_bsp/\libhal_bsp.a(alt_dcache_flush_all.o)
 .bss           0x00000000000017b0        0x0 ../m1_nios_bsp/\libhal_bsp.a(alt_dev.o)
 .bss           0x00000000000017b0        0x0 ../m1_nios_bsp/\libhal_bsp.a(alt_dev_llist_insert.o)
 .bss           0x00000000000017b0        0x0 ../m1_nios_bsp/\libhal_bsp.a(alt_do_ctors.o)
 .bss           0x00000000000017b0        0x0 ../m1_nios_bsp/\libhal_bsp.a(alt_do_dtors.o)
 .bss           0x00000000000017b0        0x0 ../m1_nios_bsp/\libhal_bsp.a(alt_errno.o)
 .bss           0x00000000000017b0        0x0 ../m1_nios_bsp/\libhal_bsp.a(alt_icache_flush_all.o)
 .bss           0x00000000000017b0        0x0 ../m1_nios_bsp/\libhal_bsp.a(alt_iic.o)
 .bss           0x00000000000017b0        0x0 ../m1_nios_bsp/\libhal_bsp.a(alt_iic_isr_register.o)
 .bss           0x00000000000017b0        0x0 ../m1_nios_bsp/\libhal_bsp.a(alt_io_redirect.o)
 .bss           0x00000000000017b0        0x0 ../m1_nios_bsp/\libhal_bsp.a(alt_irq_entry.o)
 .bss           0x00000000000017b0        0x0 ../m1_nios_bsp/\libhal_bsp.a(alt_irq_handler.o)
 .bss           0x00000000000017b0        0x0 ../m1_nios_bsp/\libhal_bsp.a(alt_irq_vars.o)
 .bss           0x00000000000017b0        0x0 ../m1_nios_bsp/\libhal_bsp.a(alt_open.o)
 .bss           0x00000000000017b0        0x0 ../m1_nios_bsp/\libhal_bsp.a(alt_release_fd.o)
 .bss           0x00000000000017b0        0x0 ../m1_nios_bsp/\libhal_bsp.a(alt_tick.o)
 .bss           0x00000000000017b0        0x0 ../m1_nios_bsp/\libhal_bsp.a(altera_nios2_gen2_irq.o)
 .bss           0x00000000000017b0        0x0 ../m1_nios_bsp/\libhal_bsp.a(alt_exception_entry.o)
 .bss           0x00000000000017b0        0x0 ../m1_nios_bsp/\libhal_bsp.a(alt_find_dev.o)
 .bss           0x00000000000017b0        0x0 ../m1_nios_bsp/\libhal_bsp.a(alt_find_file.o)
 .bss           0x00000000000017b0        0x0 ../m1_nios_bsp/\libhal_bsp.a(alt_get_fd.o)
 .bss           0x00000000000017b0        0x0 ../m1_nios_bsp/\libhal_bsp.a(alt_icache_flush.o)
 .bss           0x00000000000017b0        0x0 ../m1_nios_bsp/\libhal_bsp.a(alt_instruction_exception_entry.o)
 .bss           0x00000000000017b0        0x0 c:/intelfpga_lite/18.1/nios2eds/bin/gnu/h-x86_64-mingw32/bin/../lib/gcc/nios2-elf/5.3.0/../../../../../H-x86_64-mingw32/nios2-elf/lib\libc.a(lib_a-atexit.o)
 .bss           0x00000000000017b0        0x0 c:/intelfpga_lite/18.1/nios2eds/bin/gnu/h-x86_64-mingw32/bin/../lib/gcc/nios2-elf/5.3.0/../../../../../H-x86_64-mingw32/nios2-elf/lib\libc.a(lib_a-exit.o)
 .bss           0x00000000000017b0        0x0 c:/intelfpga_lite/18.1/nios2eds/bin/gnu/h-x86_64-mingw32/bin/../lib/gcc/nios2-elf/5.3.0/../../../../../H-x86_64-mingw32/nios2-elf/lib\libc.a(lib_a-impure.o)
 .bss           0x00000000000017b0        0x0 c:/intelfpga_lite/18.1/nios2eds/bin/gnu/h-x86_64-mingw32/bin/../lib/gcc/nios2-elf/5.3.0/../../../../../H-x86_64-mingw32/nios2-elf/lib\libc.a(lib_a-int_errno.o)
 .bss           0x00000000000017b0        0x0 c:/intelfpga_lite/18.1/nios2eds/bin/gnu/h-x86_64-mingw32/bin/../lib/gcc/nios2-elf/5.3.0/../../../../../H-x86_64-mingw32/nios2-elf/lib\libc.a(lib_a-memcmp.o)
 .bss           0x00000000000017b0        0x0 c:/intelfpga_lite/18.1/nios2eds/bin/gnu/h-x86_64-mingw32/bin/../lib/gcc/nios2-elf/5.3.0/../../../../../H-x86_64-mingw32/nios2-elf/lib\libc.a(lib_a-memcpy.o)
 .bss           0x00000000000017b0        0x0 c:/intelfpga_lite/18.1/nios2eds/bin/gnu/h-x86_64-mingw32/bin/../lib/gcc/nios2-elf/5.3.0/../../../../../H-x86_64-mingw32/nios2-elf/lib\libc.a(lib_a-strlen.o)
 .bss           0x00000000000017b0        0x0 c:/intelfpga_lite/18.1/nios2eds/bin/gnu/h-x86_64-mingw32/bin/../lib/gcc/nios2-elf/5.3.0/../../../../../H-x86_64-mingw32/nios2-elf/lib\libc.a(lib_a-__atexit.o)
 .bss           0x00000000000017b0        0x0 c:/intelfpga_lite/18.1/nios2eds/bin/gnu/h-x86_64-mingw32/bin/../lib/gcc/nios2-elf/5.3.0/../../../../../H-x86_64-mingw32/nios2-elf/lib\libc.a(lib_a-__call_atexit.o)
 .bss           0x00000000000017b0        0x0 ../m1_nios_bsp/\libhal_bsp.a(alt_exit.o)
 *(COMMON)
 COMMON         0x00000000000017b0      0x100 ../m1_nios_bsp/\libhal_bsp.a(alt_irq_handler.o)
                0x00000000000017b0                alt_irq
                0x00000000000018b0                . = ALIGN (0x4)
                0x00000000000018b0                __bss_end = ABSOLUTE (.)

.new_sdram_controller_0
                0x00000000000018b0        0x0 load address 0x00000000040254d4
                [!provide]                        PROVIDE (_alt_partition_new_sdram_controller_0_start, ABSOLUTE (.))
 *(.new_sdram_controller_0 .new_sdram_controller_0. new_sdram_controller_0.*)
                0x00000000000018b0                . = ALIGN (0x4)
                [!provide]                        PROVIDE (_alt_partition_new_sdram_controller_0_end, ABSOLUTE (.))
                0x00000000000018b0                _end = ABSOLUTE (.)
                0x00000000000018b0                end = ABSOLUTE (.)
                0x00000000000018b0                __alt_stack_base = ABSOLUTE (.)
                [!provide]                        PROVIDE (_alt_partition_new_sdram_controller_0_load_addr, LOADADDR (.new_sdram_controller_0))

.onchip_memory2_0
                0x00000000040254d4        0x0
                [!provide]                        PROVIDE (_alt_partition_onchip_memory2_0_start, ABSOLUTE (.))
 *(.onchip_memory2_0 .onchip_memory2_0. onchip_memory2_0.*)
                0x00000000040254d4                . = ALIGN (0x4)
                [!provide]                        PROVIDE (_alt_partition_onchip_memory2_0_end, ABSOLUTE (.))
                [!provide]                        PROVIDE (_alt_partition_onchip_memory2_0_load_addr, LOADADDR (.onchip_memory2_0))

.stab
 *(.stab)

.stabstr
 *(.stabstr)

.stab.excl
 *(.stab.excl)

.stab.exclstr
 *(.stab.exclstr)

.stab.index
 *(.stab.index)

.stab.indexstr
 *(.stab.indexstr)

.comment        0x0000000000000000       0x23
 *(.comment)
 .comment       0x0000000000000000       0x23 obj/default/SPI_controller.o
                                         0x24 (size before relaxing)
 .comment       0x0000000000000023       0x24 c:/intelfpga_lite/18.1/nios2eds/bin/gnu/h-x86_64-mingw32/bin/../lib/gcc/nios2-elf/5.3.0\libgcc.a(lib2-divmod.o)
 .comment       0x0000000000000023       0x24 c:/intelfpga_lite/18.1/nios2eds/bin/gnu/h-x86_64-mingw32/bin/../lib/gcc/nios2-elf/5.3.0\libgcc.a(mulsf3.o)
 .comment       0x0000000000000023       0x24 c:/intelfpga_lite/18.1/nios2eds/bin/gnu/h-x86_64-mingw32/bin/../lib/gcc/nios2-elf/5.3.0\libgcc.a(fixsfsi.o)
 .comment       0x0000000000000023       0x24 c:/intelfpga_lite/18.1/nios2eds/bin/gnu/h-x86_64-mingw32/bin/../lib/gcc/nios2-elf/5.3.0\libgcc.a(divdf3.o)
 .comment       0x0000000000000023       0x24 c:/intelfpga_lite/18.1/nios2eds/bin/gnu/h-x86_64-mingw32/bin/../lib/gcc/nios2-elf/5.3.0\libgcc.a(floatsidf.o)
 .comment       0x0000000000000023       0x24 c:/intelfpga_lite/18.1/nios2eds/bin/gnu/h-x86_64-mingw32/bin/../lib/gcc/nios2-elf/5.3.0\libgcc.a(truncdfsf2.o)
 .comment       0x0000000000000023       0x24 c:/intelfpga_lite/18.1/nios2eds/bin/gnu/h-x86_64-mingw32/bin/../lib/gcc/nios2-elf/5.3.0\libgcc.a(_clzsi2.o)
 .comment       0x0000000000000023       0x24 c:/intelfpga_lite/18.1/nios2eds/bin/gnu/h-x86_64-mingw32/bin/../lib/gcc/nios2-elf/5.3.0\libgcc.a(_clz.o)
 .comment       0x0000000000000023       0x24 ../m1_nios_bsp/\libhal_bsp.a(alt_load.o)
 .comment       0x0000000000000023       0x24 ../m1_nios_bsp/\libhal_bsp.a(alt_main.o)
 .comment       0x0000000000000023       0x24 ../m1_nios_bsp/\libhal_bsp.a(alt_sys_init.o)
 .comment       0x0000000000000023       0x24 ../m1_nios_bsp/\libhal_bsp.a(altera_avalon_jtag_uart_fd.o)
 .comment       0x0000000000000023       0x24 ../m1_nios_bsp/\libhal_bsp.a(altera_avalon_jtag_uart_init.o)
 .comment       0x0000000000000023       0x24 ../m1_nios_bsp/\libhal_bsp.a(altera_avalon_jtag_uart_ioctl.o)
 .comment       0x0000000000000023       0x24 ../m1_nios_bsp/\libhal_bsp.a(altera_avalon_jtag_uart_read.o)
 .comment       0x0000000000000023       0x24 ../m1_nios_bsp/\libhal_bsp.a(altera_avalon_jtag_uart_write.o)
 .comment       0x0000000000000023       0x24 ../m1_nios_bsp/\libhal_bsp.a(altera_avalon_spi.o)
 .comment       0x0000000000000023       0x24 ../m1_nios_bsp/\libhal_bsp.a(altera_avalon_timer_sc.o)
 .comment       0x0000000000000023       0x24 ../m1_nios_bsp/\libhal_bsp.a(alt_alarm_start.o)
 .comment       0x0000000000000023       0x24 ../m1_nios_bsp/\libhal_bsp.a(alt_close.o)
 .comment       0x0000000000000023       0x24 ../m1_nios_bsp/\libhal_bsp.a(alt_dcache_flush_all.o)
 .comment       0x0000000000000023       0x24 ../m1_nios_bsp/\libhal_bsp.a(alt_dev.o)
 .comment       0x0000000000000023       0x24 ../m1_nios_bsp/\libhal_bsp.a(alt_dev_llist_insert.o)
 .comment       0x0000000000000023       0x24 ../m1_nios_bsp/\libhal_bsp.a(alt_do_ctors.o)
 .comment       0x0000000000000023       0x24 ../m1_nios_bsp/\libhal_bsp.a(alt_do_dtors.o)
 .comment       0x0000000000000023       0x24 ../m1_nios_bsp/\libhal_bsp.a(alt_errno.o)
 .comment       0x0000000000000023       0x24 ../m1_nios_bsp/\libhal_bsp.a(alt_icache_flush_all.o)
 .comment       0x0000000000000023       0x24 ../m1_nios_bsp/\libhal_bsp.a(alt_iic.o)
 .comment       0x0000000000000023       0x24 ../m1_nios_bsp/\libhal_bsp.a(alt_iic_isr_register.o)
 .comment       0x0000000000000023       0x24 ../m1_nios_bsp/\libhal_bsp.a(alt_io_redirect.o)
 .comment       0x0000000000000023       0x24 ../m1_nios_bsp/\libhal_bsp.a(alt_irq_handler.o)
 .comment       0x0000000000000023       0x24 ../m1_nios_bsp/\libhal_bsp.a(alt_irq_vars.o)
 .comment       0x0000000000000023       0x24 ../m1_nios_bsp/\libhal_bsp.a(alt_open.o)
 .comment       0x0000000000000023       0x24 ../m1_nios_bsp/\libhal_bsp.a(alt_release_fd.o)
 .comment       0x0000000000000023       0x24 ../m1_nios_bsp/\libhal_bsp.a(alt_tick.o)
 .comment       0x0000000000000023       0x24 ../m1_nios_bsp/\libhal_bsp.a(altera_nios2_gen2_irq.o)
 .comment       0x0000000000000023       0x24 ../m1_nios_bsp/\libhal_bsp.a(alt_find_dev.o)
 .comment       0x0000000000000023       0x24 ../m1_nios_bsp/\libhal_bsp.a(alt_find_file.o)
 .comment       0x0000000000000023       0x24 ../m1_nios_bsp/\libhal_bsp.a(alt_get_fd.o)
 .comment       0x0000000000000023       0x24 ../m1_nios_bsp/\libhal_bsp.a(alt_icache_flush.o)
 .comment       0x0000000000000023       0x24 ../m1_nios_bsp/\libhal_bsp.a(alt_instruction_exception_entry.o)
 .comment       0x0000000000000023       0x24 c:/intelfpga_lite/18.1/nios2eds/bin/gnu/h-x86_64-mingw32/bin/../lib/gcc/nios2-elf/5.3.0/../../../../../H-x86_64-mingw32/nios2-elf/lib\libc.a(lib_a-atexit.o)
 .comment       0x0000000000000023       0x24 c:/intelfpga_lite/18.1/nios2eds/bin/gnu/h-x86_64-mingw32/bin/../lib/gcc/nios2-elf/5.3.0/../../../../../H-x86_64-mingw32/nios2-elf/lib\libc.a(lib_a-exit.o)
 .comment       0x0000000000000023       0x24 c:/intelfpga_lite/18.1/nios2eds/bin/gnu/h-x86_64-mingw32/bin/../lib/gcc/nios2-elf/5.3.0/../../../../../H-x86_64-mingw32/nios2-elf/lib\libc.a(lib_a-impure.o)
 .comment       0x0000000000000023       0x24 c:/intelfpga_lite/18.1/nios2eds/bin/gnu/h-x86_64-mingw32/bin/../lib/gcc/nios2-elf/5.3.0/../../../../../H-x86_64-mingw32/nios2-elf/lib\libc.a(lib_a-int_errno.o)
 .comment       0x0000000000000023       0x24 c:/intelfpga_lite/18.1/nios2eds/bin/gnu/h-x86_64-mingw32/bin/../lib/gcc/nios2-elf/5.3.0/../../../../../H-x86_64-mingw32/nios2-elf/lib\libc.a(lib_a-memcmp.o)
 .comment       0x0000000000000023       0x24 c:/intelfpga_lite/18.1/nios2eds/bin/gnu/h-x86_64-mingw32/bin/../lib/gcc/nios2-elf/5.3.0/../../../../../H-x86_64-mingw32/nios2-elf/lib\libc.a(lib_a-memcpy.o)
 .comment       0x0000000000000023       0x24 c:/intelfpga_lite/18.1/nios2eds/bin/gnu/h-x86_64-mingw32/bin/../lib/gcc/nios2-elf/5.3.0/../../../../../H-x86_64-mingw32/nios2-elf/lib\libc.a(lib_a-strlen.o)
 .comment       0x0000000000000023       0x24 c:/intelfpga_lite/18.1/nios2eds/bin/gnu/h-x86_64-mingw32/bin/../lib/gcc/nios2-elf/5.3.0/../../../../../H-x86_64-mingw32/nios2-elf/lib\libc.a(lib_a-__atexit.o)
 .comment       0x0000000000000023       0x24 c:/intelfpga_lite/18.1/nios2eds/bin/gnu/h-x86_64-mingw32/bin/../lib/gcc/nios2-elf/5.3.0/../../../../../H-x86_64-mingw32/nios2-elf/lib\libc.a(lib_a-__call_atexit.o)
 .comment       0x0000000000000023       0x24 ../m1_nios_bsp/\libhal_bsp.a(alt_exit.o)

.debug
 *(.debug)

.line
 *(.line)

.debug_srcinfo
 *(.debug_srcinfo)

.debug_sfnames
 *(.debug_sfnames)

.debug_aranges  0x0000000000000000      0x6f0
 *(.debug_aranges)
 .debug_aranges
                0x0000000000000000       0x28 ../m1_nios_bsp//obj/HAL/src/crt0.o
 .debug_aranges
                0x0000000000000028       0x20 obj/default/SPI_controller.o
 .debug_aranges
                0x0000000000000048       0x20 c:/intelfpga_lite/18.1/nios2eds/bin/gnu/h-x86_64-mingw32/bin/../lib/gcc/nios2-elf/5.3.0\libgcc.a(lib2-divmod.o)
 .debug_aranges
                0x0000000000000068       0x20 c:/intelfpga_lite/18.1/nios2eds/bin/gnu/h-x86_64-mingw32/bin/../lib/gcc/nios2-elf/5.3.0\libgcc.a(mulsf3.o)
 .debug_aranges
                0x0000000000000088       0x20 c:/intelfpga_lite/18.1/nios2eds/bin/gnu/h-x86_64-mingw32/bin/../lib/gcc/nios2-elf/5.3.0\libgcc.a(fixsfsi.o)
 .debug_aranges
                0x00000000000000a8       0x20 c:/intelfpga_lite/18.1/nios2eds/bin/gnu/h-x86_64-mingw32/bin/../lib/gcc/nios2-elf/5.3.0\libgcc.a(divdf3.o)
 .debug_aranges
                0x00000000000000c8       0x20 c:/intelfpga_lite/18.1/nios2eds/bin/gnu/h-x86_64-mingw32/bin/../lib/gcc/nios2-elf/5.3.0\libgcc.a(floatsidf.o)
 .debug_aranges
                0x00000000000000e8       0x20 c:/intelfpga_lite/18.1/nios2eds/bin/gnu/h-x86_64-mingw32/bin/../lib/gcc/nios2-elf/5.3.0\libgcc.a(truncdfsf2.o)
 .debug_aranges
                0x0000000000000108       0x20 c:/intelfpga_lite/18.1/nios2eds/bin/gnu/h-x86_64-mingw32/bin/../lib/gcc/nios2-elf/5.3.0\libgcc.a(_clzsi2.o)
 .debug_aranges
                0x0000000000000128       0x18 c:/intelfpga_lite/18.1/nios2eds/bin/gnu/h-x86_64-mingw32/bin/../lib/gcc/nios2-elf/5.3.0\libgcc.a(_clz.o)
 .debug_aranges
                0x0000000000000140       0x20 ../m1_nios_bsp/\libhal_bsp.a(alt_load.o)
 .debug_aranges
                0x0000000000000160       0x20 ../m1_nios_bsp/\libhal_bsp.a(alt_main.o)
 .debug_aranges
                0x0000000000000180       0x20 ../m1_nios_bsp/\libhal_bsp.a(alt_sys_init.o)
 .debug_aranges
                0x00000000000001a0       0x20 ../m1_nios_bsp/\libhal_bsp.a(altera_avalon_jtag_uart_fd.o)
 .debug_aranges
                0x00000000000001c0       0x20 ../m1_nios_bsp/\libhal_bsp.a(altera_avalon_jtag_uart_init.o)
 .debug_aranges
                0x00000000000001e0       0x20 ../m1_nios_bsp/\libhal_bsp.a(altera_avalon_jtag_uart_ioctl.o)
 .debug_aranges
                0x0000000000000200       0x20 ../m1_nios_bsp/\libhal_bsp.a(altera_avalon_jtag_uart_read.o)
 .debug_aranges
                0x0000000000000220       0x20 ../m1_nios_bsp/\libhal_bsp.a(altera_avalon_jtag_uart_write.o)
 .debug_aranges
                0x0000000000000240       0x20 ../m1_nios_bsp/\libhal_bsp.a(altera_avalon_spi.o)
 .debug_aranges
                0x0000000000000260       0x20 ../m1_nios_bsp/\libhal_bsp.a(altera_avalon_timer_sc.o)
 .debug_aranges
                0x0000000000000280       0x20 ../m1_nios_bsp/\libhal_bsp.a(alt_alarm_start.o)
 .debug_aranges
                0x00000000000002a0       0x20 ../m1_nios_bsp/\libhal_bsp.a(alt_close.o)
 .debug_aranges
                0x00000000000002c0       0x20 ../m1_nios_bsp/\libhal_bsp.a(alt_dcache_flush_all.o)
 .debug_aranges
                0x00000000000002e0       0x20 ../m1_nios_bsp/\libhal_bsp.a(alt_dev.o)
 .debug_aranges
                0x0000000000000300       0x20 ../m1_nios_bsp/\libhal_bsp.a(alt_dev_llist_insert.o)
 .debug_aranges
                0x0000000000000320       0x20 ../m1_nios_bsp/\libhal_bsp.a(alt_do_ctors.o)
 .debug_aranges
                0x0000000000000340       0x20 ../m1_nios_bsp/\libhal_bsp.a(alt_do_dtors.o)
 .debug_aranges
                0x0000000000000360       0x18 ../m1_nios_bsp/\libhal_bsp.a(alt_errno.o)
 .debug_aranges
                0x0000000000000378       0x20 ../m1_nios_bsp/\libhal_bsp.a(alt_icache_flush_all.o)
 .debug_aranges
                0x0000000000000398       0x20 ../m1_nios_bsp/\libhal_bsp.a(alt_iic.o)
 .debug_aranges
                0x00000000000003b8       0x20 ../m1_nios_bsp/\libhal_bsp.a(alt_iic_isr_register.o)
 .debug_aranges
                0x00000000000003d8       0x20 ../m1_nios_bsp/\libhal_bsp.a(alt_io_redirect.o)
 .debug_aranges
                0x00000000000003f8       0x30 ../m1_nios_bsp/\libhal_bsp.a(alt_irq_entry.o)
 .debug_aranges
                0x0000000000000428       0x20 ../m1_nios_bsp/\libhal_bsp.a(alt_irq_handler.o)
 .debug_aranges
                0x0000000000000448       0x18 ../m1_nios_bsp/\libhal_bsp.a(alt_irq_vars.o)
 .debug_aranges
                0x0000000000000460       0x20 ../m1_nios_bsp/\libhal_bsp.a(alt_open.o)
 .debug_aranges
                0x0000000000000480       0x20 ../m1_nios_bsp/\libhal_bsp.a(alt_release_fd.o)
 .debug_aranges
                0x00000000000004a0       0x20 ../m1_nios_bsp/\libhal_bsp.a(alt_tick.o)
 .debug_aranges
                0x00000000000004c0       0x20 ../m1_nios_bsp/\libhal_bsp.a(altera_nios2_gen2_irq.o)
 .debug_aranges
                0x00000000000004e0       0x38 ../m1_nios_bsp/\libhal_bsp.a(alt_exception_entry.o)
 .debug_aranges
                0x0000000000000518       0x20 ../m1_nios_bsp/\libhal_bsp.a(alt_find_dev.o)
 .debug_aranges
                0x0000000000000538       0x20 ../m1_nios_bsp/\libhal_bsp.a(alt_find_file.o)
 .debug_aranges
                0x0000000000000558       0x20 ../m1_nios_bsp/\libhal_bsp.a(alt_get_fd.o)
 .debug_aranges
                0x0000000000000578       0x20 ../m1_nios_bsp/\libhal_bsp.a(alt_icache_flush.o)
 .debug_aranges
                0x0000000000000598       0x28 ../m1_nios_bsp/\libhal_bsp.a(alt_instruction_exception_entry.o)
 .debug_aranges
                0x00000000000005c0       0x20 c:/intelfpga_lite/18.1/nios2eds/bin/gnu/h-x86_64-mingw32/bin/../lib/gcc/nios2-elf/5.3.0/../../../../../H-x86_64-mingw32/nios2-elf/lib\libc.a(lib_a-atexit.o)
 .debug_aranges
                0x00000000000005e0       0x20 c:/intelfpga_lite/18.1/nios2eds/bin/gnu/h-x86_64-mingw32/bin/../lib/gcc/nios2-elf/5.3.0/../../../../../H-x86_64-mingw32/nios2-elf/lib\libc.a(lib_a-exit.o)
 .debug_aranges
                0x0000000000000600       0x18 c:/intelfpga_lite/18.1/nios2eds/bin/gnu/h-x86_64-mingw32/bin/../lib/gcc/nios2-elf/5.3.0/../../../../../H-x86_64-mingw32/nios2-elf/lib\libc.a(lib_a-impure.o)
 .debug_aranges
                0x0000000000000618       0x18 c:/intelfpga_lite/18.1/nios2eds/bin/gnu/h-x86_64-mingw32/bin/../lib/gcc/nios2-elf/5.3.0/../../../../../H-x86_64-mingw32/nios2-elf/lib\libc.a(lib_a-int_errno.o)
 .debug_aranges
                0x0000000000000630       0x20 c:/intelfpga_lite/18.1/nios2eds/bin/gnu/h-x86_64-mingw32/bin/../lib/gcc/nios2-elf/5.3.0/../../../../../H-x86_64-mingw32/nios2-elf/lib\libc.a(lib_a-memcmp.o)
 .debug_aranges
                0x0000000000000650       0x20 c:/intelfpga_lite/18.1/nios2eds/bin/gnu/h-x86_64-mingw32/bin/../lib/gcc/nios2-elf/5.3.0/../../../../../H-x86_64-mingw32/nios2-elf/lib\libc.a(lib_a-memcpy.o)
 .debug_aranges
                0x0000000000000670       0x20 c:/intelfpga_lite/18.1/nios2eds/bin/gnu/h-x86_64-mingw32/bin/../lib/gcc/nios2-elf/5.3.0/../../../../../H-x86_64-mingw32/nios2-elf/lib\libc.a(lib_a-strlen.o)
 .debug_aranges
                0x0000000000000690       0x20 c:/intelfpga_lite/18.1/nios2eds/bin/gnu/h-x86_64-mingw32/bin/../lib/gcc/nios2-elf/5.3.0/../../../../../H-x86_64-mingw32/nios2-elf/lib\libc.a(lib_a-__atexit.o)
 .debug_aranges
                0x00000000000006b0       0x20 c:/intelfpga_lite/18.1/nios2eds/bin/gnu/h-x86_64-mingw32/bin/../lib/gcc/nios2-elf/5.3.0/../../../../../H-x86_64-mingw32/nios2-elf/lib\libc.a(lib_a-__call_atexit.o)
 .debug_aranges
                0x00000000000006d0       0x20 ../m1_nios_bsp/\libhal_bsp.a(alt_exit.o)

.debug_pubnames
 *(.debug_pubnames)

.debug_info     0x0000000000000000     0x8e59
 *(.debug_info .gnu.linkonce.wi.*)
 .debug_info    0x0000000000000000       0xa8 ../m1_nios_bsp//obj/HAL/src/crt0.o
 .debug_info    0x00000000000000a8      0x253 obj/default/SPI_controller.o
 .debug_info    0x00000000000002fb      0x2c6 c:/intelfpga_lite/18.1/nios2eds/bin/gnu/h-x86_64-mingw32/bin/../lib/gcc/nios2-elf/5.3.0\libgcc.a(lib2-divmod.o)
 .debug_info    0x00000000000005c1      0x31d c:/intelfpga_lite/18.1/nios2eds/bin/gnu/h-x86_64-mingw32/bin/../lib/gcc/nios2-elf/5.3.0\libgcc.a(mulsf3.o)
 .debug_info    0x00000000000008de      0x18b c:/intelfpga_lite/18.1/nios2eds/bin/gnu/h-x86_64-mingw32/bin/../lib/gcc/nios2-elf/5.3.0\libgcc.a(fixsfsi.o)
 .debug_info    0x0000000000000a69      0x5c7 c:/intelfpga_lite/18.1/nios2eds/bin/gnu/h-x86_64-mingw32/bin/../lib/gcc/nios2-elf/5.3.0\libgcc.a(divdf3.o)
 .debug_info    0x0000000000001030      0x1bc c:/intelfpga_lite/18.1/nios2eds/bin/gnu/h-x86_64-mingw32/bin/../lib/gcc/nios2-elf/5.3.0\libgcc.a(floatsidf.o)
 .debug_info    0x00000000000011ec      0x248 c:/intelfpga_lite/18.1/nios2eds/bin/gnu/h-x86_64-mingw32/bin/../lib/gcc/nios2-elf/5.3.0\libgcc.a(truncdfsf2.o)
 .debug_info    0x0000000000001434      0x124 c:/intelfpga_lite/18.1/nios2eds/bin/gnu/h-x86_64-mingw32/bin/../lib/gcc/nios2-elf/5.3.0\libgcc.a(_clzsi2.o)
 .debug_info    0x0000000000001558       0xb2 c:/intelfpga_lite/18.1/nios2eds/bin/gnu/h-x86_64-mingw32/bin/../lib/gcc/nios2-elf/5.3.0\libgcc.a(_clz.o)
 .debug_info    0x000000000000160a      0x145 ../m1_nios_bsp/\libhal_bsp.a(alt_load.o)
 .debug_info    0x000000000000174f      0x131 ../m1_nios_bsp/\libhal_bsp.a(alt_main.o)
 .debug_info    0x0000000000001880      0x4d9 ../m1_nios_bsp/\libhal_bsp.a(alt_sys_init.o)
 .debug_info    0x0000000000001d59      0x52e ../m1_nios_bsp/\libhal_bsp.a(altera_avalon_jtag_uart_fd.o)
 .debug_info    0x0000000000002287      0x3a0 ../m1_nios_bsp/\libhal_bsp.a(altera_avalon_jtag_uart_init.o)
 .debug_info    0x0000000000002627      0x280 ../m1_nios_bsp/\libhal_bsp.a(altera_avalon_jtag_uart_ioctl.o)
 .debug_info    0x00000000000028a7      0x345 ../m1_nios_bsp/\libhal_bsp.a(altera_avalon_jtag_uart_read.o)
 .debug_info    0x0000000000002bec      0x340 ../m1_nios_bsp/\libhal_bsp.a(altera_avalon_jtag_uart_write.o)
 .debug_info    0x0000000000002f2c      0x18d ../m1_nios_bsp/\libhal_bsp.a(altera_avalon_spi.o)
 .debug_info    0x00000000000030b9      0x226 ../m1_nios_bsp/\libhal_bsp.a(altera_avalon_timer_sc.o)
 .debug_info    0x00000000000032df      0x2cc ../m1_nios_bsp/\libhal_bsp.a(alt_alarm_start.o)
 .debug_info    0x00000000000035ab      0x321 ../m1_nios_bsp/\libhal_bsp.a(alt_close.o)
 .debug_info    0x00000000000038cc       0xa5 ../m1_nios_bsp/\libhal_bsp.a(alt_dcache_flush_all.o)
 .debug_info    0x0000000000003971      0x49c ../m1_nios_bsp/\libhal_bsp.a(alt_dev.o)
 .debug_info    0x0000000000003e0d      0x1a9 ../m1_nios_bsp/\libhal_bsp.a(alt_dev_llist_insert.o)
 .debug_info    0x0000000000003fb6       0x83 ../m1_nios_bsp/\libhal_bsp.a(alt_do_ctors.o)
 .debug_info    0x0000000000004039       0x83 ../m1_nios_bsp/\libhal_bsp.a(alt_do_dtors.o)
 .debug_info    0x00000000000040bc       0xa6 ../m1_nios_bsp/\libhal_bsp.a(alt_errno.o)
 .debug_info    0x0000000000004162       0x92 ../m1_nios_bsp/\libhal_bsp.a(alt_icache_flush_all.o)
 .debug_info    0x00000000000041f4      0x350 ../m1_nios_bsp/\libhal_bsp.a(alt_iic.o)
 .debug_info    0x0000000000004544      0x1ef ../m1_nios_bsp/\libhal_bsp.a(alt_iic_isr_register.o)
 .debug_info    0x0000000000004733      0x4a5 ../m1_nios_bsp/\libhal_bsp.a(alt_io_redirect.o)
 .debug_info    0x0000000000004bd8       0xb1 ../m1_nios_bsp/\libhal_bsp.a(alt_irq_entry.o)
 .debug_info    0x0000000000004c89      0x187 ../m1_nios_bsp/\libhal_bsp.a(alt_irq_handler.o)
 .debug_info    0x0000000000004e10       0x88 ../m1_nios_bsp/\libhal_bsp.a(alt_irq_vars.o)
 .debug_info    0x0000000000004e98      0x3bb ../m1_nios_bsp/\libhal_bsp.a(alt_open.o)
 .debug_info    0x0000000000005253      0x2b0 ../m1_nios_bsp/\libhal_bsp.a(alt_release_fd.o)
 .debug_info    0x0000000000005503      0x299 ../m1_nios_bsp/\libhal_bsp.a(alt_tick.o)
 .debug_info    0x000000000000579c       0x92 ../m1_nios_bsp/\libhal_bsp.a(altera_nios2_gen2_irq.o)
 .debug_info    0x000000000000582e       0xb7 ../m1_nios_bsp/\libhal_bsp.a(alt_exception_entry.o)
 .debug_info    0x00000000000058e5      0x2e9 ../m1_nios_bsp/\libhal_bsp.a(alt_find_dev.o)
 .debug_info    0x0000000000005bce      0x2e6 ../m1_nios_bsp/\libhal_bsp.a(alt_find_file.o)
 .debug_info    0x0000000000005eb4      0x310 ../m1_nios_bsp/\libhal_bsp.a(alt_get_fd.o)
 .debug_info    0x00000000000061c4       0xdc ../m1_nios_bsp/\libhal_bsp.a(alt_icache_flush.o)
 .debug_info    0x00000000000062a0      0x1e7 ../m1_nios_bsp/\libhal_bsp.a(alt_instruction_exception_entry.o)
 .debug_info    0x0000000000006487       0xfe c:/intelfpga_lite/18.1/nios2eds/bin/gnu/h-x86_64-mingw32/bin/../lib/gcc/nios2-elf/5.3.0/../../../../../H-x86_64-mingw32/nios2-elf/lib\libc.a(lib_a-atexit.o)
 .debug_info    0x0000000000006585      0x8e4 c:/intelfpga_lite/18.1/nios2eds/bin/gnu/h-x86_64-mingw32/bin/../lib/gcc/nios2-elf/5.3.0/../../../../../H-x86_64-mingw32/nios2-elf/lib\libc.a(lib_a-exit.o)
 .debug_info    0x0000000000006e69      0x8a1 c:/intelfpga_lite/18.1/nios2eds/bin/gnu/h-x86_64-mingw32/bin/../lib/gcc/nios2-elf/5.3.0/../../../../../H-x86_64-mingw32/nios2-elf/lib\libc.a(lib_a-impure.o)
 .debug_info    0x000000000000770a       0x8a c:/intelfpga_lite/18.1/nios2eds/bin/gnu/h-x86_64-mingw32/bin/../lib/gcc/nios2-elf/5.3.0/../../../../../H-x86_64-mingw32/nios2-elf/lib\libc.a(lib_a-int_errno.o)
 .debug_info    0x0000000000007794      0x11a c:/intelfpga_lite/18.1/nios2eds/bin/gnu/h-x86_64-mingw32/bin/../lib/gcc/nios2-elf/5.3.0/../../../../../H-x86_64-mingw32/nios2-elf/lib\libc.a(lib_a-memcmp.o)
 .debug_info    0x00000000000078ae      0x144 c:/intelfpga_lite/18.1/nios2eds/bin/gnu/h-x86_64-mingw32/bin/../lib/gcc/nios2-elf/5.3.0/../../../../../H-x86_64-mingw32/nios2-elf/lib\libc.a(lib_a-memcpy.o)
 .debug_info    0x00000000000079f2       0xe2 c:/intelfpga_lite/18.1/nios2eds/bin/gnu/h-x86_64-mingw32/bin/../lib/gcc/nios2-elf/5.3.0/../../../../../H-x86_64-mingw32/nios2-elf/lib\libc.a(lib_a-strlen.o)
 .debug_info    0x0000000000007ad4      0x934 c:/intelfpga_lite/18.1/nios2eds/bin/gnu/h-x86_64-mingw32/bin/../lib/gcc/nios2-elf/5.3.0/../../../../../H-x86_64-mingw32/nios2-elf/lib\libc.a(lib_a-__atexit.o)
 .debug_info    0x0000000000008408      0x965 c:/intelfpga_lite/18.1/nios2eds/bin/gnu/h-x86_64-mingw32/bin/../lib/gcc/nios2-elf/5.3.0/../../../../../H-x86_64-mingw32/nios2-elf/lib\libc.a(lib_a-__call_atexit.o)
 .debug_info    0x0000000000008d6d       0xec ../m1_nios_bsp/\libhal_bsp.a(alt_exit.o)

.debug_abbrev   0x0000000000000000     0x335b
 *(.debug_abbrev)
 .debug_abbrev  0x0000000000000000       0x12 ../m1_nios_bsp//obj/HAL/src/crt0.o
 .debug_abbrev  0x0000000000000012       0x9c obj/default/SPI_controller.o
 .debug_abbrev  0x00000000000000ae      0x10e c:/intelfpga_lite/18.1/nios2eds/bin/gnu/h-x86_64-mingw32/bin/../lib/gcc/nios2-elf/5.3.0\libgcc.a(lib2-divmod.o)
 .debug_abbrev  0x00000000000001bc      0x12d c:/intelfpga_lite/18.1/nios2eds/bin/gnu/h-x86_64-mingw32/bin/../lib/gcc/nios2-elf/5.3.0\libgcc.a(mulsf3.o)
 .debug_abbrev  0x00000000000002e9      0x135 c:/intelfpga_lite/18.1/nios2eds/bin/gnu/h-x86_64-mingw32/bin/../lib/gcc/nios2-elf/5.3.0\libgcc.a(fixsfsi.o)
 .debug_abbrev  0x000000000000041e      0x12d c:/intelfpga_lite/18.1/nios2eds/bin/gnu/h-x86_64-mingw32/bin/../lib/gcc/nios2-elf/5.3.0\libgcc.a(divdf3.o)
 .debug_abbrev  0x000000000000054b      0x124 c:/intelfpga_lite/18.1/nios2eds/bin/gnu/h-x86_64-mingw32/bin/../lib/gcc/nios2-elf/5.3.0\libgcc.a(floatsidf.o)
 .debug_abbrev  0x000000000000066f      0x11b c:/intelfpga_lite/18.1/nios2eds/bin/gnu/h-x86_64-mingw32/bin/../lib/gcc/nios2-elf/5.3.0\libgcc.a(truncdfsf2.o)
 .debug_abbrev  0x000000000000078a       0xbe c:/intelfpga_lite/18.1/nios2eds/bin/gnu/h-x86_64-mingw32/bin/../lib/gcc/nios2-elf/5.3.0\libgcc.a(_clzsi2.o)
 .debug_abbrev  0x0000000000000848       0x5d c:/intelfpga_lite/18.1/nios2eds/bin/gnu/h-x86_64-mingw32/bin/../lib/gcc/nios2-elf/5.3.0\libgcc.a(_clz.o)
 .debug_abbrev  0x00000000000008a5       0x9f ../m1_nios_bsp/\libhal_bsp.a(alt_load.o)
 .debug_abbrev  0x0000000000000944       0xba ../m1_nios_bsp/\libhal_bsp.a(alt_main.o)
 .debug_abbrev  0x00000000000009fe      0x187 ../m1_nios_bsp/\libhal_bsp.a(alt_sys_init.o)
 .debug_abbrev  0x0000000000000b85      0x127 ../m1_nios_bsp/\libhal_bsp.a(altera_avalon_jtag_uart_fd.o)
 .debug_abbrev  0x0000000000000cac      0x19e ../m1_nios_bsp/\libhal_bsp.a(altera_avalon_jtag_uart_init.o)
 .debug_abbrev  0x0000000000000e4a      0x111 ../m1_nios_bsp/\libhal_bsp.a(altera_avalon_jtag_uart_ioctl.o)
 .debug_abbrev  0x0000000000000f5b      0x1aa ../m1_nios_bsp/\libhal_bsp.a(altera_avalon_jtag_uart_read.o)
 .debug_abbrev  0x0000000000001105      0x1a8 ../m1_nios_bsp/\libhal_bsp.a(altera_avalon_jtag_uart_write.o)
 .debug_abbrev  0x00000000000012ad       0x8a ../m1_nios_bsp/\libhal_bsp.a(altera_avalon_spi.o)
 .debug_abbrev  0x0000000000001337      0x155 ../m1_nios_bsp/\libhal_bsp.a(altera_avalon_timer_sc.o)
 .debug_abbrev  0x000000000000148c      0x162 ../m1_nios_bsp/\libhal_bsp.a(alt_alarm_start.o)
 .debug_abbrev  0x00000000000015ee      0x11f ../m1_nios_bsp/\libhal_bsp.a(alt_close.o)
 .debug_abbrev  0x000000000000170d       0x5a ../m1_nios_bsp/\libhal_bsp.a(alt_dcache_flush_all.o)
 .debug_abbrev  0x0000000000001767       0xd9 ../m1_nios_bsp/\libhal_bsp.a(alt_dev.o)
 .debug_abbrev  0x0000000000001840      0x114 ../m1_nios_bsp/\libhal_bsp.a(alt_dev_llist_insert.o)
 .debug_abbrev  0x0000000000001954       0x79 ../m1_nios_bsp/\libhal_bsp.a(alt_do_ctors.o)
 .debug_abbrev  0x00000000000019cd       0x79 ../m1_nios_bsp/\libhal_bsp.a(alt_do_dtors.o)
 .debug_abbrev  0x0000000000001a46       0x5a ../m1_nios_bsp/\libhal_bsp.a(alt_errno.o)
 .debug_abbrev  0x0000000000001aa0       0x42 ../m1_nios_bsp/\libhal_bsp.a(alt_icache_flush_all.o)
 .debug_abbrev  0x0000000000001ae2      0x163 ../m1_nios_bsp/\libhal_bsp.a(alt_iic.o)
 .debug_abbrev  0x0000000000001c45      0x169 ../m1_nios_bsp/\libhal_bsp.a(alt_iic_isr_register.o)
 .debug_abbrev  0x0000000000001dae      0x114 ../m1_nios_bsp/\libhal_bsp.a(alt_io_redirect.o)
 .debug_abbrev  0x0000000000001ec2       0x12 ../m1_nios_bsp/\libhal_bsp.a(alt_irq_entry.o)
 .debug_abbrev  0x0000000000001ed4      0x122 ../m1_nios_bsp/\libhal_bsp.a(alt_irq_handler.o)
 .debug_abbrev  0x0000000000001ff6       0x40 ../m1_nios_bsp/\libhal_bsp.a(alt_irq_vars.o)
 .debug_abbrev  0x0000000000002036      0x148 ../m1_nios_bsp/\libhal_bsp.a(alt_open.o)
 .debug_abbrev  0x000000000000217e       0xde ../m1_nios_bsp/\libhal_bsp.a(alt_release_fd.o)
 .debug_abbrev  0x000000000000225c      0x15a ../m1_nios_bsp/\libhal_bsp.a(alt_tick.o)
 .debug_abbrev  0x00000000000023b6       0x42 ../m1_nios_bsp/\libhal_bsp.a(altera_nios2_gen2_irq.o)
 .debug_abbrev  0x00000000000023f8       0x12 ../m1_nios_bsp/\libhal_bsp.a(alt_exception_entry.o)
 .debug_abbrev  0x000000000000240a       0xf0 ../m1_nios_bsp/\libhal_bsp.a(alt_find_dev.o)
 .debug_abbrev  0x00000000000024fa       0xf0 ../m1_nios_bsp/\libhal_bsp.a(alt_find_file.o)
 .debug_abbrev  0x00000000000025ea      0x10d ../m1_nios_bsp/\libhal_bsp.a(alt_get_fd.o)
 .debug_abbrev  0x00000000000026f7       0x8c ../m1_nios_bsp/\libhal_bsp.a(alt_icache_flush.o)
 .debug_abbrev  0x0000000000002783       0xdc ../m1_nios_bsp/\libhal_bsp.a(alt_instruction_exception_entry.o)
 .debug_abbrev  0x000000000000285f       0xaa c:/intelfpga_lite/18.1/nios2eds/bin/gnu/h-x86_64-mingw32/bin/../lib/gcc/nios2-elf/5.3.0/../../../../../H-x86_64-mingw32/nios2-elf/lib\libc.a(lib_a-atexit.o)
 .debug_abbrev  0x0000000000002909      0x1e5 c:/intelfpga_lite/18.1/nios2eds/bin/gnu/h-x86_64-mingw32/bin/../lib/gcc/nios2-elf/5.3.0/../../../../../H-x86_64-mingw32/nios2-elf/lib\libc.a(lib_a-exit.o)
 .debug_abbrev  0x0000000000002aee      0x18f c:/intelfpga_lite/18.1/nios2eds/bin/gnu/h-x86_64-mingw32/bin/../lib/gcc/nios2-elf/5.3.0/../../../../../H-x86_64-mingw32/nios2-elf/lib\libc.a(lib_a-impure.o)
 .debug_abbrev  0x0000000000002c7d       0x37 c:/intelfpga_lite/18.1/nios2eds/bin/gnu/h-x86_64-mingw32/bin/../lib/gcc/nios2-elf/5.3.0/../../../../../H-x86_64-mingw32/nios2-elf/lib\libc.a(lib_a-int_errno.o)
 .debug_abbrev  0x0000000000002cb4       0x7f c:/intelfpga_lite/18.1/nios2eds/bin/gnu/h-x86_64-mingw32/bin/../lib/gcc/nios2-elf/5.3.0/../../../../../H-x86_64-mingw32/nios2-elf/lib\libc.a(lib_a-memcmp.o)
 .debug_abbrev  0x0000000000002d33       0xa3 c:/intelfpga_lite/18.1/nios2eds/bin/gnu/h-x86_64-mingw32/bin/../lib/gcc/nios2-elf/5.3.0/../../../../../H-x86_64-mingw32/nios2-elf/lib\libc.a(lib_a-memcpy.o)
 .debug_abbrev  0x0000000000002dd6       0x90 c:/intelfpga_lite/18.1/nios2eds/bin/gnu/h-x86_64-mingw32/bin/../lib/gcc/nios2-elf/5.3.0/../../../../../H-x86_64-mingw32/nios2-elf/lib\libc.a(lib_a-strlen.o)
 .debug_abbrev  0x0000000000002e66      0x21e c:/intelfpga_lite/18.1/nios2eds/bin/gnu/h-x86_64-mingw32/bin/../lib/gcc/nios2-elf/5.3.0/../../../../../H-x86_64-mingw32/nios2-elf/lib\libc.a(lib_a-__atexit.o)
 .debug_abbrev  0x0000000000003084      0x22e c:/intelfpga_lite/18.1/nios2eds/bin/gnu/h-x86_64-mingw32/bin/../lib/gcc/nios2-elf/5.3.0/../../../../../H-x86_64-mingw32/nios2-elf/lib\libc.a(lib_a-__call_atexit.o)
 .debug_abbrev  0x00000000000032b2       0xa9 ../m1_nios_bsp/\libhal_bsp.a(alt_exit.o)

.debug_line     0x0000000000000000     0x33f1
 *(.debug_line)
 .debug_line    0x0000000000000000       0x72 ../m1_nios_bsp//obj/HAL/src/crt0.o
 .debug_line    0x0000000000000072       0xd5 obj/default/SPI_controller.o
 .debug_line    0x0000000000000147      0x102 c:/intelfpga_lite/18.1/nios2eds/bin/gnu/h-x86_64-mingw32/bin/../lib/gcc/nios2-elf/5.3.0\libgcc.a(lib2-divmod.o)
 .debug_line    0x0000000000000249      0x159 c:/intelfpga_lite/18.1/nios2eds/bin/gnu/h-x86_64-mingw32/bin/../lib/gcc/nios2-elf/5.3.0\libgcc.a(mulsf3.o)
 .debug_line    0x00000000000003a2       0x97 c:/intelfpga_lite/18.1/nios2eds/bin/gnu/h-x86_64-mingw32/bin/../lib/gcc/nios2-elf/5.3.0\libgcc.a(fixsfsi.o)
 .debug_line    0x0000000000000439      0x2ad c:/intelfpga_lite/18.1/nios2eds/bin/gnu/h-x86_64-mingw32/bin/../lib/gcc/nios2-elf/5.3.0\libgcc.a(divdf3.o)
 .debug_line    0x00000000000006e6       0x9f c:/intelfpga_lite/18.1/nios2eds/bin/gnu/h-x86_64-mingw32/bin/../lib/gcc/nios2-elf/5.3.0\libgcc.a(floatsidf.o)
 .debug_line    0x0000000000000785       0xf7 c:/intelfpga_lite/18.1/nios2eds/bin/gnu/h-x86_64-mingw32/bin/../lib/gcc/nios2-elf/5.3.0\libgcc.a(truncdfsf2.o)
 .debug_line    0x000000000000087c       0xb7 c:/intelfpga_lite/18.1/nios2eds/bin/gnu/h-x86_64-mingw32/bin/../lib/gcc/nios2-elf/5.3.0\libgcc.a(_clzsi2.o)
 .debug_line    0x0000000000000933       0x53 c:/intelfpga_lite/18.1/nios2eds/bin/gnu/h-x86_64-mingw32/bin/../lib/gcc/nios2-elf/5.3.0\libgcc.a(_clz.o)
 .debug_line    0x0000000000000986       0x8e ../m1_nios_bsp/\libhal_bsp.a(alt_load.o)
 .debug_line    0x0000000000000a14       0xa4 ../m1_nios_bsp/\libhal_bsp.a(alt_main.o)
 .debug_line    0x0000000000000ab8      0x152 ../m1_nios_bsp/\libhal_bsp.a(alt_sys_init.o)
 .debug_line    0x0000000000000c0a      0x12f ../m1_nios_bsp/\libhal_bsp.a(altera_avalon_jtag_uart_fd.o)
 .debug_line    0x0000000000000d39      0x18b ../m1_nios_bsp/\libhal_bsp.a(altera_avalon_jtag_uart_init.o)
 .debug_line    0x0000000000000ec4      0x131 ../m1_nios_bsp/\libhal_bsp.a(altera_avalon_jtag_uart_ioctl.o)
 .debug_line    0x0000000000000ff5      0x171 ../m1_nios_bsp/\libhal_bsp.a(altera_avalon_jtag_uart_read.o)
 .debug_line    0x0000000000001166      0x170 ../m1_nios_bsp/\libhal_bsp.a(altera_avalon_jtag_uart_write.o)
 .debug_line    0x00000000000012d6       0xb7 ../m1_nios_bsp/\libhal_bsp.a(altera_avalon_spi.o)
 .debug_line    0x000000000000138d       0xfd ../m1_nios_bsp/\libhal_bsp.a(altera_avalon_timer_sc.o)
 .debug_line    0x000000000000148a       0xf9 ../m1_nios_bsp/\libhal_bsp.a(alt_alarm_start.o)
 .debug_line    0x0000000000001583      0x165 ../m1_nios_bsp/\libhal_bsp.a(alt_close.o)
 .debug_line    0x00000000000016e8       0x61 ../m1_nios_bsp/\libhal_bsp.a(alt_dcache_flush_all.o)
 .debug_line    0x0000000000001749       0xf8 ../m1_nios_bsp/\libhal_bsp.a(alt_dev.o)
 .debug_line    0x0000000000001841       0xcf ../m1_nios_bsp/\libhal_bsp.a(alt_dev_llist_insert.o)
 .debug_line    0x0000000000001910       0x59 ../m1_nios_bsp/\libhal_bsp.a(alt_do_ctors.o)
 .debug_line    0x0000000000001969       0x59 ../m1_nios_bsp/\libhal_bsp.a(alt_do_dtors.o)
 .debug_line    0x00000000000019c2       0x51 ../m1_nios_bsp/\libhal_bsp.a(alt_errno.o)
 .debug_line    0x0000000000001a13       0x50 ../m1_nios_bsp/\libhal_bsp.a(alt_icache_flush_all.o)
 .debug_line    0x0000000000001a63       0xeb ../m1_nios_bsp/\libhal_bsp.a(alt_iic.o)
 .debug_line    0x0000000000001b4e       0xdb ../m1_nios_bsp/\libhal_bsp.a(alt_iic_isr_register.o)
 .debug_line    0x0000000000001c29      0x133 ../m1_nios_bsp/\libhal_bsp.a(alt_io_redirect.o)
 .debug_line    0x0000000000001d5c       0x6b ../m1_nios_bsp/\libhal_bsp.a(alt_irq_entry.o)
 .debug_line    0x0000000000001dc7       0xaa ../m1_nios_bsp/\libhal_bsp.a(alt_irq_handler.o)
 .debug_line    0x0000000000001e71       0x50 ../m1_nios_bsp/\libhal_bsp.a(alt_irq_vars.o)
 .debug_line    0x0000000000001ec1      0x128 ../m1_nios_bsp/\libhal_bsp.a(alt_open.o)
 .debug_line    0x0000000000001fe9       0xae ../m1_nios_bsp/\libhal_bsp.a(alt_release_fd.o)
 .debug_line    0x0000000000002097       0xff ../m1_nios_bsp/\libhal_bsp.a(alt_tick.o)
 .debug_line    0x0000000000002196       0x51 ../m1_nios_bsp/\libhal_bsp.a(altera_nios2_gen2_irq.o)
 .debug_line    0x00000000000021e7       0xb3 ../m1_nios_bsp/\libhal_bsp.a(alt_exception_entry.o)
 .debug_line    0x000000000000229a       0xb5 ../m1_nios_bsp/\libhal_bsp.a(alt_find_dev.o)
 .debug_line    0x000000000000234f       0xd1 ../m1_nios_bsp/\libhal_bsp.a(alt_find_file.o)
 .debug_line    0x0000000000002420       0xd4 ../m1_nios_bsp/\libhal_bsp.a(alt_get_fd.o)
 .debug_line    0x00000000000024f4       0x81 ../m1_nios_bsp/\libhal_bsp.a(alt_icache_flush.o)
 .debug_line    0x0000000000002575       0xba ../m1_nios_bsp/\libhal_bsp.a(alt_instruction_exception_entry.o)
 .debug_line    0x000000000000262f       0xe4 c:/intelfpga_lite/18.1/nios2eds/bin/gnu/h-x86_64-mingw32/bin/../lib/gcc/nios2-elf/5.3.0/../../../../../H-x86_64-mingw32/nios2-elf/lib\libc.a(lib_a-atexit.o)
 .debug_line    0x0000000000002713      0x1f9 c:/intelfpga_lite/18.1/nios2eds/bin/gnu/h-x86_64-mingw32/bin/../lib/gcc/nios2-elf/5.3.0/../../../../../H-x86_64-mingw32/nios2-elf/lib\libc.a(lib_a-exit.o)
 .debug_line    0x000000000000290c      0x15d c:/intelfpga_lite/18.1/nios2eds/bin/gnu/h-x86_64-mingw32/bin/../lib/gcc/nios2-elf/5.3.0/../../../../../H-x86_64-mingw32/nios2-elf/lib\libc.a(lib_a-impure.o)
 .debug_line    0x0000000000002a69       0x5c c:/intelfpga_lite/18.1/nios2eds/bin/gnu/h-x86_64-mingw32/bin/../lib/gcc/nios2-elf/5.3.0/../../../../../H-x86_64-mingw32/nios2-elf/lib\libc.a(lib_a-int_errno.o)
 .debug_line    0x0000000000002ac5      0x173 c:/intelfpga_lite/18.1/nios2eds/bin/gnu/h-x86_64-mingw32/bin/../lib/gcc/nios2-elf/5.3.0/../../../../../H-x86_64-mingw32/nios2-elf/lib\libc.a(lib_a-memcmp.o)
 .debug_line    0x0000000000002c38      0x189 c:/intelfpga_lite/18.1/nios2eds/bin/gnu/h-x86_64-mingw32/bin/../lib/gcc/nios2-elf/5.3.0/../../../../../H-x86_64-mingw32/nios2-elf/lib\libc.a(lib_a-memcpy.o)
 .debug_line    0x0000000000002dc1      0x16c c:/intelfpga_lite/18.1/nios2eds/bin/gnu/h-x86_64-mingw32/bin/../lib/gcc/nios2-elf/5.3.0/../../../../../H-x86_64-mingw32/nios2-elf/lib\libc.a(lib_a-strlen.o)
 .debug_line    0x0000000000002f2d      0x21c c:/intelfpga_lite/18.1/nios2eds/bin/gnu/h-x86_64-mingw32/bin/../lib/gcc/nios2-elf/5.3.0/../../../../../H-x86_64-mingw32/nios2-elf/lib\libc.a(lib_a-__atexit.o)
 .debug_line    0x0000000000003149      0x237 c:/intelfpga_lite/18.1/nios2eds/bin/gnu/h-x86_64-mingw32/bin/../lib/gcc/nios2-elf/5.3.0/../../../../../H-x86_64-mingw32/nios2-elf/lib\libc.a(lib_a-__call_atexit.o)
 .debug_line    0x0000000000003380       0x71 ../m1_nios_bsp/\libhal_bsp.a(alt_exit.o)

.debug_frame    0x0000000000000000      0xccc
 *(.debug_frame)
 .debug_frame   0x0000000000000000       0x2c obj/default/SPI_controller.o
 .debug_frame   0x000000000000002c       0x50 c:/intelfpga_lite/18.1/nios2eds/bin/gnu/h-x86_64-mingw32/bin/../lib/gcc/nios2-elf/5.3.0\libgcc.a(lib2-divmod.o)
 .debug_frame   0x000000000000007c       0x58 c:/intelfpga_lite/18.1/nios2eds/bin/gnu/h-x86_64-mingw32/bin/../lib/gcc/nios2-elf/5.3.0\libgcc.a(mulsf3.o)
 .debug_frame   0x00000000000000d4       0x20 c:/intelfpga_lite/18.1/nios2eds/bin/gnu/h-x86_64-mingw32/bin/../lib/gcc/nios2-elf/5.3.0\libgcc.a(fixsfsi.o)
 .debug_frame   0x00000000000000f4       0x58 c:/intelfpga_lite/18.1/nios2eds/bin/gnu/h-x86_64-mingw32/bin/../lib/gcc/nios2-elf/5.3.0\libgcc.a(divdf3.o)
 .debug_frame   0x000000000000014c       0x38 c:/intelfpga_lite/18.1/nios2eds/bin/gnu/h-x86_64-mingw32/bin/../lib/gcc/nios2-elf/5.3.0\libgcc.a(floatsidf.o)
 .debug_frame   0x0000000000000184       0x20 c:/intelfpga_lite/18.1/nios2eds/bin/gnu/h-x86_64-mingw32/bin/../lib/gcc/nios2-elf/5.3.0\libgcc.a(truncdfsf2.o)
 .debug_frame   0x00000000000001a4       0x20 c:/intelfpga_lite/18.1/nios2eds/bin/gnu/h-x86_64-mingw32/bin/../lib/gcc/nios2-elf/5.3.0\libgcc.a(_clzsi2.o)
 .debug_frame   0x00000000000001c4       0x5c ../m1_nios_bsp/\libhal_bsp.a(alt_load.o)
 .debug_frame   0x0000000000000220       0x2c ../m1_nios_bsp/\libhal_bsp.a(alt_main.o)
 .debug_frame   0x000000000000024c       0x88 ../m1_nios_bsp/\libhal_bsp.a(alt_sys_init.o)
 .debug_frame   0x00000000000002d4       0xb0 ../m1_nios_bsp/\libhal_bsp.a(altera_avalon_jtag_uart_fd.o)
 .debug_frame   0x0000000000000384       0xa4 ../m1_nios_bsp/\libhal_bsp.a(altera_avalon_jtag_uart_init.o)
 .debug_frame   0x0000000000000428       0x34 ../m1_nios_bsp/\libhal_bsp.a(altera_avalon_jtag_uart_ioctl.o)
 .debug_frame   0x000000000000045c       0x38 ../m1_nios_bsp/\libhal_bsp.a(altera_avalon_jtag_uart_read.o)
 .debug_frame   0x0000000000000494       0x38 ../m1_nios_bsp/\libhal_bsp.a(altera_avalon_jtag_uart_write.o)
 .debug_frame   0x00000000000004cc       0x34 ../m1_nios_bsp/\libhal_bsp.a(altera_avalon_spi.o)
 .debug_frame   0x0000000000000500       0x60 ../m1_nios_bsp/\libhal_bsp.a(altera_avalon_timer_sc.o)
 .debug_frame   0x0000000000000560       0x34 ../m1_nios_bsp/\libhal_bsp.a(alt_alarm_start.o)
 .debug_frame   0x0000000000000594       0x60 ../m1_nios_bsp/\libhal_bsp.a(alt_close.o)
 .debug_frame   0x00000000000005f4       0x34 ../m1_nios_bsp/\libhal_bsp.a(alt_dcache_flush_all.o)
 .debug_frame   0x0000000000000628       0x34 ../m1_nios_bsp/\libhal_bsp.a(alt_dev.o)
 .debug_frame   0x000000000000065c       0x60 ../m1_nios_bsp/\libhal_bsp.a(alt_dev_llist_insert.o)
 .debug_frame   0x00000000000006bc       0x38 ../m1_nios_bsp/\libhal_bsp.a(alt_do_ctors.o)
 .debug_frame   0x00000000000006f4       0x38 ../m1_nios_bsp/\libhal_bsp.a(alt_do_dtors.o)
 .debug_frame   0x000000000000072c       0x38 ../m1_nios_bsp/\libhal_bsp.a(alt_icache_flush_all.o)
 .debug_frame   0x0000000000000764       0xa4 ../m1_nios_bsp/\libhal_bsp.a(alt_iic.o)
 .debug_frame   0x0000000000000808       0x38 ../m1_nios_bsp/\libhal_bsp.a(alt_iic_isr_register.o)
 .debug_frame   0x0000000000000840       0x60 ../m1_nios_bsp/\libhal_bsp.a(alt_io_redirect.o)
 .debug_frame   0x00000000000008a0       0x38 ../m1_nios_bsp/\libhal_bsp.a(alt_irq_handler.o)
 .debug_frame   0x00000000000008d8       0x84 ../m1_nios_bsp/\libhal_bsp.a(alt_open.o)
 .debug_frame   0x000000000000095c       0x34 ../m1_nios_bsp/\libhal_bsp.a(alt_release_fd.o)
 .debug_frame   0x0000000000000990       0x5c ../m1_nios_bsp/\libhal_bsp.a(alt_tick.o)
 .debug_frame   0x00000000000009ec       0x34 ../m1_nios_bsp/\libhal_bsp.a(altera_nios2_gen2_irq.o)
 .debug_frame   0x0000000000000a20       0x38 ../m1_nios_bsp/\libhal_bsp.a(alt_find_dev.o)
 .debug_frame   0x0000000000000a58       0x38 ../m1_nios_bsp/\libhal_bsp.a(alt_find_file.o)
 .debug_frame   0x0000000000000a90       0x34 ../m1_nios_bsp/\libhal_bsp.a(alt_get_fd.o)
 .debug_frame   0x0000000000000ac4       0x34 ../m1_nios_bsp/\libhal_bsp.a(alt_icache_flush.o)
 .debug_frame   0x0000000000000af8       0x5c ../m1_nios_bsp/\libhal_bsp.a(alt_instruction_exception_entry.o)
 .debug_frame   0x0000000000000b54       0x20 c:/intelfpga_lite/18.1/nios2eds/bin/gnu/h-x86_64-mingw32/bin/../lib/gcc/nios2-elf/5.3.0/../../../../../H-x86_64-mingw32/nios2-elf/lib\libc.a(lib_a-atexit.o)
 .debug_frame   0x0000000000000b74       0x28 c:/intelfpga_lite/18.1/nios2eds/bin/gnu/h-x86_64-mingw32/bin/../lib/gcc/nios2-elf/5.3.0/../../../../../H-x86_64-mingw32/nios2-elf/lib\libc.a(lib_a-exit.o)
 .debug_frame   0x0000000000000b9c       0x20 c:/intelfpga_lite/18.1/nios2eds/bin/gnu/h-x86_64-mingw32/bin/../lib/gcc/nios2-elf/5.3.0/../../../../../H-x86_64-mingw32/nios2-elf/lib\libc.a(lib_a-memcmp.o)
 .debug_frame   0x0000000000000bbc       0x38 c:/intelfpga_lite/18.1/nios2eds/bin/gnu/h-x86_64-mingw32/bin/../lib/gcc/nios2-elf/5.3.0/../../../../../H-x86_64-mingw32/nios2-elf/lib\libc.a(lib_a-memcpy.o)
 .debug_frame   0x0000000000000bf4       0x20 c:/intelfpga_lite/18.1/nios2eds/bin/gnu/h-x86_64-mingw32/bin/../lib/gcc/nios2-elf/5.3.0/../../../../../H-x86_64-mingw32/nios2-elf/lib\libc.a(lib_a-strlen.o)
 .debug_frame   0x0000000000000c14       0x38 c:/intelfpga_lite/18.1/nios2eds/bin/gnu/h-x86_64-mingw32/bin/../lib/gcc/nios2-elf/5.3.0/../../../../../H-x86_64-mingw32/nios2-elf/lib\libc.a(lib_a-__atexit.o)
 .debug_frame   0x0000000000000c4c       0x54 c:/intelfpga_lite/18.1/nios2eds/bin/gnu/h-x86_64-mingw32/bin/../lib/gcc/nios2-elf/5.3.0/../../../../../H-x86_64-mingw32/nios2-elf/lib\libc.a(lib_a-__call_atexit.o)
 .debug_frame   0x0000000000000ca0       0x2c ../m1_nios_bsp/\libhal_bsp.a(alt_exit.o)

.debug_str      0x0000000000000000     0x21fe
 *(.debug_str)
 .debug_str     0x0000000000000000      0x1cc obj/default/SPI_controller.o
                                        0x20b (size before relaxing)
 .debug_str     0x00000000000001cc      0x16d c:/intelfpga_lite/18.1/nios2eds/bin/gnu/h-x86_64-mingw32/bin/../lib/gcc/nios2-elf/5.3.0\libgcc.a(lib2-divmod.o)
                                        0x1b8 (size before relaxing)
 .debug_str     0x0000000000000339      0x118 c:/intelfpga_lite/18.1/nios2eds/bin/gnu/h-x86_64-mingw32/bin/../lib/gcc/nios2-elf/5.3.0\libgcc.a(mulsf3.o)
                                        0x286 (size before relaxing)
 .debug_str     0x0000000000000451       0x4b c:/intelfpga_lite/18.1/nios2eds/bin/gnu/h-x86_64-mingw32/bin/../lib/gcc/nios2-elf/5.3.0\libgcc.a(fixsfsi.o)
                                        0x1ff (size before relaxing)
 .debug_str     0x000000000000049c      0x168 c:/intelfpga_lite/18.1/nios2eds/bin/gnu/h-x86_64-mingw32/bin/../lib/gcc/nios2-elf/5.3.0\libgcc.a(divdf3.o)
                                        0x347 (size before relaxing)
 .debug_str     0x0000000000000604       0x69 c:/intelfpga_lite/18.1/nios2eds/bin/gnu/h-x86_64-mingw32/bin/../lib/gcc/nios2-elf/5.3.0\libgcc.a(floatsidf.o)
                                        0x228 (size before relaxing)
 .debug_str     0x000000000000066d       0x57 c:/intelfpga_lite/18.1/nios2eds/bin/gnu/h-x86_64-mingw32/bin/../lib/gcc/nios2-elf/5.3.0\libgcc.a(truncdfsf2.o)
                                        0x23f (size before relaxing)
 .debug_str     0x00000000000006c4       0x63 c:/intelfpga_lite/18.1/nios2eds/bin/gnu/h-x86_64-mingw32/bin/../lib/gcc/nios2-elf/5.3.0\libgcc.a(_clzsi2.o)
                                        0x1e6 (size before relaxing)
 .debug_str     0x0000000000000727      0x1c9 c:/intelfpga_lite/18.1/nios2eds/bin/gnu/h-x86_64-mingw32/bin/../lib/gcc/nios2-elf/5.3.0\libgcc.a(_clz.o)
 .debug_str     0x0000000000000727      0x150 ../m1_nios_bsp/\libhal_bsp.a(alt_load.o)
                                        0x23c (size before relaxing)
 .debug_str     0x0000000000000877       0xe4 ../m1_nios_bsp/\libhal_bsp.a(alt_main.o)
                                        0x1d4 (size before relaxing)
 .debug_str     0x000000000000095b      0x1d3 ../m1_nios_bsp/\libhal_bsp.a(alt_sys_init.o)
                                        0x3c7 (size before relaxing)
 .debug_str     0x0000000000000b2e       0xb9 ../m1_nios_bsp/\libhal_bsp.a(altera_avalon_jtag_uart_fd.o)
                                        0x3db (size before relaxing)
 .debug_str     0x0000000000000be7       0xd1 ../m1_nios_bsp/\libhal_bsp.a(altera_avalon_jtag_uart_init.o)
                                        0x36f (size before relaxing)
 .debug_str     0x0000000000000cb8       0x4a ../m1_nios_bsp/\libhal_bsp.a(altera_avalon_jtag_uart_ioctl.o)
                                        0x2ca (size before relaxing)
 .debug_str     0x0000000000000d02       0x7f ../m1_nios_bsp/\libhal_bsp.a(altera_avalon_jtag_uart_read.o)
                                        0x31f (size before relaxing)
 .debug_str     0x0000000000000d81       0x4a ../m1_nios_bsp/\libhal_bsp.a(altera_avalon_jtag_uart_write.o)
                                        0x320 (size before relaxing)
 .debug_str     0x0000000000000dcb       0xb3 ../m1_nios_bsp/\libhal_bsp.a(altera_avalon_spi.o)
                                        0x20a (size before relaxing)
 .debug_str     0x0000000000000e7e       0x6d ../m1_nios_bsp/\libhal_bsp.a(altera_avalon_timer_sc.o)
                                        0x282 (size before relaxing)
 .debug_str     0x0000000000000eeb       0x59 ../m1_nios_bsp/\libhal_bsp.a(alt_alarm_start.o)
                                        0x2b5 (size before relaxing)
 .debug_str     0x0000000000000f44       0x44 ../m1_nios_bsp/\libhal_bsp.a(alt_close.o)
                                        0x242 (size before relaxing)
 .debug_str     0x0000000000000f88       0x34 ../m1_nios_bsp/\libhal_bsp.a(alt_dcache_flush_all.o)
                                        0x18c (size before relaxing)
 .debug_str     0x0000000000000fbc      0x119 ../m1_nios_bsp/\libhal_bsp.a(alt_dev.o)
                                        0x33c (size before relaxing)
 .debug_str     0x00000000000010d5       0x34 ../m1_nios_bsp/\libhal_bsp.a(alt_dev_llist_insert.o)
                                        0x1f6 (size before relaxing)
 .debug_str     0x0000000000001109       0x48 ../m1_nios_bsp/\libhal_bsp.a(alt_do_ctors.o)
                                         0xfa (size before relaxing)
 .debug_str     0x0000000000001151       0x4c ../m1_nios_bsp/\libhal_bsp.a(alt_do_dtors.o)
                                         0xf9 (size before relaxing)
 .debug_str     0x000000000000119d       0x14 ../m1_nios_bsp/\libhal_bsp.a(alt_errno.o)
                                        0x16f (size before relaxing)
 .debug_str     0x00000000000011b1       0x34 ../m1_nios_bsp/\libhal_bsp.a(alt_icache_flush_all.o)
                                        0x18c (size before relaxing)
 .debug_str     0x00000000000011e5       0xbd ../m1_nios_bsp/\libhal_bsp.a(alt_iic.o)
                                        0x275 (size before relaxing)
 .debug_str     0x00000000000012a2       0x4c ../m1_nios_bsp/\libhal_bsp.a(alt_iic_isr_register.o)
                                        0x21f (size before relaxing)
 .debug_str     0x00000000000012ee       0x56 ../m1_nios_bsp/\libhal_bsp.a(alt_io_redirect.o)
                                        0x34d (size before relaxing)
 .debug_str     0x0000000000001344       0x3a ../m1_nios_bsp/\libhal_bsp.a(alt_irq_handler.o)
                                        0x1ce (size before relaxing)
 .debug_str     0x000000000000137e       0x17 ../m1_nios_bsp/\libhal_bsp.a(alt_irq_vars.o)
                                        0x171 (size before relaxing)
 .debug_str     0x0000000000001395       0x2f ../m1_nios_bsp/\libhal_bsp.a(alt_open.o)
                                        0x282 (size before relaxing)
 .debug_str     0x00000000000013c4       0x28 ../m1_nios_bsp/\libhal_bsp.a(alt_release_fd.o)
                                        0x20a (size before relaxing)
 .debug_str     0x00000000000013ec       0x4a ../m1_nios_bsp/\libhal_bsp.a(alt_tick.o)
                                        0x289 (size before relaxing)
 .debug_str     0x0000000000001436       0x3b ../m1_nios_bsp/\libhal_bsp.a(altera_nios2_gen2_irq.o)
                                        0x193 (size before relaxing)
 .debug_str     0x0000000000001471       0x24 ../m1_nios_bsp/\libhal_bsp.a(alt_find_dev.o)
                                        0x223 (size before relaxing)
 .debug_str     0x0000000000001495       0x26 ../m1_nios_bsp/\libhal_bsp.a(alt_find_file.o)
                                        0x231 (size before relaxing)
 .debug_str     0x00000000000014bb       0x30 ../m1_nios_bsp/\libhal_bsp.a(alt_get_fd.o)
                                        0x253 (size before relaxing)
 .debug_str     0x00000000000014eb       0x2c ../m1_nios_bsp/\libhal_bsp.a(alt_icache_flush.o)
                                        0x192 (size before relaxing)
 .debug_str     0x0000000000001517      0x48b ../m1_nios_bsp/\libhal_bsp.a(alt_instruction_exception_entry.o)
                                        0x5d7 (size before relaxing)
 .debug_str     0x00000000000019a2      0x162 c:/intelfpga_lite/18.1/nios2eds/bin/gnu/h-x86_64-mingw32/bin/../lib/gcc/nios2-elf/5.3.0/../../../../../H-x86_64-mingw32/nios2-elf/lib\libc.a(lib_a-atexit.o)
                                        0x207 (size before relaxing)
 .debug_str     0x0000000000001b04      0x3ac c:/intelfpga_lite/18.1/nios2eds/bin/gnu/h-x86_64-mingw32/bin/../lib/gcc/nios2-elf/5.3.0/../../../../../H-x86_64-mingw32/nios2-elf/lib\libc.a(lib_a-exit.o)
                                        0x5a4 (size before relaxing)
 .debug_str     0x0000000000001eb0       0xc8 c:/intelfpga_lite/18.1/nios2eds/bin/gnu/h-x86_64-mingw32/bin/../lib/gcc/nios2-elf/5.3.0/../../../../../H-x86_64-mingw32/nios2-elf/lib\libc.a(lib_a-impure.o)
                                        0x59b (size before relaxing)
 .debug_str     0x0000000000001f78       0x3c c:/intelfpga_lite/18.1/nios2eds/bin/gnu/h-x86_64-mingw32/bin/../lib/gcc/nios2-elf/5.3.0/../../../../../H-x86_64-mingw32/nios2-elf/lib\libc.a(lib_a-int_errno.o)
                                        0x1c3 (size before relaxing)
 .debug_str     0x0000000000001fb4       0xcc c:/intelfpga_lite/18.1/nios2eds/bin/gnu/h-x86_64-mingw32/bin/../lib/gcc/nios2-elf/5.3.0/../../../../../H-x86_64-mingw32/nios2-elf/lib\libc.a(lib_a-memcmp.o)
                                        0x1ca (size before relaxing)
 .debug_str     0x0000000000002080       0x68 c:/intelfpga_lite/18.1/nios2eds/bin/gnu/h-x86_64-mingw32/bin/../lib/gcc/nios2-elf/5.3.0/../../../../../H-x86_64-mingw32/nios2-elf/lib\libc.a(lib_a-memcpy.o)
                                        0x1f1 (size before relaxing)
 .debug_str     0x00000000000020e8       0x4e c:/intelfpga_lite/18.1/nios2eds/bin/gnu/h-x86_64-mingw32/bin/../lib/gcc/nios2-elf/5.3.0/../../../../../H-x86_64-mingw32/nios2-elf/lib\libc.a(lib_a-strlen.o)
                                        0x1dd (size before relaxing)
 .debug_str     0x0000000000002136       0x3c c:/intelfpga_lite/18.1/nios2eds/bin/gnu/h-x86_64-mingw32/bin/../lib/gcc/nios2-elf/5.3.0/../../../../../H-x86_64-mingw32/nios2-elf/lib\libc.a(lib_a-__atexit.o)
                                        0x5dc (size before relaxing)
 .debug_str     0x0000000000002172       0x62 c:/intelfpga_lite/18.1/nios2eds/bin/gnu/h-x86_64-mingw32/bin/../lib/gcc/nios2-elf/5.3.0/../../../../../H-x86_64-mingw32/nios2-elf/lib\libc.a(lib_a-__call_atexit.o)
                                        0x5c8 (size before relaxing)
 .debug_str     0x00000000000021d4       0x2a ../m1_nios_bsp/\libhal_bsp.a(alt_exit.o)
                                        0x188 (size before relaxing)

.debug_loc      0x0000000000000000     0x3940
 *(.debug_loc)
 .debug_loc     0x0000000000000000      0x4ce c:/intelfpga_lite/18.1/nios2eds/bin/gnu/h-x86_64-mingw32/bin/../lib/gcc/nios2-elf/5.3.0\libgcc.a(lib2-divmod.o)
 .debug_loc     0x00000000000004ce      0x740 c:/intelfpga_lite/18.1/nios2eds/bin/gnu/h-x86_64-mingw32/bin/../lib/gcc/nios2-elf/5.3.0\libgcc.a(mulsf3.o)
 .debug_loc     0x0000000000000c0e       0xc3 c:/intelfpga_lite/18.1/nios2eds/bin/gnu/h-x86_64-mingw32/bin/../lib/gcc/nios2-elf/5.3.0\libgcc.a(fixsfsi.o)
 .debug_loc     0x0000000000000cd1     0x1fc6 c:/intelfpga_lite/18.1/nios2eds/bin/gnu/h-x86_64-mingw32/bin/../lib/gcc/nios2-elf/5.3.0\libgcc.a(divdf3.o)
 .debug_loc     0x0000000000002c97      0x175 c:/intelfpga_lite/18.1/nios2eds/bin/gnu/h-x86_64-mingw32/bin/../lib/gcc/nios2-elf/5.3.0\libgcc.a(floatsidf.o)
 .debug_loc     0x0000000000002e0c      0x359 c:/intelfpga_lite/18.1/nios2eds/bin/gnu/h-x86_64-mingw32/bin/../lib/gcc/nios2-elf/5.3.0\libgcc.a(truncdfsf2.o)
 .debug_loc     0x0000000000003165       0x6b c:/intelfpga_lite/18.1/nios2eds/bin/gnu/h-x86_64-mingw32/bin/../lib/gcc/nios2-elf/5.3.0\libgcc.a(_clzsi2.o)
 .debug_loc     0x00000000000031d0       0x2c c:/intelfpga_lite/18.1/nios2eds/bin/gnu/h-x86_64-mingw32/bin/../lib/gcc/nios2-elf/5.3.0/../../../../../H-x86_64-mingw32/nios2-elf/lib\libc.a(lib_a-atexit.o)
 .debug_loc     0x00000000000031fc       0x1e c:/intelfpga_lite/18.1/nios2eds/bin/gnu/h-x86_64-mingw32/bin/../lib/gcc/nios2-elf/5.3.0/../../../../../H-x86_64-mingw32/nios2-elf/lib\libc.a(lib_a-exit.o)
 .debug_loc     0x000000000000321a      0x126 c:/intelfpga_lite/18.1/nios2eds/bin/gnu/h-x86_64-mingw32/bin/../lib/gcc/nios2-elf/5.3.0/../../../../../H-x86_64-mingw32/nios2-elf/lib\libc.a(lib_a-memcmp.o)
 .debug_loc     0x0000000000003340      0x266 c:/intelfpga_lite/18.1/nios2eds/bin/gnu/h-x86_64-mingw32/bin/../lib/gcc/nios2-elf/5.3.0/../../../../../H-x86_64-mingw32/nios2-elf/lib\libc.a(lib_a-memcpy.o)
 .debug_loc     0x00000000000035a6       0x47 c:/intelfpga_lite/18.1/nios2eds/bin/gnu/h-x86_64-mingw32/bin/../lib/gcc/nios2-elf/5.3.0/../../../../../H-x86_64-mingw32/nios2-elf/lib\libc.a(lib_a-strlen.o)
 .debug_loc     0x00000000000035ed      0x185 c:/intelfpga_lite/18.1/nios2eds/bin/gnu/h-x86_64-mingw32/bin/../lib/gcc/nios2-elf/5.3.0/../../../../../H-x86_64-mingw32/nios2-elf/lib\libc.a(lib_a-__atexit.o)
 .debug_loc     0x0000000000003772      0x1ce c:/intelfpga_lite/18.1/nios2eds/bin/gnu/h-x86_64-mingw32/bin/../lib/gcc/nios2-elf/5.3.0/../../../../../H-x86_64-mingw32/nios2-elf/lib\libc.a(lib_a-__call_atexit.o)

.debug_macinfo
 *(.debug_macinfo)

.debug_weaknames
 *(.debug_weaknames)

.debug_funcnames
 *(.debug_funcnames)

.debug_typenames
 *(.debug_typenames)

.debug_varnames
 *(.debug_varnames)

.debug_alt_sim_info
                0x0000000000000000       0x30
 *(.debug_alt_sim_info)
 .debug_alt_sim_info
                0x0000000000000000       0x30 ../m1_nios_bsp//obj/HAL/src/crt0.o
                0x0000000004000000                __alt_data_end = 0x4000000
                0x0000000004000000                PROVIDE (__alt_stack_pointer, __alt_data_end)
                [!provide]                        PROVIDE (__alt_stack_limit, __alt_stack_base)
                [!provide]                        PROVIDE (__alt_heap_start, end)
                [!provide]                        PROVIDE (__alt_heap_limit, 0x4000000)
OUTPUT(m1_nios.elf elf32-littlenios2)

.debug_ranges   0x0000000000000000      0x418
 .debug_ranges  0x0000000000000000       0x20 ../m1_nios_bsp//obj/HAL/src/crt0.o
 .debug_ranges  0x0000000000000020       0x60 c:/intelfpga_lite/18.1/nios2eds/bin/gnu/h-x86_64-mingw32/bin/../lib/gcc/nios2-elf/5.3.0\libgcc.a(lib2-divmod.o)
 .debug_ranges  0x0000000000000080       0x68 c:/intelfpga_lite/18.1/nios2eds/bin/gnu/h-x86_64-mingw32/bin/../lib/gcc/nios2-elf/5.3.0\libgcc.a(mulsf3.o)
 .debug_ranges  0x00000000000000e8       0x30 c:/intelfpga_lite/18.1/nios2eds/bin/gnu/h-x86_64-mingw32/bin/../lib/gcc/nios2-elf/5.3.0\libgcc.a(fixsfsi.o)
 .debug_ranges  0x0000000000000118      0x138 c:/intelfpga_lite/18.1/nios2eds/bin/gnu/h-x86_64-mingw32/bin/../lib/gcc/nios2-elf/5.3.0\libgcc.a(divdf3.o)
 .debug_ranges  0x0000000000000250       0x20 c:/intelfpga_lite/18.1/nios2eds/bin/gnu/h-x86_64-mingw32/bin/../lib/gcc/nios2-elf/5.3.0\libgcc.a(floatsidf.o)