Archive member included to satisfy reference by file (symbol)

c:/intelfpga_lite/18.1/nios2eds/bin/gnu/h-x86_64-mingw32/bin/../lib/gcc/nios2-elf/5.3.0\libgcc.a(muldf3.o)
                              obj/default/SPI_controller.o (__muldf3)
c:/intelfpga_lite/18.1/nios2eds/bin/gnu/h-x86_64-mingw32/bin/../lib/gcc/nios2-elf/5.3.0\libgcc.a(fixdfsi.o)
                              obj/default/SPI_controller.o (__fixdfsi)
c:/intelfpga_lite/18.1/nios2eds/bin/gnu/h-x86_64-mingw32/bin/../lib/gcc/nios2-elf/5.3.0\libgcc.a(floatsidf.o)
                              obj/default/SPI_controller.o (__floatsidf)
c:/intelfpga_lite/18.1/nios2eds/bin/gnu/h-x86_64-mingw32/bin/../lib/gcc/nios2-elf/5.3.0\libgcc.a(_clzsi2.o)
                              c:/intelfpga_lite/18.1/nios2eds/bin/gnu/h-x86_64-mingw32/bin/../lib/gcc/nios2-elf/5.3.0\libgcc.a(muldf3.o) (__clzsi2)
c:/intelfpga_lite/18.1/nios2eds/bin/gnu/h-x86_64-mingw32/bin/../lib/gcc/nios2-elf/5.3.0\libgcc.a(_clz.o)
                              c:/intelfpga_lite/18.1/nios2eds/bin/gnu/h-x86_64-mingw32/bin/../lib/gcc/nios2-elf/5.3.0\libgcc.a(_clzsi2.o) (__clz_tab)
../m1_nios_bsp/\libhal_bsp.a(alt_load.o)
                              ../m1_nios_bsp//obj/HAL/src/crt0.o (alt_load)
../m1_nios_bsp/\libhal_bsp.a(alt_main.o)
                              ../m1_nios_bsp//obj/HAL/src/crt0.o (alt_main)
../m1_nios_bsp/\libhal_bsp.a(alt_sys_init.o)
                              ../m1_nios_bsp/\libhal_bsp.a(alt_main.o) (alt_irq_init)
../m1_nios_bsp/\libhal_bsp.a(altera_avalon_jtag_uart_fd.o)
                              ../m1_nios_bsp/\libhal_bsp.a(alt_sys_init.o) (altera_avalon_jtag_uart_read_fd)
../m1_nios_bsp/\libhal_bsp.a(altera_avalon_jtag_uart_init.o)
                              ../m1_nios_bsp/\libhal_bsp.a(alt_sys_init.o) (altera_avalon_jtag_uart_init)
../m1_nios_bsp/\libhal_bsp.a(altera_avalon_jtag_uart_ioctl.o)
                              ../m1_nios_bsp/\libhal_bsp.a(altera_avalon_jtag_uart_fd.o) (altera_avalon_jtag_uart_ioctl)
../m1_nios_bsp/\libhal_bsp.a(altera_avalon_jtag_uart_read.o)
                              ../m1_nios_bsp/\libhal_bsp.a(altera_avalon_jtag_uart_fd.o) (altera_avalon_jtag_uart_read)
../m1_nios_bsp/\libhal_bsp.a(altera_avalon_jtag_uart_write.o)
                              ../m1_nios_bsp/\libhal_bsp.a(altera_avalon_jtag_uart_fd.o) (altera_avalon_jtag_uart_write)
../m1_nios_bsp/\libhal_bsp.a(altera_avalon_spi.o)
                              obj/default/SPI_controller.o (alt_avalon_spi_command)
../m1_nios_bsp/\libhal_bsp.a(altera_avalon_timer_sc.o)
                              ../m1_nios_bsp/\libhal_bsp.a(alt_sys_init.o) (alt_avalon_timer_sc_init)
../m1_nios_bsp/\libhal_bsp.a(alt_alarm_start.o)
                              ../m1_nios_bsp/\libhal_bsp.a(altera_avalon_jtag_uart_init.o) (alt_alarm_start)
../m1_nios_bsp/\libhal_bsp.a(alt_close.o)
                              ../m1_nios_bsp/\libhal_bsp.a(alt_main.o) (close)
../m1_nios_bsp/\libhal_bsp.a(alt_dcache_flush_all.o)
                              ../m1_nios_bsp/\libhal_bsp.a(alt_load.o) (alt_dcache_flush_all)
../m1_nios_bsp/\libhal_bsp.a(alt_dev.o)
                              ../m1_nios_bsp/\libhal_bsp.a(alt_sys_init.o) (alt_dev_list)
../m1_nios_bsp/\libhal_bsp.a(alt_dev_llist_insert.o)
                              ../m1_nios_bsp/\libhal_bsp.a(alt_sys_init.o) (alt_dev_llist_insert)
../m1_nios_bsp/\libhal_bsp.a(alt_do_ctors.o)
                              ../m1_nios_bsp/\libhal_bsp.a(alt_main.o) (_do_ctors)
../m1_nios_bsp/\libhal_bsp.a(alt_do_dtors.o)
                              ../m1_nios_bsp/\libhal_bsp.a(alt_main.o) (_do_dtors)
../m1_nios_bsp/\libhal_bsp.a(alt_errno.o)
                              ../m1_nios_bsp/\libhal_bsp.a(alt_close.o) (alt_errno)
../m1_nios_bsp/\libhal_bsp.a(alt_icache_flush_all.o)
                              ../m1_nios_bsp/\libhal_bsp.a(alt_load.o) (alt_icache_flush_all)
../m1_nios_bsp/\libhal_bsp.a(alt_iic.o)
                              ../m1_nios_bsp/\libhal_bsp.a(altera_avalon_jtag_uart_init.o) (alt_ic_isr_register)
../m1_nios_bsp/\libhal_bsp.a(alt_iic_isr_register.o)
                              ../m1_nios_bsp/\libhal_bsp.a(alt_iic.o) (alt_iic_isr_register)
../m1_nios_bsp/\libhal_bsp.a(alt_io_redirect.o)
                              ../m1_nios_bsp/\libhal_bsp.a(alt_main.o) (alt_io_redirect)
../m1_nios_bsp/\libhal_bsp.a(alt_irq_entry.o)
                              ../m1_nios_bsp/\libhal_bsp.a(alt_iic_isr_register.o) (alt_irq_entry)
../m1_nios_bsp/\libhal_bsp.a(alt_irq_handler.o)
                              ../m1_nios_bsp/\libhal_bsp.a(alt_iic_isr_register.o) (alt_irq)
../m1_nios_bsp/\libhal_bsp.a(alt_irq_vars.o)
                              ../m1_nios_bsp/\libhal_bsp.a(alt_iic.o) (alt_irq_active)
../m1_nios_bsp/\libhal_bsp.a(alt_open.o)
                              ../m1_nios_bsp/\libhal_bsp.a(alt_io_redirect.o) (open)
../m1_nios_bsp/\libhal_bsp.a(alt_release_fd.o)
[...]
Memory Configuration

Name             Origin             Length             Attributes
new_sdram_controller_0 0x0000000000000000 0x0000000004000000
reset            0x0000000004020000 0x0000000000000020
onchip_memory2_0 0x0000000004020020 0x0000000000018680
*default*        0x0000000000000000 0xffffffffffffffff

Linker script and memory map

LOAD ../m1_nios_bsp//obj/HAL/src/crt0.o
LOAD obj/default/SPI_controller.o
LOAD c:/intelfpga_lite/18.1/nios2eds/bin/gnu/h-x86_64-mingw32/bin/../lib/gcc/nios2-elf/5.3.0/../../../../../H-x86_64-mingw32/nios2-elf/lib\libstdc++.a
LOAD c:/intelfpga_lite/18.1/nios2eds/bin/gnu/h-x86_64-mingw32/bin/../lib/gcc/nios2-elf/5.3.0/../../../../../H-x86_64-mingw32/nios2-elf/lib\libm.a
LOAD c:/intelfpga_lite/18.1/nios2eds/bin/gnu/h-x86_64-mingw32/bin/../lib/gcc/nios2-elf/5.3.0\libgcc.a
START GROUP
LOAD c:/intelfpga_lite/18.1/nios2eds/bin/gnu/h-x86_64-mingw32/bin/../lib/gcc/nios2-elf/5.3.0/../../../../../H-x86_64-mingw32/nios2-elf/lib\libc.a
LOAD c:/intelfpga_lite/18.1/nios2eds/bin/gnu/h-x86_64-mingw32/bin/../lib/gcc/nios2-elf/5.3.0\libgcc.a
LOAD ../m1_nios_bsp/\libhal_bsp.a
LOAD c:/intelfpga_lite/18.1/nios2eds/bin/gnu/h-x86_64-mingw32/bin/../lib/gcc/nios2-elf/5.3.0/../../../../../H-x86_64-mingw32/nios2-elf/lib\libm.a
END GROUP
LOAD c:/intelfpga_lite/18.1/nios2eds/bin/gnu/h-x86_64-mingw32/bin/../lib/gcc/nios2-elf/5.3.0\libgcc.a
                0x0000000000000000                __alt_mem_new_sdram_controller_0 = 0x0
                0x0000000004020000                __alt_mem_onchip_memory2_0 = 0x4020000

.entry          0x0000000004020000       0x20
 *(.entry)
 .entry         0x0000000004020000       0x20 ../m1_nios_bsp//obj/HAL/src/crt0.o
                0x0000000004020000                __reset

.exceptions     0x0000000004020020      0x224
                0x0000000004020020                PROVIDE (__ram_exceptions_start, ABSOLUTE (.))
                0x0000000004020020                . = ALIGN (0x20)
 *(.irq)
 *(.exceptions.entry.label)
 .exceptions.entry.label
                0x0000000004020020        0x0 ../m1_nios_bsp/\libhal_bsp.a(alt_irq_entry.o)
                0x0000000004020020                alt_irq_entry
 .exceptions.entry.label
                0x0000000004020020        0x0 ../m1_nios_bsp/\libhal_bsp.a(alt_exception_entry.o)
                0x0000000004020020                alt_exception
 *(.exceptions.entry.user)
 *(.exceptions.entry.ecc_fatal)
 *(.exceptions.entry)
 .exceptions.entry
                0x0000000004020020       0x54 ../m1_nios_bsp/\libhal_bsp.a(alt_exception_entry.o)
 *(.exceptions.irqtest.user)
 *(.exceptions.irqtest)
 .exceptions.irqtest
                0x0000000004020074       0x10 ../m1_nios_bsp/\libhal_bsp.a(alt_irq_entry.o)
 *(.exceptions.irqhandler.user)
 *(.exceptions.irqhandler)
 .exceptions.irqhandler
                0x0000000004020084        0x4 ../m1_nios_bsp/\libhal_bsp.a(alt_irq_entry.o)
 *(.exceptions.irqreturn.user)
 *(.exceptions.irqreturn)
 .exceptions.irqreturn
                0x0000000004020088        0x4 ../m1_nios_bsp/\libhal_bsp.a(alt_irq_entry.o)
 *(.exceptions.notirq.label)
 .exceptions.notirq.label
                0x000000000402008c        0x0 ../m1_nios_bsp/\libhal_bsp.a(alt_irq_entry.o)
 *(.exceptions.notirq.user)
 *(.exceptions.notirq)
 .exceptions.notirq
                0x000000000402008c        0x8 ../m1_nios_bsp/\libhal_bsp.a(alt_exception_entry.o)
 *(.exceptions.soft.user)
 *(.exceptions.soft)
 *(.exceptions.unknown.user)
 *(.exceptions.unknown)
 .exceptions.unknown
                0x0000000004020094       0x14 ../m1_nios_bsp/\libhal_bsp.a(alt_exception_entry.o)
 *(.exceptions.exit.label)
 .exceptions.exit.label
                0x00000000040200a8        0x0 ../m1_nios_bsp/\libhal_bsp.a(alt_irq_entry.o)
 .exceptions.exit.label
                0x00000000040200a8        0x0 ../m1_nios_bsp/\libhal_bsp.a(alt_exception_entry.o)
 *(.exceptions.exit.user)
 *(.exceptions.exit)
 .exceptions.exit
                0x00000000040200a8       0x54 ../m1_nios_bsp/\libhal_bsp.a(alt_exception_entry.o)
 *(.exceptions)
 .exceptions    0x00000000040200fc       0xd4 ../m1_nios_bsp/\libhal_bsp.a(alt_irq_handler.o)
                0x00000000040200fc                alt_irq_handler
 .exceptions    0x00000000040201d0       0x74 ../m1_nios_bsp/\libhal_bsp.a(alt_instruction_exception_entry.o)
                0x00000000040201d0                alt_instruction_exception_entry
                0x0000000004020244                PROVIDE (__ram_exceptions_end, ABSOLUTE (.))
                0x0000000004020020                PROVIDE (__flash_exceptions_start, LOADADDR (.exceptions))

.text           0x0000000004020244     0x3090
                [!provide]                        PROVIDE (stext, ABSOLUTE (.))
 *(.interp)
 *(.hash)
 *(.dynsym)
 *(.dynstr)
 *(.gnu.version)
 *(.gnu.version_d)
 *(.gnu.version_r)
 *(.rel.init)
 *(.rela.init)
 *(.rel.text .rel.text.* .rel.gnu.linkonce.t.*)
 *(.rela.text .rela.text.* .rela.gnu.linkonce.t.*)
 *(.rel.fini)
 *(.rela.fini)
 *(.rel.rodata .rel.rodata.* .rel.gnu.linkonce.r.*)
 *(.rela.rodata .rela.rodata.* .rela.gnu.linkonce.r.*)
 *(.rel.data .rel.data.* .rel.gnu.linkonce.d.*)
 *(.rela.data .rela.data.* .rela.gnu.linkonce.d.*)
 *(.rel.tdata .rel.tdata.* .rel.gnu.linkonce.td.*)
 *(.rela.tdata .rela.tdata.* .rela.gnu.linkonce.td.*)
 *(.rel.tbss .rel.tbss.* .rel.gnu.linkonce.tb.*)
 *(.rela.tbss .rela.tbss.* .rela.gnu.linkonce.tb.*)
 *(.rel.ctors)
 *(.rela.ctors)
 *(.rel.dtors)
 *(.rela.dtors)
 *(.rel.got)
 *(.rela.got)
 *(.rel.sdata .rel.sdata.* .rel.gnu.linkonce.s.*)
 *(.rela.sdata .rela.sdata.* .rela.gnu.linkonce.s.*)
 *(.rel.sbss .rel.sbss.* .rel.gnu.linkonce.sb.*)
 *(.rela.sbss .rela.sbss.* .rela.gnu.linkonce.sb.*)
 *(.rel.sdata2 .rel.sdata2.* .rel.gnu.linkonce.s2.*)
 *(.rela.sdata2 .rela.sdata2.* .rela.gnu.linkonce.s2.*)
 *(.rel.sbss2 .rel.sbss2.* .rel.gnu.linkonce.sb2.*)
 *(.rela.sbss2 .rela.sbss2.* .rela.gnu.linkonce.sb2.*)
 *(.rel.bss .rel.bss.* .rel.gnu.linkonce.b.*)
 *(.rela.bss .rela.bss.* .rela.gnu.linkonce.b.*)
 *(.rel.plt)
 *(.rela.plt)
 *(.rel.dyn)
 *(.init)
 *(.plt)
 *(.text .stub .text.* .gnu.linkonce.t.*)
 .text          0x0000000004020244       0x4c ../m1_nios_bsp//obj/HAL/src/crt0.o
                0x0000000004020244                _start
 .text          0x0000000004020290      0x220 obj/default/SPI_controller.o
                0x0000000004020290                main
 .text          0x00000000040204b0      0x718 c:/intelfpga_lite/18.1/nios2eds/bin/gnu/h-x86_64-mingw32/bin/../lib/gcc/nios2-elf/5.3.0\libgcc.a(muldf3.o)
                0x00000000040204b0                __muldf3
 .text          0x0000000004020bc8       0x80 c:/intelfpga_lite/18.1/nios2eds/bin/gnu/h-x86_64-mingw32/bin/../lib/gcc/nios2-elf/5.3.0\libgcc.a(fixdfsi.o)
                0x0000000004020bc8                __fixdfsi
 .text          0x0000000004020c48       0xdc c:/intelfpga_lite/18.1/nios2eds/bin/gnu/h-x86_64-mingw32/bin/../lib/gcc/nios2-elf/5.3.0\libgcc.a(floatsidf.o)
                0x0000000004020c48                __floatsidf
 .text          0x0000000004020d24       0x64 c:/intelfpga_lite/18.1/nios2eds/bin/gnu/h-x86_64-mingw32/bin/../lib/gcc/nios2-elf/5.3.0\libgcc.a(_clzsi2.o)
                0x0000000004020d24                __clzsi2
 .text          0x0000000004020d88        0x0 c:/intelfpga_lite/18.1/nios2eds/bin/gnu/h-x86_64-mingw32/bin/../lib/gcc/nios2-elf/5.3.0\libgcc.a(_clz.o)
 .text          0x0000000004020d88       0xec ../m1_nios_bsp/\libhal_bsp.a(alt_load.o)
                0x0000000004020df0                alt_load
 .text          0x0000000004020e74       0x7c ../m1_nios_bsp/\libhal_bsp.a(alt_main.o)
                0x0000000004020e74                alt_main
 .text          0x0000000004020ef0       0xd0 ../m1_nios_bsp/\libhal_bsp.a(alt_sys_init.o)
                0x0000000004020f24                alt_irq_init
                0x0000000004020f5c                alt_sys_init
 .text          0x0000000004020fc0      0x164 ../m1_nios_bsp/\libhal_bsp.a(altera_avalon_jtag_uart_fd.o)
                0x0000000004020fc0                altera_avalon_jtag_uart_read_fd
                0x0000000004021020                altera_avalon_jtag_uart_write_fd
                0x0000000004021080                altera_avalon_jtag_uart_close_fd
                0x00000000040210d0                altera_avalon_jtag_uart_ioctl_fd
 .text          0x0000000004021124      0x3d4 ../m1_nios_bsp/\libhal_bsp.a(altera_avalon_jtag_uart_init.o)
                0x0000000004021124                altera_avalon_jtag_uart_init
                0x0000000004021490                altera_avalon_jtag_uart_close
 .text          0x00000000040214f8       0xf0 ../m1_nios_bsp/\libhal_bsp.a(altera_avalon_jtag_uart_ioctl.o)
                0x00000000040214f8                altera_avalon_jtag_uart_ioctl
 .text          0x00000000040215e8      0x21c ../m1_nios_bsp/\libhal_bsp.a(altera_avalon_jtag_uart_read.o)
                0x00000000040215e8                altera_avalon_jtag_uart_read
 .text          0x0000000004021804      0x224 ../m1_nios_bsp/\libhal_bsp.a(altera_avalon_jtag_uart_write.o)
                0x0000000004021804                altera_avalon_jtag_uart_write
 .text          0x0000000004021a28      0x1fc ../m1_nios_bsp/\libhal_bsp.a(altera_avalon_spi.o)
                0x0000000004021a28                alt_avalon_spi_command
 .text          0x0000000004021c24       0xf4 ../m1_nios_bsp/\libhal_bsp.a(altera_avalon_timer_sc.o)
                0x0000000004021c9c                alt_avalon_timer_sc_init
 .text          0x0000000004021d18      0x12c ../m1_nios_bsp/\libhal_bsp.a(alt_alarm_start.o)
                0x0000000004021d18                alt_alarm_start
 .text          0x0000000004021e44      0x10c ../m1_nios_bsp/\libhal_bsp.a(alt_close.o)
                0x0000000004021e80                close
 .text          0x0000000004021f50       0x48 ../m1_nios_bsp/\libhal_bsp.a(alt_dcache_flush_all.o)
                0x0000000004021f50                alt_dcache_flush_all
 .text          0x0000000004021f98       0x2c ../m1_nios_bsp/\libhal_bsp.a(alt_dev.o)
 .text          0x0000000004021fc4       0xe0 ../m1_nios_bsp/\libhal_bsp.a(alt_dev_llist_insert.o)
                0x0000000004022000                alt_dev_llist_insert
 .text          0x00000000040220a4       0x60 ../m1_nios_bsp/\libhal_bsp.a(alt_do_ctors.o)
                0x00000000040220a4                _do_ctors
 .text          0x0000000004022104       0x60 ../m1_nios_bsp/\libhal_bsp.a(alt_do_dtors.o)
                0x0000000004022104                _do_dtors
 .text          0x0000000004022164        0x0 ../m1_nios_bsp/\libhal_bsp.a(alt_errno.o)
 .text          0x0000000004022164       0x34 ../m1_nios_bsp/\libhal_bsp.a(alt_icache_flush_all.o)
                0x0000000004022164                alt_icache_flush_all
 .text          0x0000000004022198      0x1b0 ../m1_nios_bsp/\libhal_bsp.a(alt_iic.o)
                0x0000000004022198                alt_ic_isr_register
                0x00000000040221e8                alt_ic_irq_enable
                0x0000000004022270                alt_ic_irq_disable
                0x00000000040222fc                alt_ic_irq_enabled
 .text          0x0000000004022348       0xf0 ../m1_nios_bsp/\libhal_bsp.a(alt_iic_isr_register.o)
                0x0000000004022348                alt_iic_isr_register
 .text          0x0000000004022438      0x140 ../m1_nios_bsp/\libhal_bsp.a(alt_io_redirect.o)
                0x00000000040224fc                alt_io_redirect
 .text          0x0000000004022578        0x0 ../m1_nios_bsp/\libhal_bsp.a(alt_irq_entry.o)
 .text          0x0000000004022578        0x0 ../m1_nios_bsp/\libhal_bsp.a(alt_irq_handler.o)
 .text          0x0000000004022578        0x0 ../m1_nios_bsp/\libhal_bsp.a(alt_irq_vars.o)
 .text          0x0000000004022578      0x254 ../m1_nios_bsp/\libhal_bsp.a(alt_open.o)
                0x0000000004022678                open
 .text          0x00000000040227cc       0x64 ../m1_nios_bsp/\libhal_bsp.a(alt_release_fd.o)
                0x00000000040227cc                alt_release_fd
 .text          0x0000000004022830      0x1a4 ../m1_nios_bsp/\libhal_bsp.a(alt_tick.o)
                0x0000000004022830                alt_alarm_stop
                0x00000000040228cc                alt_tick
 .text          0x00000000040229d4       0x24 ../m1_nios_bsp/\libhal_bsp.a(altera_nios2_gen2_irq.o)
                0x00000000040229d4                altera_nios2_gen2_irq_init
 .text          0x00000000040229f8        0x0 ../m1_nios_bsp/\libhal_bsp.a(alt_exception_entry.o)
 .text          0x00000000040229f8       0x90 ../m1_nios_bsp/\libhal_bsp.a(alt_find_dev.o)
                0x00000000040229f8                alt_find_dev
 .text          0x0000000004022a88      0x108 ../m1_nios_bsp/\libhal_bsp.a(alt_find_file.o)
                0x0000000004022a88                alt_find_file
 .text          0x0000000004022b90       0xa4 ../m1_nios_bsp/\libhal_bsp.a(alt_get_fd.o)
                0x0000000004022b90                alt_get_fd
 .text          0x0000000004022c34       0x90 ../m1_nios_bsp/\libhal_bsp.a(alt_icache_flush.o)
                0x0000000004022c34                alt_icache_flush
 .text          0x0000000004022cc4       0x9c ../m1_nios_bsp/\libhal_bsp.a(alt_instruction_exception_entry.o)
                0x0000000004022cc4                alt_exception_cause_generated_bad_addr
 .text          0x0000000004022d60        0x0 c:/intelfpga_lite/18.1/nios2eds/bin/gnu/h-x86_64-mingw32/bin/../lib/gcc/nios2-elf/5.3.0/../../../../../H-x86_64-mingw32/nios2-elf/lib\libc.a(lib_a-atexit.o)
 .text.atexit   0x0000000004022d60       0x14 c:/intelfpga_lite/18.1/nios2eds/bin/gnu/h-x86_64-mingw32/bin/../lib/gcc/nios2-elf/5.3.0/../../../../../H-x86_64-mingw32/nios2-elf/lib\libc.a(lib_a-atexit.o)
                0x0000000004022d60                atexit
 .text          0x0000000004022d74        0x0 c:/intelfpga_lite/18.1/nios2eds/bin/gnu/h-x86_64-mingw32/bin/../lib/gcc/nios2-elf/5.3.0/../../../../../H-x86_64-mingw32/nios2-elf/lib\libc.a(lib_a-exit.o)
 .text.exit     0x0000000004022d74       0x38 c:/intelfpga_lite/18.1/nios2eds/bin/gnu/h-x86_64-mingw32/bin/../lib/gcc/nios2-elf/5.3.0/../../../../../H-x86_64-mingw32/nios2-elf/lib\libc.a(lib_a-exit.o)
                0x0000000004022d74                exit
 .text          0x0000000004022dac        0x0 c:/intelfpga_lite/18.1/nios2eds/bin/gnu/h-x86_64-mingw32/bin/../lib/gcc/nios2-elf/5.3.0/../../../../../H-x86_64-mingw32/nios2-elf/lib\libc.a(lib_a-impure.o)
 .text          0x0000000004022dac        0x0 c:/intelfpga_lite/18.1/nios2eds/bin/gnu/h-x86_64-mingw32/bin/../lib/gcc/nios2-elf/5.3.0/../../../../../H-x86_64-mingw32/nios2-elf/lib\libc.a(lib_a-int_errno.o)
 .text          0x0000000004022dac        0x0 c:/intelfpga_lite/18.1/nios2eds/bin/gnu/h-x86_64-mingw32/bin/../lib/gcc/nios2-elf/5.3.0/../../../../../H-x86_64-mingw32/nios2-elf/lib\libc.a(lib_a-memcmp.o)
 .text.memcmp   0x0000000004022dac       0x7c c:/intelfpga_lite/18.1/nios2eds/bin/gnu/h-x86_64-mingw32/bin/../lib/gcc/nios2-elf/5.3.0/../../../../../H-x86_64-mingw32/nios2-elf/lib\libc.a(lib_a-memcmp.o)
                0x0000000004022dac                memcmp
 .text          0x0000000004022e28        0x0 c:/intelfpga_lite/18.1/nios2eds/bin/gnu/h-x86_64-mingw32/bin/../lib/gcc/nios2-elf/5.3.0/../../../../../H-x86_64-mingw32/nios2-elf/lib\libc.a(lib_a-memcpy.o)
 .text.memcpy   0x0000000004022e28      0x148 c:/intelfpga_lite/18.1/nios2eds/bin/gnu/h-x86_64-mingw32/bin/../lib/gcc/nios2-elf/5.3.0/../../../../../H-x86_64-mingw32/nios2-elf/lib\libc.a(lib_a-memcpy.o)
                0x0000000004022e28                memcpy
 .text          0x0000000004022f70        0x0 c:/intelfpga_lite/18.1/nios2eds/bin/gnu/h-x86_64-mingw32/bin/../lib/gcc/nios2-elf/5.3.0/../../../../../H-x86_64-mingw32/nios2-elf/lib\libc.a(lib_a-strlen.o)
 .text.strlen   0x0000000004022f70       0x98 c:/intelfpga_lite/18.1/nios2eds/bin/gnu/h-x86_64-mingw32/bin/../lib/gcc/nios2-elf/5.3.0/../../../../../H-x86_64-mingw32/nios2-elf/lib\libc.a(lib_a-strlen.o)
                0x0000000004022f70                strlen
 .text          0x0000000004023008        0x0 c:/intelfpga_lite/18.1/nios2eds/bin/gnu/h-x86_64-mingw32/bin/../lib/gcc/nios2-elf/5.3.0/../../../../../H-x86_64-mingw32/nios2-elf/lib\libc.a(lib_a-__atexit.o)
 .text.__register_exitproc
                0x0000000004023008      0x118 c:/intelfpga_lite/18.1/nios2eds/bin/gnu/h-x86_64-mingw32/bin/../lib/gcc/nios2-elf/5.3.0/../../../../../H-x86_64-mingw32/nios2-elf/lib\libc.a(lib_a-__atexit.o)
                0x0000000004023008                __register_exitproc
 .text          0x0000000004023120        0x0 c:/intelfpga_lite/18.1/nios2eds/bin/gnu/h-x86_64-mingw32/bin/../lib/gcc/nios2-elf/5.3.0/../../../../../H-x86_64-mingw32/nios2-elf/lib\libc.a(lib_a-__call_atexit.o)
 .text.__call_exitprocs
                0x0000000004023120      0x180 c:/intelfpga_lite/18.1/nios2eds/bin/gnu/h-x86_64-mingw32/bin/../lib/gcc/nios2-elf/5.3.0/../../../../../H-x86_64-mingw32/nios2-elf/lib\libc.a(lib_a-__call_atexit.o)
                0x0000000004023120                __call_exitprocs
 .text          0x00000000040232a0       0x34 ../m1_nios_bsp/\libhal_bsp.a(alt_exit.o)
                0x00000000040232a0                _exit
 *(.gnu.warning.*)
 *(.fini)
                [!provide]                        PROVIDE (__etext, ABSOLUTE (.))
                [!provide]                        PROVIDE (_etext, ABSOLUTE (.))
                [!provide]                        PROVIDE (etext, ABSOLUTE (.))
 *(.eh_frame_hdr)
                0x00000000040232d4                . = ALIGN (0x4)
                [!provide]                        PROVIDE (__preinit_array_start, ABSOLUTE (.))
 *(.preinit_array)
                [!provide]                        PROVIDE (__preinit_array_end, ABSOLUTE (.))
                [!provide]                        PROVIDE (__init_array_start, ABSOLUTE (.))
 *(.init_array)
                [!provide]                        PROVIDE (__init_array_end, ABSOLUTE (.))
                [!provide]                        PROVIDE (__fini_array_start, ABSOLUTE (.))
 *(.fini_array)
                [!provide]                        PROVIDE (__fini_array_end, ABSOLUTE (.))
 *(.eh_frame)
 *(.gcc_except_table .gcc_except_table.*)
 *(.dynamic)
                0x00000000040232d4                PROVIDE (__CTOR_LIST__, ABSOLUTE (.))
 *(.ctors)
 *(SORT(.ctors.*))
                0x00000000040232d4                PROVIDE (__CTOR_END__, ABSOLUTE (.))
                0x00000000040232d4                PROVIDE (__DTOR_LIST__, ABSOLUTE (.))
 *(.dtors)
 *(SORT(.dtors.*))
                0x00000000040232d4                PROVIDE (__DTOR_END__, ABSOLUTE (.))
 *(.jcr)
                0x00000000040232d4                . = ALIGN (0x4)

.rodata         0x0000000000000000      0x138 load address 0x00000000040232d4
                0x0000000000000000                PROVIDE (__ram_rodata_start, ABSOLUTE (.))
                0x0000000000000000                . = ALIGN (0x4)
 *(.rodata .rodata.* .gnu.linkonce.r.*)
 .rodata        0x0000000000000000      0x100 c:/intelfpga_lite/18.1/nios2eds/bin/gnu/h-x86_64-mingw32/bin/../lib/gcc/nios2-elf/5.3.0\libgcc.a(_clz.o)
                0x0000000000000000                __clz_tab
 .rodata        0x0000000000000100       0x11 ../m1_nios_bsp/\libhal_bsp.a(alt_main.o)
 *fill*         0x0000000000000111        0x3 
 .rodata        0x0000000000000114       0x11 ../m1_nios_bsp/\libhal_bsp.a(alt_sys_init.o)
 *fill*         0x0000000000000125        0x3 
 .rodata        0x0000000000000128        0xa ../m1_nios_bsp/\libhal_bsp.a(alt_dev.o)
 *fill*         0x0000000000000132        0x2 
 .rodata.str1.4
                0x0000000000000134        0x4 c:/intelfpga_lite/18.1/nios2eds/bin/gnu/h-x86_64-mingw32/bin/../lib/gcc/nios2-elf/5.3.0/../../../../../H-x86_64-mingw32/nios2-elf/lib\libc.a(lib_a-impure.o)
                                          0x2 (size before relaxing)
 *(.rodata1)
                0x0000000000000138                . = ALIGN (0x4)
                0x0000000000000138                PROVIDE (__ram_rodata_end, ABSOLUTE (.))
                0x00000000040232d4                PROVIDE (__flash_rodata_start, LOADADDR (.rodata))

.rwdata         0x0000000000000138     0x1658 load address 0x000000000402340c
                0x0000000000000138                PROVIDE (__ram_rwdata_start, ABSOLUTE (.))
                0x0000000000000138                . = ALIGN (0x4)
 *(.got.plt)
 *(.got)
 *(.data1)
 *(.data .data.* .gnu.linkonce.d.*)
 .data          0x0000000000000138        0x0 ../m1_nios_bsp//obj/HAL/src/crt0.o
 .data          0x0000000000000138        0x0 obj/default/SPI_controller.o
 .data          0x0000000000000138        0x0 c:/intelfpga_lite/18.1/nios2eds/bin/gnu/h-x86_64-mingw32/bin/../lib/gcc/nios2-elf/5.3.0\libgcc.a(muldf3.o)
 .data          0x0000000000000138        0x0 c:/intelfpga_lite/18.1/nios2eds/bin/gnu/h-x86_64-mingw32/bin/../lib/gcc/nios2-elf/5.3.0\libgcc.a(fixdfsi.o)
 .data          0x0000000000000138        0x0 c:/intelfpga_lite/18.1/nios2eds/bin/gnu/h-x86_64-mingw32/bin/../lib/gcc/nios2-elf/5.3.0\libgcc.a(floatsidf.o)
 .data          0x0000000000000138        0x0 c:/intelfpga_lite/18.1/nios2eds/bin/gnu/h-x86_64-mingw32/bin/../lib/gcc/nios2-elf/5.3.0\libgcc.a(_clzsi2.o)
 .data          0x0000000000000138        0x0 c:/intelfpga_lite/18.1/nios2eds/bin/gnu/h-x86_64-mingw32/bin/../lib/gcc/nios2-elf/5.3.0\libgcc.a(_clz.o)
 .data          0x0000000000000138        0x0 ../m1_nios_bsp/\libhal_bsp.a(alt_load.o)
 .data          0x0000000000000138        0x0 ../m1_nios_bsp/\libhal_bsp.a(alt_main.o)
 .data          0x0000000000000138     0x1060 ../m1_nios_bsp/\libhal_bsp.a(alt_sys_init.o)
 .data          0x0000000000001198        0x0 ../m1_nios_bsp/\libhal_bsp.a(altera_avalon_jtag_uart_fd.o)
 .data          0x0000000000001198        0x0 ../m1_nios_bsp/\libhal_bsp.a(altera_avalon_jtag_uart_init.o)
 .data          0x0000000000001198        0x0 ../m1_nios_bsp/\libhal_bsp.a(altera_avalon_jtag_uart_ioctl.o)
 .data          0x0000000000001198        0x0 ../m1_nios_bsp/\libhal_bsp.a(altera_avalon_jtag_uart_read.o)
 .data          0x0000000000001198        0x0 ../m1_nios_bsp/\libhal_bsp.a(altera_avalon_jtag_uart_write.o)
 .data          0x0000000000001198        0x0 ../m1_nios_bsp/\libhal_bsp.a(altera_avalon_spi.o)
 .data          0x0000000000001198        0x0 ../m1_nios_bsp/\libhal_bsp.a(altera_avalon_timer_sc.o)
 .data          0x0000000000001198        0x0 ../m1_nios_bsp/\libhal_bsp.a(alt_alarm_start.o)
 .data          0x0000000000001198        0x0 ../m1_nios_bsp/\libhal_bsp.a(alt_close.o)
 .data          0x0000000000001198        0x0 ../m1_nios_bsp/\libhal_bsp.a(alt_dcache_flush_all.o)
 .data          0x0000000000001198      0x1a8 ../m1_nios_bsp/\libhal_bsp.a(alt_dev.o)
                0x0000000000001198                alt_dev_null
                0x00000000000011c0                alt_fd_list
 .data          0x0000000000001340        0x0 ../m1_nios_bsp/\libhal_bsp.a(alt_dev_llist_insert.o)
 .data          0x0000000000001340        0x0 ../m1_nios_bsp/\libhal_bsp.a(alt_do_ctors.o)
 .data          0x0000000000001340        0x0 ../m1_nios_bsp/\libhal_bsp.a(alt_do_dtors.o)
 .data          0x0000000000001340        0x0 ../m1_nios_bsp/\libhal_bsp.a(alt_errno.o)
 .data          0x0000000000001340        0x0 ../m1_nios_bsp/\libhal_bsp.a(alt_icache_flush_all.o)
 .data          0x0000000000001340        0x0 ../m1_nios_bsp/\libhal_bsp.a(alt_iic.o)
 .data          0x0000000000001340        0x0 ../m1_nios_bsp/\libhal_bsp.a(alt_iic_isr_register.o)
 .data          0x0000000000001340        0x0 ../m1_nios_bsp/\libhal_bsp.a(alt_io_redirect.o)
 .data          0x0000000000001340        0x0 ../m1_nios_bsp/\libhal_bsp.a(alt_irq_entry.o)
 .data          0x0000000000001340        0x0 ../m1_nios_bsp/\libhal_bsp.a(alt_irq_handler.o)
 .data          0x0000000000001340        0x0 ../m1_nios_bsp/\libhal_bsp.a(alt_irq_vars.o)
 .data          0x0000000000001340        0x0 ../m1_nios_bsp/\libhal_bsp.a(alt_open.o)
 .data          0x0000000000001340        0x0 ../m1_nios_bsp/\libhal_bsp.a(alt_release_fd.o)
 .data          0x0000000000001340        0x0 ../m1_nios_bsp/\libhal_bsp.a(alt_tick.o)
 .data          0x0000000000001340        0x0 ../m1_nios_bsp/\libhal_bsp.a(altera_nios2_gen2_irq.o)
 .data          0x0000000000001340        0x0 ../m1_nios_bsp/\libhal_bsp.a(alt_exception_entry.o)
 .data          0x0000000000001340        0x0 ../m1_nios_bsp/\libhal_bsp.a(alt_find_dev.o)
 .data          0x0000000000001340        0x0 ../m1_nios_bsp/\libhal_bsp.a(alt_find_file.o)
 .data          0x0000000000001340        0x0 ../m1_nios_bsp/\libhal_bsp.a(alt_get_fd.o)
 .data          0x0000000000001340        0x0 ../m1_nios_bsp/\libhal_bsp.a(alt_icache_flush.o)
 .data          0x0000000000001340        0x0 ../m1_nios_bsp/\libhal_bsp.a(alt_instruction_exception_entry.o)
 .data          0x0000000000001340        0x0 c:/intelfpga_lite/18.1/nios2eds/bin/gnu/h-x86_64-mingw32/bin/../lib/gcc/nios2-elf/5.3.0/../../../../../H-x86_64-mingw32/nios2-elf/lib\libc.a(lib_a-atexit.o)
 .data          0x0000000000001340        0x0 c:/intelfpga_lite/18.1/nios2eds/bin/gnu/h-x86_64-mingw32/bin/../lib/gcc/nios2-elf/5.3.0/../../../../../H-x86_64-mingw32/nios2-elf/lib\libc.a(lib_a-exit.o)
 .data          0x0000000000001340        0x0 c:/intelfpga_lite/18.1/nios2eds/bin/gnu/h-x86_64-mingw32/bin/../lib/gcc/nios2-elf/5.3.0/../../../../../H-x86_64-mingw32/nios2-elf/lib\libc.a(lib_a-impure.o)
 .data.impure_data
                0x0000000000001340      0x424 c:/intelfpga_lite/18.1/nios2eds/bin/gnu/h-x86_64-mingw32/bin/../lib/gcc/nios2-elf/5.3.0/../../../../../H-x86_64-mingw32/nios2-elf/lib\libc.a(lib_a-impure.o)
 .data          0x0000000000001764        0x0 c:/intelfpga_lite/18.1/nios2eds/bin/gnu/h-x86_64-mingw32/bin/../lib/gcc/nios2-elf/5.3.0/../../../../../H-x86_64-mingw32/nios2-elf/lib\libc.a(lib_a-int_errno.o)
 .data          0x0000000000001764        0x0 c:/intelfpga_lite/18.1/nios2eds/bin/gnu/h-x86_64-mingw32/bin/../lib/gcc/nios2-elf/5.3.0/../../../../../H-x86_64-mingw32/nios2-elf/lib\libc.a(lib_a-memcmp.o)
 .data          0x0000000000001764        0x0 c:/intelfpga_lite/18.1/nios2eds/bin/gnu/h-x86_64-mingw32/bin/../lib/gcc/nios2-elf/5.3.0/../../../../../H-x86_64-mingw32/nios2-elf/lib\libc.a(lib_a-memcpy.o)
 .data          0x0000000000001764        0x0 c:/intelfpga_lite/18.1/nios2eds/bin/gnu/h-x86_64-mingw32/bin/../lib/gcc/nios2-elf/5.3.0/../../../../../H-x86_64-mingw32/nios2-elf/lib\libc.a(lib_a-strlen.o)
 .data          0x0000000000001764        0x0 c:/intelfpga_lite/18.1/nios2eds/bin/gnu/h-x86_64-mingw32/bin/../lib/gcc/nios2-elf/5.3.0/../../../../../H-x86_64-mingw32/nios2-elf/lib\libc.a(lib_a-__atexit.o)
 .data          0x0000000000001764        0x0 c:/intelfpga_lite/18.1/nios2eds/bin/gnu/h-x86_64-mingw32/bin/../lib/gcc/nios2-elf/5.3.0/../../../../../H-x86_64-mingw32/nios2-elf/lib\libc.a(lib_a-__call_atexit.o)
 .data          0x0000000000001764        0x0 ../m1_nios_bsp/\libhal_bsp.a(alt_exit.o)
                0x0000000000009764                _gp = ABSOLUTE ((. + 0x8000))
                [!provide]                        PROVIDE (gp, _gp)
 *(.rwdata .rwdata.*)
 *(.sdata .sdata.* .gnu.linkonce.s.*)
 .sdata         0x0000000000001764       0x14 ../m1_nios_bsp/\libhal_bsp.a(alt_dev.o)
                0x0000000000001764                alt_fs_list
                0x000000000000176c                alt_dev_list
                0x0000000000001774                alt_max_fd
 .sdata         0x0000000000001778        0x4 ../m1_nios_bsp/\libhal_bsp.a(alt_errno.o)
                0x0000000000001778                alt_errno
 .sdata         0x000000000000177c        0x4 ../m1_nios_bsp/\libhal_bsp.a(alt_irq_vars.o)
                0x000000000000177c                alt_priority_mask
 .sdata         0x0000000000001780        0x8 ../m1_nios_bsp/\libhal_bsp.a(alt_tick.o)
                0x0000000000001780                alt_alarm_list
 .sdata._global_impure_ptr
                0x0000000000001788        0x4 c:/intelfpga_lite/18.1/nios2eds/bin/gnu/h-x86_64-mingw32/bin/../lib/gcc/nios2-elf/5.3.0/../../../../../H-x86_64-mingw32/nios2-elf/lib\libc.a(lib_a-impure.o)
                0x0000000000001788                _global_impure_ptr
 .sdata._impure_ptr
                0x000000000000178c        0x4 c:/intelfpga_lite/18.1/nios2eds/bin/gnu/h-x86_64-mingw32/bin/../lib/gcc/nios2-elf/5.3.0/../../../../../H-x86_64-mingw32/nios2-elf/lib\libc.a(lib_a-impure.o)
                0x000000000000178c                _impure_ptr
 *(.sdata2 .sdata2.* .gnu.linkonce.s2.*)
                0x0000000000001790                . = ALIGN (0x4)
                0x0000000000001790                _edata = ABSOLUTE (.)
                [!provide]                        PROVIDE (edata, ABSOLUTE (.))
                0x0000000000001790                PROVIDE (__ram_rwdata_end, ABSOLUTE (.))
                0x000000000402340c                PROVIDE (__flash_rwdata_start, LOADADDR (.rwdata))

.bss            0x0000000000001790      0x120 load address 0x0000000004024a64
                0x0000000000001790                __bss_start = ABSOLUTE (.)
                [!provide]                        PROVIDE (__sbss_start, ABSOLUTE (.))
                [!provide]                        PROVIDE (___sbss_start, ABSOLUTE (.))
 *(.dynsbss)
 *(.sbss .sbss.* .gnu.linkonce.sb.*)
 .sbss          0x0000000000001790        0xc ../m1_nios_bsp/\libhal_bsp.a(alt_main.o)
                0x0000000000001790                alt_argc
                0x0000000000001794                alt_argv
                0x0000000000001798                alt_envp
 .sbss          0x000000000000179c        0x4 ../m1_nios_bsp/\libhal_bsp.a(alt_irq_vars.o)
                0x000000000000179c                alt_irq_active
 .sbss          0x00000000000017a0        0x8 ../m1_nios_bsp/\libhal_bsp.a(alt_tick.o)
                0x00000000000017a0                _alt_tick_rate
                0x00000000000017a4                _alt_nticks
 .sbss          0x00000000000017a8        0x4 ../m1_nios_bsp/\libhal_bsp.a(alt_instruction_exception_entry.o)
                0x00000000000017a8                alt_instruction_exception_handler
 .sbss          0x00000000000017ac        0x4 c:/intelfpga_lite/18.1/nios2eds/bin/gnu/h-x86_64-mingw32/bin/../lib/gcc/nios2-elf/5.3.0/../../../../../H-x86_64-mingw32/nios2-elf/lib\libc.a(lib_a-int_errno.o)
                0x00000000000017ac                errno
 *(.sbss2 .sbss2.* .gnu.linkonce.sb2.*)
 *(.scommon)
                [!provide]                        PROVIDE (__sbss_end, ABSOLUTE (.))
                [!provide]                        PROVIDE (___sbss_end, ABSOLUTE (.))
 *(.dynbss)
 *(.bss .bss.* .gnu.linkonce.b.*)
 .bss           0x00000000000017b0        0x0 ../m1_nios_bsp//obj/HAL/src/crt0.o
 .bss           0x00000000000017b0        0x0 obj/default/SPI_controller.o
 .bss           0x00000000000017b0        0x0 c:/intelfpga_lite/18.1/nios2eds/bin/gnu/h-x86_64-mingw32/bin/../lib/gcc/nios2-elf/5.3.0\libgcc.a(muldf3.o)
 .bss           0x00000000000017b0        0x0 c:/intelfpga_lite/18.1/nios2eds/bin/gnu/h-x86_64-mingw32/bin/../lib/gcc/nios2-elf/5.3.0\libgcc.a(fixdfsi.o)
 .bss           0x00000000000017b0        0x0 c:/intelfpga_lite/18.1/nios2eds/bin/gnu/h-x86_64-mingw32/bin/../lib/gcc/nios2-elf/5.3.0\libgcc.a(floatsidf.o)
 .bss           0x00000000000017b0        0x0 c:/intelfpga_lite/18.1/nios2eds/bin/gnu/h-x86_64-mingw32/bin/../lib/gcc/nios2-elf/5.3.0\libgcc.a(_clzsi2.o)
 .bss           0x00000000000017b0        0x0 c:/intelfpga_lite/18.1/nios2eds/bin/gnu/h-x86_64-mingw32/bin/../lib/gcc/nios2-elf/5.3.0\libgcc.a(_clz.o)
 .bss           0x00000000000017b0        0x0 ../m1_nios_bsp/\libhal_bsp.a(alt_load.o)
 .bss           0x00000000000017b0        0x0 ../m1_nios_bsp/\libhal_bsp.a(alt_main.o)
 .bss           0x00000000000017b0        0x0 ../m1_nios_bsp/\libhal_bsp.a(alt_sys_init.o)
 .bss           0x00000000000017b0        0x0 ../m1_nios_bsp/\libhal_bsp.a(altera_avalon_jtag_uart_fd.o)
 .bss           0x00000000000017b0        0x0 ../m1_nios_bsp/\libhal_bsp.a(altera_avalon_jtag_uart_init.o)
 .bss           0x00000000000017b0        0x0 ../m1_nios_bsp/\libhal_bsp.a(altera_avalon_jtag_uart_ioctl.o)
 .bss           0x00000000000017b0        0x0 ../m1_nios_bsp/\libhal_bsp.a(altera_avalon_jtag_uart_read.o)
 .bss           0x00000000000017b0        0x0 ../m1_nios_bsp/\libhal_bsp.a(altera_avalon_jtag_uart_write.o)
 .bss           0x00000000000017b0        0x0 ../m1_nios_bsp/\libhal_bsp.a(altera_avalon_spi.o)
 .bss           0x00000000000017b0        0x0 ../m1_nios_bsp/\libhal_bsp.a(altera_avalon_timer_sc.o)
 .bss           0x00000000000017b0        0x0 ../m1_nios_bsp/\libhal_bsp.a(alt_alarm_start.o)
 .bss           0x00000000000017b0        0x0 ../m1_nios_bsp/\libhal_bsp.a(alt_close.o)
 .bss           0x00000000000017b0        0x0 ../m1_nios_bsp/\libhal_bsp.a(alt_dcache_flush_all.o)
 .bss           0x00000000000017b0        0x0 ../m1_nios_bsp/\libhal_bsp.a(alt_dev.o)
 .bss           0x00000000000017b0        0x0 ../m1_nios_bsp/\libhal_bsp.a(alt_dev_llist_insert.o)
 .bss           0x00000000000017b0        0x0 ../m1_nios_bsp/\libhal_bsp.a(alt_do_ctors.o)
 .bss           0x00000000000017b0        0x0 ../m1_nios_bsp/\libhal_bsp.a(alt_do_dtors.o)
 .bss           0x00000000000017b0        0x0 ../m1_nios_bsp/\libhal_bsp.a(alt_errno.o)
 .bss           0x00000000000017b0        0x0 ../m1_nios_bsp/\libhal_bsp.a(alt_icache_flush_all.o)
 .bss           0x00000000000017b0        0x0 ../m1_nios_bsp/\libhal_bsp.a(alt_iic.o)
 .bss           0x00000000000017b0        0x0 ../m1_nios_bsp/\libhal_bsp.a(alt_iic_isr_register.o)
 .bss           0x00000000000017b0        0x0 ../m1_nios_bsp/\libhal_bsp.a(alt_io_redirect.o)
 .bss           0x00000000000017b0        0x0 ../m1_nios_bsp/\libhal_bsp.a(alt_irq_entry.o)
 .bss           0x00000000000017b0        0x0 ../m1_nios_bsp/\libhal_bsp.a(alt_irq_handler.o)
 .bss           0x00000000000017b0        0x0 ../m1_nios_bsp/\libhal_bsp.a(alt_irq_vars.o)
 .bss           0x00000000000017b0        0x0 ../m1_nios_bsp/\libhal_bsp.a(alt_open.o)
 .bss           0x00000000000017b0        0x0 ../m1_nios_bsp/\libhal_bsp.a(alt_release_fd.o)
 .bss           0x00000000000017b0        0x0 ../m1_nios_bsp/\libhal_bsp.a(alt_tick.o)
 .bss           0x00000000000017b0        0x0 ../m1_nios_bsp/\libhal_bsp.a(altera_nios2_gen2_irq.o)
 .bss           0x00000000000017b0        0x0 ../m1_nios_bsp/\libhal_bsp.a(alt_exception_entry.o)
 .bss           0x00000000000017b0        0x0 ../m1_nios_bsp/\libhal_bsp.a(alt_find_dev.o)
 .bss           0x00000000000017b0        0x0 ../m1_nios_bsp/\libhal_bsp.a(alt_find_file.o)
 .bss           0x00000000000017b0        0x0 ../m1_nios_bsp/\libhal_bsp.a(alt_get_fd.o)
 .bss           0x00000000000017b0        0x0 ../m1_nios_bsp/\libhal_bsp.a(alt_icache_flush.o)
 .bss           0x00000000000017b0        0x0 ../m1_nios_bsp/\libhal_bsp.a(alt_instruction_exception_entry.o)
 .bss           0x00000000000017b0        0x0 c:/intelfpga_lite/18.1/nios2eds/bin/gnu/h-x86_64-mingw32/bin/../lib/gcc/nios2-elf/5.3.0/../../../../../H-x86_64-mingw32/nios2-elf/lib\libc.a(lib_a-atexit.o)
 .bss           0x00000000000017b0        0x0 c:/intelfpga_lite/18.1/nios2eds/bin/gnu/h-x86_64-mingw32/bin/../lib/gcc/nios2-elf/5.3.0/../../../../../H-x86_64-mingw32/nios2-elf/lib\libc.a(lib_a-exit.o)
 .bss           0x00000000000017b0        0x0 c:/intelfpga_lite/18.1/nios2eds/bin/gnu/h-x86_64-mingw32/bin/../lib/gcc/nios2-elf/5.3.0/../../../../../H-x86_64-mingw32/nios2-elf/lib\libc.a(lib_a-impure.o)
 .bss           0x00000000000017b0        0x0 c:/intelfpga_lite/18.1/nios2eds/bin/gnu/h-x86_64-mingw32/bin/../lib/gcc/nios2-elf/5.3.0/../../../../../H-x86_64-mingw32/nios2-elf/lib\libc.a(lib_a-int_errno.o)
 .bss           0x00000000000017b0        0x0 c:/intelfpga_lite/18.1/nios2eds/bin/gnu/h-x86_64-mingw32/bin/../lib/gcc/nios2-elf/5.3.0/../../../../../H-x86_64-mingw32/nios2-elf/lib\libc.a(lib_a-memcmp.o)
 .bss           0x00000000000017b0        0x0 c:/intelfpga_lite/18.1/nios2eds/bin/gnu/h-x86_64-mingw32/bin/../lib/gcc/nios2-elf/5.3.0/../../../../../H-x86_64-mingw32/nios2-elf/lib\libc.a(lib_a-memcpy.o)
 .bss           0x00000000000017b0        0x0 c:/intelfpga_lite/18.1/nios2eds/bin/gnu/h-x86_64-mingw32/bin/../lib/gcc/nios2-elf/5.3.0/../../../../../H-x86_64-mingw32/nios2-elf/lib\libc.a(lib_a-strlen.o)
 .bss           0x00000000000017b0        0x0 c:/intelfpga_lite/18.1/nios2eds/bin/gnu/h-x86_64-mingw32/bin/../lib/gcc/nios2-elf/5.3.0/../../../../../H-x86_64-mingw32/nios2-elf/lib\libc.a(lib_a-__atexit.o)
 .bss           0x00000000000017b0        0x0 c:/intelfpga_lite/18.1/nios2eds/bin/gnu/h-x86_64-mingw32/bin/../lib/gcc/nios2-elf/5.3.0/../../../../../H-x86_64-mingw32/nios2-elf/lib\libc.a(lib_a-__call_atexit.o)
 .bss           0x00000000000017b0        0x0 ../m1_nios_bsp/\libhal_bsp.a(alt_exit.o)
 *(COMMON)
 COMMON         0x00000000000017b0      0x100 ../m1_nios_bsp/\libhal_bsp.a(alt_irq_handler.o)
                0x00000000000017b0                alt_irq
                0x00000000000018b0                . = ALIGN (0x4)
                0x00000000000018b0                __bss_end = ABSOLUTE (.)

.new_sdram_controller_0
                0x00000000000018b0        0x0 load address 0x0000000004024a64
                [!provide]                        PROVIDE (_alt_partition_new_sdram_controller_0_start, ABSOLUTE (.))
 *(.new_sdram_controller_0 .new_sdram_controller_0. new_sdram_controller_0.*)
                0x00000000000018b0                . = ALIGN (0x4)
                [!provide]                        PROVIDE (_alt_partition_new_sdram_controller_0_end, ABSOLUTE (.))
                0x00000000000018b0                _end = ABSOLUTE (.)
                0x00000000000018b0                end = ABSOLUTE (.)
                0x00000000000018b0                __alt_stack_base = ABSOLUTE (.)
                [!provide]                        PROVIDE (_alt_partition_new_sdram_controller_0_load_addr, LOADADDR (.new_sdram_controller_0))

.onchip_memory2_0
                0x0000000004024a64        0x0
                [!provide]                        PROVIDE (_alt_partition_onchip_memory2_0_start, ABSOLUTE (.))
 *(.onchip_memory2_0 .onchip_memory2_0. onchip_memory2_0.*)
                0x0000000004024a64                . = ALIGN (0x4)
                [!provide]                        PROVIDE (_alt_partition_onchip_memory2_0_end, ABSOLUTE (.))
                [!provide]                        PROVIDE (_alt_partition_onchip_memory2_0_load_addr, LOADADDR (.onchip_memory2_0))

.stab
 *(.stab)

.stabstr
 *(.stabstr)

.stab.excl
 *(.stab.excl)

.stab.exclstr
 *(.stab.exclstr)

.stab.index
 *(.stab.index)

.stab.indexstr
 *(.stab.indexstr)

.comment        0x0000000000000000       0x23
 *(.comment)
 .comment       0x0000000000000000       0x23 obj/default/SPI_controller.o
                                         0x24 (size before relaxing)
 .comment       0x0000000000000023       0x24 c:/intelfpga_lite/18.1/nios2eds/bin/gnu/h-x86_64-mingw32/bin/../lib/gcc/nios2-elf/5.3.0\libgcc.a(muldf3.o)
 .comment       0x0000000000000023       0x24 c:/intelfpga_lite/18.1/nios2eds/bin/gnu/h-x86_64-mingw32/bin/../lib/gcc/nios2-elf/5.3.0\libgcc.a(fixdfsi.o)
 .comment       0x0000000000000023       0x24 c:/intelfpga_lite/18.1/nios2eds/bin/gnu/h-x86_64-mingw32/bin/../lib/gcc/nios2-elf/5.3.0\libgcc.a(floatsidf.o)
 .comment       0x0000000000000023       0x24 c:/intelfpga_lite/18.1/nios2eds/bin/gnu/h-x86_64-mingw32/bin/../lib/gcc/nios2-elf/5.3.0\libgcc.a(_clzsi2.o)
 .comment       0x0000000000000023       0x24 c:/intelfpga_lite/18.1/nios2eds/bin/gnu/h-x86_64-mingw32/bin/../lib/gcc/nios2-elf/5.3.0\libgcc.a(_clz.o)
 .comment       0x0000000000000023       0x24 ../m1_nios_bsp/\libhal_bsp.a(alt_load.o)
 .comment       0x0000000000000023       0x24 ../m1_nios_bsp/\libhal_bsp.a(alt_main.o)
 .comment       0x0000000000000023       0x24 ../m1_nios_bsp/\libhal_bsp.a(alt_sys_init.o)
 .comment       0x0000000000000023       0x24 ../m1_nios_bsp/\libhal_bsp.a(altera_avalon_jtag_uart_fd.o)
 .comment       0x0000000000000023       0x24 ../m1_nios_bsp/\libhal_bsp.a(altera_avalon_jtag_uart_init.o)
 .comment       0x0000000000000023       0x24 ../m1_nios_bsp/\libhal_bsp.a(altera_avalon_jtag_uart_ioctl.o)
 .comment       0x0000000000000023       0x24 ../m1_nios_bsp/\libhal_bsp.a(altera_avalon_jtag_uart_read.o)
 .comment       0x0000000000000023       0x24 ../m1_nios_bsp/\libhal_bsp.a(altera_avalon_jtag_uart_write.o)
 .comment       0x0000000000000023       0x24 ../m1_nios_bsp/\libhal_bsp.a(altera_avalon_spi.o)
 .comment       0x0000000000000023       0x24 ../m1_nios_bsp/\libhal_bsp.a(altera_avalon_timer_sc.o)
 .comment       0x0000000000000023       0x24 ../m1_nios_bsp/\libhal_bsp.a(alt_alarm_start.o)
 .comment       0x0000000000000023       0x24 ../m1_nios_bsp/\libhal_bsp.a(alt_close.o)
 .comment       0x0000000000000023       0x24 ../m1_nios_bsp/\libhal_bsp.a(alt_dcache_flush_all.o)
 .comment       0x0000000000000023       0x24 ../m1_nios_bsp/\libhal_bsp.a(alt_dev.o)
 .comment       0x0000000000000023       0x24 ../m1_nios_bsp/\libhal_bsp.a(alt_dev_llist_insert.o)
 .comment       0x0000000000000023       0x24 ../m1_nios_bsp/\libhal_bsp.a(alt_do_ctors.o)
 .comment       0x0000000000000023       0x24 ../m1_nios_bsp/\libhal_bsp.a(alt_do_dtors.o)
 .comment       0x0000000000000023       0x24 ../m1_nios_bsp/\libhal_bsp.a(alt_errno.o)
 .comment       0x0000000000000023       0x24 ../m1_nios_bsp/\libhal_bsp.a(alt_icache_flush_all.o)
 .comment       0x0000000000000023       0x24 ../m1_nios_bsp/\libhal_bsp.a(alt_iic.o)
 .comment       0x0000000000000023       0x24 ../m1_nios_bsp/\libhal_bsp.a(alt_iic_isr_register.o)
 .comment       0x0000000000000023       0x24 ../m1_nios_bsp/\libhal_bsp.a(alt_io_redirect.o)
 .comment       0x0000000000000023       0x24 ../m1_nios_bsp/\libhal_bsp.a(alt_irq_handler.o)
 .comment       0x0000000000000023       0x24 ../m1_nios_bsp/\libhal_bsp.a(alt_irq_vars.o)
 .comment       0x0000000000000023       0x24 ../m1_nios_bsp/\libhal_bsp.a(alt_open.o)
 .comment       0x0000000000000023       0x24 ../m1_nios_bsp/\libhal_bsp.a(alt_release_fd.o)
 .comment       0x0000000000000023       0x24 ../m1_nios_bsp/\libhal_bsp.a(alt_tick.o)
 .comment       0x0000000000000023       0x24 ../m1_nios_bsp/\libhal_bsp.a(altera_nios2_gen2_irq.o)
 .comment       0x0000000000000023       0x24 ../m1_nios_bsp/\libhal_bsp.a(alt_find_dev.o)
 .comment       0x0000000000000023       0x24 ../m1_nios_bsp/\libhal_bsp.a(alt_find_file.o)
 .comment       0x0000000000000023       0x24 ../m1_nios_bsp/\libhal_bsp.a(alt_get_fd.o)
 .comment       0x0000000000000023       0x24 ../m1_nios_bsp/\libhal_bsp.a(alt_icache_flush.o)
 .comment       0x0000000000000023       0x24 ../m1_nios_bsp/\libhal_bsp.a(alt_instruction_exception_entry.o)
 .comment       0x0000000000000023       0x24 c:/intelfpga_lite/18.1/nios2eds/bin/gnu/h-x86_64-mingw32/bin/../lib/gcc/nios2-elf/5.3.0/../../../../../H-x86_64-mingw32/nios2-elf/lib\libc.a(lib_a-atexit.o)
 .comment       0x0000000000000023       0x24 c:/intelfpga_lite/18.1/nios2eds/bin/gnu/h-x86_64-mingw32/bin/../lib/gcc/nios2-elf/5.3.0/../../../../../H-x86_64-mingw32/nios2-elf/lib\libc.a(lib_a-exit.o)
 .comment       0x0000000000000023       0x24 c:/intelfpga_lite/18.1/nios2eds/bin/gnu/h-x86_64-mingw32/bin/../lib/gcc/nios2-elf/5.3.0/../../../../../H-x86_64-mingw32/nios2-elf/lib\libc.a(lib_a-impure.o)
 .comment       0x0000000000000023       0x24 c:/intelfpga_lite/18.1/nios2eds/bin/gnu/h-x86_64-mingw32/bin/../lib/gcc/nios2-elf/5.3.0/../../../../../H-x86_64-mingw32/nios2-elf/lib\libc.a(lib_a-int_errno.o)
 .comment       0x0000000000000023       0x24 c:/intelfpga_lite/18.1/nios2eds/bin/gnu/h-x86_64-mingw32/bin/../lib/gcc/nios2-elf/5.3.0/../../../../../H-x86_64-mingw32/nios2-elf/lib\libc.a(lib_a-memcmp.o)
 .comment       0x0000000000000023       0x24 c:/intelfpga_lite/18.1/nios2eds/bin/gnu/h-x86_64-mingw32/bin/../lib/gcc/nios2-elf/5.3.0/../../../../../H-x86_64-mingw32/nios2-elf/lib\libc.a(lib_a-memcpy.o)
 .comment       0x0000000000000023       0x24 c:/intelfpga_lite/18.1/nios2eds/bin/gnu/h-x86_64-mingw32/bin/../lib/gcc/nios2-elf/5.3.0/../../../../../H-x86_64-mingw32/nios2-elf/lib\libc.a(lib_a-strlen.o)
 .comment       0x0000000000000023       0x24 c:/intelfpga_lite/18.1/nios2eds/bin/gnu/h-x86_64-mingw32/bin/../lib/gcc/nios2-elf/5.3.0/../../../../../H-x86_64-mingw32/nios2-elf/lib\libc.a(lib_a-__atexit.o)
 .comment       0x0000000000000023       0x24 c:/intelfpga_lite/18.1/nios2eds/bin/gnu/h-x86_64-mingw32/bin/../lib/gcc/nios2-elf/5.3.0/../../../../../H-x86_64-mingw32/nios2-elf/lib\libc.a(lib_a-__call_atexit.o)
 .comment       0x0000000000000023       0x24 ../m1_nios_bsp/\libhal_bsp.a(alt_exit.o)

.debug
 *(.debug)

.line
 *(.line)

.debug_srcinfo
 *(.debug_srcinfo)

.debug_sfnames
 *(.debug_sfnames)

.debug_aranges  0x0000000000000000      0x690
 *(.debug_aranges)
 .debug_aranges
                0x0000000000000000       0x28 ../m1_nios_bsp//obj/HAL/src/crt0.o
 .debug_aranges
                0x0000000000000028       0x20 obj/default/SPI_controller.o
 .debug_aranges
                0x0000000000000048       0x20 c:/intelfpga_lite/18.1/nios2eds/bin/gnu/h-x86_64-mingw32/bin/../lib/gcc/nios2-elf/5.3.0\libgcc.a(muldf3.o)
 .debug_aranges
                0x0000000000000068       0x20 c:/intelfpga_lite/18.1/nios2eds/bin/gnu/h-x86_64-mingw32/bin/../lib/gcc/nios2-elf/5.3.0\libgcc.a(fixdfsi.o)
 .debug_aranges
                0x0000000000000088       0x20 c:/intelfpga_lite/18.1/nios2eds/bin/gnu/h-x86_64-mingw32/bin/../lib/gcc/nios2-elf/5.3.0\libgcc.a(floatsidf.o)
 .debug_aranges
                0x00000000000000a8       0x20 c:/intelfpga_lite/18.1/nios2eds/bin/gnu/h-x86_64-mingw32/bin/../lib/gcc/nios2-elf/5.3.0\libgcc.a(_clzsi2.o)
 .debug_aranges
                0x00000000000000c8       0x18 c:/intelfpga_lite/18.1/nios2eds/bin/gnu/h-x86_64-mingw32/bin/../lib/gcc/nios2-elf/5.3.0\libgcc.a(_clz.o)
 .debug_aranges
                0x00000000000000e0       0x20 ../m1_nios_bsp/\libhal_bsp.a(alt_load.o)
 .debug_aranges
                0x0000000000000100       0x20 ../m1_nios_bsp/\libhal_bsp.a(alt_main.o)
 .debug_aranges
                0x0000000000000120       0x20 ../m1_nios_bsp/\libhal_bsp.a(alt_sys_init.o)
 .debug_aranges
                0x0000000000000140       0x20 ../m1_nios_bsp/\libhal_bsp.a(altera_avalon_jtag_uart_fd.o)
 .debug_aranges
                0x0000000000000160       0x20 ../m1_nios_bsp/\libhal_bsp.a(altera_avalon_jtag_uart_init.o)
 .debug_aranges
                0x0000000000000180       0x20 ../m1_nios_bsp/\libhal_bsp.a(altera_avalon_jtag_uart_ioctl.o)
 .debug_aranges
                0x00000000000001a0       0x20 ../m1_nios_bsp/\libhal_bsp.a(altera_avalon_jtag_uart_read.o)
 .debug_aranges
                0x00000000000001c0       0x20 ../m1_nios_bsp/\libhal_bsp.a(altera_avalon_jtag_uart_write.o)
 .debug_aranges
                0x00000000000001e0       0x20 ../m1_nios_bsp/\libhal_bsp.a(altera_avalon_spi.o)
 .debug_aranges
                0x0000000000000200       0x20 ../m1_nios_bsp/\libhal_bsp.a(altera_avalon_timer_sc.o)
 .debug_aranges
                0x0000000000000220       0x20 ../m1_nios_bsp/\libhal_bsp.a(alt_alarm_start.o)
 .debug_aranges
                0x0000000000000240       0x20 ../m1_nios_bsp/\libhal_bsp.a(alt_close.o)
 .debug_aranges
                0x0000000000000260       0x20 ../m1_nios_bsp/\libhal_bsp.a(alt_dcache_flush_all.o)
 .debug_aranges
                0x0000000000000280       0x20 ../m1_nios_bsp/\libhal_bsp.a(alt_dev.o)
 .debug_aranges
                0x00000000000002a0       0x20 ../m1_nios_bsp/\libhal_bsp.a(alt_dev_llist_insert.o)
 .debug_aranges
                0x00000000000002c0       0x20 ../m1_nios_bsp/\libhal_bsp.a(alt_do_ctors.o)
 .debug_aranges
                0x00000000000002e0       0x20 ../m1_nios_bsp/\libhal_bsp.a(alt_do_dtors.o)
 .debug_aranges
                0x0000000000000300       0x18 ../m1_nios_bsp/\libhal_bsp.a(alt_errno.o)
 .debug_aranges
                0x0000000000000318       0x20 ../m1_nios_bsp/\libhal_bsp.a(alt_icache_flush_all.o)
 .debug_aranges
                0x0000000000000338       0x20 ../m1_nios_bsp/\libhal_bsp.a(alt_iic.o)
 .debug_aranges
                0x0000000000000358       0x20 ../m1_nios_bsp/\libhal_bsp.a(alt_iic_isr_register.o)
 .debug_aranges
                0x0000000000000378       0x20 ../m1_nios_bsp/\libhal_bsp.a(alt_io_redirect.o)
 .debug_aranges
                0x0000000000000398       0x30 ../m1_nios_bsp/\libhal_bsp.a(alt_irq_entry.o)
 .debug_aranges
                0x00000000000003c8       0x20 ../m1_nios_bsp/\libhal_bsp.a(alt_irq_handler.o)
 .debug_aranges
                0x00000000000003e8       0x18 ../m1_nios_bsp/\libhal_bsp.a(alt_irq_vars.o)
 .debug_aranges
                0x0000000000000400       0x20 ../m1_nios_bsp/\libhal_bsp.a(alt_open.o)
 .debug_aranges
                0x0000000000000420       0x20 ../m1_nios_bsp/\libhal_bsp.a(alt_release_fd.o)
 .debug_aranges
                0x0000000000000440       0x20 ../m1_nios_bsp/\libhal_bsp.a(alt_tick.o)
 .debug_aranges
                0x0000000000000460       0x20 ../m1_nios_bsp/\libhal_bsp.a(altera_nios2_gen2_irq.o)
 .debug_aranges
                0x0000000000000480       0x38 ../m1_nios_bsp/\libhal_bsp.a(alt_exception_entry.o)
 .debug_aranges
                0x00000000000004b8       0x20 ../m1_nios_bsp/\libhal_bsp.a(alt_find_dev.o)
 .debug_aranges
                0x00000000000004d8       0x20 ../m1_nios_bsp/\libhal_bsp.a(alt_find_file.o)
 .debug_aranges
                0x00000000000004f8       0x20 ../m1_nios_bsp/\libhal_bsp.a(alt_get_fd.o)
 .debug_aranges
                0x0000000000000518       0x20 ../m1_nios_bsp/\libhal_bsp.a(alt_icache_flush.o)
 .debug_aranges
                0x0000000000000538       0x28 ../m1_nios_bsp/\libhal_bsp.a(alt_instruction_exception_entry.o)
 .debug_aranges
                0x0000000000000560       0x20 c:/intelfpga_lite/18.1/nios2eds/bin/gnu/h-x86_64-mingw32/bin/../lib/gcc/nios2-elf/5.3.0/../../../../../H-x86_64-mingw32/nios2-elf/lib\libc.a(lib_a-atexit.o)
 .debug_aranges
                0x0000000000000580       0x20 c:/intelfpga_lite/18.1/nios2eds/bin/gnu/h-x86_64-mingw32/bin/../lib/gcc/nios2-elf/5.3.0/../../../../../H-x86_64-mingw32/nios2-elf/lib\libc.a(lib_a-exit.o)
 .debug_aranges
                0x00000000000005a0       0x18 c:/intelfpga_lite/18.1/nios2eds/bin/gnu/h-x86_64-mingw32/bin/../lib/gcc/nios2-elf/5.3.0/../../../../../H-x86_64-mingw32/nios2-elf/lib\libc.a(lib_a-impure.o)
 .debug_aranges
                0x00000000000005b8       0x18 c:/intelfpga_lite/18.1/nios2eds/bin/gnu/h-x86_64-mingw32/bin/../lib/gcc/nios2-elf/5.3.0/../../../../../H-x86_64-mingw32/nios2-elf/lib\libc.a(lib_a-int_errno.o)
 .debug_aranges
                0x00000000000005d0       0x20 c:/intelfpga_lite/18.1/nios2eds/bin/gnu/h-x86_64-mingw32/bin/../lib/gcc/nios2-elf/5.3.0/../../../../../H-x86_64-mingw32/nios2-elf/lib\libc.a(lib_a-memcmp.o)
 .debug_aranges
                0x00000000000005f0       0x20 c:/intelfpga_lite/18.1/nios2eds/bin/gnu/h-x86_64-mingw32/bin/../lib/gcc/nios2-elf/5.3.0/../../../../../H-x86_64-mingw32/nios2-elf/lib\libc.a(lib_a-memcpy.o)
 .debug_aranges
                0x0000000000000610       0x20 c:/intelfpga_lite/18.1/nios2eds/bin/gnu/h-x86_64-mingw32/bin/../lib/gcc/nios2-elf/5.3.0/../../../../../H-x86_64-mingw32/nios2-elf/lib\libc.a(lib_a-strlen.o)
 .debug_aranges
                0x0000000000000630       0x20 c:/intelfpga_lite/18.1/nios2eds/bin/gnu/h-x86_64-mingw32/bin/../lib/gcc/nios2-elf/5.3.0/../../../../../H-x86_64-mingw32/nios2-elf/lib\libc.a(lib_a-__atexit.o)
 .debug_aranges
                0x0000000000000650       0x20 c:/intelfpga_lite/18.1/nios2eds/bin/gnu/h-x86_64-mingw32/bin/../lib/gcc/nios2-elf/5.3.0/../../../../../H-x86_64-mingw32/nios2-elf/lib\libc.a(lib_a-__call_atexit.o)
 .debug_aranges
                0x0000000000000670       0x20 ../m1_nios_bsp/\libhal_bsp.a(alt_exit.o)

.debug_pubnames
 *(.debug_pubnames)

.debug_info     0x0000000000000000     0x854b
 *(.debug_info .gnu.linkonce.wi.*)
 .debug_info    0x0000000000000000       0x8a ../m1_nios_bsp//obj/HAL/src/crt0.o
 .debug_info    0x000000000000008a      0x179 obj/default/SPI_controller.o
 .debug_info    0x0000000000000203      0x5f5 c:/intelfpga_lite/18.1/nios2eds/bin/gnu/h-x86_64-mingw32/bin/../lib/gcc/nios2-elf/5.3.0\libgcc.a(muldf3.o)
 .debug_info    0x00000000000007f8      0x1ae c:/intelfpga_lite/18.1/nios2eds/bin/gnu/h-x86_64-mingw32/bin/../lib/gcc/nios2-elf/5.3.0\libgcc.a(fixdfsi.o)
 .debug_info    0x00000000000009a6      0x1bc c:/intelfpga_lite/18.1/nios2eds/bin/gnu/h-x86_64-mingw32/bin/../lib/gcc/nios2-elf/5.3.0\libgcc.a(floatsidf.o)
 .debug_info    0x0000000000000b62      0x124 c:/intelfpga_lite/18.1/nios2eds/bin/gnu/h-x86_64-mingw32/bin/../lib/gcc/nios2-elf/5.3.0\libgcc.a(_clzsi2.o)
 .debug_info    0x0000000000000c86       0xb2 c:/intelfpga_lite/18.1/nios2eds/bin/gnu/h-x86_64-mingw32/bin/../lib/gcc/nios2-elf/5.3.0\libgcc.a(_clz.o)
 .debug_info    0x0000000000000d38      0x145 ../m1_nios_bsp/\libhal_bsp.a(alt_load.o)
 .debug_info    0x0000000000000e7d      0x131 ../m1_nios_bsp/\libhal_bsp.a(alt_main.o)
 .debug_info    0x0000000000000fae      0x4d9 ../m1_nios_bsp/\libhal_bsp.a(alt_sys_init.o)
 .debug_info    0x0000000000001487      0x52e ../m1_nios_bsp/\libhal_bsp.a(altera_avalon_jtag_uart_fd.o)
 .debug_info    0x00000000000019b5      0x3a0 ../m1_nios_bsp/\libhal_bsp.a(altera_avalon_jtag_uart_init.o)
 .debug_info    0x0000000000001d55      0x280 ../m1_nios_bsp/\libhal_bsp.a(altera_avalon_jtag_uart_ioctl.o)
 .debug_info    0x0000000000001fd5      0x345 ../m1_nios_bsp/\libhal_bsp.a(altera_avalon_jtag_uart_read.o)
 .debug_info    0x000000000000231a      0x340 ../m1_nios_bsp/\libhal_bsp.a(altera_avalon_jtag_uart_write.o)
 .debug_info    0x000000000000265a      0x18d ../m1_nios_bsp/\libhal_bsp.a(altera_avalon_spi.o)
 .debug_info    0x00000000000027e7      0x226 ../m1_nios_bsp/\libhal_bsp.a(altera_avalon_timer_sc.o)
 .debug_info    0x0000000000002a0d      0x2cc ../m1_nios_bsp/\libhal_bsp.a(alt_alarm_start.o)
 .debug_info    0x0000000000002cd9      0x321 ../m1_nios_bsp/\libhal_bsp.a(alt_close.o)
 .debug_info    0x0000000000002ffa       0xa5 ../m1_nios_bsp/\libhal_bsp.a(alt_dcache_flush_all.o)
 .debug_info    0x000000000000309f      0x49c ../m1_nios_bsp/\libhal_bsp.a(alt_dev.o)
 .debug_info    0x000000000000353b      0x1a9 ../m1_nios_bsp/\libhal_bsp.a(alt_dev_llist_insert.o)
 .debug_info    0x00000000000036e4       0x83 ../m1_nios_bsp/\libhal_bsp.a(alt_do_ctors.o)
 .debug_info    0x0000000000003767       0x83 ../m1_nios_bsp/\libhal_bsp.a(alt_do_dtors.o)
 .debug_info    0x00000000000037ea       0xa6 ../m1_nios_bsp/\libhal_bsp.a(alt_errno.o)
 .debug_info    0x0000000000003890       0x92 ../m1_nios_bsp/\libhal_bsp.a(alt_icache_flush_all.o)
 .debug_info    0x0000000000003922      0x350 ../m1_nios_bsp/\libhal_bsp.a(alt_iic.o)
 .debug_info    0x0000000000003c72      0x1ef ../m1_nios_bsp/\libhal_bsp.a(alt_iic_isr_register.o)
 .debug_info    0x0000000000003e61      0x4a5 ../m1_nios_bsp/\libhal_bsp.a(alt_io_redirect.o)
 .debug_info    0x0000000000004306       0x93 ../m1_nios_bsp/\libhal_bsp.a(alt_irq_entry.o)
 .debug_info    0x0000000000004399      0x187 ../m1_nios_bsp/\libhal_bsp.a(alt_irq_handler.o)
 .debug_info    0x0000000000004520       0x88 ../m1_nios_bsp/\libhal_bsp.a(alt_irq_vars.o)
 .debug_info    0x00000000000045a8      0x3bb ../m1_nios_bsp/\libhal_bsp.a(alt_open.o)
 .debug_info    0x0000000000004963      0x2b0 ../m1_nios_bsp/\libhal_bsp.a(alt_release_fd.o)
 .debug_info    0x0000000000004c13      0x299 ../m1_nios_bsp/\libhal_bsp.a(alt_tick.o)
 .debug_info    0x0000000000004eac       0x92 ../m1_nios_bsp/\libhal_bsp.a(altera_nios2_gen2_irq.o)
 .debug_info    0x0000000000004f3e       0x99 ../m1_nios_bsp/\libhal_bsp.a(alt_exception_entry.o)
 .debug_info    0x0000000000004fd7      0x2e9 ../m1_nios_bsp/\libhal_bsp.a(alt_find_dev.o)
 .debug_info    0x00000000000052c0      0x2e6 ../m1_nios_bsp/\libhal_bsp.a(alt_find_file.o)
 .debug_info    0x00000000000055a6      0x310 ../m1_nios_bsp/\libhal_bsp.a(alt_get_fd.o)
 .debug_info    0x00000000000058b6       0xdc ../m1_nios_bsp/\libhal_bsp.a(alt_icache_flush.o)
 .debug_info    0x0000000000005992      0x1e7 ../m1_nios_bsp/\libhal_bsp.a(alt_instruction_exception_entry.o)
 .debug_info    0x0000000000005b79       0xfe c:/intelfpga_lite/18.1/nios2eds/bin/gnu/h-x86_64-mingw32/bin/../lib/gcc/nios2-elf/5.3.0/../../../../../H-x86_64-mingw32/nios2-elf/lib\libc.a(lib_a-atexit.o)
 .debug_info    0x0000000000005c77      0x8e4 c:/intelfpga_lite/18.1/nios2eds/bin/gnu/h-x86_64-mingw32/bin/../lib/gcc/nios2-elf/5.3.0/../../../../../H-x86_64-mingw32/nios2-elf/lib\libc.a(lib_a-exit.o)
 .debug_info    0x000000000000655b      0x8a1 c:/intelfpga_lite/18.1/nios2eds/bin/gnu/h-x86_64-mingw32/bin/../lib/gcc/nios2-elf/5.3.0/../../../../../H-x86_64-mingw32/nios2-elf/lib\libc.a(lib_a-impure.o)
 .debug_info    0x0000000000006dfc       0x8a c:/intelfpga_lite/18.1/nios2eds/bin/gnu/h-x86_64-mingw32/bin/../lib/gcc/nios2-elf/5.3.0/../../../../../H-x86_64-mingw32/nios2-elf/lib\libc.a(lib_a-int_errno.o)
 .debug_info    0x0000000000006e86      0x11a c:/intelfpga_lite/18.1/nios2eds/bin/gnu/h-x86_64-mingw32/bin/../lib/gcc/nios2-elf/5.3.0/../../../../../H-x86_64-mingw32/nios2-elf/lib\libc.a(lib_a-memcmp.o)
 .debug_info    0x0000000000006fa0      0x144 c:/intelfpga_lite/18.1/nios2eds/bin/gnu/h-x86_64-mingw32/bin/../lib/gcc/nios2-elf/5.3.0/../../../../../H-x86_64-mingw32/nios2-elf/lib\libc.a(lib_a-memcpy.o)
 .debug_info    0x00000000000070e4       0xe2 c:/intelfpga_lite/18.1/nios2eds/bin/gnu/h-x86_64-mingw32/bin/../lib/gcc/nios2-elf/5.3.0/../../../../../H-x86_64-mingw32/nios2-elf/lib\libc.a(lib_a-strlen.o)
 .debug_info    0x00000000000071c6      0x934 c:/intelfpga_lite/18.1/nios2eds/bin/gnu/h-x86_64-mingw32/bin/../lib/gcc/nios2-elf/5.3.0/../../../../../H-x86_64-mingw32/nios2-elf/lib\libc.a(lib_a-__atexit.o)
 .debug_info    0x0000000000007afa      0x965 c:/intelfpga_lite/18.1/nios2eds/bin/gnu/h-x86_64-mingw32/bin/../lib/gcc/nios2-elf/5.3.0/../../../../../H-x86_64-mingw32/nios2-elf/lib\libc.a(lib_a-__call_atexit.o)
 .debug_info    0x000000000000845f       0xec ../m1_nios_bsp/\libhal_bsp.a(alt_exit.o)

.debug_abbrev   0x0000000000000000     0x3007
 *(.debug_abbrev)
 .debug_abbrev  0x0000000000000000       0x12 ../m1_nios_bsp//obj/HAL/src/crt0.o
 .debug_abbrev  0x0000000000000012       0x8c obj/default/SPI_controller.o
 .debug_abbrev  0x000000000000009e      0x13f c:/intelfpga_lite/18.1/nios2eds/bin/gnu/h-x86_64-mingw32/bin/../lib/gcc/nios2-elf/5.3.0\libgcc.a(muldf3.o)
 .debug_abbrev  0x00000000000001dd      0x135 c:/intelfpga_lite/18.1/nios2eds/bin/gnu/h-x86_64-mingw32/bin/../lib/gcc/nios2-elf/5.3.0\libgcc.a(fixdfsi.o)
 .debug_abbrev  0x0000000000000312      0x124 c:/intelfpga_lite/18.1/nios2eds/bin/gnu/h-x86_64-mingw32/bin/../lib/gcc/nios2-elf/5.3.0\libgcc.a(floatsidf.o)
 .debug_abbrev  0x0000000000000436       0xbe c:/intelfpga_lite/18.1/nios2eds/bin/gnu/h-x86_64-mingw32/bin/../lib/gcc/nios2-elf/5.3.0\libgcc.a(_clzsi2.o)
 .debug_abbrev  0x00000000000004f4       0x5d c:/intelfpga_lite/18.1/nios2eds/bin/gnu/h-x86_64-mingw32/bin/../lib/gcc/nios2-elf/5.3.0\libgcc.a(_clz.o)
 .debug_abbrev  0x0000000000000551       0x9f ../m1_nios_bsp/\libhal_bsp.a(alt_load.o)
 .debug_abbrev  0x00000000000005f0       0xba ../m1_nios_bsp/\libhal_bsp.a(alt_main.o)
 .debug_abbrev  0x00000000000006aa      0x187 ../m1_nios_bsp/\libhal_bsp.a(alt_sys_init.o)
 .debug_abbrev  0x0000000000000831      0x127 ../m1_nios_bsp/\libhal_bsp.a(altera_avalon_jtag_uart_fd.o)
 .debug_abbrev  0x0000000000000958      0x19e ../m1_nios_bsp/\libhal_bsp.a(altera_avalon_jtag_uart_init.o)
 .debug_abbrev  0x0000000000000af6      0x111 ../m1_nios_bsp/\libhal_bsp.a(altera_avalon_jtag_uart_ioctl.o)
 .debug_abbrev  0x0000000000000c07      0x1aa ../m1_nios_bsp/\libhal_bsp.a(altera_avalon_jtag_uart_read.o)
 .debug_abbrev  0x0000000000000db1      0x1a8 ../m1_nios_bsp/\libhal_bsp.a(altera_avalon_jtag_uart_write.o)
 .debug_abbrev  0x0000000000000f59       0x8a ../m1_nios_bsp/\libhal_bsp.a(altera_avalon_spi.o)
 .debug_abbrev  0x0000000000000fe3      0x155 ../m1_nios_bsp/\libhal_bsp.a(altera_avalon_timer_sc.o)
 .debug_abbrev  0x0000000000001138      0x162 ../m1_nios_bsp/\libhal_bsp.a(alt_alarm_start.o)
 .debug_abbrev  0x000000000000129a      0x11f ../m1_nios_bsp/\libhal_bsp.a(alt_close.o)
 .debug_abbrev  0x00000000000013b9       0x5a ../m1_nios_bsp/\libhal_bsp.a(alt_dcache_flush_all.o)
 .debug_abbrev  0x0000000000001413       0xd9 ../m1_nios_bsp/\libhal_bsp.a(alt_dev.o)
 .debug_abbrev  0x00000000000014ec      0x114 ../m1_nios_bsp/\libhal_bsp.a(alt_dev_llist_insert.o)
 .debug_abbrev  0x0000000000001600       0x79 ../m1_nios_bsp/\libhal_bsp.a(alt_do_ctors.o)
 .debug_abbrev  0x0000000000001679       0x79 ../m1_nios_bsp/\libhal_bsp.a(alt_do_dtors.o)
 .debug_abbrev  0x00000000000016f2       0x5a ../m1_nios_bsp/\libhal_bsp.a(alt_errno.o)
 .debug_abbrev  0x000000000000174c       0x42 ../m1_nios_bsp/\libhal_bsp.a(alt_icache_flush_all.o)
 .debug_abbrev  0x000000000000178e      0x163 ../m1_nios_bsp/\libhal_bsp.a(alt_iic.o)
 .debug_abbrev  0x00000000000018f1      0x169 ../m1_nios_bsp/\libhal_bsp.a(alt_iic_isr_register.o)
 .debug_abbrev  0x0000000000001a5a      0x114 ../m1_nios_bsp/\libhal_bsp.a(alt_io_redirect.o)
 .debug_abbrev  0x0000000000001b6e       0x12 ../m1_nios_bsp/\libhal_bsp.a(alt_irq_entry.o)
 .debug_abbrev  0x0000000000001b80      0x122 ../m1_nios_bsp/\libhal_bsp.a(alt_irq_handler.o)
 .debug_abbrev  0x0000000000001ca2       0x40 ../m1_nios_bsp/\libhal_bsp.a(alt_irq_vars.o)
 .debug_abbrev  0x0000000000001ce2      0x148 ../m1_nios_bsp/\libhal_bsp.a(alt_open.o)
 .debug_abbrev  0x0000000000001e2a       0xde ../m1_nios_bsp/\libhal_bsp.a(alt_release_fd.o)
 .debug_abbrev  0x0000000000001f08      0x15a ../m1_nios_bsp/\libhal_bsp.a(alt_tick.o)
 .debug_abbrev  0x0000000000002062       0x42 ../m1_nios_bsp/\libhal_bsp.a(altera_nios2_gen2_irq.o)
 .debug_abbrev  0x00000000000020a4       0x12 ../m1_nios_bsp/\libhal_bsp.a(alt_exception_entry.o)
 .debug_abbrev  0x00000000000020b6       0xf0 ../m1_nios_bsp/\libhal_bsp.a(alt_find_dev.o)
 .debug_abbrev  0x00000000000021a6       0xf0 ../m1_nios_bsp/\libhal_bsp.a(alt_find_file.o)
 .debug_abbrev  0x0000000000002296      0x10d ../m1_nios_bsp/\libhal_bsp.a(alt_get_fd.o)
 .debug_abbrev  0x00000000000023a3       0x8c ../m1_nios_bsp/\libhal_bsp.a(alt_icache_flush.o)
 .debug_abbrev  0x000000000000242f       0xdc ../m1_nios_bsp/\libhal_bsp.a(alt_instruction_exception_entry.o)
 .debug_abbrev  0x000000000000250b       0xaa c:/intelfpga_lite/18.1/nios2eds/bin/gnu/h-x86_64-mingw32/bin/../lib/gcc/nios2-elf/5.3.0/../../../../../H-x86_64-mingw32/nios2-elf/lib\libc.a(lib_a-atexit.o)
 .debug_abbrev  0x00000000000025b5      0x1e5 c:/intelfpga_lite/18.1/nios2eds/bin/gnu/h-x86_64-mingw32/bin/../lib/gcc/nios2-elf/5.3.0/../../../../../H-x86_64-mingw32/nios2-elf/lib\libc.a(lib_a-exit.o)
 .debug_abbrev  0x000000000000279a      0x18f c:/intelfpga_lite/18.1/nios2eds/bin/gnu/h-x86_64-mingw32/bin/../lib/gcc/nios2-elf/5.3.0/../../../../../H-x86_64-mingw32/nios2-elf/lib\libc.a(lib_a-impure.o)
 .debug_abbrev  0x0000000000002929       0x37 c:/intelfpga_lite/18.1/nios2eds/bin/gnu/h-x86_64-mingw32/bin/../lib/gcc/nios2-elf/5.3.0/../../../../../H-x86_64-mingw32/nios2-elf/lib\libc.a(lib_a-int_errno.o)
 .debug_abbrev  0x0000000000002960       0x7f c:/intelfpga_lite/18.1/nios2eds/bin/gnu/h-x86_64-mingw32/bin/../lib/gcc/nios2-elf/5.3.0/../../../../../H-x86_64-mingw32/nios2-elf/lib\libc.a(lib_a-memcmp.o)
 .debug_abbrev  0x00000000000029df       0xa3 c:/intelfpga_lite/18.1/nios2eds/bin/gnu/h-x86_64-mingw32/bin/../lib/gcc/nios2-elf/5.3.0/../../../../../H-x86_64-mingw32/nios2-elf/lib\libc.a(lib_a-memcpy.o)
 .debug_abbrev  0x0000000000002a82       0x90 c:/intelfpga_lite/18.1/nios2eds/bin/gnu/h-x86_64-mingw32/bin/../lib/gcc/nios2-elf/5.3.0/../../../../../H-x86_64-mingw32/nios2-elf/lib\libc.a(lib_a-strlen.o)
 .debug_abbrev  0x0000000000002b12      0x21e c:/intelfpga_lite/18.1/nios2eds/bin/gnu/h-x86_64-mingw32/bin/../lib/gcc/nios2-elf/5.3.0/../../../../../H-x86_64-mingw32/nios2-elf/lib\libc.a(lib_a-__atexit.o)
 .debug_abbrev  0x0000000000002d30      0x22e c:/intelfpga_lite/18.1/nios2eds/bin/gnu/h-x86_64-mingw32/bin/../lib/gcc/nios2-elf/5.3.0/../../../../../H-x86_64-mingw32/nios2-elf/lib\libc.a(lib_a-__call_atexit.o)
 .debug_abbrev  0x0000000000002f5e       0xa9 ../m1_nios_bsp/\libhal_bsp.a(alt_exit.o)

.debug_line     0x0000000000000000     0x2fbd
 *(.debug_line)
 .debug_line    0x0000000000000000       0x72 ../m1_nios_bsp//obj/HAL/src/crt0.o
 .debug_line    0x0000000000000072       0xbc obj/default/SPI_controller.o
 .debug_line    0x000000000000012e      0x1e3 c:/intelfpga_lite/18.1/nios2eds/bin/gnu/h-x86_64-mingw32/bin/../lib/gcc/nios2-elf/5.3.0\libgcc.a(muldf3.o)
 .debug_line    0x0000000000000311       0x98 c:/intelfpga_lite/18.1/nios2eds/bin/gnu/h-x86_64-mingw32/bin/../lib/gcc/nios2-elf/5.3.0\libgcc.a(fixdfsi.o)
 .debug_line    0x00000000000003a9       0x9f c:/intelfpga_lite/18.1/nios2eds/bin/gnu/h-x86_64-mingw32/bin/../lib/gcc/nios2-elf/5.3.0\libgcc.a(floatsidf.o)
 .debug_line    0x0000000000000448       0xb7 c:/intelfpga_lite/18.1/nios2eds/bin/gnu/h-x86_64-mingw32/bin/../lib/gcc/nios2-elf/5.3.0\libgcc.a(_clzsi2.o)
 .debug_line    0x00000000000004ff       0x53 c:/intelfpga_lite/18.1/nios2eds/bin/gnu/h-x86_64-mingw32/bin/../lib/gcc/nios2-elf/5.3.0\libgcc.a(_clz.o)
 .debug_line    0x0000000000000552       0x8e ../m1_nios_bsp/\libhal_bsp.a(alt_load.o)
 .debug_line    0x00000000000005e0       0xa4 ../m1_nios_bsp/\libhal_bsp.a(alt_main.o)
 .debug_line    0x0000000000000684      0x152 ../m1_nios_bsp/\libhal_bsp.a(alt_sys_init.o)
 .debug_line    0x00000000000007d6      0x12f ../m1_nios_bsp/\libhal_bsp.a(altera_avalon_jtag_uart_fd.o)
 .debug_line    0x0000000000000905      0x18b ../m1_nios_bsp/\libhal_bsp.a(altera_avalon_jtag_uart_init.o)
 .debug_line    0x0000000000000a90      0x131 ../m1_nios_bsp/\libhal_bsp.a(altera_avalon_jtag_uart_ioctl.o)
 .debug_line    0x0000000000000bc1      0x171 ../m1_nios_bsp/\libhal_bsp.a(altera_avalon_jtag_uart_read.o)
 .debug_line    0x0000000000000d32      0x170 ../m1_nios_bsp/\libhal_bsp.a(altera_avalon_jtag_uart_write.o)
 .debug_line    0x0000000000000ea2       0xb7 ../m1_nios_bsp/\libhal_bsp.a(altera_avalon_spi.o)
 .debug_line    0x0000000000000f59       0xfd ../m1_nios_bsp/\libhal_bsp.a(altera_avalon_timer_sc.o)
 .debug_line    0x0000000000001056       0xf9 ../m1_nios_bsp/\libhal_bsp.a(alt_alarm_start.o)
 .debug_line    0x000000000000114f      0x165 ../m1_nios_bsp/\libhal_bsp.a(alt_close.o)
 .debug_line    0x00000000000012b4       0x61 ../m1_nios_bsp/\libhal_bsp.a(alt_dcache_flush_all.o)
 .debug_line    0x0000000000001315       0xf8 ../m1_nios_bsp/\libhal_bsp.a(alt_dev.o)
 .debug_line    0x000000000000140d       0xcf ../m1_nios_bsp/\libhal_bsp.a(alt_dev_llist_insert.o)
 .debug_line    0x00000000000014dc       0x59 ../m1_nios_bsp/\libhal_bsp.a(alt_do_ctors.o)
 .debug_line    0x0000000000001535       0x59 ../m1_nios_bsp/\libhal_bsp.a(alt_do_dtors.o)
 .debug_line    0x000000000000158e       0x51 ../m1_nios_bsp/\libhal_bsp.a(alt_errno.o)
 .debug_line    0x00000000000015df       0x50 ../m1_nios_bsp/\libhal_bsp.a(alt_icache_flush_all.o)
 .debug_line    0x000000000000162f       0xeb ../m1_nios_bsp/\libhal_bsp.a(alt_iic.o)
 .debug_line    0x000000000000171a       0xdb ../m1_nios_bsp/\libhal_bsp.a(alt_iic_isr_register.o)
 .debug_line    0x00000000000017f5      0x133 ../m1_nios_bsp/\libhal_bsp.a(alt_io_redirect.o)
 .debug_line    0x0000000000001928       0x6b ../m1_nios_bsp/\libhal_bsp.a(alt_irq_entry.o)
 .debug_line    0x0000000000001993       0xaa ../m1_nios_bsp/\libhal_bsp.a(alt_irq_handler.o)
 .debug_line    0x0000000000001a3d       0x50 ../m1_nios_bsp/\libhal_bsp.a(alt_irq_vars.o)
 .debug_line    0x0000000000001a8d      0x128 ../m1_nios_bsp/\libhal_bsp.a(alt_open.o)
 .debug_line    0x0000000000001bb5       0xae ../m1_nios_bsp/\libhal_bsp.a(alt_release_fd.o)
 .debug_line    0x0000000000001c63       0xff ../m1_nios_bsp/\libhal_bsp.a(alt_tick.o)
 .debug_line    0x0000000000001d62       0x51 ../m1_nios_bsp/\libhal_bsp.a(altera_nios2_gen2_irq.o)
 .debug_line    0x0000000000001db3       0xb3 ../m1_nios_bsp/\libhal_bsp.a(alt_exception_entry.o)
 .debug_line    0x0000000000001e66       0xb5 ../m1_nios_bsp/\libhal_bsp.a(alt_find_dev.o)
 .debug_line    0x0000000000001f1b       0xd1 ../m1_nios_bsp/\libhal_bsp.a(alt_find_file.o)
 .debug_line    0x0000000000001fec       0xd4 ../m1_nios_bsp/\libhal_bsp.a(alt_get_fd.o)
 .debug_line    0x00000000000020c0       0x81 ../m1_nios_bsp/\libhal_bsp.a(alt_icache_flush.o)
 .debug_line    0x0000000000002141       0xba ../m1_nios_bsp/\libhal_bsp.a(alt_instruction_exception_entry.o)
 .debug_line    0x00000000000021fb       0xe4 c:/intelfpga_lite/18.1/nios2eds/bin/gnu/h-x86_64-mingw32/bin/../lib/gcc/nios2-elf/5.3.0/../../../../../H-x86_64-mingw32/nios2-elf/lib\libc.a(lib_a-atexit.o)
 .debug_line    0x00000000000022df      0x1f9 c:/intelfpga_lite/18.1/nios2eds/bin/gnu/h-x86_64-mingw32/bin/../lib/gcc/nios2-elf/5.3.0/../../../../../H-x86_64-mingw32/nios2-elf/lib\libc.a(lib_a-exit.o)
 .debug_line    0x00000000000024d8      0x15d c:/intelfpga_lite/18.1/nios2eds/bin/gnu/h-x86_64-mingw32/bin/../lib/gcc/nios2-elf/5.3.0/../../../../../H-x86_64-mingw32/nios2-elf/lib\libc.a(lib_a-impure.o)
 .debug_line    0x0000000000002635       0x5c c:/intelfpga_lite/18.1/nios2eds/bin/gnu/h-x86_64-mingw32/bin/../lib/gcc/nios2-elf/5.3.0/../../../../../H-x86_64-mingw32/nios2-elf/lib\libc.a(lib_a-int_errno.o)
 .debug_line    0x0000000000002691      0x173 c:/intelfpga_lite/18.1/nios2eds/bin/gnu/h-x86_64-mingw32/bin/../lib/gcc/nios2-elf/5.3.0/../../../../../H-x86_64-mingw32/nios2-elf/lib\libc.a(lib_a-memcmp.o)
 .debug_line    0x0000000000002804      0x189 c:/intelfpga_lite/18.1/nios2eds/bin/gnu/h-x86_64-mingw32/bin/../lib/gcc/nios2-elf/5.3.0/../../../../../H-x86_64-mingw32/nios2-elf/lib\libc.a(lib_a-memcpy.o)
 .debug_line    0x000000000000298d      0x16c c:/intelfpga_lite/18.1/nios2eds/bin/gnu/h-x86_64-mingw32/bin/../lib/gcc/nios2-elf/5.3.0/../../../../../H-x86_64-mingw32/nios2-elf/lib\libc.a(lib_a-strlen.o)
 .debug_line    0x0000000000002af9      0x21c c:/intelfpga_lite/18.1/nios2eds/bin/gnu/h-x86_64-mingw32/bin/../lib/gcc/nios2-elf/5.3.0/../../../../../H-x86_64-mingw32/nios2-elf/lib\libc.a(lib_a-__atexit.o)
 .debug_line    0x0000000000002d15      0x237 c:/intelfpga_lite/18.1/nios2eds/bin/gnu/h-x86_64-mingw32/bin/../lib/gcc/nios2-elf/5.3.0/../../../../../H-x86_64-mingw32/nios2-elf/lib\libc.a(lib_a-__call_atexit.o)
 .debug_line    0x0000000000002f4c       0x71 ../m1_nios_bsp/\libhal_bsp.a(alt_exit.o)

.debug_frame    0x0000000000000000      0xc04
 *(.debug_frame)
 .debug_frame   0x0000000000000000       0x2c obj/default/SPI_controller.o
 .debug_frame   0x000000000000002c       0x58 c:/intelfpga_lite/18.1/nios2eds/bin/gnu/h-x86_64-mingw32/bin/../lib/gcc/nios2-elf/5.3.0\libgcc.a(muldf3.o)
 .debug_frame   0x0000000000000084       0x20 c:/intelfpga_lite/18.1/nios2eds/bin/gnu/h-x86_64-mingw32/bin/../lib/gcc/nios2-elf/5.3.0\libgcc.a(fixdfsi.o)
 .debug_frame   0x00000000000000a4       0x38 c:/intelfpga_lite/18.1/nios2eds/bin/gnu/h-x86_64-mingw32/bin/../lib/gcc/nios2-elf/5.3.0\libgcc.a(floatsidf.o)
 .debug_frame   0x00000000000000dc       0x20 c:/intelfpga_lite/18.1/nios2eds/bin/gnu/h-x86_64-mingw32/bin/../lib/gcc/nios2-elf/5.3.0\libgcc.a(_clzsi2.o)
 .debug_frame   0x00000000000000fc       0x5c ../m1_nios_bsp/\libhal_bsp.a(alt_load.o)
 .debug_frame   0x0000000000000158       0x2c ../m1_nios_bsp/\libhal_bsp.a(alt_main.o)
 .debug_frame   0x0000000000000184       0x88 ../m1_nios_bsp/\libhal_bsp.a(alt_sys_init.o)
 .debug_frame   0x000000000000020c       0xb0 ../m1_nios_bsp/\libhal_bsp.a(altera_avalon_jtag_uart_fd.o)
 .debug_frame   0x00000000000002bc       0xa4 ../m1_nios_bsp/\libhal_bsp.a(altera_avalon_jtag_uart_init.o)
 .debug_frame   0x0000000000000360       0x34 ../m1_nios_bsp/\libhal_bsp.a(altera_avalon_jtag_uart_ioctl.o)
 .debug_frame   0x0000000000000394       0x38 ../m1_nios_bsp/\libhal_bsp.a(altera_avalon_jtag_uart_read.o)
 .debug_frame   0x00000000000003cc       0x38 ../m1_nios_bsp/\libhal_bsp.a(altera_avalon_jtag_uart_write.o)
 .debug_frame   0x0000000000000404       0x34 ../m1_nios_bsp/\libhal_bsp.a(altera_avalon_spi.o)
 .debug_frame   0x0000000000000438       0x60 ../m1_nios_bsp/\libhal_bsp.a(altera_avalon_timer_sc.o)
 .debug_frame   0x0000000000000498       0x34 ../m1_nios_bsp/\libhal_bsp.a(alt_alarm_start.o)
 .debug_frame   0x00000000000004cc       0x60 ../m1_nios_bsp/\libhal_bsp.a(alt_close.o)
 .debug_frame   0x000000000000052c       0x34 ../m1_nios_bsp/\libhal_bsp.a(alt_dcache_flush_all.o)
 .debug_frame   0x0000000000000560       0x34 ../m1_nios_bsp/\libhal_bsp.a(alt_dev.o)
 .debug_frame   0x0000000000000594       0x60 ../m1_nios_bsp/\libhal_bsp.a(alt_dev_llist_insert.o)
 .debug_frame   0x00000000000005f4       0x38 ../m1_nios_bsp/\libhal_bsp.a(alt_do_ctors.o)
 .debug_frame   0x000000000000062c       0x38 ../m1_nios_bsp/\libhal_bsp.a(alt_do_dtors.o)
 .debug_frame   0x0000000000000664       0x38 ../m1_nios_bsp/\libhal_bsp.a(alt_icache_flush_all.o)
 .debug_frame   0x000000000000069c       0xa4 ../m1_nios_bsp/\libhal_bsp.a(alt_iic.o)
 .debug_frame   0x0000000000000740       0x38 ../m1_nios_bsp/\libhal_bsp.a(alt_iic_isr_register.o)
 .debug_frame   0x0000000000000778       0x60 ../m1_nios_bsp/\libhal_bsp.a(alt_io_redirect.o)
 .debug_frame   0x00000000000007d8       0x38 ../m1_nios_bsp/\libhal_bsp.a(alt_irq_handler.o)
 .debug_frame   0x0000000000000810       0x84 ../m1_nios_bsp/\libhal_bsp.a(alt_open.o)
 .debug_frame   0x0000000000000894       0x34 ../m1_nios_bsp/\libhal_bsp.a(alt_release_fd.o)
 .debug_frame   0x00000000000008c8       0x5c ../m1_nios_bsp/\libhal_bsp.a(alt_tick.o)
 .debug_frame   0x0000000000000924       0x34 ../m1_nios_bsp/\libhal_bsp.a(altera_nios2_gen2_irq.o)
 .debug_frame   0x0000000000000958       0x38 ../m1_nios_bsp/\libhal_bsp.a(alt_find_dev.o)
 .debug_frame   0x0000000000000990       0x38 ../m1_nios_bsp/\libhal_bsp.a(alt_find_file.o)
 .debug_frame   0x00000000000009c8       0x34 ../m1_nios_bsp/\libhal_bsp.a(alt_get_fd.o)
 .debug_frame   0x00000000000009fc       0x34 ../m1_nios_bsp/\libhal_bsp.a(alt_icache_flush.o)
 .debug_frame   0x0000000000000a30       0x5c ../m1_nios_bsp/\libhal_bsp.a(alt_instruction_exception_entry.o)
 .debug_frame   0x0000000000000a8c       0x20 c:/intelfpga_lite/18.1/nios2eds/bin/gnu/h-x86_64-mingw32/bin/../lib/gcc/nios2-elf/5.3.0/../../../../../H-x86_64-mingw32/nios2-elf/lib\libc.a(lib_a-atexit.o)
 .debug_frame   0x0000000000000aac       0x28 c:/intelfpga_lite/18.1/nios2eds/bin/gnu/h-x86_64-mingw32/bin/../lib/gcc/nios2-elf/5.3.0/../../../../../H-x86_64-mingw32/nios2-elf/lib\libc.a(lib_a-exit.o)
 .debug_frame   0x0000000000000ad4       0x20 c:/intelfpga_lite/18.1/nios2eds/bin/gnu/h-x86_64-mingw32/bin/../lib/gcc/nios2-elf/5.3.0/../../../../../H-x86_64-mingw32/nios2-elf/lib\libc.a(lib_a-memcmp.o)
 .debug_frame   0x0000000000000af4       0x38 c:/intelfpga_lite/18.1/nios2eds/bin/gnu/h-x86_64-mingw32/bin/../lib/gcc/nios2-elf/5.3.0/../../../../../H-x86_64-mingw32/nios2-elf/lib\libc.a(lib_a-memcpy.o)
 .debug_frame   0x0000000000000b2c       0x20 c:/intelfpga_lite/18.1/nios2eds/bin/gnu/h-x86_64-mingw32/bin/../lib/gcc/nios2-elf/5.3.0/../../../../../H-x86_64-mingw32/nios2-elf/lib\libc.a(lib_a-strlen.o)
 .debug_frame   0x0000000000000b4c       0x38 c:/intelfpga_lite/18.1/nios2eds/bin/gnu/h-x86_64-mingw32/bin/../lib/gcc/nios2-elf/5.3.0/../../../../../H-x86_64-mingw32/nios2-elf/lib\libc.a(lib_a-__atexit.o)
 .debug_frame   0x0000000000000b84       0x54 c:/intelfpga_lite/18.1/nios2eds/bin/gnu/h-x86_64-mingw32/bin/../lib/gcc/nios2-elf/5.3.0/../../../../../H-x86_64-mingw32/nios2-elf/lib\libc.a(lib_a-__call_atexit.o)
 .debug_frame   0x0000000000000bd8       0x2c ../m1_nios_bsp/\libhal_bsp.a(alt_exit.o)

.debug_str      0x0000000000000000     0x205d
 *(.debug_str)
 .debug_str     0x0000000000000000      0x164 obj/default/SPI_controller.o
                                        0x19d (size before relaxing)
 .debug_str     0x0000000000000164      0x319 c:/intelfpga_lite/18.1/nios2eds/bin/gnu/h-x86_64-mingw32/bin/../lib/gcc/nios2-elf/5.3.0\libgcc.a(muldf3.o)
                                        0x3a8 (size before relaxing)
 .debug_str     0x000000000000047d       0x53 c:/intelfpga_lite/18.1/nios2eds/bin/gnu/h-x86_64-mingw32/bin/../lib/gcc/nios2-elf/5.3.0\libgcc.a(fixdfsi.o)
                                        0x211 (size before relaxing)
 .debug_str     0x00000000000004d0       0x69 c:/intelfpga_lite/18.1/nios2eds/bin/gnu/h-x86_64-mingw32/bin/../lib/gcc/nios2-elf/5.3.0\libgcc.a(floatsidf.o)
                                        0x228 (size before relaxing)
 .debug_str     0x0000000000000539       0x63 c:/intelfpga_lite/18.1/nios2eds/bin/gnu/h-x86_64-mingw32/bin/../lib/gcc/nios2-elf/5.3.0\libgcc.a(_clzsi2.o)
                                        0x1e6 (size before relaxing)
 .debug_str     0x000000000000059c      0x1c9 c:/intelfpga_lite/18.1/nios2eds/bin/gnu/h-x86_64-mingw32/bin/../lib/gcc/nios2-elf/5.3.0\libgcc.a(_clz.o)
 .debug_str     0x000000000000059c      0x158 ../m1_nios_bsp/\libhal_bsp.a(alt_load.o)
                                        0x23c (size before relaxing)
 .debug_str     0x00000000000006f4       0xc6 ../m1_nios_bsp/\libhal_bsp.a(alt_main.o)
                                        0x1b6 (size before relaxing)
 .debug_str     0x00000000000007ba      0x1d3 ../m1_nios_bsp/\libhal_bsp.a(alt_sys_init.o)
                                        0x3a9 (size before relaxing)
 .debug_str     0x000000000000098d       0xb9 ../m1_nios_bsp/\libhal_bsp.a(altera_avalon_jtag_uart_fd.o)
                                        0x3bd (size before relaxing)
 .debug_str     0x0000000000000a46       0xd1 ../m1_nios_bsp/\libhal_bsp.a(altera_avalon_jtag_uart_init.o)
                                        0x351 (size before relaxing)
 .debug_str     0x0000000000000b17       0x4a ../m1_nios_bsp/\libhal_bsp.a(altera_avalon_jtag_uart_ioctl.o)
                                        0x2ac (size before relaxing)
 .debug_str     0x0000000000000b61       0x7f ../m1_nios_bsp/\libhal_bsp.a(altera_avalon_jtag_uart_read.o)
                                        0x301 (size before relaxing)
 .debug_str     0x0000000000000be0       0x4a ../m1_nios_bsp/\libhal_bsp.a(altera_avalon_jtag_uart_write.o)
                                        0x302 (size before relaxing)
 .debug_str     0x0000000000000c2a       0xb3 ../m1_nios_bsp/\libhal_bsp.a(altera_avalon_spi.o)
                                        0x20a (size before relaxing)
 .debug_str     0x0000000000000cdd       0x6d ../m1_nios_bsp/\libhal_bsp.a(altera_avalon_timer_sc.o)
                                        0x264 (size before relaxing)
 .debug_str     0x0000000000000d4a       0x59 ../m1_nios_bsp/\libhal_bsp.a(alt_alarm_start.o)
                                        0x297 (size before relaxing)
 .debug_str     0x0000000000000da3       0x44 ../m1_nios_bsp/\libhal_bsp.a(alt_close.o)
                                        0x224 (size before relaxing)
 .debug_str     0x0000000000000de7       0x34 ../m1_nios_bsp/\libhal_bsp.a(alt_dcache_flush_all.o)
                                        0x16e (size before relaxing)
 .debug_str     0x0000000000000e1b      0x119 ../m1_nios_bsp/\libhal_bsp.a(alt_dev.o)
                                        0x31e (size before relaxing)
 .debug_str     0x0000000000000f34       0x34 ../m1_nios_bsp/\libhal_bsp.a(alt_dev_llist_insert.o)
                                        0x1f6 (size before relaxing)
 .debug_str     0x0000000000000f68       0x48 ../m1_nios_bsp/\libhal_bsp.a(alt_do_ctors.o)
                                         0xfa (size before relaxing)
 .debug_str     0x0000000000000fb0       0x4c ../m1_nios_bsp/\libhal_bsp.a(alt_do_dtors.o)
                                         0xf9 (size before relaxing)
 .debug_str     0x0000000000000ffc       0x14 ../m1_nios_bsp/\libhal_bsp.a(alt_errno.o)
                                        0x16f (size before relaxing)
 .debug_str     0x0000000000001010       0x34 ../m1_nios_bsp/\libhal_bsp.a(alt_icache_flush_all.o)
                                        0x16e (size before relaxing)
 .debug_str     0x0000000000001044       0xbd ../m1_nios_bsp/\libhal_bsp.a(alt_iic.o)
                                        0x257 (size before relaxing)
 .debug_str     0x0000000000001101       0x4c ../m1_nios_bsp/\libhal_bsp.a(alt_iic_isr_register.o)
                                        0x201 (size before relaxing)
 .debug_str     0x000000000000114d       0x56 ../m1_nios_bsp/\libhal_bsp.a(alt_io_redirect.o)
                                        0x32f (size before relaxing)
 .debug_str     0x00000000000011a3       0x3a ../m1_nios_bsp/\libhal_bsp.a(alt_irq_handler.o)
                                        0x1b0 (size before relaxing)
 .debug_str     0x00000000000011dd       0x17 ../m1_nios_bsp/\libhal_bsp.a(alt_irq_vars.o)
                                        0x153 (size before relaxing)
 .debug_str     0x00000000000011f4       0x2f ../m1_nios_bsp/\libhal_bsp.a(alt_open.o)
                                        0x264 (size before relaxing)
 .debug_str     0x0000000000001223       0x28 ../m1_nios_bsp/\libhal_bsp.a(alt_release_fd.o)
                                        0x1ec (size before relaxing)
 .debug_str     0x000000000000124b       0x4a ../m1_nios_bsp/\libhal_bsp.a(alt_tick.o)
                                        0x26b (size before relaxing)
 .debug_str     0x0000000000001295       0x3b ../m1_nios_bsp/\libhal_bsp.a(altera_nios2_gen2_irq.o)
                                        0x175 (size before relaxing)
 .debug_str     0x00000000000012d0       0x24 ../m1_nios_bsp/\libhal_bsp.a(alt_find_dev.o)
                                        0x205 (size before relaxing)
 .debug_str     0x00000000000012f4       0x26 ../m1_nios_bsp/\libhal_bsp.a(alt_find_file.o)
                                        0x213 (size before relaxing)
 .debug_str     0x000000000000131a       0x30 ../m1_nios_bsp/\libhal_bsp.a(alt_get_fd.o)
                                        0x235 (size before relaxing)
 .debug_str     0x000000000000134a       0x2c ../m1_nios_bsp/\libhal_bsp.a(alt_icache_flush.o)
                                        0x174 (size before relaxing)
 .debug_str     0x0000000000001376      0x48b ../m1_nios_bsp/\libhal_bsp.a(alt_instruction_exception_entry.o)
                                        0x5b9 (size before relaxing)
 .debug_str     0x0000000000001801      0x162 c:/intelfpga_lite/18.1/nios2eds/bin/gnu/h-x86_64-mingw32/bin/../lib/gcc/nios2-elf/5.3.0/../../../../../H-x86_64-mingw32/nios2-elf/lib\libc.a(lib_a-atexit.o)
                                        0x207 (size before relaxing)
 .debug_str     0x0000000000001963      0x3ac c:/intelfpga_lite/18.1/nios2eds/bin/gnu/h-x86_64-mingw32/bin/../lib/gcc/nios2-elf/5.3.0/../../../../../H-x86_64-mingw32/nios2-elf/lib\libc.a(lib_a-exit.o)
                                        0x5a4 (size before relaxing)
 .debug_str     0x0000000000001d0f       0xc8 c:/intelfpga_lite/18.1/nios2eds/bin/gnu/h-x86_64-mingw32/bin/../lib/gcc/nios2-elf/5.3.0/../../../../../H-x86_64-mingw32/nios2-elf/lib\libc.a(lib_a-impure.o)
                                        0x59b (size before relaxing)
 .debug_str     0x0000000000001dd7       0x3c c:/intelfpga_lite/18.1/nios2eds/bin/gnu/h-x86_64-mingw32/bin/../lib/gcc/nios2-elf/5.3.0/../../../../../H-x86_64-mingw32/nios2-elf/lib\libc.a(lib_a-int_errno.o)
                                        0x1c3 (size before relaxing)
 .debug_str     0x0000000000001e13       0xcc c:/intelfpga_lite/18.1/nios2eds/bin/gnu/h-x86_64-mingw32/bin/../lib/gcc/nios2-elf/5.3.0/../../../../../H-x86_64-mingw32/nios2-elf/lib\libc.a(lib_a-memcmp.o)
                                        0x1ca (size before relaxing)
 .debug_str     0x0000000000001edf       0x68 c:/intelfpga_lite/18.1/nios2eds/bin/gnu/h-x86_64-mingw32/bin/../lib/gcc/nios2-elf/5.3.0/../../../../../H-x86_64-mingw32/nios2-elf/lib\libc.a(lib_a-memcpy.o)
                                        0x1f1 (size before relaxing)
 .debug_str     0x0000000000001f47       0x4e c:/intelfpga_lite/18.1/nios2eds/bin/gnu/h-x86_64-mingw32/bin/../lib/gcc/nios2-elf/5.3.0/../../../../../H-x86_64-mingw32/nios2-elf/lib\libc.a(lib_a-strlen.o)
                                        0x1dd (size before relaxing)
 .debug_str     0x0000000000001f95       0x3c c:/intelfpga_lite/18.1/nios2eds/bin/gnu/h-x86_64-mingw32/bin/../lib/gcc/nios2-elf/5.3.0/../../../../../H-x86_64-mingw32/nios2-elf/lib\libc.a(lib_a-__atexit.o)
                                        0x5dc (size before relaxing)
 .debug_str     0x0000000000001fd1       0x62 c:/intelfpga_lite/18.1/nios2eds/bin/gnu/h-x86_64-mingw32/bin/../lib/gcc/nios2-elf/5.3.0/../../../../../H-x86_64-mingw32/nios2-elf/lib\libc.a(lib_a-__call_atexit.o)
                                        0x5c8 (size before relaxing)
 .debug_str     0x0000000000002033       0x2a ../m1_nios_bsp/\libhal_bsp.a(alt_exit.o)
                                        0x16a (size before relaxing)

.debug_loc      0x0000000000000000     0x1a7e
 *(.debug_loc)
 .debug_loc     0x0000000000000000     0x100d c:/intelfpga_lite/18.1/nios2eds/bin/gnu/h-x86_64-mingw32/bin/../lib/gcc/nios2-elf/5.3.0\libgcc.a(muldf3.o)
 .debug_loc     0x000000000000100d      0x121 c:/intelfpga_lite/18.1/nios2eds/bin/gnu/h-x86_64-mingw32/bin/../lib/gcc/nios2-elf/5.3.0\libgcc.a(fixdfsi.o)
 .debug_loc     0x000000000000112e      0x175 c:/intelfpga_lite/18.1/nios2eds/bin/gnu/h-x86_64-mingw32/bin/../lib/gcc/nios2-elf/5.3.0\libgcc.a(floatsidf.o)
 .debug_loc     0x00000000000012a3       0x6b c:/intelfpga_lite/18.1/nios2eds/bin/gnu/h-x86_64-mingw32/bin/../lib/gcc/nios2-elf/5.3.0\libgcc.a(_clzsi2.o)
 .debug_loc     0x000000000000130e       0x2c c:/intelfpga_lite/18.1/nios2eds/bin/gnu/h-x86_64-mingw32/bin/../lib/gcc/nios2-elf/5.3.0/../../../../../H-x86_64-mingw32/nios2-elf/lib\libc.a(lib_a-atexit.o)
 .debug_loc     0x000000000000133a       0x1e c:/intelfpga_lite/18.1/nios2eds/bin/gnu/h-x86_64-mingw32/bin/../lib/gcc/nios2-elf/5.3.0/../../../../../H-x86_64-mingw32/nios2-elf/lib\libc.a(lib_a-exit.o)
 .debug_loc     0x0000000000001358      0x126 c:/intelfpga_lite/18.1/nios2eds/bin/gnu/h-x86_64-mingw32/bin/../lib/gcc/nios2-elf/5.3.0/../../../../../H-x86_64-mingw32/nios2-elf/lib\libc.a(lib_a-memcmp.o)
 .debug_loc     0x000000000000147e      0x266 c:/intelfpga_lite/18.1/nios2eds/bin/gnu/h-x86_64-mingw32/bin/../lib/gcc/nios2-elf/5.3.0/../../../../../H-x86_64-mingw32/nios2-elf/lib\libc.a(lib_a-memcpy.o)
 .debug_loc     0x00000000000016e4       0x47 c:/intelfpga_lite/18.1/nios2eds/bin/gnu/h-x86_64-mingw32/bin/../lib/gcc/nios2-elf/5.3.0/../../../../../H-x86_64-mingw32/nios2-elf/lib\libc.a(lib_a-strlen.o)
 .debug_loc     0x000000000000172b      0x185 c:/intelfpga_lite/18.1/nios2eds/bin/gnu/h-x86_64-mingw32/bin/../lib/gcc/nios2-elf/5.3.0/../../../../../H-x86_64-mingw32/nios2-elf/lib\libc.a(lib_a-__atexit.o)
 .debug_loc     0x00000000000018b0      0x1ce c:/intelfpga_lite/18.1/nios2eds/bin/gnu/h-x86_64-mingw32/bin/../lib/gcc/nios2-elf/5.3.0/../../../../../H-x86_64-mingw32/nios2-elf/lib\libc.a(lib_a-__call_atexit.o)

.debug_macinfo
 *(.debug_macinfo)

.debug_weaknames
 *(.debug_weaknames)

.debug_funcnames
 *(.debug_funcnames)

.debug_typenames
 *(.debug_typenames)

.debug_varnames
 *(.debug_varnames)

.debug_alt_sim_info
                0x0000000000000000       0x30
 *(.debug_alt_sim_info)
 .debug_alt_sim_info
                0x0000000000000000       0x30 ../m1_nios_bsp//obj/HAL/src/crt0.o
                0x0000000004000000                __alt_data_end = 0x4000000
                0x0000000004000000                PROVIDE (__alt_stack_pointer, __alt_data_end)
                [!provide]                        PROVIDE (__alt_stack_limit, __alt_stack_base)
                [!provide]                        PROVIDE (__alt_heap_start, end)
                [!provide]                        PROVIDE (__alt_heap_limit, 0x4000000)
OUTPUT(m1_nios.elf elf32-littlenios2)

.debug_ranges   0x0000000000000000      0x3d0
 .debug_ranges  0x0000000000000000       0x20 ../m1_nios_bsp//obj/HAL/src/crt0.o
 .debug_ranges  0x0000000000000020      0x1f0 c:/intelfpga_lite/18.1/nios2eds/bin/gnu/h-x86_64-mingw32/bin/../lib/gcc/nios2-elf/5.3.0\libgcc.a(muldf3.o)
 .debug_ranges  0x0000000000000210       0x30 c:/intelfpga_lite/18.1/nios2eds/bin/gnu/h-x86_64-mingw32/bin/../lib/gcc/nios2-elf/5.3.0\libgcc.a(fixdfsi.o)
 .debug_ranges  0x0000000000000240       0x20 c:/intelfpga_lite/18.1/nios2eds/bin/gnu/h-x86_64-mingw32/bin/../lib/gcc/nios2-elf/5.3.0\libgcc.a(floatsidf.o)
 .debug_ranges  0x0000000000000260       0x18 c:/intelfpga_lite/18.1/nios2eds/bin/gnu/h-x86_64-mingw32/bin/../lib/gcc/nios2-elf/5.3.0\libgcc.a(_clzsi2.o)
 .debug_ranges  0x0000000000000278       0x30 ../m1_nios_bsp/\libhal_bsp.a(altera_avalon_jtag_uart_init.o)
 .debug_ranges  0x00000000000002a8       0x18 ../m1_nios_bsp/\libhal_bsp.a(altera_avalon_jtag_uart_read.o)
 .debug_ranges  0x00000000000002c0       0x28 ../m1_nios_bsp/\libhal_bsp.a(alt_irq_entry.o)
 .debug_ranges  0x00000000000002e8       0x10 ../m1_nios_bsp/\libhal_bsp.a(alt_irq_handler.o)
 .debug_ranges  0x00000000000002f8       0x30 ../m1_nios_bsp/\libhal_bsp.a(alt_exception_entry.o)
 .debug_ranges  0x0000000000000328       0x18 ../m1_nios_bsp/\libhal_bsp.a(alt_instruction_exception_entry.o)
 .debug_ranges  0x0000000000000340       0x10 c:/intelfpga_lite/18.1/nios2eds/bin/gnu/h-x86_64-mingw32/bin/../lib/gcc/nios2-elf/5.3.0/../../../../../H-x86_64-mingw32/nios2-elf/lib\libc.a(lib_a-atexit.o)
 .debug_ranges  0x0000000000000350       0x10 c:/intelfpga_lite/18.1/nios2eds/bin/gnu/h-x86_64-mingw32/bin/../lib/gcc/nios2-elf/5.3.0/../../../../../H-x86_64-mingw32/nios2-elf/lib\libc.a(lib_a-exit.o)
 .debug_ranges  0x0000000000000360       0x10 c:/intelfpga_lite/18.1/nios2eds/bin/gnu/h-x86_64-mingw32/bin/../lib/gcc/nios2-elf/5.3.0/../../../../../H-x86_64-mingw32/nios2-elf/lib\libc.a(lib_a-memcmp.o)
 .debug_ranges  0x0000000000000370       0x10 c:/intelfpga_lite/18.1/nios2eds/bin/gnu/h-x86_64-mingw32/bin/../lib/gcc/nios2-elf/5.3.0/../../../../../H-x86_64-mingw32/nios2-elf/lib\libc.a(lib_a-memcpy.o)
 .debug_ranges  0x0000000000000380       0x10 c:/intelfpga_lite/18.1/nios2eds/bin/gnu/h-x86_64-mingw32/bin/../lib/gcc/nios2-elf/5.3.0/../../../../../H-x86_64-mingw32/nios2-elf/lib\libc.a(lib_a-strlen.o)
 .debug_ranges  0x0000000000000390       0x10 c:/intelfpga_lite/18.1/nios2eds/bin/gnu/h-x86_64-mingw32/bin/../lib/gcc/nios2-elf/5.3.0/../../../../../H-x86_64-mingw32/nios2-elf/lib\libc.a(lib_a-__atexit.o)
 .debug_ranges  0x00000000000003a0       0x30 c:/intelfpga_lite/18.1/nios2eds/bin/gnu/h-x86_64-mingw32/bin/../lib/gcc/nios2-elf/5.3.0/../../../../../H-x86_64-mingw32/nios2-elf/lib\libc.a(lib_a-__call_atexit.o)
