------------------------------------------------------------
Timing Analyzer Summary
------------------------------------------------------------

Type  : Slow 1200mV 85C Model Setup 'VGA_clk_inst|altpll_component|auto_generated|pll1|clk[0]'
Slack : 35.443
TNS   : 0.000

Type  : Slow 1200mV 85C Model Hold 'VGA_clk_inst|altpll_component|auto_generated|pll1|clk[0]'
Slack : 0.632
TNS   : 0.000

Type  : Slow 1200mV 85C Model Minimum Pulse Width 'CLOCK_50'
Slack : 9.801
TNS   : 0.000

Type  : Slow 1200mV 85C Model Minimum Pulse Width 'VGA_clk_inst|altpll_component|auto_generated|pll1|clk[0]'
Slack : 19.689
TNS   : 0.000

Type  : Slow 1200mV 0C Model Setup 'VGA_clk_inst|altpll_component|auto_generated|pll1|clk[0]'
Slack : 35.784
TNS   : 0.000

Type  : Slow 1200mV 0C Model Hold 'VGA_clk_inst|altpll_component|auto_generated|pll1|clk[0]'
Slack : 0.585
TNS   : 0.000

Type  : Slow 1200mV 0C Model Minimum Pulse Width 'CLOCK_50'
Slack : 9.736
TNS   : 0.000

Type  : Slow 1200mV 0C Model Minimum Pulse Width 'VGA_clk_inst|altpll_component|auto_generated|pll1|clk[0]'
Slack : 19.696
TNS   : 0.000

Type  : Fast 1200mV 0C Model Setup 'VGA_clk_inst|altpll_component|auto_generated|pll1|clk[0]'
Slack : 38.096
TNS   : 0.000

Type  : Fast 1200mV 0C Model Hold 'VGA_clk_inst|altpll_component|auto_generated|pll1|clk[0]'
Slack : 0.245
TNS   : 0.000

Type  : Fast 1200mV 0C Model Minimum Pulse Width 'CLOCK_50'
Slack : 9.523
TNS   : 0.000

Type  : Fast 1200mV 0C Model Minimum Pulse Width 'VGA_clk_inst|altpll_component|auto_generated|pll1|clk[0]'
Slack : 19.720
TNS   : 0.000

------------------------------------------------------------
